******************************************************************************
            TI ARM Clang Linker PC v4.0.4                      
******************************************************************************
>> Linked Wed Dec 24 09:03:07 2025

OUTPUT FILE NAME:   <Motion_Music_studio.out>
ENTRY POINT SYMBOL: "_c_int00_noargs"  address: 00004711


MEMORY CONFIGURATION

         name            origin    length      used     unused   attr    fill
----------------------  --------  ---------  --------  --------  ----  --------
  FLASH                 00000000   00020000  000059b0  0001a650  R  X
  SRAM                  20200000   00008000  000013f2  00006c0e  RW X
  BCR_CONFIG            41c00000   000000ff  00000000  000000ff  R   
  BSL_CONFIG            41c00100   00000080  00000000  00000080  R   


SEGMENT ALLOCATION MAP

run origin  load origin   length   init length attrs members
----------  ----------- ---------- ----------- ----- -------
00000000    00000000    00005248   00005248    r-x
  00000000    00000000    000000c0   000000c0    r-- .intvecs
  000000c0    000000c0    00005188   00005188    r-x .text
00005250    00005250    00000768   00000768    r--
  00005250    00005250    00000730   00000730    r-- .rodata
  00005980    00005980    00000038   00000038    r-- .cinit
20200000    20200000    000011f2   00000000    rw-
  20200000    20200000    00001000   00000000    rw- .sysmem
  20201000    20201000    000001c0   00000000    rw- .bss
  202011c0    202011c0    00000032   00000000    rw- .data
20207e00    20207e00    00000200   00000000    rw-
  20207e00    20207e00    00000200   00000000    rw- .stack


SECTION ALLOCATION MAP

 output                                  attributes/
section   page    origin      length       input sections
--------  ----  ----------  ----------   ----------------
.intvecs   0    00000000    000000c0     
                  00000000    000000c0     startup_mspm0g350x_ticlang.o (.intvecs)

.text      0    000000c0    00005188     
                  000000c0    00000868     libc.a : _printfi.c.obj (.text:__TI_printfi_nofloat)
                  00000928    000006b8            : e_powf.c.obj (.text.powf)
                  00000fe0    0000031c     main.o (.text.Display_Update)
                  000012fc    00000260     lcd_driver.o (.text.LCD_Init)
                  0000155c    000001e4     main.o (.text.main)
                  00001740    000001d8     ti_msp_dl_config.o (.text.SYSCFG_DL_GPIO_init)
                  00001918    000001d4     main.o (.text.Process_Envelope)
                  00001aec    000001b4     main.o (.text.Generate_Audio_Sample)
                  00001ca0    00000192     libclang_rt.builtins.a : adddf3.S.obj (.text.adddf3_subdf3)
                  00001e32    00000002                            : aeabi_div0.c.obj (.text.__aeabi_idiv0)
                  00001e34    00000180     lcd_driver.o (.text.LCD_PrintString)
                  00001fb4    0000012c     main.o (.text.Process_Pitch_Bend)
                  000020e0    00000110     dl_timer.o (.text.DL_Timer_initTimerMode)
                  000021f0    00000110     dl_timer.o (.text.DL_Timer_initTwoCCPWMMode)
                  00002300    0000010c     libclang_rt.builtins.a : divdf3.S.obj (.text.__divdf3)
                  0000240c    00000100     lcd_driver.o (.text.LCD_DrawRect)
                  0000250c    000000ec     dl_timer.o (.text.DL_Timer_initFourCCPWMMode)
                  000025f8    000000ec     main.o (.text.Process_Buttons)
                  000026e4    000000e4     libclang_rt.builtins.a : muldf3.S.obj (.text.__muldf3)
                  000027c8    000000e0     dl_sysctl_mspm0g1x0x_g3x0x.o (.text.DL_SYSCTL_configSYSPLL)
                  000028a8    000000dc     main.o (.text.Generate_Waveform)
                  00002984    000000dc     main.o (.text.Process_Joystick)
                  00002a60    000000d8     dl_rtc_common.o (.text.DL_RTC_Common_initCalendar)
                  00002b38    000000d8     libclang_rt.builtins.a : addsf3.S.obj (.text)
                  00002c10    000000c0     ti_msp_dl_config.o (.text.SYSCFG_DL_initPower)
                  00002cd0    000000b8     main.o (.text.Apply_Harmonics)
                  00002d88    000000b8     ti_msp_dl_config.o (.text.SYSCFG_DL_ADC_ACCEL_init)
                  00002e40    000000b0     ti_msp_dl_config.o (.text.SYSCFG_DL_SYSCTL_SYSPLL_init)
                  00002ef0    000000b0     libc.a : s_scalbnf.c.obj (.text.scalbnf)
                  00002fa0    000000a4     ti_msp_dl_config.o (.text.SYSCFG_DL_SYSCTL_init)
                  00003044    000000a4     main.o (.text.Update_Phase_Increment)
                  000030e8    000000a2     libclang_rt.builtins.a : udivmoddi4.S.obj (.text)
                  0000318a    00000002                            : aeabi_div0.c.obj (.text.__aeabi_ldiv0)
                  0000318c    000000a0     libc.a : e_sqrtf.c.obj (.text.sqrtf)
                  0000322c    0000008c     ti_msp_dl_config.o (.text.SYSCFG_DL_ADC_MIC_JOY_init)
                  000032b8    0000008c     libclang_rt.builtins.a : mulsf3.S.obj (.text.__mulsf3)
                  00003344    00000084     main.o (.text.Display_Splash)
                  000033c8    00000084     ti_msp_dl_config.o (.text.__NVIC_SetPriority)
                  0000344c    00000082     libclang_rt.builtins.a : divsf3.S.obj (.text.__divsf3)
                  000034ce    00000002     --HOLE-- [fill = 0]
                  000034d0    0000007c     libc.a : copy_decompress_lzss.c.obj (.text:decompress:lzss)
                  0000354c    00000074     ti_msp_dl_config.o (.text.SYSCFG_DL_PWM_AUDIO_init)
                  000035c0    00000074     libclang_rt.builtins.a : comparedf2.c.obj (.text.__gedf2)
                  00003634    0000006c     lcd_driver.o (.text.LCD_SetWindow)
                  000036a0    00000068     libclang_rt.builtins.a : comparedf2.c.obj (.text.__ledf2)
                  00003708    00000062                            : aeabi_dcmp.S.obj (.text.__aeabi_dcmp)
                  0000376a    00000002     --HOLE-- [fill = 0]
                  0000376c    00000062                            : aeabi_fcmp.S.obj (.text.__aeabi_fcmp)
                  000037ce    00000002     --HOLE-- [fill = 0]
                  000037d0    00000060     main.o (.text.ADC1_IRQHandler)
                  00003830    00000060     ti_msp_dl_config.o (.text.DL_ADC12_initSeqSample)
                  00003890    00000058     lcd_driver.o (.text.LCD_PrintNumber)
                  000038e8    00000058     ti_msp_dl_config.o (.text.SYSCFG_DL_I2C_0_init)
                  00003940    00000058     ti_msp_dl_config.o (.text.SYSCFG_DL_I2C_1_init)
                  00003998    00000056     libclang_rt.builtins.a : aeabi_idivmod.S.obj (.text.__aeabi_idivmod)
                  000039ee    00000002     --HOLE-- [fill = 0]
                  000039f0    00000054     ti_msp_dl_config.o (.text.SYSCFG_DL_init)
                  00003a44    00000050     main.o (.text.ADC0_IRQHandler)
                  00003a94    00000050     ti_msp_dl_config.o (.text.DL_GPIO_initPeripheralInputFunctionFeatures)
                  00003ae4    00000050     main.o (.text.TIMG7_IRQHandler)
                  00003b34    0000004e     lcd_driver.o (.text.LCD_DrawPixel)
                  00003b82    00000002     --HOLE-- [fill = 0]
                  00003b84    0000004c     dl_adc12.o (.text.DL_ADC12_setClockConfig)
                  00003bd0    0000004c     ti_msp_dl_config.o (.text.DL_GPIO_initDigitalInputFeatures)
                  00003c1c    0000004c     dl_sysctl_mspm0g1x0x_g3x0x.o (.text.DL_SYSCTL_switchMCLKfromSYSOSCtoHSCLK)
                  00003c68    0000004c     ti_msp_dl_config.o (.text.SYSCFG_DL_TIMER_SAMPLE_init)
                  00003cb4    0000004c     libc.a : snprintf.c.obj (.text.snprintf)
                  00003d00    0000004a     ti_msp_dl_config.o (.text.DL_ADC12_configConversionMem)
                  00003d4a    00000002     --HOLE-- [fill = 0]
                  00003d4c    00000048     main.o (.text.Change_Instrument)
                  00003d94    00000048     dl_spi.o (.text.DL_SPI_init)
                  00003ddc    00000048     ti_msp_dl_config.o (.text.SYSCFG_DL_SPI_LCD_init)
                  00003e24    00000042     libclang_rt.builtins.a : fixunsdfsi.S.obj (.text.__fixunsdfsi)
                  00003e66    00000002     --HOLE-- [fill = 0]
                  00003e68    00000040     dl_timer.o (.text.DL_Timer_setCaptureCompareOutCtl)
                  00003ea8    00000040     libclang_rt.builtins.a : aeabi_uidivmod.S.obj (.text.__aeabi_uidivmod)
                  00003ee8    00000040                            : extendsfdf2.S.obj (.text.__extendsfdf2)
                  00003f28    00000040     libc.a : atoi.c.obj (.text.atoi)
                  00003f68    0000003c     dl_timer.o (.text.DL_Timer_setCaptureCompareCtl)
                  00003fa4    0000003c     dl_timer.o (.text.DL_Timer_setCounterControl)
                  00003fe0    0000003c     ti_msp_dl_config.o (.text.DL_Timer_setCounterControl)
                  0000401c    0000003c     lcd_driver.o (.text.LCD_WriteCommand)
                  00004058    0000003c     lcd_driver.o (.text.LCD_WriteData)
                  00004094    0000003c     libclang_rt.builtins.a : floatsisf.S.obj (.text.__floatsisf)
                  000040d0    0000003c                            : comparesf2.S.obj (.text.__gtsf2)
                  0000410c    0000003c     libc.a : autoinit.c.obj (.text:__TI_auto_init_nobinit_nopinit)
                  00004148    0000003a     libclang_rt.builtins.a : comparesf2.S.obj (.text.__eqsf2)
                  00004182    00000002     --HOLE-- [fill = 0]
                  00004184    0000003a                            : muldsi3.S.obj (.text.__muldsi3)
                  000041be    00000002     --HOLE-- [fill = 0]
                  000041c0    00000038     ti_msp_dl_config.o (.text.DL_Timer_setPublisherChanID)
                  000041f8    00000038     libclang_rt.builtins.a : fixsfsi.S.obj (.text.__fixsfsi)
                  00004230    00000034     dl_i2c.o (.text.DL_I2C_setClockConfig)
                  00004264    00000034     dl_timer.o (.text.DL_Timer_setCaptCompUpdateMethod)
                  00004298    00000034     dl_timer.o (.text.DL_Timer_setCaptureCompareAction)
                  000042cc    00000034     dl_timer.o (.text.DL_Timer_setCaptureCompareInput)
                  00004300    00000034     dl_timer.o (.text.DL_Timer_setClockConfig)
                  00004334    00000034     main.o (.text.HardFault_Handler)
                  00004368    00000032     libclang_rt.builtins.a : fixunssfsi.S.obj (.text.__fixunssfsi)
                  0000439a    00000002     --HOLE-- [fill = 0]
                  0000439c    00000030     main.o (.text.DL_ADC12_getMemResult)
                  000043cc    00000030     ti_msp_dl_config.o (.text.DL_GPIO_initDigitalOutputFeatures)
                  000043fc    00000030     ti_msp_dl_config.o (.text.DL_SPI_setFIFOThreshold)
                  0000442c    00000030     libc.a : snprintf.c.obj (.text._outs)
                  0000445c    0000002c     dl_timer.o (.text.DL_Timer_setCaptureCompareValue)
                  00004488    0000002c     main.o (.text.__NVIC_EnableIRQ)
                  000044b4    0000002c     libclang_rt.builtins.a : floatsidf.S.obj (.text.__floatsidf)
                  000044e0    00000028     dl_adc12.o (.text.DL_Common_updateReg)
                  00004508    00000028     dl_i2c.o (.text.DL_Common_updateReg)
                  00004530    00000028     dl_rtc_common.o (.text.DL_Common_updateReg)
                  00004558    00000028     dl_spi.o (.text.DL_Common_updateReg)
                  00004580    00000028     dl_sysctl_mspm0g1x0x_g3x0x.o (.text.DL_Common_updateReg)
                  000045a8    00000028     dl_timer.o (.text.DL_Common_updateReg)
                  000045d0    00000028     ti_msp_dl_config.o (.text.DL_Common_updateReg)
                  000045f8    00000028     ti_msp_dl_config.o (.text.DL_I2C_setControllerRXFIFOThreshold)
                  00004620    00000028     ti_msp_dl_config.o (.text.DL_I2C_setControllerTXFIFOThreshold)
                  00004648    00000028     dl_sysctl_mspm0g1x0x_g3x0x.o (.text.DL_SYSCTL_configFCC)
                  00004670    00000028     ti_msp_dl_config.o (.text.DL_SYSCTL_setPowerPolicySTANDBY0)
                  00004698    00000028     ti_msp_dl_config.o (.text.DL_Timer_enableEvent)
                  000046c0    00000028     ti_msp_dl_config.o (.text.SYSCFG_DL_RTC_init)
                  000046e8    00000028     libclang_rt.builtins.a : floatunsisf.S.obj (.text.__floatunsisf)
                  00004710    00000028     libc.a : boot_cortex_m.c.obj (.text:_c_int00_noargs)
                  00004738    00000026     ti_msp_dl_config.o (.text.DL_I2C_setAnalogGlitchFilterPulseWidth)
                  0000475e    00000002     --HOLE-- [fill = 0]
                  00004760    00000024     ti_msp_dl_config.o (.text.DL_SPI_setBitRateSerialClockDivider)
                  00004784    00000024     dl_spi.o (.text.DL_SPI_setClockConfig)
                  000047a8    00000024     libclang_rt.builtins.a : floatunsidf.S.obj (.text.__floatunsidf)
                  000047cc    00000024                            : muldi3.S.obj (.text.__muldi3)
                  000047f0    00000022     libc.a : memccpy.c.obj (.text.memccpy)
                  00004812    00000002     --HOLE-- [fill = 0]
                  00004814    00000020     dl_sysctl_mspm0g1x0x_g3x0x.o (.text.DL_CORE_configInstruction)
                  00004834    00000020     dl_rtc_common.o (.text.DL_RTC_Common_setCalendarYearBinary)
                  00004854    00000020     ti_msp_dl_config.o (.text.DL_SYSCTL_setFlashWaitState)
                  00004874    00000020     ti_msp_dl_config.o (.text.DL_SYSCTL_setMFPCLKSource)
                  00004894    00000020     dl_timer.o (.text.DL_Timer_setCounterValueAfterEnable)
                  000048b4    0000001e     lcd_driver.o (.text.LCD_FillScreen)
                  000048d2    00000002     --HOLE-- [fill = 0]
                  000048d4    0000001e     libclang_rt.builtins.a : ashldi3.S.obj (.text.__ashldi3)
                  000048f2    00000002     --HOLE-- [fill = 0]
                  000048f4    0000001c     ti_msp_dl_config.o (.text.DL_ADC12_clearInterruptStatus)
                  00004910    0000001c     ti_msp_dl_config.o (.text.DL_ADC12_enableInterrupt)
                  0000492c    0000001c     main.o (.text.DL_ADC12_startConversion)
                  00004948    0000001c     ti_msp_dl_config.o (.text.DL_GPIO_clearInterruptStatus)
                  00004964    0000001c     ti_msp_dl_config.o (.text.DL_GPIO_enableHiZ)
                  00004980    0000001c     ti_msp_dl_config.o (.text.DL_GPIO_enableInterrupt)
                  0000499c    0000001c     ti_msp_dl_config.o (.text.DL_GPIO_initPeripheralOutputFunction)
                  000049b8    0000001c     ti_msp_dl_config.o (.text.DL_GPIO_setLowerPinsPolarity)
                  000049d4    0000001c     dl_rtc_common.o (.text.DL_RTC_Common_setCalendarMinutesBCD)
                  000049f0    0000001c     dl_rtc_common.o (.text.DL_RTC_Common_setCalendarMinutesBinary)
                  00004a0c    0000001c     dl_rtc_common.o (.text.DL_RTC_Common_setCalendarMonthBCD)
                  00004a28    0000001c     dl_rtc_common.o (.text.DL_RTC_Common_setCalendarMonthBinary)
                  00004a44    0000001c     dl_rtc_common.o (.text.DL_RTC_Common_setCalendarSecondsBCD)
                  00004a60    0000001c     dl_rtc_common.o (.text.DL_RTC_Common_setCalendarSecondsBinary)
                  00004a7c    0000001c     dl_rtc_common.o (.text.DL_RTC_Common_setCalendarYearBCD)
                  00004a98    0000001c     dl_rtc_common.o (.text.DL_RTC_Common_setClockFormat)
                  00004ab4    0000001c     ti_msp_dl_config.o (.text.DL_SYSCTL_setFCCPeriods)
                  00004ad0    0000001c     ti_msp_dl_config.o (.text.DL_SYSCTL_setMCLKDivider)
                  00004aec    0000001c     ti_msp_dl_config.o (.text.DL_SYSCTL_setSYSOSCFreq)
                  00004b08    0000001c     ti_msp_dl_config.o (.text.DL_SYSCTL_setULPCLKDivider)
                  00004b24    0000001c     ti_msp_dl_config.o (.text.DL_SYSCTL_setVBOOSTConfig)
                  00004b40    0000001c     ti_msp_dl_config.o (.text.DL_Timer_enableInterrupt)
                  00004b5c    0000001c     ti_msp_dl_config.o (.text.SYSCFG_DL_SYSCTL_CLK_init)
                  00004b78    0000001a     ti_msp_dl_config.o (.text.DL_ADC12_setSubscriberChanID)
                  00004b92    0000001a     dl_rtc_common.o (.text.DL_RTC_Common_setCalendarHoursBCD)
                  00004bac    0000001a     dl_rtc_common.o (.text.DL_RTC_Common_setCalendarHoursBinary)
                  00004bc6    00000002     --HOLE-- [fill = 0]
                  00004bc8    00000018     ti_msp_dl_config.o (.text.DL_ADC12_enablePower)
                  00004be0    00000018     ti_msp_dl_config.o (.text.DL_ADC12_reset)
                  00004bf8    00000018     ti_msp_dl_config.o (.text.DL_ADC12_setSampleTime0)
                  00004c10    00000018     ti_msp_dl_config.o (.text.DL_GPIO_enableOutput)
                  00004c28    00000018     ti_msp_dl_config.o (.text.DL_GPIO_enablePower)
                  00004c40    00000018     ti_msp_dl_config.o (.text.DL_GPIO_initDigitalOutput)
                  00004c58    00000018     ti_msp_dl_config.o (.text.DL_GPIO_reset)
                  00004c70    00000018     lcd_driver.o (.text.DL_GPIO_setPins)
                  00004c88    00000018     main.o (.text.DL_GPIO_setPins)
                  00004ca0    00000018     ti_msp_dl_config.o (.text.DL_GPIO_setPins)
                  00004cb8    00000018     ti_msp_dl_config.o (.text.DL_GPIO_setUpperPinsPolarity)
                  00004cd0    00000018     main.o (.text.DL_GPIO_togglePins)
                  00004ce8    00000018     ti_msp_dl_config.o (.text.DL_I2C_enableAnalogGlitchFilter)
                  00004d00    00000018     ti_msp_dl_config.o (.text.DL_I2C_enableController)
                  00004d18    00000018     ti_msp_dl_config.o (.text.DL_I2C_enableControllerClockStretching)
                  00004d30    00000018     ti_msp_dl_config.o (.text.DL_I2C_enablePower)
                  00004d48    00000018     ti_msp_dl_config.o (.text.DL_I2C_reset)
                  00004d60    00000018     ti_msp_dl_config.o (.text.DL_I2C_setTimerPeriod)
                  00004d78    00000018     ti_msp_dl_config.o (.text.DL_RTC_Common_enablePower)
                  00004d90    00000018     ti_msp_dl_config.o (.text.DL_RTC_Common_reset)
                  00004da8    00000018     ti_msp_dl_config.o (.text.DL_SPI_enable)
                  00004dc0    00000018     ti_msp_dl_config.o (.text.DL_SPI_enableLoopbackMode)
                  00004dd8    00000018     ti_msp_dl_config.o (.text.DL_SPI_enablePower)
                  00004df0    00000018     lcd_driver.o (.text.DL_SPI_isBusy)
                  00004e08    00000018     ti_msp_dl_config.o (.text.DL_SPI_reset)
                  00004e20    00000018     ti_msp_dl_config.o (.text.DL_SYSCTL_enableInterrupt)
                  00004e38    00000018     ti_msp_dl_config.o (.text.DL_SYSCTL_setBORThreshold)
                  00004e50    00000018     dl_sysctl_mspm0g1x0x_g3x0x.o (.text.DL_SYSCTL_setHSCLKSource)
                  00004e68    00000018     ti_msp_dl_config.o (.text.DL_Timer_enablePower)
                  00004e80    00000018     ti_msp_dl_config.o (.text.DL_Timer_reset)
                  00004e98    00000018     dl_timer.o (.text.DL_Timer_setLoadValue)
                  00004eb0    00000018     main.o (.text.DL_Timer_startCounter)
                  00004ec8    00000018     libc.a : snprintf.c.obj (.text._outc)
                  00004ee0    00000016     main.o (.text.DL_ADC12_enableConversions)
                  00004ef6    00000016     ti_msp_dl_config.o (.text.DL_ADC12_enableConversions)
                  00004f0c    00000016     ti_msp_dl_config.o (.text.DL_GPIO_enableGlobalFastWake)
                  00004f22    00000016     main.o (.text.DL_GPIO_readPins)
                  00004f38    00000016     lcd_driver.o (.text.DL_SPI_transmitData8)
                  00004f4e    00000016     libc.a : copy_zero_init.c.obj (.text:decompress:ZI:__TI_zero_init_nomemset)
                  00004f64    00000014     dl_common.o (.text.DL_Common_delayCycles)
                  00004f78    00000014     ti_msp_dl_config.o (.text.DL_FlashCTL_enableInterrupt)
                  00004f8c    00000014     lcd_driver.o (.text.DL_GPIO_clearPins)
                  00004fa0    00000014     main.o (.text.DL_GPIO_clearPins)
                  00004fb4    00000014     ti_msp_dl_config.o (.text.DL_GPIO_clearPins)
                  00004fc8    00000014     ti_msp_dl_config.o (.text.DL_I2C_resetControllerTransfer)
                  00004fdc    00000014     dl_sysctl_mspm0g1x0x_g3x0x.o (.text.DL_SYSCTL_disableSYSPLL)
                  00004ff0    00000014     ti_msp_dl_config.o (.text.DL_SYSCTL_disableSYSPLL)
                  00005004    00000014     ti_msp_dl_config.o (.text.DL_SYSCTL_enableMFCLK)
                  00005018    00000014     dl_sysctl_mspm0g1x0x_g3x0x.o (.text.DL_SYSCTL_enableSYSPLL)
                  0000502c    00000014     ti_msp_dl_config.o (.text.DL_SYSCTL_enableSYSPLL)
                  00005040    00000014     ti_msp_dl_config.o (.text.DL_Timer_enableClock)
                  00005054    00000014     ti_msp_dl_config.o (.text.DL_Timer_setCCPDirection)
                  00005068    00000014     main.o (.text.Trigger_Note_Off)
                  0000507c    00000014     main.o (.text.Trigger_Note_On)
                  00005090    00000014     libclang_rt.builtins.a : aeabi_uldivmod.S.obj (.text.__aeabi_uldivmod)
                  000050a4    00000012     main.o (.text.DL_ADC12_getPendingInterrupt)
                  000050b6    00000012     main.o (.text.DL_Timer_getPendingInterrupt)
                  000050c8    00000012     libc.a : memcpy16.S.obj (.text:TI_memcpy_small)
                  000050da    00000012            : copy_decompress_none.c.obj (.text:decompress:none)
                  000050ec    00000010     dl_sysctl_mspm0g1x0x_g3x0x.o (.text.DL_CORE_getInstructionConfig)
                  000050fc    00000010     ti_msp_dl_config.o (.text.DL_SYSCTL_disableHFXT)
                  0000510c    00000010     ti_msp_dl_config.o (.text.DL_SYSCTL_enableMFPCLK)
                  0000511c    00000010     ti_msp_dl_config.o (.text.DL_SYSCTL_isFCCDone)
                  0000512c    00000010     ti_msp_dl_config.o (.text.DL_SYSCTL_startFCC)
                  0000513c    00000010     libc.a : wcslen.c.obj (.text.wcslen)
                  0000514c    0000000e     libclang_rt.builtins.a : aeabi_memset.S.obj (.text.__aeabi_memset)
                  0000515a    0000000e     libc.a : _printfi.c.obj (.text.strlen)
                  00005168    0000000e            : memset16.S.obj (.text:TI_memset_small)
                  00005176    00000002     --HOLE-- [fill = 0]
                  00005178    0000000c     dl_sysctl_mspm0g1x0x_g3x0x.o (.text.DL_SYSCTL_getClockStatus)
                  00005184    0000000c     ti_msp_dl_config.o (.text.DL_SYSCTL_getClockStatus)
                  00005190    0000000c     ti_msp_dl_config.o (.text.DL_SYSCTL_readFCC)
                  0000519c    0000000c     libclang_rt.builtins.a : aeabi_memset.S.obj (.text.__aeabi_memclr)
                  000051a8    00000008     libc.a : aeabi_portable.c.obj (.text.__aeabi_errno_addr)
                  000051b0    00000008     libclang_rt.builtins.a : aeabi_memcpy.S.obj (.text.__aeabi_memcpy)
                  000051b8    00000006     libc.a : e_powf.c.obj (.text.OUTLINED_FUNCTION_1)
                  000051be    00000002     --HOLE-- [fill = 0]
                  000051c0    00000010     libclang_rt.builtins.a : mulsf3.S.obj (.tramp.__aeabi_fmul.1)
                  000051d0    00000006     libc.a : e_powf.c.obj (.text.OUTLINED_FUNCTION_3)
                  000051d6    00000002     --HOLE-- [fill = 0]
                  000051d8    00000010     libclang_rt.builtins.a : addsf3.S.obj (.tramp.__aeabi_fadd.1)
                  000051e8    00000006     libc.a : e_powf.c.obj (.text.OUTLINED_FUNCTION_4)
                  000051ee    00000002     --HOLE-- [fill = 0]
                  000051f0    00000010     libclang_rt.builtins.a : addsf3.S.obj (.tramp.__aeabi_fsub.1)
                  00005200    00000006     libc.a : e_powf.c.obj (.text.OUTLINED_FUNCTION_5)
                  00005206    00000006            : e_powf.c.obj (.text.OUTLINED_FUNCTION_6)
                  0000520c    00000006            : exit.c.obj (.text:abort)
                  00005212    00000004     startup_mspm0g350x_ticlang.o (.text.Default_Handler)
                  00005216    00000004     libsysbm.a : hostexit.c.obj (.text.HOSTexit)
                  0000521a    00000004     libc.a : e_powf.c.obj (.text.OUTLINED_FUNCTION_0)
                  0000521e    00000004            : e_powf.c.obj (.text.OUTLINED_FUNCTION_2)
                  00005222    00000004            : e_powf.c.obj (.text.OUTLINED_FUNCTION_7)
                  00005226    00000004            : e_powf.c.obj (.text.OUTLINED_FUNCTION_8)
                  0000522a    00000004     startup_mspm0g350x_ticlang.o (.text.Reset_Handler)
                  0000522e    00000002     --HOLE-- [fill = 0]
                  00005230    00000010     libc.a : boot_cortex_m.c.obj (.tramp._c_int00_noargs.1)
                  00005240    00000004            : pre_init.c.obj (.text._system_pre_init)
                  00005244    00000004     --HOLE-- [fill = 0]

.cinit     0    00005980    00000038     
                  00005980    00000013     (.cinit..data.load) [load image, compression = lzss]
                  00005993    00000001     --HOLE-- [fill = 0]
                  00005994    0000000c     (__TI_handler_table)
                  000059a0    00000008     (.cinit..bss.load) [load image, compression = zero_init]
                  000059a8    00000010     (__TI_cinit_table)

.rodata    0    00005250    00000730     
                  00005250    00000222     lcd_driver.o (.rodata.font_6x8)
                  00005472    00000200     main.o (.rodata.sine_table)
                  00005672    0000000c     main.o (.rodata.str1.12180500075719773345.1)
                  0000567e    00000002     ti_msp_dl_config.o (.rodata.gI2C_0ClockConfig)
                  00005680    00000101     libc.a : aeabi_ctype.S.obj (.rodata:__aeabi_ctype_table_)
                  00005781    00000003     ti_msp_dl_config.o (.rodata.gPWM_AUDIOClockConfig)
                  00005784    00000064     main.o (.rodata.INSTRUMENTS)
                  000057e8    00000028     ti_msp_dl_config.o (.rodata.gSYSPLLConfig)
                  00005810    00000022     ti_msp_dl_config.o (.rodata..L__const.SYSCFG_DL_GPIO_init.unusedPinIndexes)
                  00005832    00000002     ti_msp_dl_config.o (.rodata.gI2C_1ClockConfig)
                  00005834    00000018     libc.a : e_powf.c.obj (.rodata.cst8)
                  0000584c    00000014     main.o (.rodata..L__const.Display_Update.env_names)
                  00005860    00000014     ti_msp_dl_config.o (.rodata.gTIMER_SAMPLETimerConfig)
                  00005874    00000011     libc.a : _printfi.c.obj (.rodata.str1.10348868589481759720.1)
                  00005885    00000011            : _printfi.c.obj (.rodata.str1.15363888844622738466.1)
                  00005896    00000011     main.o (.rodata.str1.288608917962107522.1)
                  000058a7    0000000f     main.o (.rodata.str1.10635229749459437609.1)
                  000058b6    0000000f     main.o (.rodata.str1.7702501944640899365.1)
                  000058c5    00000001     --HOLE-- [fill = 0]
                  000058c6    0000000a     ti_msp_dl_config.o (.rodata.gSPI_LCD_config)
                  000058d0    00000008     ti_msp_dl_config.o (.rodata.gADC_ACCELClockConfig)
                  000058d8    00000008     ti_msp_dl_config.o (.rodata.gADC_MIC_JOYClockConfig)
                  000058e0    00000008     ti_msp_dl_config.o (.rodata.gPWM_AUDIOConfig)
                  000058e8    00000008     ti_msp_dl_config.o (.rodata.gRTCCalendarConfig)
                  000058f0    00000008     main.o (.rodata.str1.1311392489248731986.1)
                  000058f8    00000008     main.o (.rodata.str1.17100691992556644108.1)
                  00005900    00000008     main.o (.rodata.str1.3530083166107438000.1)
                  00005908    00000007     main.o (.rodata.str1.14112174005742061988.1)
                  0000590f    00000006     main.o (.rodata.str1.14079361385603432444.1)
                  00005915    00000006     main.o (.rodata.str1.15159059442110792349.1)
                  0000591b    00000006     main.o (.rodata.str1.8076846746581808073.1)
                  00005921    00000006     main.o (.rodata.str1.8108965883388295311.1)
                  00005927    00000006     main.o (.rodata.str1.8154729771448623357.1)
                  0000592d    00000005     main.o (.rodata.str1.10313062130652730376.1)
                  00005932    00000005     main.o (.rodata.str1.16265332423659789559.1)
                  00005937    00000005     main.o (.rodata.str1.17376258722486336754.1)
                  0000593c    00000005     main.o (.rodata.str1.18227636981041470289.1)
                  00005941    00000005     main.o (.rodata.str1.2846389346932560359.1)
                  00005946    00000005     main.o (.rodata.str1.6891813955777630061.1)
                  0000594b    00000004     main.o (.rodata.str1.11702106008850790973.1)
                  0000594f    00000004     main.o (.rodata.str1.13288086030101331538.1)
                  00005953    00000004     main.o (.rodata.str1.14402440632258215044.1)
                  00005957    00000004     main.o (.rodata.str1.15996357275703397564.1)
                  0000595b    00000004     main.o (.rodata.str1.16631870348416990953.1)
                  0000595f    00000004     main.o (.rodata.str1.2123964117280943167.1)
                  00005963    00000004     main.o (.rodata.str1.2763581881760962609.1)
                  00005967    00000004     main.o (.rodata.str1.9059077390166914652.1)
                  0000596b    00000003     ti_msp_dl_config.o (.rodata.gTIMER_SAMPLEClockConfig)
                  0000596e    00000003     main.o (.rodata.str1.11870794119293528247.1)
                  00005971    00000003     lcd_driver.o (.rodata.str1.4301156551425074819.1)
                  00005974    00000002     ti_msp_dl_config.o (.rodata.gSPI_LCD_clockConfig)
                  00005976    00000002     main.o (.rodata.str1.13782249893155712474.1)
                  00005978    00000008     --HOLE-- [fill = 0]

.init_array 
*          0    00000000    00000000     UNINITIALIZED

.binit     0    00000000    00000000     

.sysmem    0    20200000    00001000     UNINITIALIZED
                  20200000    00000010     libc.a : memory.c.obj (.sysmem)
                  20200010    00000ff0     --HOLE--

.bss       0    20201000    000001c0     UNINITIALIZED
                  20201000    000000bc     ti_msp_dl_config.o (.bss.gPWM_AUDIOBackup)
                  202010bc    000000a0     ti_msp_dl_config.o (.bss.gTIMER_SAMPLEBackup)
                  2020115c    0000003c     main.o (.bss.gSynthState)
                  20201198    00000028     ti_msp_dl_config.o (.bss.gSPI_LCDBackup)

.data      0    202011c0    00000032     UNINITIALIZED
                  202011c0    0000000c     main.o (.data.envelope)
                  202011cc    00000004     main.o (.data.Process_Buttons.joy_prev)
                  202011d0    00000004     main.o (.data.Process_Buttons.s1_prev)
                  202011d4    00000004     main.o (.data.Process_Buttons.s2_prev)
                  202011d8    00000004     libc.a : aeabi_portable.c.obj (.data.__aeabi_errno)
                  202011dc    00000004     main.o (.data.base_frequency)
                  202011e0    00000004     main.o (.data.bent_frequency)
                  202011e4    00000004     main.o (.data.phase)
                  202011e8    00000004     main.o (.data.phase_increment)
                  202011ec    00000004     main.o (.data.pitch_bend_semitones)
                  202011f0    00000001     main.o (.data.current_instrument)
                  202011f1    00000001     main.o (.data.effects_enabled)

.stack     0    20207e00    00000200     UNINITIALIZED
                  20207e00    00000004     libc.a : boot_cortex_m.c.obj (.stack)
                  20207e04    000001fc     --HOLE--

__llvm_prf_cnts 
*          0    20200000    00000000     UNINITIALIZED

__llvm_prf_bits 
*          0    20200000    00000000     UNINITIALIZED

MODULE SUMMARY

       Module                         code    ro data   rw data
       ------                         ----    -------   -------
    .\
       main.o                         4352    819       106    
       lcd_driver.o                   1762    549       0      
       startup_mspm0g350x_ticlang.o   8       192       0      
    +--+------------------------------+-------+---------+---------+
       Total:                         6122    1560      106    
                                                               
    .\syscfg\
       ti_msp_dl_config.o             4210    148       388    
    +--+------------------------------+-------+---------+---------+
       Total:                         4210    148       388    
                                                               
    .\ti\driverlib\
       dl_timer.o                     1312    0         0      
       dl_rtc_common.o                564     0         0      
       dl_spi.o                       148     0         0      
       dl_adc12.o                     116     0         0      
       dl_i2c.o                       92      0         0      
       dl_common.o                    20      0         0      
    +--+------------------------------+-------+---------+---------+
       Total:                         2252    0         0      
                                                               
    .\ti\driverlib\m0p\sysctl\
       dl_sysctl_mspm0g1x0x_g3x0x.o   504     0         0      
    +--+------------------------------+-------+---------+---------+
       Total:                         504     0         0      
                                                               
    C:\ti\ccs2040\ccs\tools\compiler\ti-cgt-armllvm_4.0.4.LTS\lib\armv6m-ti-none-eabi/c/libc.a
       _printfi.c.obj                 2166    34        0      
       e_powf.c.obj                   1766    24        0      
       aeabi_ctype.S.obj              0       257       0      
       s_scalbnf.c.obj                176     0         0      
       e_sqrtf.c.obj                  160     0         0      
       snprintf.c.obj                 148     0         0      
       copy_decompress_lzss.c.obj     124     0         0      
       atoi.c.obj                     64      0         0      
       autoinit.c.obj                 60      0         0      
       boot_cortex_m.c.obj            56      0         0      
       memccpy.c.obj                  34      0         0      
       copy_zero_init.c.obj           22      0         0      
       copy_decompress_none.c.obj     18      0         0      
       memcpy16.S.obj                 18      0         0      
       wcslen.c.obj                   16      0         0      
       memset16.S.obj                 14      0         0      
       aeabi_portable.c.obj           8       0         4      
       exit.c.obj                     6       0         0      
       pre_init.c.obj                 4       0         0      
    +--+------------------------------+-------+---------+---------+
       Total:                         4860    315       4      
                                                               
    C:\ti\ccs2040\ccs\tools\compiler\ti-cgt-armllvm_4.0.4.LTS\lib\armv6m-ti-none-eabi/c/libsysbm.a
       hostexit.c.obj                 4       0         0      
    +--+------------------------------+-------+---------+---------+
       Total:                         4       0         0      
                                                               
    C:\ti\ccs2040\ccs\tools\compiler\ti-cgt-armllvm_4.0.4.LTS\lib\armv6m-ti-none-eabi/libclang_rt.builtins.a
       adddf3.S.obj                   402     0         0      
       divdf3.S.obj                   268     0         0      
       addsf3.S.obj                   248     0         0      
       muldf3.S.obj                   228     0         0      
       comparedf2.c.obj               220     0         0      
       udivmoddi4.S.obj               162     0         0      
       mulsf3.S.obj                   156     0         0      
       divsf3.S.obj                   130     0         0      
       comparesf2.S.obj               118     0         0      
       aeabi_dcmp.S.obj               98      0         0      
       aeabi_fcmp.S.obj               98      0         0      
       aeabi_idivmod.S.obj            86      0         0      
       fixunsdfsi.S.obj               66      0         0      
       aeabi_uidivmod.S.obj           64      0         0      
       extendsfdf2.S.obj              64      0         0      
       floatsisf.S.obj                60      0         0      
       muldsi3.S.obj                  58      0         0      
       fixsfsi.S.obj                  56      0         0      
       fixunssfsi.S.obj               50      0         0      
       floatsidf.S.obj                44      0         0      
       floatunsisf.S.obj              40      0         0      
       floatunsidf.S.obj              36      0         0      
       muldi3.S.obj                   36      0         0      
       ashldi3.S.obj                  30      0         0      
       aeabi_memset.S.obj             26      0         0      
       aeabi_uldivmod.S.obj           20      0         0      
       aeabi_memcpy.S.obj             8       0         0      
       aeabi_div0.c.obj               4       0         0      
    +--+------------------------------+-------+---------+---------+
       Total:                         2876    0         0      
                                                               
       Heap:                          0       0         4096   
       Stack:                         0       0         512    
       Linker Generated:              0       55        0      
    +--+------------------------------+-------+---------+---------+
       Grand Total:                   20828   2078      5106   


LINKER GENERATED COPY TABLES

__TI_cinit_table @ 000059a8 records: 2, size/record: 8, table size: 16
	.data: load addr=00005980, load size=00000013 bytes, run addr=202011c0, run size=00000032 bytes, compression=lzss
	.bss: load addr=000059a0, load size=00000008 bytes, run addr=20201000, run size=000001c0 bytes, compression=zero_init


LINKER GENERATED HANDLER TABLE

__TI_handler_table @ 00005994 records: 3, size/record: 4, table size: 12
	index: 0, handler: __TI_decompress_lzss
	index: 1, handler: __TI_decompress_none
	index: 2, handler: __TI_zero_init


FAR CALL TRAMPOLINES

callee name               trampoline name
   callee addr  tramp addr   call addr  call info
--------------  -----------  ---------  ----------------
__aeabi_fmul              $Tramp$TT$L$PI$$__aeabi_fmul
   000032b9     000051c0     000051bc   libc.a : e_powf.c.obj (.text.OUTLINED_FUNCTION_1)
                             0000521c          : e_powf.c.obj (.text.OUTLINED_FUNCTION_0)
                             00005224          : e_powf.c.obj (.text.OUTLINED_FUNCTION_7)
__aeabi_fadd              $Tramp$TT$L$PI$$__aeabi_fadd
   00002b43     000051d8     000051d4   libc.a : e_powf.c.obj (.text.OUTLINED_FUNCTION_3)
                             00005220          : e_powf.c.obj (.text.OUTLINED_FUNCTION_2)
                             00005228          : e_powf.c.obj (.text.OUTLINED_FUNCTION_8)
__aeabi_fsub              $Tramp$TT$L$PI$$__aeabi_fsub
   00002b39     000051f0     000051ec   libc.a : e_powf.c.obj (.text.OUTLINED_FUNCTION_4)
                             00005204          : e_powf.c.obj (.text.OUTLINED_FUNCTION_5)
                             0000520a          : e_powf.c.obj (.text.OUTLINED_FUNCTION_6)
_c_int00_noargs           $Tramp$TT$L$PI$$_c_int00_noargs
   00004711     00005230     0000522a   startup_mspm0g350x_ticlang.o (.text.Reset_Handler)

[4 trampolines]
[10 trampoline calls]


GLOBAL SYMBOLS: SORTED ALPHABETICALLY BY Name 

address   name                                 
-------   ----                                 
00003a45  ADC0_IRQHandler                      
000037d1  ADC1_IRQHandler                      
00005213  AES_IRQHandler                       
00005216  C$$EXIT                              
00005213  CANFD0_IRQHandler                    
00005213  DAC0_IRQHandler                      
00003b85  DL_ADC12_setClockConfig              
00004f65  DL_Common_delayCycles                
00004231  DL_I2C_setClockConfig                
00002a61  DL_RTC_Common_initCalendar           
00003d95  DL_SPI_init                          
00004785  DL_SPI_setClockConfig                
00004649  DL_SYSCTL_configFCC                  
000027c9  DL_SYSCTL_configSYSPLL               
00003c1d  DL_SYSCTL_switchMCLKfromSYSOSCtoHSCLK
0000250d  DL_Timer_initFourCCPWMMode           
000020e1  DL_Timer_initTimerMode               
00004265  DL_Timer_setCaptCompUpdateMethod     
00004299  DL_Timer_setCaptureCompareAction     
00003f69  DL_Timer_setCaptureCompareCtl        
000042cd  DL_Timer_setCaptureCompareInput      
00003e69  DL_Timer_setCaptureCompareOutCtl     
0000445d  DL_Timer_setCaptureCompareValue      
00004301  DL_Timer_setClockConfig              
00005213  DMA_IRQHandler                       
00005213  Default_Handler                      
00005213  GROUP0_IRQHandler                    
00005213  GROUP1_IRQHandler                    
00005217  HOSTexit                             
00004335  HardFault_Handler                    
00005213  I2C0_IRQHandler                      
00005213  I2C1_IRQHandler                      
00003b35  LCD_DrawPixel                        
0000240d  LCD_DrawRect                         
000048b5  LCD_FillScreen                       
000012fd  LCD_Init                             
00003891  LCD_PrintNumber                      
00001e35  LCD_PrintString                      
00005213  NMI_Handler                          
00005213  PendSV_Handler                       
000025f9  Process_Buttons                      
00005213  RTC_IRQHandler                       
0000522b  Reset_Handler                        
00005213  SPI0_IRQHandler                      
00005213  SPI1_IRQHandler                      
00005213  SVC_Handler                          
00002d89  SYSCFG_DL_ADC_ACCEL_init             
0000322d  SYSCFG_DL_ADC_MIC_JOY_init           
00001741  SYSCFG_DL_GPIO_init                  
000038e9  SYSCFG_DL_I2C_0_init                 
00003941  SYSCFG_DL_I2C_1_init                 
0000354d  SYSCFG_DL_PWM_AUDIO_init             
000046c1  SYSCFG_DL_RTC_init                   
00003ddd  SYSCFG_DL_SPI_LCD_init               
00004b5d  SYSCFG_DL_SYSCTL_CLK_init            
00002e41  SYSCFG_DL_SYSCTL_SYSPLL_init         
00002fa1  SYSCFG_DL_SYSCTL_init                
00003c69  SYSCFG_DL_TIMER_SAMPLE_init          
000039f1  SYSCFG_DL_init                       
00002c11  SYSCFG_DL_initPower                  
00005213  SysTick_Handler                      
00005213  TIMA0_IRQHandler                     
00005213  TIMA1_IRQHandler                     
00005213  TIMG0_IRQHandler                     
00005213  TIMG12_IRQHandler                    
00005213  TIMG6_IRQHandler                     
00003ae5  TIMG7_IRQHandler                     
00005213  TIMG8_IRQHandler                     
000050c9  TI_memcpy_small                      
00005169  TI_memset_small                      
00005213  UART0_IRQHandler                     
00005213  UART1_IRQHandler                     
00005213  UART2_IRQHandler                     
00005213  UART3_IRQHandler                     
20208000  __STACK_END                          
00000200  __STACK_SIZE                         
00001000  __SYSMEM_SIZE                        
00000000  __TI_ATRegion0_region_sz             
00000000  __TI_ATRegion0_src_addr              
00000000  __TI_ATRegion0_trg_addr              
00000000  __TI_ATRegion1_region_sz             
00000000  __TI_ATRegion1_src_addr              
00000000  __TI_ATRegion1_trg_addr              
00000000  __TI_ATRegion2_region_sz             
00000000  __TI_ATRegion2_src_addr              
00000000  __TI_ATRegion2_trg_addr              
000059a8  __TI_CINIT_Base                      
000059b8  __TI_CINIT_Limit                     
000059b8  __TI_CINIT_Warm                      
00005994  __TI_Handler_Table_Base              
000059a0  __TI_Handler_Table_Limit             
0000410d  __TI_auto_init_nobinit_nopinit       
000034d1  __TI_decompress_lzss                 
000050db  __TI_decompress_none                 
ffffffff  __TI_pprof_out_hndl                  
000000c1  __TI_printfi_nofloat                 
ffffffff  __TI_prof_data_size                  
ffffffff  __TI_prof_data_start                 
00000000  __TI_static_base__                   
00004f4f  __TI_zero_init_nomemset              
00001cab  __adddf3                             
00002b43  __addsf3                             
00005680  __aeabi_ctype_table_                 
00005680  __aeabi_ctype_table_C                
00003e25  __aeabi_d2uiz                        
00001cab  __aeabi_dadd                         
00003709  __aeabi_dcmpeq                       
00003745  __aeabi_dcmpge                       
00003759  __aeabi_dcmpgt                       
00003731  __aeabi_dcmple                       
0000371d  __aeabi_dcmplt                       
00002301  __aeabi_ddiv                         
000026e5  __aeabi_dmul                         
00001ca1  __aeabi_dsub                         
202011d8  __aeabi_errno                        
000051a9  __aeabi_errno_addr                   
00003ee9  __aeabi_f2d                          
000041f9  __aeabi_f2iz                         
00004369  __aeabi_f2uiz                        
00002b43  __aeabi_fadd                         
0000376d  __aeabi_fcmpeq                       
000037a9  __aeabi_fcmpge                       
000037bd  __aeabi_fcmpgt                       
00003795  __aeabi_fcmple                       
00003781  __aeabi_fcmplt                       
0000344d  __aeabi_fdiv                         
000032b9  __aeabi_fmul                         
00002b39  __aeabi_fsub                         
000044b5  __aeabi_i2d                          
00004095  __aeabi_i2f                          
00003999  __aeabi_idiv                         
00001e33  __aeabi_idiv0                        
00003999  __aeabi_idivmod                      
0000318b  __aeabi_ldiv0                        
000048d5  __aeabi_llsl                         
000047cd  __aeabi_lmul                         
0000519d  __aeabi_memclr                       
0000519d  __aeabi_memclr4                      
0000519d  __aeabi_memclr8                      
000051b1  __aeabi_memcpy                       
000051b1  __aeabi_memcpy4                      
000051b1  __aeabi_memcpy8                      
0000514d  __aeabi_memset                       
0000514d  __aeabi_memset4                      
0000514d  __aeabi_memset8                      
000047a9  __aeabi_ui2d                         
000046e9  __aeabi_ui2f                         
00003ea9  __aeabi_uidiv                        
00003ea9  __aeabi_uidivmod                     
00005091  __aeabi_uldivmod                     
000048d5  __ashldi3                            
ffffffff  __binit__                            
000036a1  __cmpdf2                             
00004149  __cmpsf2                             
00002301  __divdf3                             
0000344d  __divsf3                             
000036a1  __eqdf2                              
00004149  __eqsf2                              
00003ee9  __extendsfdf2                        
000041f9  __fixsfsi                            
00003e25  __fixunsdfsi                         
00004369  __fixunssfsi                         
000044b5  __floatsidf                          
00004095  __floatsisf                          
000047a9  __floatunsidf                        
000046e9  __floatunsisf                        
000035c1  __gedf2                              
000040d1  __gesf2                              
000035c1  __gtdf2                              
000040d1  __gtsf2                              
000036a1  __ledf2                              
00004149  __lesf2                              
000036a1  __ltdf2                              
00004149  __ltsf2                              
UNDEFED   __mpu_init                           
000026e5  __muldf3                             
000047cd  __muldi3                             
00004185  __muldsi3                            
000032b9  __mulsf3                             
000036a1  __nedf2                              
00004149  __nesf2                              
20207e00  __stack                              
20200000  __start___llvm_prf_bits              
20200000  __start___llvm_prf_cnts              
20200000  __stop___llvm_prf_bits               
20200000  __stop___llvm_prf_cnts               
00001ca1  __subdf3                             
00002b39  __subsf3                             
000030e9  __udivmoddi4                         
00004711  _c_int00_noargs                      
20200000  _sys_memory                          
UNDEFED   _system_post_cinit                   
00005241  _system_pre_init                     
0000520d  abort                                
00003f29  atoi                                 
ffffffff  binit                                
20201000  gPWM_AUDIOBackup                     
20201198  gSPI_LCDBackup                       
2020115c  gSynthState                          
202010bc  gTIMER_SAMPLEBackup                  
00000000  interruptVectors                     
00002ef1  ldexpf                               
0000155d  main                                 
000047f1  memccpy                              
00000929  powf                                 
00002ef1  scalbnf                              
00003cb5  snprintf                             
0000318d  sqrtf                                
0000513d  wcslen                               


GLOBAL SYMBOLS: SORTED BY Symbol Address 

address   name                                 
-------   ----                                 
00000000  __TI_ATRegion0_region_sz             
00000000  __TI_ATRegion0_src_addr              
00000000  __TI_ATRegion0_trg_addr              
00000000  __TI_ATRegion1_region_sz             
00000000  __TI_ATRegion1_src_addr              
00000000  __TI_ATRegion1_trg_addr              
00000000  __TI_ATRegion2_region_sz             
00000000  __TI_ATRegion2_src_addr              
00000000  __TI_ATRegion2_trg_addr              
00000000  __TI_static_base__                   
00000000  interruptVectors                     
000000c1  __TI_printfi_nofloat                 
00000200  __STACK_SIZE                         
00000929  powf                                 
00001000  __SYSMEM_SIZE                        
000012fd  LCD_Init                             
0000155d  main                                 
00001741  SYSCFG_DL_GPIO_init                  
00001ca1  __aeabi_dsub                         
00001ca1  __subdf3                             
00001cab  __adddf3                             
00001cab  __aeabi_dadd                         
00001e33  __aeabi_idiv0                        
00001e35  LCD_PrintString                      
000020e1  DL_Timer_initTimerMode               
00002301  __aeabi_ddiv                         
00002301  __divdf3                             
0000240d  LCD_DrawRect                         
0000250d  DL_Timer_initFourCCPWMMode           
000025f9  Process_Buttons                      
000026e5  __aeabi_dmul                         
000026e5  __muldf3                             
000027c9  DL_SYSCTL_configSYSPLL               
00002a61  DL_RTC_Common_initCalendar           
00002b39  __aeabi_fsub                         
00002b39  __subsf3                             
00002b43  __addsf3                             
00002b43  __aeabi_fadd                         
00002c11  SYSCFG_DL_initPower                  
00002d89  SYSCFG_DL_ADC_ACCEL_init             
00002e41  SYSCFG_DL_SYSCTL_SYSPLL_init         
00002ef1  ldexpf                               
00002ef1  scalbnf                              
00002fa1  SYSCFG_DL_SYSCTL_init                
000030e9  __udivmoddi4                         
0000318b  __aeabi_ldiv0                        
0000318d  sqrtf                                
0000322d  SYSCFG_DL_ADC_MIC_JOY_init           
000032b9  __aeabi_fmul                         
000032b9  __mulsf3                             
0000344d  __aeabi_fdiv                         
0000344d  __divsf3                             
000034d1  __TI_decompress_lzss                 
0000354d  SYSCFG_DL_PWM_AUDIO_init             
000035c1  __gedf2                              
000035c1  __gtdf2                              
000036a1  __cmpdf2                             
000036a1  __eqdf2                              
000036a1  __ledf2                              
000036a1  __ltdf2                              
000036a1  __nedf2                              
00003709  __aeabi_dcmpeq                       
0000371d  __aeabi_dcmplt                       
00003731  __aeabi_dcmple                       
00003745  __aeabi_dcmpge                       
00003759  __aeabi_dcmpgt                       
0000376d  __aeabi_fcmpeq                       
00003781  __aeabi_fcmplt                       
00003795  __aeabi_fcmple                       
000037a9  __aeabi_fcmpge                       
000037bd  __aeabi_fcmpgt                       
000037d1  ADC1_IRQHandler                      
00003891  LCD_PrintNumber                      
000038e9  SYSCFG_DL_I2C_0_init                 
00003941  SYSCFG_DL_I2C_1_init                 
00003999  __aeabi_idiv                         
00003999  __aeabi_idivmod                      
000039f1  SYSCFG_DL_init                       
00003a45  ADC0_IRQHandler                      
00003ae5  TIMG7_IRQHandler                     
00003b35  LCD_DrawPixel                        
00003b85  DL_ADC12_setClockConfig              
00003c1d  DL_SYSCTL_switchMCLKfromSYSOSCtoHSCLK
00003c69  SYSCFG_DL_TIMER_SAMPLE_init          
00003cb5  snprintf                             
00003d95  DL_SPI_init                          
00003ddd  SYSCFG_DL_SPI_LCD_init               
00003e25  __aeabi_d2uiz                        
00003e25  __fixunsdfsi                         
00003e69  DL_Timer_setCaptureCompareOutCtl     
00003ea9  __aeabi_uidiv                        
00003ea9  __aeabi_uidivmod                     
00003ee9  __aeabi_f2d                          
00003ee9  __extendsfdf2                        
00003f29  atoi                                 
00003f69  DL_Timer_setCaptureCompareCtl        
00004095  __aeabi_i2f                          
00004095  __floatsisf                          
000040d1  __gesf2                              
000040d1  __gtsf2                              
0000410d  __TI_auto_init_nobinit_nopinit       
00004149  __cmpsf2                             
00004149  __eqsf2                              
00004149  __lesf2                              
00004149  __ltsf2                              
00004149  __nesf2                              
00004185  __muldsi3                            
000041f9  __aeabi_f2iz                         
000041f9  __fixsfsi                            
00004231  DL_I2C_setClockConfig                
00004265  DL_Timer_setCaptCompUpdateMethod     
00004299  DL_Timer_setCaptureCompareAction     
000042cd  DL_Timer_setCaptureCompareInput      
00004301  DL_Timer_setClockConfig              
00004335  HardFault_Handler                    
00004369  __aeabi_f2uiz                        
00004369  __fixunssfsi                         
0000445d  DL_Timer_setCaptureCompareValue      
000044b5  __aeabi_i2d                          
000044b5  __floatsidf                          
00004649  DL_SYSCTL_configFCC                  
000046c1  SYSCFG_DL_RTC_init                   
000046e9  __aeabi_ui2f                         
000046e9  __floatunsisf                        
00004711  _c_int00_noargs                      
00004785  DL_SPI_setClockConfig                
000047a9  __aeabi_ui2d                         
000047a9  __floatunsidf                        
000047cd  __aeabi_lmul                         
000047cd  __muldi3                             
000047f1  memccpy                              
000048b5  LCD_FillScreen                       
000048d5  __aeabi_llsl                         
000048d5  __ashldi3                            
00004b5d  SYSCFG_DL_SYSCTL_CLK_init            
00004f4f  __TI_zero_init_nomemset              
00004f65  DL_Common_delayCycles                
00005091  __aeabi_uldivmod                     
000050c9  TI_memcpy_small                      
000050db  __TI_decompress_none                 
0000513d  wcslen                               
0000514d  __aeabi_memset                       
0000514d  __aeabi_memset4                      
0000514d  __aeabi_memset8                      
00005169  TI_memset_small                      
0000519d  __aeabi_memclr                       
0000519d  __aeabi_memclr4                      
0000519d  __aeabi_memclr8                      
000051a9  __aeabi_errno_addr                   
000051b1  __aeabi_memcpy                       
000051b1  __aeabi_memcpy4                      
000051b1  __aeabi_memcpy8                      
0000520d  abort                                
00005213  AES_IRQHandler                       
00005213  CANFD0_IRQHandler                    
00005213  DAC0_IRQHandler                      
00005213  DMA_IRQHandler                       
00005213  Default_Handler                      
00005213  GROUP0_IRQHandler                    
00005213  GROUP1_IRQHandler                    
00005213  I2C0_IRQHandler                      
00005213  I2C1_IRQHandler                      
00005213  NMI_Handler                          
00005213  PendSV_Handler                       
00005213  RTC_IRQHandler                       
00005213  SPI0_IRQHandler                      
00005213  SPI1_IRQHandler                      
00005213  SVC_Handler                          
00005213  SysTick_Handler                      
00005213  TIMA0_IRQHandler                     
00005213  TIMA1_IRQHandler                     
00005213  TIMG0_IRQHandler                     
00005213  TIMG12_IRQHandler                    
00005213  TIMG6_IRQHandler                     
00005213  TIMG8_IRQHandler                     
00005213  UART0_IRQHandler                     
00005213  UART1_IRQHandler                     
00005213  UART2_IRQHandler                     
00005213  UART3_IRQHandler                     
00005216  C$$EXIT                              
00005217  HOSTexit                             
0000522b  Reset_Handler                        
00005241  _system_pre_init                     
00005680  __aeabi_ctype_table_                 
00005680  __aeabi_ctype_table_C                
00005994  __TI_Handler_Table_Base              
000059a0  __TI_Handler_Table_Limit             
000059a8  __TI_CINIT_Base                      
000059b8  __TI_CINIT_Limit                     
000059b8  __TI_CINIT_Warm                      
20200000  __start___llvm_prf_bits              
20200000  __start___llvm_prf_cnts              
20200000  __stop___llvm_prf_bits               
20200000  __stop___llvm_prf_cnts               
20200000  _sys_memory                          
20201000  gPWM_AUDIOBackup                     
202010bc  gTIMER_SAMPLEBackup                  
2020115c  gSynthState                          
20201198  gSPI_LCDBackup                       
202011d8  __aeabi_errno                        
20207e00  __stack                              
20208000  __STACK_END                          
ffffffff  __TI_pprof_out_hndl                  
ffffffff  __TI_prof_data_size                  
ffffffff  __TI_prof_data_start                 
ffffffff  __binit__                            
ffffffff  binit                                
UNDEFED   __mpu_init                           
UNDEFED   _system_post_cinit                   

[209 symbols]
