******************************************************************************
            TI ARM Clang Linker PC v4.0.4                      
******************************************************************************
>> Linked Thu Dec 18 16:33:17 2025

OUTPUT FILE NAME:   <Motion_Music_studio.out>
ENTRY POINT SYMBOL: "_c_int00_noargs"  address: 000011a9


MEMORY CONFIGURATION

         name            origin    length      used     unused   attr    fill
----------------------  --------  ---------  --------  --------  ----  --------
  FLASH                 00000000   00008000  00001558  00006aa8  R  X
  SRAM                  20200000   00004000  000004f6  00003b0a  RW X
  BCR_CONFIG            41c00000   000000ff  00000000  000000ff  R   
  BSL_CONFIG            41c00100   00000080  00000000  00000080  R   


SEGMENT ALLOCATION MAP

run origin  load origin   length   init length attrs members
----------  ----------- ---------- ----------- ----- -------
00000000    00000000    00001558   00001558    r-x
  00000000    00000000    000000c0   000000c0    r-- .intvecs
  000000c0    000000c0    00001218   00001218    r-x .text
  000012d8    000012d8    00000248   00000248    r-- .rodata
  00001520    00001520    00000038   00000038    r-- .cinit
20200000    20200000    000002f6   00000000    rw-
  20200000    20200000    000002c8   00000000    rw- .bss
  202002c8    202002c8    0000002e   00000000    rw- .data
20203e00    20203e00    00000200   00000000    rw-
  20203e00    20203e00    00000200   00000000    rw- .stack


SECTION ALLOCATION MAP

 output                                  attributes/
section   page    origin      length       input sections
--------  ----  ----------  ----------   ----------------
.intvecs   0    00000000    000000c0     
                  00000000    000000c0     startup_mspm0g350x_ticlang.o (.intvecs)

.text      0    000000c0    00001218     
                  000000c0    000001d4     main.o (.text.main)
                  00000294    000001b4     ti_msp_dl_config.o (.text.SYSCFG_DL_GPIO_init)
                  00000448    0000010c     libclang_rt.builtins.a : divdf3.S.obj (.text.__divdf3)
                  00000554    00000104     dl_timer.o (.text.DL_Timer_initFourCCPWMMode)
                  00000658    000000fc     dl_timer.o (.text.DL_Timer_initTimerMode)
                  00000754    000000e4     libclang_rt.builtins.a : muldf3.S.obj (.text.__muldf3)
                  00000838    000000d8                            : addsf3.S.obj (.text)
                  00000910    0000009a     libc.a : memcpy16.S.obj (.text:memcpy)
                  000009aa    00000002     startup_mspm0g350x_ticlang.o (.text.Default_Handler)
                  000009ac    00000094     ti_msp_dl_config.o (.text.SYSCFG_DL_PWM_AUDIO_init)
                  00000a40    0000008c     libclang_rt.builtins.a : mulsf3.S.obj (.text.__mulsf3)
                  00000acc    00000084     main.o (.text.TIMG7_IRQHandler)
                  00000b50    00000082     libclang_rt.builtins.a : divsf3.S.obj (.text.__divsf3)
                  00000bd2    00000002                            : aeabi_div0.c.obj (.text.__aeabi_idiv0)
                  00000bd4    0000007c     libc.a : copy_decompress_lzss.c.obj (.text:decompress:lzss)
                  00000c50    00000078     ti_msp_dl_config.o (.text.SYSCFG_DL_ADC_ACCEL_init)
                  00000cc8    00000070     ti_msp_dl_config.o (.text.SYSCFG_DL_initPower)
                  00000d38    0000006c     ti_msp_dl_config.o (.text.SYSCFG_DL_ADC_MIC_JOY_init)
                  00000da4    00000056     libclang_rt.builtins.a : aeabi_idivmod.S.obj (.text.__aeabi_idivmod)
                  00000dfa    00000002     --HOLE-- [fill = 0]
                  00000dfc    0000004c     ti_msp_dl_config.o (.text.SYSCFG_DL_SPI_LCD_init)
                  00000e48    0000004c     ti_msp_dl_config.o (.text.SYSCFG_DL_TIMER_SAMPLE_init)
                  00000e94    00000044     dl_spi.o (.text.DL_SPI_init)
                  00000ed8    00000044     main.o (.text.GPIOA_IRQHandler)
                  00000f1c    00000042     libclang_rt.builtins.a : fixunsdfsi.S.obj (.text.__fixunsdfsi)
                  00000f5e    00000002     --HOLE-- [fill = 0]
                  00000f60    00000040     dl_adc12.o (.text.DL_ADC12_setClockConfig)
                  00000fa0    00000040     ti_msp_dl_config.o (.text.SYSCFG_DL_init)
                  00000fe0    00000040     libclang_rt.builtins.a : aeabi_uidivmod.S.obj (.text.__aeabi_uidivmod)
                  00001020    00000040                            : extendsfdf2.S.obj (.text.__extendsfdf2)
                  00001060    0000003c     main.o (.text.ADC0_IRQHandler)
                  0000109c    0000003c     main.o (.text.ADC1_IRQHandler)
                  000010d8    0000003c     libc.a : autoinit.c.obj (.text:__TI_auto_init_nobinit_nopinit)
                  00001114    0000003a     libclang_rt.builtins.a : muldsi3.S.obj (.text.__muldsi3)
                  0000114e    00000002     --HOLE-- [fill = 0]
                  00001150    00000030     ti_msp_dl_config.o (.text.SYSCFG_DL_SYSCTL_init)
                  00001180    00000028     libclang_rt.builtins.a : floatunsisf.S.obj (.text.__floatunsisf)
                  000011a8    00000028     libc.a : boot_cortex_m.c.obj (.text:_c_int00_noargs)
                  000011d0    00000022     dl_vref.o (.text.DL_VREF_configReference)
                  000011f2    00000002     --HOLE-- [fill = 0]
                  000011f4    0000001c     dl_timer.o (.text.DL_Timer_setCaptCompUpdateMethod)
                  00001210    0000001c     dl_timer.o (.text.DL_Timer_setClockConfig)
                  0000122c    0000001c     ti_msp_dl_config.o (.text.SYSCFG_DL_VREF_init)
                  00001248    00000018     dl_timer.o (.text.DL_Timer_setCaptureCompareOutCtl)
                  00001260    00000016     libc.a : copy_zero_init.c.obj (.text:decompress:ZI:__TI_zero_init_nomemset)
                  00001276    00000012     dl_spi.o (.text.DL_SPI_setClockConfig)
                  00001288    00000012     libc.a : copy_decompress_none.c.obj (.text:decompress:none)
                  0000129a    00000002     --HOLE-- [fill = 0]
                  0000129c    00000010     dl_timer.o (.text.DL_Timer_setCaptureCompareValue)
                  000012ac    0000000a     dl_common.o (.text.DL_Common_delayCycles)
                  000012b6    00000002     --HOLE-- [fill = 0]
                  000012b8    00000008     libclang_rt.builtins.a : aeabi_memcpy.S.obj (.text.__aeabi_memcpy)
                  000012c0    00000006     startup_mspm0g350x_ticlang.o (.text.ResetISR)
                  000012c6    00000006     libc.a : exit.c.obj (.text:abort)
                  000012cc    00000004     libsysbm.a : hostexit.c.obj (.text.HOSTexit)
                  000012d0    00000004     libc.a : pre_init.c.obj (.text._system_pre_init)
                  000012d4    00000004     --HOLE-- [fill = 0]

.cinit     0    00001520    00000038     
                  00001520    00000013     (.cinit..data.load) [load image, compression = lzss]
                  00001533    00000001     --HOLE-- [fill = 0]
                  00001534    0000000c     (__TI_handler_table)
                  00001540    00000008     (.cinit..bss.load) [load image, compression = zero_init]
                  00001548    00000010     (__TI_cinit_table)

.rodata    0    000012d8    00000248     
                  000012d8    00000200     main.o (.rodata.sine_table)
                  000014d8    00000014     ti_msp_dl_config.o (.rodata.gTIMER_SAMPLETimerConfig)
                  000014ec    0000000a     ti_msp_dl_config.o (.rodata.gSPI_LCD_config)
                  000014f6    00000002     ti_msp_dl_config.o (.rodata.gSPI_LCD_clockConfig)
                  000014f8    00000008     ti_msp_dl_config.o (.rodata.gADC_ACCELClockConfig)
                  00001500    00000008     ti_msp_dl_config.o (.rodata.gADC_MIC_JOYClockConfig)
                  00001508    00000008     ti_msp_dl_config.o (.rodata.gPWM_AUDIOConfig)
                  00001510    00000008     ti_msp_dl_config.o (.rodata.gVREFConfig)
                  00001518    00000003     ti_msp_dl_config.o (.rodata.gPWM_AUDIOClockConfig)
                  0000151b    00000003     ti_msp_dl_config.o (.rodata.gTIMER_SAMPLEClockConfig)
                  0000151e    00000002     --HOLE-- [fill = 0]

.init_array 
*          0    00000000    00000000     UNINITIALIZED

.binit     0    00000000    00000000     

.bss       0    20200000    000002c8     UNINITIALIZED
                  20200000    00000200     startup_mspm0g350x_ticlang.o (.bss.stack)
                  20200200    000000a0     (.common:gTIMER_SAMPLEBackup)
                  202002a0    00000028     (.common:gSPI_LCDBackup)

.data      0    202002c8    0000002e     UNINITIALIZED
                  202002c8    00000020     main.o (.data.g_synthState)
                  202002e8    00000004     main.o (.data.Process_Input.last_update)
                  202002ec    00000004     main.o (.data.phase)
                  202002f0    00000004     main.o (.data.phase_increment)
                  202002f4    00000001     main.o (.data.Process_Input.last_s1)
                  202002f5    00000001     main.o (.data.Process_Input.last_s2)

.stack     0    20203e00    00000200     UNINITIALIZED
                  20203e00    00000004     libc.a : boot_cortex_m.c.obj (.stack)
                  20203e04    000001fc     --HOLE--

__llvm_prf_cnts 
*          0    20200000    00000000     UNINITIALIZED

__llvm_prf_bits 
*          0    20200000    00000000     UNINITIALIZED

MODULE SUMMARY

       Module                         code   ro data   rw data
       ------                         ----   -------   -------
    .\
       ti_msp_dl_config.o             1216   70        200    
       main.o                         788    512       46     
       startup_mspm0g350x_ticlang.o   8      192       512    
    +--+------------------------------+------+---------+---------+
       Total:                         2012   774       758    
                                                              
    .\ti\driverlib\
       dl_timer.o                     608    0         0      
       dl_spi.o                       86     0         0      
       dl_adc12.o                     64     0         0      
       dl_vref.o                      34     0         0      
       dl_common.o                    10     0         0      
    +--+------------------------------+------+---------+---------+
       Total:                         802    0         0      
                                                              
    C:\ti\ccs2040\ccs\tools\compiler\ti-cgt-armllvm_4.0.4.LTS\lib\armv6m-ti-none-eabi/c/libc.a
       memcpy16.S.obj                 154    0         0      
       copy_decompress_lzss.c.obj     124    0         0      
       autoinit.c.obj                 60     0         0      
       boot_cortex_m.c.obj            40     0         0      
       copy_zero_init.c.obj           22     0         0      
       copy_decompress_none.c.obj     18     0         0      
       exit.c.obj                     6      0         0      
       pre_init.c.obj                 4      0         0      
    +--+------------------------------+------+---------+---------+
       Total:                         428    0         0      
                                                              
    C:\ti\ccs2040\ccs\tools\compiler\ti-cgt-armllvm_4.0.4.LTS\lib\armv6m-ti-none-eabi/c/libsysbm.a
       hostexit.c.obj                 4      0         0      
    +--+------------------------------+------+---------+---------+
       Total:                         4      0         0      
                                                              
    C:\ti\ccs2040\ccs\tools\compiler\ti-cgt-armllvm_4.0.4.LTS\lib\armv6m-ti-none-eabi/libclang_rt.builtins.a
       divdf3.S.obj                   268    0         0      
       muldf3.S.obj                   228    0         0      
       addsf3.S.obj                   216    0         0      
       mulsf3.S.obj                   140    0         0      
       divsf3.S.obj                   130    0         0      
       aeabi_idivmod.S.obj            86     0         0      
       fixunsdfsi.S.obj               66     0         0      
       aeabi_uidivmod.S.obj           64     0         0      
       extendsfdf2.S.obj              64     0         0      
       muldsi3.S.obj                  58     0         0      
       floatunsisf.S.obj              40     0         0      
       aeabi_memcpy.S.obj             8      0         0      
       aeabi_div0.c.obj               2      0         0      
    +--+------------------------------+------+---------+---------+
       Total:                         1370   0         0      
                                                              
       Stack:                         0      0         512    
       Linker Generated:              0      55        0      
    +--+------------------------------+------+---------+---------+
       Grand Total:                   4616   829       1270   


LINKER GENERATED COPY TABLES

__TI_cinit_table @ 00001548 records: 2, size/record: 8, table size: 16
	.data: load addr=00001520, load size=00000013 bytes, run addr=202002c8, run size=0000002e bytes, compression=lzss
	.bss: load addr=00001540, load size=00000008 bytes, run addr=20200000, run size=000002c8 bytes, compression=zero_init


LINKER GENERATED HANDLER TABLE

__TI_handler_table @ 00001534 records: 3, size/record: 4, table size: 12
	index: 0, handler: __TI_decompress_lzss
	index: 1, handler: __TI_decompress_none
	index: 2, handler: __TI_zero_init


GLOBAL SYMBOLS: SORTED ALPHABETICALLY BY Name 

address   name                            
-------   ----                            
00001061  ADC0_IRQHandler                 
0000109d  ADC1_IRQHandler                 
000009ab  AES_IRQHandler                  
000012cc  C$$EXIT                         
000009ab  CANFD0_IRQHandler               
00000f61  DL_ADC12_setClockConfig         
000012ad  DL_Common_delayCycles           
00000e95  DL_SPI_init                     
00001277  DL_SPI_setClockConfig           
00000555  DL_Timer_initFourCCPWMMode      
00000659  DL_Timer_initTimerMode          
000011f5  DL_Timer_setCaptCompUpdateMethod
00001249  DL_Timer_setCaptureCompareOutCtl
0000129d  DL_Timer_setCaptureCompareValue 
00001211  DL_Timer_setClockConfig         
000011d1  DL_VREF_configReference         
000009ab  DMA_IRQHandler                  
000009ab  Default_Handler                 
00000ed9  GPIOA_IRQHandler                
000009ab  GPIOB_IRQHandler                
000009ab  GROUP0_IRQHandler               
000012cd  HOSTexit                        
000009ab  HardFault_Handler               
000009ab  I2C0_IRQHandler                 
000009ab  I2C1_IRQHandler                 
000009ab  I2C2_IRQHandler                 
000009ab  NMI_Handler                     
000009ab  PendSV_Handler                  
000009ab  RTC_IRQHandler                  
000012c1  ResetISR                        
000009ab  SPI0_IRQHandler                 
000009ab  SPI1_IRQHandler                 
000009ab  SVC_Handler                     
00000c51  SYSCFG_DL_ADC_ACCEL_init        
00000d39  SYSCFG_DL_ADC_MIC_JOY_init      
00000295  SYSCFG_DL_GPIO_init             
000009ad  SYSCFG_DL_PWM_AUDIO_init        
00000dfd  SYSCFG_DL_SPI_LCD_init          
00001151  SYSCFG_DL_SYSCTL_init           
00000e49  SYSCFG_DL_TIMER_SAMPLE_init     
0000122d  SYSCFG_DL_VREF_init             
00000fa1  SYSCFG_DL_init                  
00000cc9  SYSCFG_DL_initPower             
000009ab  SysTick_Handler                 
000009ab  TIMG0_IRQHandler                
000009ab  TIMG12_IRQHandler               
000009ab  TIMG14_IRQHandler               
000009ab  TIMG4_IRQHandler                
000009ab  TIMG6_IRQHandler                
00000acd  TIMG7_IRQHandler                
000009ab  TIMG8_IRQHandler                
000009ab  UART0_IRQHandler                
000009ab  UART1_IRQHandler                
000009ab  UART2_IRQHandler                
000009ab  UART3_IRQHandler                
20204000  __STACK_END                     
00000200  __STACK_SIZE                    
00000000  __TI_ATRegion0_region_sz        
00000000  __TI_ATRegion0_src_addr         
00000000  __TI_ATRegion0_trg_addr         
00000000  __TI_ATRegion1_region_sz        
00000000  __TI_ATRegion1_src_addr         
00000000  __TI_ATRegion1_trg_addr         
00000000  __TI_ATRegion2_region_sz        
00000000  __TI_ATRegion2_src_addr         
00000000  __TI_ATRegion2_trg_addr         
00001548  __TI_CINIT_Base                 
00001558  __TI_CINIT_Limit                
00001558  __TI_CINIT_Warm                 
00001534  __TI_Handler_Table_Base         
00001540  __TI_Handler_Table_Limit        
000010d9  __TI_auto_init_nobinit_nopinit  
00000bd5  __TI_decompress_lzss            
00001289  __TI_decompress_none            
ffffffff  __TI_pprof_out_hndl             
ffffffff  __TI_prof_data_size             
ffffffff  __TI_prof_data_start            
00000000  __TI_static_base__              
00001261  __TI_zero_init_nomemset         
00000843  __addsf3                        
00000f1d  __aeabi_d2uiz                   
00000449  __aeabi_ddiv                    
00000755  __aeabi_dmul                    
00001021  __aeabi_f2d                     
00000843  __aeabi_fadd                    
00000b51  __aeabi_fdiv                    
00000a41  __aeabi_fmul                    
00000839  __aeabi_fsub                    
00000da5  __aeabi_idiv                    
00000bd3  __aeabi_idiv0                   
00000da5  __aeabi_idivmod                 
000012b9  __aeabi_memcpy                  
000012b9  __aeabi_memcpy4                 
000012b9  __aeabi_memcpy8                 
00001181  __aeabi_ui2f                    
00000fe1  __aeabi_uidiv                   
00000fe1  __aeabi_uidivmod                
ffffffff  __binit__                       
00000449  __divdf3                        
00000b51  __divsf3                        
00001021  __extendsfdf2                   
00000f1d  __fixunsdfsi                    
00001181  __floatunsisf                   
UNDEFED   __mpu_init                      
00000755  __muldf3                        
00001115  __muldsi3                       
00000a41  __mulsf3                        
20203e00  __stack                         
20200000  __start___llvm_prf_bits         
20200000  __start___llvm_prf_cnts         
20200000  __stop___llvm_prf_bits          
20200000  __stop___llvm_prf_cnts          
00000839  __subsf3                        
000011a9  _c_int00_noargs                 
UNDEFED   _system_post_cinit              
000012d1  _system_pre_init                
000012c7  abort                           
ffffffff  binit                           
202002a0  gSPI_LCDBackup                  
20200200  gTIMER_SAMPLEBackup             
202002c8  g_synthState                    
00000000  interruptVectors                
000000c1  main                            
00000911  memcpy                          


GLOBAL SYMBOLS: SORTED BY Symbol Address 

address   name                            
-------   ----                            
00000000  __TI_ATRegion0_region_sz        
00000000  __TI_ATRegion0_src_addr         
00000000  __TI_ATRegion0_trg_addr         
00000000  __TI_ATRegion1_region_sz        
00000000  __TI_ATRegion1_src_addr         
00000000  __TI_ATRegion1_trg_addr         
00000000  __TI_ATRegion2_region_sz        
00000000  __TI_ATRegion2_src_addr         
00000000  __TI_ATRegion2_trg_addr         
00000000  __TI_static_base__              
00000000  interruptVectors                
000000c1  main                            
00000200  __STACK_SIZE                    
00000295  SYSCFG_DL_GPIO_init             
00000449  __aeabi_ddiv                    
00000449  __divdf3                        
00000555  DL_Timer_initFourCCPWMMode      
00000659  DL_Timer_initTimerMode          
00000755  __aeabi_dmul                    
00000755  __muldf3                        
00000839  __aeabi_fsub                    
00000839  __subsf3                        
00000843  __addsf3                        
00000843  __aeabi_fadd                    
00000911  memcpy                          
000009ab  AES_IRQHandler                  
000009ab  CANFD0_IRQHandler               
000009ab  DMA_IRQHandler                  
000009ab  Default_Handler                 
000009ab  GPIOB_IRQHandler                
000009ab  GROUP0_IRQHandler               
000009ab  HardFault_Handler               
000009ab  I2C0_IRQHandler                 
000009ab  I2C1_IRQHandler                 
000009ab  I2C2_IRQHandler                 
000009ab  NMI_Handler                     
000009ab  PendSV_Handler                  
000009ab  RTC_IRQHandler                  
000009ab  SPI0_IRQHandler                 
000009ab  SPI1_IRQHandler                 
000009ab  SVC_Handler                     
000009ab  SysTick_Handler                 
000009ab  TIMG0_IRQHandler                
000009ab  TIMG12_IRQHandler               
000009ab  TIMG14_IRQHandler               
000009ab  TIMG4_IRQHandler                
000009ab  TIMG6_IRQHandler                
000009ab  TIMG8_IRQHandler                
000009ab  UART0_IRQHandler                
000009ab  UART1_IRQHandler                
000009ab  UART2_IRQHandler                
000009ab  UART3_IRQHandler                
000009ad  SYSCFG_DL_PWM_AUDIO_init        
00000a41  __aeabi_fmul                    
00000a41  __mulsf3                        
00000acd  TIMG7_IRQHandler                
00000b51  __aeabi_fdiv                    
00000b51  __divsf3                        
00000bd3  __aeabi_idiv0                   
00000bd5  __TI_decompress_lzss            
00000c51  SYSCFG_DL_ADC_ACCEL_init        
00000cc9  SYSCFG_DL_initPower             
00000d39  SYSCFG_DL_ADC_MIC_JOY_init      
00000da5  __aeabi_idiv                    
00000da5  __aeabi_idivmod                 
00000dfd  SYSCFG_DL_SPI_LCD_init          
00000e49  SYSCFG_DL_TIMER_SAMPLE_init     
00000e95  DL_SPI_init                     
00000ed9  GPIOA_IRQHandler                
00000f1d  __aeabi_d2uiz                   
00000f1d  __fixunsdfsi                    
00000f61  DL_ADC12_setClockConfig         
00000fa1  SYSCFG_DL_init                  
00000fe1  __aeabi_uidiv                   
00000fe1  __aeabi_uidivmod                
00001021  __aeabi_f2d                     
00001021  __extendsfdf2                   
00001061  ADC0_IRQHandler                 
0000109d  ADC1_IRQHandler                 
000010d9  __TI_auto_init_nobinit_nopinit  
00001115  __muldsi3                       
00001151  SYSCFG_DL_SYSCTL_init           
00001181  __aeabi_ui2f                    
00001181  __floatunsisf                   
000011a9  _c_int00_noargs                 
000011d1  DL_VREF_configReference         
000011f5  DL_Timer_setCaptCompUpdateMethod
00001211  DL_Timer_setClockConfig         
0000122d  SYSCFG_DL_VREF_init             
00001249  DL_Timer_setCaptureCompareOutCtl
00001261  __TI_zero_init_nomemset         
00001277  DL_SPI_setClockConfig           
00001289  __TI_decompress_none            
0000129d  DL_Timer_setCaptureCompareValue 
000012ad  DL_Common_delayCycles           
000012b9  __aeabi_memcpy                  
000012b9  __aeabi_memcpy4                 
000012b9  __aeabi_memcpy8                 
000012c1  ResetISR                        
000012c7  abort                           
000012cc  C$$EXIT                         
000012cd  HOSTexit                        
000012d1  _system_pre_init                
00001534  __TI_Handler_Table_Base         
00001540  __TI_Handler_Table_Limit        
00001548  __TI_CINIT_Base                 
00001558  __TI_CINIT_Limit                
00001558  __TI_CINIT_Warm                 
20200000  __start___llvm_prf_bits         
20200000  __start___llvm_prf_cnts         
20200000  __stop___llvm_prf_bits          
20200000  __stop___llvm_prf_cnts          
20200200  gTIMER_SAMPLEBackup             
202002a0  gSPI_LCDBackup                  
202002c8  g_synthState                    
20203e00  __stack                         
20204000  __STACK_END                     
ffffffff  __TI_pprof_out_hndl             
ffffffff  __TI_prof_data_size             
ffffffff  __TI_prof_data_start            
ffffffff  __binit__                       
ffffffff  binit                           
UNDEFED   __mpu_init                      
UNDEFED   _system_post_cinit              

[124 symbols]
