******************************************************************************
            TI ARM Clang Linker PC v4.0.4                      
******************************************************************************
>> Linked Sun Dec 21 17:18:30 2025

OUTPUT FILE NAME:   <Motion_Music_studio.out>
ENTRY POINT SYMBOL: "_c_int00_noargs"  address: 000022a9


MEMORY CONFIGURATION

         name            origin    length      used     unused   attr    fill
----------------------  --------  ---------  --------  --------  ----  --------
  FLASH                 00000000   00020000  00003620  0001c9e0  R  X
  SRAM                  20200000   00008000  00000310  00007cf0  RW X
  BCR_CONFIG            41c00000   000000ff  00000000  000000ff  R   
  BSL_CONFIG            41c00100   00000080  00000000  00000080  R   


SEGMENT ALLOCATION MAP

run origin  load origin   length   init length attrs members
----------  ----------- ---------- ----------- ----- -------
00000000    00000000    00003620   00003620    r-x
  00000000    00000000    000000c0   000000c0    r-- .intvecs
  000000c0    000000c0    00002c48   00002c48    r-x .text
  00002d08    00002d08    000008e0   000008e0    r-- .rodata
  000035e8    000035e8    00000038   00000038    r-- .cinit
20200000    20200000    00000110   00000000    rw-
  20200000    20200000    000000f8   00000000    rw- .bss
  202000f8    202000f8    00000018   00000000    rw- .data
20207e00    20207e00    00000200   00000000    rw-
  20207e00    20207e00    00000200   00000000    rw- .stack


SECTION ALLOCATION MAP

 output                                  attributes/
section   page    origin      length       input sections
--------  ----  ----------  ----------   ----------------
.intvecs   0    00000000    000000c0     
                  00000000    000000c0     startup_mspm0g350x_ticlang.o (.intvecs)

.text      0    000000c0    00002c48     
                  000000c0    000001c0     ti_msp_dl_config.o (.text.SYSCFG_DL_GPIO_init)
                  00000280    00000192     libclang_rt.builtins.a : adddf3.S.obj (.text.adddf3_subdf3)
                  00000412    00000002     main.o (.text.Process_Accelerometer)
                  00000414    00000110     dl_timer.o (.text.DL_Timer_initTimerMode)
                  00000524    00000110     dl_timer.o (.text.DL_Timer_initTwoCCPWMMode)
                  00000634    0000010c     iqmath.a : _IQNdiv.o (.text._IQ24div)
                  00000740    0000010c     libclang_rt.builtins.a : divdf3.S.obj (.text.__divdf3)
                  0000084c    000000fc     main.o (.text.Process_Buttons)
                  00000948    000000f8     main.o (.text.main)
                  00000a40    000000ec     dl_timer.o (.text.DL_Timer_initFourCCPWMMode)
                  00000b2c    000000e4     libclang_rt.builtins.a : muldf3.S.obj (.text.__muldf3)
                  00000c10    000000e0     dl_sysctl_mspm0g1x0x_g3x0x.o (.text.DL_SYSCTL_configSYSPLL)
                  00000cf0    000000d8     dl_rtc_common.o (.text.DL_RTC_Common_initCalendar)
                  00000dc8    000000d4     ti_msp_dl_config.o (.text.SYSCFG_DL_initPower)
                  00000e9c    000000c4     main.o (.text.TIMG7_IRQHandler)
                  00000f60    000000b0     ti_msp_dl_config.o (.text.SYSCFG_DL_SYSCTL_SYSPLL_init)
                  00001010    000000ac     main.o (.text.Process_Joystick)
                  000010bc    000000ac     ti_msp_dl_config.o (.text.SYSCFG_DL_ADC_MIC_JOY_init)
                  00001168    000000a8     ti_msp_dl_config.o (.text.SYSCFG_DL_ADC_ACCEL_init)
                  00001210    000000a4     ti_msp_dl_config.o (.text.SYSCFG_DL_SYSCTL_init)
                  000012b4    0000008c     main.o (.text.Audio_Set_Waveform)
                  00001340    00000084     ti_msp_dl_config.o (.text.__NVIC_SetPriority)
                  000013c4    0000007c     libc.a : copy_decompress_lzss.c.obj (.text:decompress:lzss)
                  00001440    00000074     ti_msp_dl_config.o (.text.SYSCFG_DL_PWM_AUDIO_init)
                  000014b4    00000074     libclang_rt.builtins.a : comparedf2.c.obj (.text.__gedf2)
                  00001528    00000068                            : comparedf2.c.obj (.text.__ledf2)
                  00001590    00000062                            : aeabi_dcmp.S.obj (.text.__aeabi_dcmp)
                  000015f2    00000002                            : aeabi_div0.c.obj (.text.__aeabi_idiv0)
                  000015f4    00000060     main.o (.text.ADC0_IRQHandler)
                  00001654    00000060     ti_msp_dl_config.o (.text.DL_ADC12_initSeqSample)
                  000016b4    0000005c     main.o (.text.ADC1_IRQHandler)
                  00001710    00000058     ti_msp_dl_config.o (.text.SYSCFG_DL_I2C_0_init)
                  00001768    00000058     ti_msp_dl_config.o (.text.SYSCFG_DL_I2C_1_init)
                  000017c0    00000054     main.o (.text.Audio_Update_Frequency)
                  00001814    00000054     ti_msp_dl_config.o (.text.SYSCFG_DL_TIMER_SAMPLE_init)
                  00001868    00000050     ti_msp_dl_config.o (.text.DL_GPIO_initPeripheralInputFunctionFeatures)
                  000018b8    00000050     ti_msp_dl_config.o (.text.SYSCFG_DL_init)
                  00001908    0000004c     dl_adc12.o (.text.DL_ADC12_setClockConfig)
                  00001954    0000004c     ti_msp_dl_config.o (.text.DL_GPIO_initDigitalInputFeatures)
                  000019a0    0000004c     dl_sysctl_mspm0g1x0x_g3x0x.o (.text.DL_SYSCTL_switchMCLKfromSYSOSCtoHSCLK)
                  000019ec    0000004a     ti_msp_dl_config.o (.text.DL_ADC12_configConversionMem)
                  00001a36    00000002     --HOLE-- [fill = 0]
                  00001a38    0000004a     libclang_rt.builtins.a : fixdfsi.S.obj (.text.__fixdfsi)
                  00001a82    00000002     --HOLE-- [fill = 0]
                  00001a84    00000048     dl_spi.o (.text.DL_SPI_init)
                  00001acc    00000048     ti_msp_dl_config.o (.text.SYSCFG_DL_SPI_LCD_init)
                  00001b14    00000044     main.o (.text.ADC_To_Frequency)
                  00001b58    00000042     libclang_rt.builtins.a : fixunsdfsi.S.obj (.text.__fixunsdfsi)
                  00001b9a    00000002     --HOLE-- [fill = 0]
                  00001b9c    00000040     dl_timer.o (.text.DL_Timer_setCaptureCompareOutCtl)
                  00001bdc    00000040     libclang_rt.builtins.a : aeabi_uidivmod.S.obj (.text.__aeabi_uidivmod)
                  00001c1c    0000003c     dl_timer.o (.text.DL_Timer_setCaptureCompareCtl)
                  00001c58    0000003c     dl_timer.o (.text.DL_Timer_setCounterControl)
                  00001c94    0000003c     ti_msp_dl_config.o (.text.DL_Timer_setCounterControl)
                  00001cd0    0000003c     main.o (.text.System_Init)
                  00001d0c    0000003c     libc.a : autoinit.c.obj (.text:__TI_auto_init_nobinit_nopinit)
                  00001d48    0000003a     libclang_rt.builtins.a : muldsi3.S.obj (.text.__muldsi3)
                  00001d82    00000002     --HOLE-- [fill = 0]
                  00001d84    00000038     ti_msp_dl_config.o (.text.DL_Timer_setPublisherChanID)
                  00001dbc    00000038     libclang_rt.builtins.a : fixsfsi.S.obj (.text.__fixsfsi)
                  00001df4    00000034     main.o (.text.Audio_Stop)
                  00001e28    00000034     dl_i2c.o (.text.DL_I2C_setClockConfig)
                  00001e5c    00000034     dl_timer.o (.text.DL_Timer_setCaptCompUpdateMethod)
                  00001e90    00000034     dl_timer.o (.text.DL_Timer_setCaptureCompareAction)
                  00001ec4    00000034     dl_timer.o (.text.DL_Timer_setCaptureCompareInput)
                  00001ef8    00000034     dl_timer.o (.text.DL_Timer_setClockConfig)
                  00001f2c    00000034     dl_vref.o (.text.DL_VREF_configReference)
                  00001f60    00000030     main.o (.text.DL_ADC12_getMemResult)
                  00001f90    00000030     ti_msp_dl_config.o (.text.DL_SPI_setFIFOThreshold)
                  00001fc0    00000030     iqmath.a : _IQNtoF.o (.text._IQ24toF)
                  00001ff0    0000002c     main.o (.text.Audio_Update_Volume)
                  0000201c    0000002c     dl_timer.o (.text.DL_Timer_setCaptureCompareValue)
                  00002048    0000002c     main.o (.text.__NVIC_EnableIRQ)
                  00002074    0000002c     libclang_rt.builtins.a : floatsidf.S.obj (.text.__floatsidf)
                  000020a0    00000028     dl_adc12.o (.text.DL_Common_updateReg)
                  000020c8    00000028     dl_i2c.o (.text.DL_Common_updateReg)
                  000020f0    00000028     dl_rtc_common.o (.text.DL_Common_updateReg)
                  00002118    00000028     dl_spi.o (.text.DL_Common_updateReg)
                  00002140    00000028     dl_sysctl_mspm0g1x0x_g3x0x.o (.text.DL_Common_updateReg)
                  00002168    00000028     dl_timer.o (.text.DL_Common_updateReg)
                  00002190    00000028     ti_msp_dl_config.o (.text.DL_Common_updateReg)
                  000021b8    00000028     ti_msp_dl_config.o (.text.DL_I2C_setControllerRXFIFOThreshold)
                  000021e0    00000028     ti_msp_dl_config.o (.text.DL_I2C_setControllerTXFIFOThreshold)
                  00002208    00000028     dl_sysctl_mspm0g1x0x_g3x0x.o (.text.DL_SYSCTL_configFCC)
                  00002230    00000028     ti_msp_dl_config.o (.text.DL_SYSCTL_setPowerPolicySTANDBY0)
                  00002258    00000028     ti_msp_dl_config.o (.text.DL_Timer_enableEvent)
                  00002280    00000028     ti_msp_dl_config.o (.text.SYSCFG_DL_RTC_init)
                  000022a8    00000028     libc.a : boot_cortex_m.c.obj (.text:_c_int00_noargs)
                  000022d0    00000026     ti_msp_dl_config.o (.text.DL_I2C_setAnalogGlitchFilterPulseWidth)
                  000022f6    00000002     --HOLE-- [fill = 0]
                  000022f8    00000024     ti_msp_dl_config.o (.text.DL_SPI_setBitRateSerialClockDivider)
                  0000231c    00000024     dl_spi.o (.text.DL_SPI_setClockConfig)
                  00002340    00000024     libclang_rt.builtins.a : floatunsidf.S.obj (.text.__floatunsidf)
                  00002364    00000024                            : muldi3.S.obj (.text.__muldi3)
                  00002388    00000020     main.o (.text.ADC_To_Volume)
                  000023a8    00000020     main.o (.text.Audio_Init)
                  000023c8    00000020     dl_sysctl_mspm0g1x0x_g3x0x.o (.text.DL_CORE_configInstruction)
                  000023e8    00000020     dl_rtc_common.o (.text.DL_RTC_Common_setCalendarYearBinary)
                  00002408    00000020     ti_msp_dl_config.o (.text.DL_SYSCTL_setFlashWaitState)
                  00002428    00000020     ti_msp_dl_config.o (.text.DL_SYSCTL_setMFPCLKSource)
                  00002448    00000020     dl_timer.o (.text.DL_Timer_setCounterValueAfterEnable)
                  00002468    0000001c     main.o (.text.Audio_Start)
                  00002484    0000001c     ti_msp_dl_config.o (.text.DL_ADC12_clearInterruptStatus)
                  000024a0    0000001c     ti_msp_dl_config.o (.text.DL_ADC12_enableEvent)
                  000024bc    0000001c     ti_msp_dl_config.o (.text.DL_ADC12_enableInterrupt)
                  000024d8    0000001c     main.o (.text.DL_ADC12_startConversion)
                  000024f4    0000001c     ti_msp_dl_config.o (.text.DL_GPIO_clearInterruptStatus)
                  00002510    0000001c     ti_msp_dl_config.o (.text.DL_GPIO_enableHiZ)
                  0000252c    0000001c     ti_msp_dl_config.o (.text.DL_GPIO_enableInterrupt)
                  00002548    0000001c     ti_msp_dl_config.o (.text.DL_GPIO_initPeripheralOutputFunction)
                  00002564    0000001c     ti_msp_dl_config.o (.text.DL_GPIO_setLowerPinsPolarity)
                  00002580    0000001c     dl_rtc_common.o (.text.DL_RTC_Common_setCalendarMinutesBCD)
                  0000259c    0000001c     dl_rtc_common.o (.text.DL_RTC_Common_setCalendarMinutesBinary)
                  000025b8    0000001c     dl_rtc_common.o (.text.DL_RTC_Common_setCalendarMonthBCD)
                  000025d4    0000001c     dl_rtc_common.o (.text.DL_RTC_Common_setCalendarMonthBinary)
                  000025f0    0000001c     dl_rtc_common.o (.text.DL_RTC_Common_setCalendarSecondsBCD)
                  0000260c    0000001c     dl_rtc_common.o (.text.DL_RTC_Common_setCalendarSecondsBinary)
                  00002628    0000001c     dl_rtc_common.o (.text.DL_RTC_Common_setCalendarYearBCD)
                  00002644    0000001c     dl_rtc_common.o (.text.DL_RTC_Common_setClockFormat)
                  00002660    0000001c     ti_msp_dl_config.o (.text.DL_SYSCTL_setFCCPeriods)
                  0000267c    0000001c     ti_msp_dl_config.o (.text.DL_SYSCTL_setMCLKDivider)
                  00002698    0000001c     ti_msp_dl_config.o (.text.DL_SYSCTL_setSYSOSCFreq)
                  000026b4    0000001c     ti_msp_dl_config.o (.text.DL_SYSCTL_setULPCLKDivider)
                  000026d0    0000001c     ti_msp_dl_config.o (.text.DL_SYSCTL_setVBOOSTConfig)
                  000026ec    0000001c     ti_msp_dl_config.o (.text.DL_Timer_enableInterrupt)
                  00002708    0000001c     ti_msp_dl_config.o (.text.SYSCFG_DL_SYSCTL_CLK_init)
                  00002724    0000001c     ti_msp_dl_config.o (.text.SYSCFG_DL_VREF_init)
                  00002740    0000001a     dl_rtc_common.o (.text.DL_RTC_Common_setCalendarHoursBCD)
                  0000275a    0000001a     dl_rtc_common.o (.text.DL_RTC_Common_setCalendarHoursBinary)
                  00002774    00000018     ti_msp_dl_config.o (.text.DL_ADC12_enablePower)
                  0000278c    00000018     ti_msp_dl_config.o (.text.DL_ADC12_reset)
                  000027a4    00000018     ti_msp_dl_config.o (.text.DL_ADC12_setSampleTime0)
                  000027bc    00000018     ti_msp_dl_config.o (.text.DL_GPIO_enableOutput)
                  000027d4    00000018     ti_msp_dl_config.o (.text.DL_GPIO_enablePower)
                  000027ec    00000018     ti_msp_dl_config.o (.text.DL_GPIO_initDigitalOutput)
                  00002804    00000018     ti_msp_dl_config.o (.text.DL_GPIO_reset)
                  0000281c    00000018     ti_msp_dl_config.o (.text.DL_GPIO_setAnalogInternalResistor)
                  00002834    00000018     main.o (.text.DL_GPIO_setPins)
                  0000284c    00000018     ti_msp_dl_config.o (.text.DL_GPIO_setPins)
                  00002864    00000018     main.o (.text.DL_GPIO_togglePins)
                  0000287c    00000018     ti_msp_dl_config.o (.text.DL_I2C_enableAnalogGlitchFilter)
                  00002894    00000018     ti_msp_dl_config.o (.text.DL_I2C_enableController)
                  000028ac    00000018     ti_msp_dl_config.o (.text.DL_I2C_enableControllerClockStretching)
                  000028c4    00000018     ti_msp_dl_config.o (.text.DL_I2C_enablePower)
                  000028dc    00000018     ti_msp_dl_config.o (.text.DL_I2C_reset)
                  000028f4    00000018     ti_msp_dl_config.o (.text.DL_I2C_setTimerPeriod)
                  0000290c    00000018     ti_msp_dl_config.o (.text.DL_RTC_Common_enablePower)
                  00002924    00000018     ti_msp_dl_config.o (.text.DL_RTC_Common_reset)
                  0000293c    00000018     ti_msp_dl_config.o (.text.DL_SPI_enable)
                  00002954    00000018     ti_msp_dl_config.o (.text.DL_SPI_enableLoopbackMode)
                  0000296c    00000018     ti_msp_dl_config.o (.text.DL_SPI_enablePower)
                  00002984    00000018     ti_msp_dl_config.o (.text.DL_SPI_reset)
                  0000299c    00000018     ti_msp_dl_config.o (.text.DL_SYSCTL_enableInterrupt)
                  000029b4    00000018     ti_msp_dl_config.o (.text.DL_SYSCTL_setBORThreshold)
                  000029cc    00000018     dl_sysctl_mspm0g1x0x_g3x0x.o (.text.DL_SYSCTL_setHSCLKSource)
                  000029e4    00000018     ti_msp_dl_config.o (.text.DL_Timer_enablePower)
                  000029fc    00000018     ti_msp_dl_config.o (.text.DL_Timer_reset)
                  00002a14    00000018     dl_timer.o (.text.DL_Timer_setLoadValue)
                  00002a2c    00000018     main.o (.text.DL_Timer_startCounter)
                  00002a44    00000018     ti_msp_dl_config.o (.text.DL_VREF_enablePower)
                  00002a5c    00000018     ti_msp_dl_config.o (.text.DL_VREF_reset)
                  00002a74    00000016     main.o (.text.DL_ADC12_enableConversions)
                  00002a8a    00000016     ti_msp_dl_config.o (.text.DL_ADC12_enableConversions)
                  00002aa0    00000016     ti_msp_dl_config.o (.text.DL_GPIO_enableGlobalFastWake)
                  00002ab6    00000016     main.o (.text.DL_GPIO_readPins)
                  00002acc    00000016     libc.a : copy_zero_init.c.obj (.text:decompress:ZI:__TI_zero_init_nomemset)
                  00002ae2    00000014     main.o (.text.Critical_Enter)
                  00002af6    00000014     dl_common.o (.text.DL_Common_delayCycles)
                  00002b0a    00000002     --HOLE-- [fill = 0]
                  00002b0c    00000014     ti_msp_dl_config.o (.text.DL_FlashCTL_enableInterrupt)
                  00002b20    00000014     main.o (.text.DL_GPIO_clearPins)
                  00002b34    00000014     ti_msp_dl_config.o (.text.DL_GPIO_clearPins)
                  00002b48    00000014     ti_msp_dl_config.o (.text.DL_I2C_resetControllerTransfer)
                  00002b5c    00000014     dl_sysctl_mspm0g1x0x_g3x0x.o (.text.DL_SYSCTL_disableSYSPLL)
                  00002b70    00000014     ti_msp_dl_config.o (.text.DL_SYSCTL_disableSYSPLL)
                  00002b84    00000014     ti_msp_dl_config.o (.text.DL_SYSCTL_enableMFCLK)
                  00002b98    00000014     dl_sysctl_mspm0g1x0x_g3x0x.o (.text.DL_SYSCTL_enableSYSPLL)
                  00002bac    00000014     ti_msp_dl_config.o (.text.DL_SYSCTL_enableSYSPLL)
                  00002bc0    00000014     ti_msp_dl_config.o (.text.DL_Timer_enableClock)
                  00002bd4    00000014     ti_msp_dl_config.o (.text.DL_Timer_setCCPDirection)
                  00002be8    00000012     main.o (.text.Critical_Exit)
                  00002bfa    00000012     main.o (.text.DL_ADC12_getPendingInterrupt)
                  00002c0c    00000012     main.o (.text.DL_Timer_getPendingInterrupt)
                  00002c1e    00000012     libc.a : memcpy16.S.obj (.text:TI_memcpy_small)
                  00002c30    00000012            : copy_decompress_none.c.obj (.text:decompress:none)
                  00002c42    00000002     --HOLE-- [fill = 0]
                  00002c44    00000010     dl_sysctl_mspm0g1x0x_g3x0x.o (.text.DL_CORE_getInstructionConfig)
                  00002c54    00000010     ti_msp_dl_config.o (.text.DL_SYSCTL_disableHFXT)
                  00002c64    00000010     ti_msp_dl_config.o (.text.DL_SYSCTL_enableMFPCLK)
                  00002c74    00000010     ti_msp_dl_config.o (.text.DL_SYSCTL_isFCCDone)
                  00002c84    00000010     ti_msp_dl_config.o (.text.DL_SYSCTL_startFCC)
                  00002c94    0000000e     libc.a : memset16.S.obj (.text:TI_memset_small)
                  00002ca2    00000002     --HOLE-- [fill = 0]
                  00002ca4    0000000c     dl_sysctl_mspm0g1x0x_g3x0x.o (.text.DL_SYSCTL_getClockStatus)
                  00002cb0    0000000c     ti_msp_dl_config.o (.text.DL_SYSCTL_getClockStatus)
                  00002cbc    0000000c     ti_msp_dl_config.o (.text.DL_SYSCTL_readFCC)
                  00002cc8    0000000c     libclang_rt.builtins.a : aeabi_memset.S.obj (.text.__aeabi_memclr)
                  00002cd4    00000008                            : aeabi_memcpy.S.obj (.text.__aeabi_memcpy)
                  00002cdc    00000006     libc.a : exit.c.obj (.text:abort)
                  00002ce2    00000004     startup_mspm0g350x_ticlang.o (.text.Default_Handler)
                  00002ce6    00000004     libsysbm.a : hostexit.c.obj (.text.HOSTexit)
                  00002cea    00000004     startup_mspm0g350x_ticlang.o (.text.Reset_Handler)
                  00002cee    00000002     --HOLE-- [fill = 0]
                  00002cf0    00000010     libc.a : boot_cortex_m.c.obj (.tramp._c_int00_noargs.1)
                  00002d00    00000004     main.o (.text.System_Sleep)
                  00002d04    00000004     libc.a : pre_init.c.obj (.text._system_pre_init)

.cinit     0    000035e8    00000038     
                  000035e8    00000011     (.cinit..data.load) [load image, compression = lzss]
                  000035f9    00000003     --HOLE-- [fill = 0]
                  000035fc    0000000c     (__TI_handler_table)
                  00003608    00000008     (.cinit..bss.load) [load image, compression = zero_init]
                  00003610    00000010     (__TI_cinit_table)

.rodata    0    00002d08    000008e0     
                  00002d08    00000200     main.o (.rodata.wavetable_sawtooth)
                  00002f08    00000200     main.o (.rodata.wavetable_sine)
                  00003108    00000200     main.o (.rodata.wavetable_square)
                  00003308    00000200     main.o (.rodata.wavetable_triangle)
                  00003508    00000041     iqmath.a : _IQNtables.o (.rodata._IQ6div_lookup)
                  00003549    00000003     ti_msp_dl_config.o (.rodata.gPWM_AUDIOClockConfig)
                  0000354c    00000028     ti_msp_dl_config.o (.rodata.gSYSPLLConfig)
                  00003574    00000022     ti_msp_dl_config.o (.rodata..L__const.SYSCFG_DL_GPIO_init.unusedPinIndexes)
                  00003596    00000002     ti_msp_dl_config.o (.rodata.gI2C_0ClockConfig)
                  00003598    00000014     ti_msp_dl_config.o (.rodata.gTIMER_SAMPLETimerConfig)
                  000035ac    0000000a     ti_msp_dl_config.o (.rodata.gSPI_LCD_config)
                  000035b6    00000002     ti_msp_dl_config.o (.rodata.gI2C_1ClockConfig)
                  000035b8    00000008     ti_msp_dl_config.o (.rodata.gADC_ACCELClockConfig)
                  000035c0    00000008     ti_msp_dl_config.o (.rodata.gADC_MIC_JOYClockConfig)
                  000035c8    00000008     ti_msp_dl_config.o (.rodata.gPWM_AUDIOConfig)
                  000035d0    00000008     ti_msp_dl_config.o (.rodata.gRTCCalendarConfig)
                  000035d8    00000008     ti_msp_dl_config.o (.rodata.gVREFConfig)
                  000035e0    00000003     ti_msp_dl_config.o (.rodata.gTIMER_SAMPLEClockConfig)
                  000035e3    00000002     ti_msp_dl_config.o (.rodata.gSPI_LCD_clockConfig)
                  000035e5    00000003     --HOLE-- [fill = 0]

.init_array 
*          0    00000000    00000000     UNINITIALIZED

.binit     0    00000000    00000000     

.bss       0    20200000    000000f8     UNINITIALIZED
                  20200000    000000a0     ti_msp_dl_config.o (.bss.gTIMER_SAMPLEBackup)
                  202000a0    00000030     main.o (.bss.gSynthState)
                  202000d0    00000028     ti_msp_dl_config.o (.bss.gSPI_LCDBackup)

.data      0    202000f8    00000018     UNINITIALIZED
                  202000f8    00000004     main.o (.data.Process_Buttons.joy_prev)
                  202000fc    00000004     main.o (.data.Process_Buttons.last_poll)
                  20200100    00000004     main.o (.data.Process_Buttons.s1_prev)
                  20200104    00000004     main.o (.data.Process_Buttons.s2_prev)
                  20200108    00000004     main.o (.data.current_wavetable)
                  2020010c    00000002     main.o (.data.Process_Joystick.last_joy_x)
                  2020010e    00000002     main.o (.data.Process_Joystick.last_joy_y)

.stack     0    20207e00    00000200     UNINITIALIZED
                  20207e00    00000004     libc.a : boot_cortex_m.c.obj (.stack)
                  20207e04    000001fc     --HOLE--

__llvm_prf_cnts 
*          0    20200000    00000000     UNINITIALIZED

__llvm_prf_bits 
*          0    20200000    00000000     UNINITIALIZED

MODULE SUMMARY

       Module                         code    ro data   rw data
       ------                         ----    -------   -------
    .\
       ti_msp_dl_config.o             4256    156       200    
       main.o                         1932    2048      72     
       startup_mspm0g350x_ticlang.o   8       192       0      
    +--+------------------------------+-------+---------+---------+
       Total:                         6196    2396      272    
                                                               
    .\ti\driverlib\
       dl_timer.o                     1312    0         0      
       dl_rtc_common.o                564     0         0      
       dl_spi.o                       148     0         0      
       dl_adc12.o                     116     0         0      
       dl_i2c.o                       92      0         0      
       dl_vref.o                      52      0         0      
       dl_common.o                    20      0         0      
    +--+------------------------------+-------+---------+---------+
       Total:                         2304    0         0      
                                                               
    .\ti\driverlib\m0p\sysctl\
       dl_sysctl_mspm0g1x0x_g3x0x.o   504     0         0      
    +--+------------------------------+-------+---------+---------+
       Total:                         504     0         0      
                                                               
    C:/ti/mspm0_sdk_2_09_00_01/source/ti/iqmath/lib/ticlang/m0p/rts/mspm0g1x0x_g3x0x/iqmath.a
       _IQNdiv.o                      268     0         0      
       _IQNtables.o                   0       65        0      
       _IQNtoF.o                      48      0         0      
    +--+------------------------------+-------+---------+---------+
       Total:                         316     65        0      
                                                               
    C:\ti\ccs2040\ccs\tools\compiler\ti-cgt-armllvm_4.0.4.LTS\lib\armv6m-ti-none-eabi/c/libc.a
       copy_decompress_lzss.c.obj     124     0         0      
       autoinit.c.obj                 60      0         0      
       boot_cortex_m.c.obj            56      0         0      
       copy_zero_init.c.obj           22      0         0      
       copy_decompress_none.c.obj     18      0         0      
       memcpy16.S.obj                 18      0         0      
       memset16.S.obj                 14      0         0      
       exit.c.obj                     6       0         0      
       pre_init.c.obj                 4       0         0      
    +--+------------------------------+-------+---------+---------+
       Total:                         322     0         0      
                                                               
    C:\ti\ccs2040\ccs\tools\compiler\ti-cgt-armllvm_4.0.4.LTS\lib\armv6m-ti-none-eabi/c/libsysbm.a
       hostexit.c.obj                 4       0         0      
    +--+------------------------------+-------+---------+---------+
       Total:                         4       0         0      
                                                               
    C:\ti\ccs2040\ccs\tools\compiler\ti-cgt-armllvm_4.0.4.LTS\lib\armv6m-ti-none-eabi/libclang_rt.builtins.a
       adddf3.S.obj                   402     0         0      
       divdf3.S.obj                   268     0         0      
       muldf3.S.obj                   228     0         0      
       comparedf2.c.obj               220     0         0      
       aeabi_dcmp.S.obj               98      0         0      
       fixdfsi.S.obj                  74      0         0      
       fixunsdfsi.S.obj               66      0         0      
       aeabi_uidivmod.S.obj           64      0         0      
       muldsi3.S.obj                  58      0         0      
       fixsfsi.S.obj                  56      0         0      
       floatsidf.S.obj                44      0         0      
       floatunsidf.S.obj              36      0         0      
       muldi3.S.obj                   36      0         0      
       aeabi_memset.S.obj             12      0         0      
       aeabi_memcpy.S.obj             8       0         0      
       aeabi_div0.c.obj               2       0         0      
    +--+------------------------------+-------+---------+---------+
       Total:                         1672    0         0      
                                                               
       Stack:                         0       0         512    
       Linker Generated:              0       53        0      
    +--+------------------------------+-------+---------+---------+
       Grand Total:                   11318   2514      784    


LINKER GENERATED COPY TABLES

__TI_cinit_table @ 00003610 records: 2, size/record: 8, table size: 16
	.data: load addr=000035e8, load size=00000011 bytes, run addr=202000f8, run size=00000018 bytes, compression=lzss
	.bss: load addr=00003608, load size=00000008 bytes, run addr=20200000, run size=000000f8 bytes, compression=zero_init


LINKER GENERATED HANDLER TABLE

__TI_handler_table @ 000035fc records: 3, size/record: 4, table size: 12
	index: 0, handler: __TI_decompress_lzss
	index: 1, handler: __TI_decompress_none
	index: 2, handler: __TI_zero_init


FAR CALL TRAMPOLINES

callee name               trampoline name
   callee addr  tramp addr   call addr  call info
--------------  -----------  ---------  ----------------
_c_int00_noargs           $Tramp$TT$L$PI$$_c_int00_noargs
   000022a9     00002cf0     00002cea   startup_mspm0g350x_ticlang.o (.text.Reset_Handler)

[1 trampolines]
[1 trampoline calls]


GLOBAL SYMBOLS: SORTED ALPHABETICALLY BY Name 

address   name                                 
-------   ----                                 
000015f5  ADC0_IRQHandler                      
000016b5  ADC1_IRQHandler                      
00002ce3  AES_IRQHandler                       
000023a9  Audio_Init                           
000012b5  Audio_Set_Waveform                   
00002469  Audio_Start                          
00001df5  Audio_Stop                           
000017c1  Audio_Update_Frequency               
00001ff1  Audio_Update_Volume                  
00002ce6  C$$EXIT                              
00002ce3  CANFD0_IRQHandler                    
00002ce3  DAC0_IRQHandler                      
00001909  DL_ADC12_setClockConfig              
00002af7  DL_Common_delayCycles                
00001e29  DL_I2C_setClockConfig                
00000cf1  DL_RTC_Common_initCalendar           
00001a85  DL_SPI_init                          
0000231d  DL_SPI_setClockConfig                
00002209  DL_SYSCTL_configFCC                  
00000c11  DL_SYSCTL_configSYSPLL               
000019a1  DL_SYSCTL_switchMCLKfromSYSOSCtoHSCLK
00000a41  DL_Timer_initFourCCPWMMode           
00000415  DL_Timer_initTimerMode               
00001e5d  DL_Timer_setCaptCompUpdateMethod     
00001e91  DL_Timer_setCaptureCompareAction     
00001c1d  DL_Timer_setCaptureCompareCtl        
00001ec5  DL_Timer_setCaptureCompareInput      
00001b9d  DL_Timer_setCaptureCompareOutCtl     
0000201d  DL_Timer_setCaptureCompareValue      
00001ef9  DL_Timer_setClockConfig              
00001f2d  DL_VREF_configReference              
00002ce3  DMA_IRQHandler                       
00002ce3  Default_Handler                      
00002ce3  GROUP0_IRQHandler                    
00002ce3  GROUP1_IRQHandler                    
00002ce7  HOSTexit                             
00002ce3  HardFault_Handler                    
00002ce3  I2C0_IRQHandler                      
00002ce3  I2C1_IRQHandler                      
00002ce3  NMI_Handler                          
00002ce3  PendSV_Handler                       
00000413  Process_Accelerometer                
0000084d  Process_Buttons                      
00001011  Process_Joystick                     
00002ce3  RTC_IRQHandler                       
00002ceb  Reset_Handler                        
00002ce3  SPI0_IRQHandler                      
00002ce3  SPI1_IRQHandler                      
00002ce3  SVC_Handler                          
00001169  SYSCFG_DL_ADC_ACCEL_init             
000010bd  SYSCFG_DL_ADC_MIC_JOY_init           
000000c1  SYSCFG_DL_GPIO_init                  
00001711  SYSCFG_DL_I2C_0_init                 
00001769  SYSCFG_DL_I2C_1_init                 
00001441  SYSCFG_DL_PWM_AUDIO_init             
00002281  SYSCFG_DL_RTC_init                   
00001acd  SYSCFG_DL_SPI_LCD_init               
00002709  SYSCFG_DL_SYSCTL_CLK_init            
00000f61  SYSCFG_DL_SYSCTL_SYSPLL_init         
00001211  SYSCFG_DL_SYSCTL_init                
00001815  SYSCFG_DL_TIMER_SAMPLE_init          
00002725  SYSCFG_DL_VREF_init                  
000018b9  SYSCFG_DL_init                       
00000dc9  SYSCFG_DL_initPower                  
00002ce3  SysTick_Handler                      
00001cd1  System_Init                          
00002ce3  TIMA0_IRQHandler                     
00002ce3  TIMA1_IRQHandler                     
00002ce3  TIMG0_IRQHandler                     
00002ce3  TIMG12_IRQHandler                    
00002ce3  TIMG6_IRQHandler                     
00000e9d  TIMG7_IRQHandler                     
00002ce3  TIMG8_IRQHandler                     
00002c1f  TI_memcpy_small                      
00002c95  TI_memset_small                      
00002ce3  UART0_IRQHandler                     
00002ce3  UART1_IRQHandler                     
00002ce3  UART2_IRQHandler                     
00002ce3  UART3_IRQHandler                     
00000635  _IQ24div                             
00001fc1  _IQ24toF                             
00003508  _IQ6div_lookup                       
20208000  __STACK_END                          
00000200  __STACK_SIZE                         
00000000  __TI_ATRegion0_region_sz             
00000000  __TI_ATRegion0_src_addr              
00000000  __TI_ATRegion0_trg_addr              
00000000  __TI_ATRegion1_region_sz             
00000000  __TI_ATRegion1_src_addr              
00000000  __TI_ATRegion1_trg_addr              
00000000  __TI_ATRegion2_region_sz             
00000000  __TI_ATRegion2_src_addr              
00000000  __TI_ATRegion2_trg_addr              
00003610  __TI_CINIT_Base                      
00003620  __TI_CINIT_Limit                     
00003620  __TI_CINIT_Warm                      
000035fc  __TI_Handler_Table_Base              
00003608  __TI_Handler_Table_Limit             
00001d0d  __TI_auto_init_nobinit_nopinit       
000013c5  __TI_decompress_lzss                 
00002c31  __TI_decompress_none                 
ffffffff  __TI_pprof_out_hndl                  
ffffffff  __TI_prof_data_size                  
ffffffff  __TI_prof_data_start                 
00000000  __TI_static_base__                   
00002acd  __TI_zero_init_nomemset              
0000028b  __adddf3                             
00001a39  __aeabi_d2iz                         
00001b59  __aeabi_d2uiz                        
0000028b  __aeabi_dadd                         
00001591  __aeabi_dcmpeq                       
000015cd  __aeabi_dcmpge                       
000015e1  __aeabi_dcmpgt                       
000015b9  __aeabi_dcmple                       
000015a5  __aeabi_dcmplt                       
00000741  __aeabi_ddiv                         
00000b2d  __aeabi_dmul                         
00000281  __aeabi_dsub                         
00001dbd  __aeabi_f2iz                         
00002075  __aeabi_i2d                          
000015f3  __aeabi_idiv0                        
00002365  __aeabi_lmul                         
00002cc9  __aeabi_memclr                       
00002cc9  __aeabi_memclr4                      
00002cc9  __aeabi_memclr8                      
00002cd5  __aeabi_memcpy                       
00002cd5  __aeabi_memcpy4                      
00002cd5  __aeabi_memcpy8                      
00002341  __aeabi_ui2d                         
00001bdd  __aeabi_uidiv                        
00001bdd  __aeabi_uidivmod                     
ffffffff  __binit__                            
00001529  __cmpdf2                             
00000741  __divdf3                             
00001529  __eqdf2                              
00001a39  __fixdfsi                            
00001dbd  __fixsfsi                            
00001b59  __fixunsdfsi                         
00002075  __floatsidf                          
00002341  __floatunsidf                        
000014b5  __gedf2                              
000014b5  __gtdf2                              
00001529  __ledf2                              
00001529  __ltdf2                              
UNDEFED   __mpu_init                           
00000b2d  __muldf3                             
00002365  __muldi3                             
00001d49  __muldsi3                            
00001529  __nedf2                              
20207e00  __stack                              
20200000  __start___llvm_prf_bits              
20200000  __start___llvm_prf_cnts              
20200000  __stop___llvm_prf_bits               
20200000  __stop___llvm_prf_cnts               
00000281  __subdf3                             
000022a9  _c_int00_noargs                      
UNDEFED   _system_post_cinit                   
00002d05  _system_pre_init                     
00002cdd  abort                                
ffffffff  binit                                
202000d0  gSPI_LCDBackup                       
202000a0  gSynthState                          
20200000  gTIMER_SAMPLEBackup                  
00000000  interruptVectors                     
00000949  main                                 
00002d08  wavetable_sawtooth                   
00002f08  wavetable_sine                       
00003108  wavetable_square                     
00003308  wavetable_triangle                   


GLOBAL SYMBOLS: SORTED BY Symbol Address 

address   name                                 
-------   ----                                 
00000000  __TI_ATRegion0_region_sz             
00000000  __TI_ATRegion0_src_addr              
00000000  __TI_ATRegion0_trg_addr              
00000000  __TI_ATRegion1_region_sz             
00000000  __TI_ATRegion1_src_addr              
00000000  __TI_ATRegion1_trg_addr              
00000000  __TI_ATRegion2_region_sz             
00000000  __TI_ATRegion2_src_addr              
00000000  __TI_ATRegion2_trg_addr              
00000000  __TI_static_base__                   
00000000  interruptVectors                     
000000c1  SYSCFG_DL_GPIO_init                  
00000200  __STACK_SIZE                         
00000281  __aeabi_dsub                         
00000281  __subdf3                             
0000028b  __adddf3                             
0000028b  __aeabi_dadd                         
00000413  Process_Accelerometer                
00000415  DL_Timer_initTimerMode               
00000635  _IQ24div                             
00000741  __aeabi_ddiv                         
00000741  __divdf3                             
0000084d  Process_Buttons                      
00000949  main                                 
00000a41  DL_Timer_initFourCCPWMMode           
00000b2d  __aeabi_dmul                         
00000b2d  __muldf3                             
00000c11  DL_SYSCTL_configSYSPLL               
00000cf1  DL_RTC_Common_initCalendar           
00000dc9  SYSCFG_DL_initPower                  
00000e9d  TIMG7_IRQHandler                     
00000f61  SYSCFG_DL_SYSCTL_SYSPLL_init         
00001011  Process_Joystick                     
000010bd  SYSCFG_DL_ADC_MIC_JOY_init           
00001169  SYSCFG_DL_ADC_ACCEL_init             
00001211  SYSCFG_DL_SYSCTL_init                
000012b5  Audio_Set_Waveform                   
000013c5  __TI_decompress_lzss                 
00001441  SYSCFG_DL_PWM_AUDIO_init             
000014b5  __gedf2                              
000014b5  __gtdf2                              
00001529  __cmpdf2                             
00001529  __eqdf2                              
00001529  __ledf2                              
00001529  __ltdf2                              
00001529  __nedf2                              
00001591  __aeabi_dcmpeq                       
000015a5  __aeabi_dcmplt                       
000015b9  __aeabi_dcmple                       
000015cd  __aeabi_dcmpge                       
000015e1  __aeabi_dcmpgt                       
000015f3  __aeabi_idiv0                        
000015f5  ADC0_IRQHandler                      
000016b5  ADC1_IRQHandler                      
00001711  SYSCFG_DL_I2C_0_init                 
00001769  SYSCFG_DL_I2C_1_init                 
000017c1  Audio_Update_Frequency               
00001815  SYSCFG_DL_TIMER_SAMPLE_init          
000018b9  SYSCFG_DL_init                       
00001909  DL_ADC12_setClockConfig              
000019a1  DL_SYSCTL_switchMCLKfromSYSOSCtoHSCLK
00001a39  __aeabi_d2iz                         
00001a39  __fixdfsi                            
00001a85  DL_SPI_init                          
00001acd  SYSCFG_DL_SPI_LCD_init               
00001b59  __aeabi_d2uiz                        
00001b59  __fixunsdfsi                         
00001b9d  DL_Timer_setCaptureCompareOutCtl     
00001bdd  __aeabi_uidiv                        
00001bdd  __aeabi_uidivmod                     
00001c1d  DL_Timer_setCaptureCompareCtl        
00001cd1  System_Init                          
00001d0d  __TI_auto_init_nobinit_nopinit       
00001d49  __muldsi3                            
00001dbd  __aeabi_f2iz                         
00001dbd  __fixsfsi                            
00001df5  Audio_Stop                           
00001e29  DL_I2C_setClockConfig                
00001e5d  DL_Timer_setCaptCompUpdateMethod     
00001e91  DL_Timer_setCaptureCompareAction     
00001ec5  DL_Timer_setCaptureCompareInput      
00001ef9  DL_Timer_setClockConfig              
00001f2d  DL_VREF_configReference              
00001fc1  _IQ24toF                             
00001ff1  Audio_Update_Volume                  
0000201d  DL_Timer_setCaptureCompareValue      
00002075  __aeabi_i2d                          
00002075  __floatsidf                          
00002209  DL_SYSCTL_configFCC                  
00002281  SYSCFG_DL_RTC_init                   
000022a9  _c_int00_noargs                      
0000231d  DL_SPI_setClockConfig                
00002341  __aeabi_ui2d                         
00002341  __floatunsidf                        
00002365  __aeabi_lmul                         
00002365  __muldi3                             
000023a9  Audio_Init                           
00002469  Audio_Start                          
00002709  SYSCFG_DL_SYSCTL_CLK_init            
00002725  SYSCFG_DL_VREF_init                  
00002acd  __TI_zero_init_nomemset              
00002af7  DL_Common_delayCycles                
00002c1f  TI_memcpy_small                      
00002c31  __TI_decompress_none                 
00002c95  TI_memset_small                      
00002cc9  __aeabi_memclr                       
00002cc9  __aeabi_memclr4                      
00002cc9  __aeabi_memclr8                      
00002cd5  __aeabi_memcpy                       
00002cd5  __aeabi_memcpy4                      
00002cd5  __aeabi_memcpy8                      
00002cdd  abort                                
00002ce3  AES_IRQHandler                       
00002ce3  CANFD0_IRQHandler                    
00002ce3  DAC0_IRQHandler                      
00002ce3  DMA_IRQHandler                       
00002ce3  Default_Handler                      
00002ce3  GROUP0_IRQHandler                    
00002ce3  GROUP1_IRQHandler                    
00002ce3  HardFault_Handler                    
00002ce3  I2C0_IRQHandler                      
00002ce3  I2C1_IRQHandler                      
00002ce3  NMI_Handler                          
00002ce3  PendSV_Handler                       
00002ce3  RTC_IRQHandler                       
00002ce3  SPI0_IRQHandler                      
00002ce3  SPI1_IRQHandler                      
00002ce3  SVC_Handler                          
00002ce3  SysTick_Handler                      
00002ce3  TIMA0_IRQHandler                     
00002ce3  TIMA1_IRQHandler                     
00002ce3  TIMG0_IRQHandler                     
00002ce3  TIMG12_IRQHandler                    
00002ce3  TIMG6_IRQHandler                     
00002ce3  TIMG8_IRQHandler                     
00002ce3  UART0_IRQHandler                     
00002ce3  UART1_IRQHandler                     
00002ce3  UART2_IRQHandler                     
00002ce3  UART3_IRQHandler                     
00002ce6  C$$EXIT                              
00002ce7  HOSTexit                             
00002ceb  Reset_Handler                        
00002d05  _system_pre_init                     
00002d08  wavetable_sawtooth                   
00002f08  wavetable_sine                       
00003108  wavetable_square                     
00003308  wavetable_triangle                   
00003508  _IQ6div_lookup                       
000035fc  __TI_Handler_Table_Base              
00003608  __TI_Handler_Table_Limit             
00003610  __TI_CINIT_Base                      
00003620  __TI_CINIT_Limit                     
00003620  __TI_CINIT_Warm                      
20200000  __start___llvm_prf_bits              
20200000  __start___llvm_prf_cnts              
20200000  __stop___llvm_prf_bits               
20200000  __stop___llvm_prf_cnts               
20200000  gTIMER_SAMPLEBackup                  
202000a0  gSynthState                          
202000d0  gSPI_LCDBackup                       
20207e00  __stack                              
20208000  __STACK_END                          
ffffffff  __TI_pprof_out_hndl                  
ffffffff  __TI_prof_data_size                  
ffffffff  __TI_prof_data_start                 
ffffffff  __binit__                            
ffffffff  binit                                
UNDEFED   __mpu_init                           
UNDEFED   _system_post_cinit                   

[169 symbols]
