******************************************************************************
            TI ARM Clang Linker PC v4.0.4                      
******************************************************************************
>> Linked Tue Dec 23 10:48:14 2025

OUTPUT FILE NAME:   <Motion_Music_studio.out>
ENTRY POINT SYMBOL: "_c_int00_noargs"  address: 00002431


MEMORY CONFIGURATION

         name            origin    length      used     unused   attr    fill
----------------------  --------  ---------  --------  --------  ----  --------
  FLASH                 00000000   00020000  00003760  0001c8a0  R  X
  SRAM                  20200000   00008000  000003cc  00007c34  RW X
  BCR_CONFIG            41c00000   000000ff  00000000  000000ff  R   
  BSL_CONFIG            41c00100   00000080  00000000  00000080  R   


SEGMENT ALLOCATION MAP

run origin  load origin   length   init length attrs members
----------  ----------- ---------- ----------- ----- -------
00000000    00000000    00003760   00003760    r-x
  00000000    00000000    000000c0   000000c0    r-- .intvecs
  000000c0    000000c0    00002dc8   00002dc8    r-x .text
  00002e88    00002e88    000008a0   000008a0    r-- .rodata
  00003728    00003728    00000038   00000038    r-- .cinit
20200000    20200000    000001cc   00000000    rw-
  20200000    20200000    000001b4   00000000    rw- .bss
  202001b4    202001b4    00000018   00000000    rw- .data
20207e00    20207e00    00000200   00000000    rw-
  20207e00    20207e00    00000200   00000000    rw- .stack


SECTION ALLOCATION MAP

 output                                  attributes/
section   page    origin      length       input sections
--------  ----  ----------  ----------   ----------------
.intvecs   0    00000000    000000c0     
                  00000000    000000c0     startup_mspm0g350x_ticlang.o (.intvecs)

.text      0    000000c0    00002dc8     
                  000000c0    000001ac     ti_msp_dl_config.o (.text.SYSCFG_DL_GPIO_init)
                  0000026c    00000192     libclang_rt.builtins.a : adddf3.S.obj (.text.adddf3_subdf3)
                  000003fe    00000002     main.o (.text.Process_Accelerometer)
                  00000400    00000120     main.o (.text.Process_Buttons)
                  00000520    00000110     dl_timer.o (.text.DL_Timer_initTimerMode)
                  00000630    00000110     dl_timer.o (.text.DL_Timer_initTwoCCPWMMode)
                  00000740    0000010c     libclang_rt.builtins.a : divdf3.S.obj (.text.__divdf3)
                  0000084c    000000f4     main.o (.text.main)
                  00000940    000000ec     dl_timer.o (.text.DL_Timer_initFourCCPWMMode)
                  00000a2c    000000e4     libclang_rt.builtins.a : muldf3.S.obj (.text.__muldf3)
                  00000b10    000000e0     dl_sysctl_mspm0g1x0x_g3x0x.o (.text.DL_SYSCTL_configSYSPLL)
                  00000bf0    000000e0     main.o (.text.TIMG7_IRQHandler)
                  00000cd0    000000d8     dl_rtc_common.o (.text.DL_RTC_Common_initCalendar)
                  00000da8    000000d4     ti_msp_dl_config.o (.text.SYSCFG_DL_initPower)
                  00000e7c    000000b8     ti_msp_dl_config.o (.text.SYSCFG_DL_ADC_MIC_JOY_init)
                  00000f34    000000b0     main.o (.text.Process_Joystick)
                  00000fe4    000000b0     ti_msp_dl_config.o (.text.SYSCFG_DL_SYSCTL_SYSPLL_init)
                  00001094    000000a4     ti_msp_dl_config.o (.text.SYSCFG_DL_ADC_ACCEL_init)
                  00001138    000000a4     ti_msp_dl_config.o (.text.SYSCFG_DL_SYSCTL_init)
                  000011dc    0000008c     main.o (.text.Audio_Set_Waveform)
                  00001268    0000008c     main.o (.text.Audio_Update_Frequency)
                  000012f4    0000008c     libclang_rt.builtins.a : mulsf3.S.obj (.text.__mulsf3)
                  00001380    00000084     ti_msp_dl_config.o (.text.__NVIC_SetPriority)
                  00001404    00000082     libclang_rt.builtins.a : divsf3.S.obj (.text.__divsf3)
                  00001486    00000002                            : aeabi_div0.c.obj (.text.__aeabi_idiv0)
                  00001488    0000007c     libc.a : copy_decompress_lzss.c.obj (.text:decompress:lzss)
                  00001504    00000074     ti_msp_dl_config.o (.text.SYSCFG_DL_PWM_AUDIO_init)
                  00001578    00000074     libclang_rt.builtins.a : comparedf2.c.obj (.text.__gedf2)
                  000015ec    00000068                            : comparedf2.c.obj (.text.__ledf2)
                  00001654    00000062                            : aeabi_dcmp.S.obj (.text.__aeabi_dcmp)
                  000016b6    00000002     --HOLE-- [fill = 0]
                  000016b8    00000062                            : aeabi_fcmp.S.obj (.text.__aeabi_fcmp)
                  0000171a    00000002     --HOLE-- [fill = 0]
                  0000171c    00000060     main.o (.text.ADC0_IRQHandler)
                  0000177c    00000060     ti_msp_dl_config.o (.text.DL_ADC12_initSeqSample)
                  000017dc    0000005c     main.o (.text.ADC1_IRQHandler)
                  00001838    00000058     ti_msp_dl_config.o (.text.SYSCFG_DL_I2C_0_init)
                  00001890    00000058     ti_msp_dl_config.o (.text.SYSCFG_DL_I2C_1_init)
                  000018e8    00000058     ti_msp_dl_config.o (.text.SYSCFG_DL_init)
                  00001940    00000054     ti_msp_dl_config.o (.text.SYSCFG_DL_TIMER_SAMPLE_init)
                  00001994    00000050     ti_msp_dl_config.o (.text.DL_GPIO_initPeripheralInputFunctionFeatures)
                  000019e4    0000004c     dl_adc12.o (.text.DL_ADC12_setClockConfig)
                  00001a30    0000004c     ti_msp_dl_config.o (.text.DL_GPIO_initDigitalInputFeatures)
                  00001a7c    0000004c     dl_sysctl_mspm0g1x0x_g3x0x.o (.text.DL_SYSCTL_switchMCLKfromSYSOSCtoHSCLK)
                  00001ac8    0000004a     ti_msp_dl_config.o (.text.DL_ADC12_configConversionMem)
                  00001b12    00000002     --HOLE-- [fill = 0]
                  00001b14    0000004a     libclang_rt.builtins.a : fixdfsi.S.obj (.text.__fixdfsi)
                  00001b5e    00000002     --HOLE-- [fill = 0]
                  00001b60    00000048     dl_spi.o (.text.DL_SPI_init)
                  00001ba8    00000048     ti_msp_dl_config.o (.text.SYSCFG_DL_SPI_LCD_init)
                  00001bf0    00000044     main.o (.text.ADC_To_Frequency)
                  00001c34    00000042     libclang_rt.builtins.a : fixunsdfsi.S.obj (.text.__fixunsdfsi)
                  00001c76    00000002     --HOLE-- [fill = 0]
                  00001c78    00000040     dl_timer.o (.text.DL_Timer_setCaptureCompareOutCtl)
                  00001cb8    00000040     libclang_rt.builtins.a : aeabi_uidivmod.S.obj (.text.__aeabi_uidivmod)
                  00001cf8    0000003c     dl_timer.o (.text.DL_Timer_setCaptureCompareCtl)
                  00001d34    0000003c     dl_timer.o (.text.DL_Timer_setCounterControl)
                  00001d70    0000003c     ti_msp_dl_config.o (.text.DL_Timer_setCounterControl)
                  00001dac    0000003c     main.o (.text.System_Init)
                  00001de8    0000003c     libclang_rt.builtins.a : comparesf2.S.obj (.text.__gtsf2)
                  00001e24    0000003c     libc.a : autoinit.c.obj (.text:__TI_auto_init_nobinit_nopinit)
                  00001e60    0000003a     libclang_rt.builtins.a : comparesf2.S.obj (.text.__eqsf2)
                  00001e9a    00000002     --HOLE-- [fill = 0]
                  00001e9c    0000003a                            : muldsi3.S.obj (.text.__muldsi3)
                  00001ed6    00000002     --HOLE-- [fill = 0]
                  00001ed8    00000038     ti_msp_dl_config.o (.text.DL_Timer_setPublisherChanID)
                  00001f10    00000038     libclang_rt.builtins.a : fixsfsi.S.obj (.text.__fixsfsi)
                  00001f48    00000034     main.o (.text.Audio_Stop)
                  00001f7c    00000034     dl_i2c.o (.text.DL_I2C_setClockConfig)
                  00001fb0    00000034     dl_timer.o (.text.DL_Timer_setCaptCompUpdateMethod)
                  00001fe4    00000034     dl_timer.o (.text.DL_Timer_setCaptureCompareAction)
                  00002018    00000034     dl_timer.o (.text.DL_Timer_setCaptureCompareInput)
                  0000204c    00000034     dl_timer.o (.text.DL_Timer_setClockConfig)
                  00002080    00000034     dl_vref.o (.text.DL_VREF_configReference)
                  000020b4    00000032     libclang_rt.builtins.a : fixunssfsi.S.obj (.text.__fixunssfsi)
                  000020e6    00000002     --HOLE-- [fill = 0]
                  000020e8    00000030     main.o (.text.DL_ADC12_getMemResult)
                  00002118    00000030     ti_msp_dl_config.o (.text.DL_SPI_setFIFOThreshold)
                  00002148    00000030     iqmath.a : _IQNtoF.o (.text._IQ24toF)
                  00002178    0000002c     main.o (.text.Audio_Update_Volume)
                  000021a4    0000002c     dl_timer.o (.text.DL_Timer_setCaptureCompareValue)
                  000021d0    0000002c     main.o (.text.__NVIC_EnableIRQ)
                  000021fc    0000002c     libclang_rt.builtins.a : floatsidf.S.obj (.text.__floatsidf)
                  00002228    00000028     dl_adc12.o (.text.DL_Common_updateReg)
                  00002250    00000028     dl_i2c.o (.text.DL_Common_updateReg)
                  00002278    00000028     dl_rtc_common.o (.text.DL_Common_updateReg)
                  000022a0    00000028     dl_spi.o (.text.DL_Common_updateReg)
                  000022c8    00000028     dl_sysctl_mspm0g1x0x_g3x0x.o (.text.DL_Common_updateReg)
                  000022f0    00000028     dl_timer.o (.text.DL_Common_updateReg)
                  00002318    00000028     ti_msp_dl_config.o (.text.DL_Common_updateReg)
                  00002340    00000028     ti_msp_dl_config.o (.text.DL_I2C_setControllerRXFIFOThreshold)
                  00002368    00000028     ti_msp_dl_config.o (.text.DL_I2C_setControllerTXFIFOThreshold)
                  00002390    00000028     dl_sysctl_mspm0g1x0x_g3x0x.o (.text.DL_SYSCTL_configFCC)
                  000023b8    00000028     ti_msp_dl_config.o (.text.DL_SYSCTL_setPowerPolicySTANDBY0)
                  000023e0    00000028     ti_msp_dl_config.o (.text.DL_Timer_enableEvent)
                  00002408    00000028     ti_msp_dl_config.o (.text.SYSCFG_DL_RTC_init)
                  00002430    00000028     libc.a : boot_cortex_m.c.obj (.text:_c_int00_noargs)
                  00002458    00000026     ti_msp_dl_config.o (.text.DL_I2C_setAnalogGlitchFilterPulseWidth)
                  0000247e    00000002     --HOLE-- [fill = 0]
                  00002480    00000024     ti_msp_dl_config.o (.text.DL_SPI_setBitRateSerialClockDivider)
                  000024a4    00000024     dl_spi.o (.text.DL_SPI_setClockConfig)
                  000024c8    00000024     libclang_rt.builtins.a : floatunsidf.S.obj (.text.__floatunsidf)
                  000024ec    00000020     main.o (.text.ADC_To_Volume)
                  0000250c    00000020     main.o (.text.Audio_Init)
                  0000252c    00000020     dl_sysctl_mspm0g1x0x_g3x0x.o (.text.DL_CORE_configInstruction)
                  0000254c    00000020     dl_rtc_common.o (.text.DL_RTC_Common_setCalendarYearBinary)
                  0000256c    00000020     ti_msp_dl_config.o (.text.DL_SYSCTL_setFlashWaitState)
                  0000258c    00000020     ti_msp_dl_config.o (.text.DL_SYSCTL_setMFPCLKSource)
                  000025ac    00000020     dl_timer.o (.text.DL_Timer_setCounterValueAfterEnable)
                  000025cc    0000001c     main.o (.text.Audio_Start)
                  000025e8    0000001c     ti_msp_dl_config.o (.text.DL_ADC12_clearInterruptStatus)
                  00002604    0000001c     ti_msp_dl_config.o (.text.DL_ADC12_enableEvent)
                  00002620    0000001c     ti_msp_dl_config.o (.text.DL_ADC12_enableInterrupt)
                  0000263c    0000001c     main.o (.text.DL_ADC12_startConversion)
                  00002658    0000001c     ti_msp_dl_config.o (.text.DL_GPIO_clearInterruptStatus)
                  00002674    0000001c     ti_msp_dl_config.o (.text.DL_GPIO_enableHiZ)
                  00002690    0000001c     ti_msp_dl_config.o (.text.DL_GPIO_enableInterrupt)
                  000026ac    0000001c     ti_msp_dl_config.o (.text.DL_GPIO_initPeripheralOutputFunction)
                  000026c8    0000001c     ti_msp_dl_config.o (.text.DL_GPIO_setLowerPinsPolarity)
                  000026e4    0000001c     dl_rtc_common.o (.text.DL_RTC_Common_setCalendarMinutesBCD)
                  00002700    0000001c     dl_rtc_common.o (.text.DL_RTC_Common_setCalendarMinutesBinary)
                  0000271c    0000001c     dl_rtc_common.o (.text.DL_RTC_Common_setCalendarMonthBCD)
                  00002738    0000001c     dl_rtc_common.o (.text.DL_RTC_Common_setCalendarMonthBinary)
                  00002754    0000001c     dl_rtc_common.o (.text.DL_RTC_Common_setCalendarSecondsBCD)
                  00002770    0000001c     dl_rtc_common.o (.text.DL_RTC_Common_setCalendarSecondsBinary)
                  0000278c    0000001c     dl_rtc_common.o (.text.DL_RTC_Common_setCalendarYearBCD)
                  000027a8    0000001c     dl_rtc_common.o (.text.DL_RTC_Common_setClockFormat)
                  000027c4    0000001c     ti_msp_dl_config.o (.text.DL_SYSCTL_setFCCPeriods)
                  000027e0    0000001c     ti_msp_dl_config.o (.text.DL_SYSCTL_setMCLKDivider)
                  000027fc    0000001c     ti_msp_dl_config.o (.text.DL_SYSCTL_setSYSOSCFreq)
                  00002818    0000001c     ti_msp_dl_config.o (.text.DL_SYSCTL_setULPCLKDivider)
                  00002834    0000001c     ti_msp_dl_config.o (.text.DL_SYSCTL_setVBOOSTConfig)
                  00002850    0000001c     ti_msp_dl_config.o (.text.DL_Timer_enableInterrupt)
                  0000286c    0000001c     ti_msp_dl_config.o (.text.SYSCFG_DL_SYSCTL_CLK_init)
                  00002888    0000001c     ti_msp_dl_config.o (.text.SYSCFG_DL_VREF_init)
                  000028a4    0000001a     ti_msp_dl_config.o (.text.DL_ADC12_setSubscriberChanID)
                  000028be    0000001a     dl_rtc_common.o (.text.DL_RTC_Common_setCalendarHoursBCD)
                  000028d8    0000001a     dl_rtc_common.o (.text.DL_RTC_Common_setCalendarHoursBinary)
                  000028f2    00000002     --HOLE-- [fill = 0]
                  000028f4    00000018     ti_msp_dl_config.o (.text.DL_ADC12_enablePower)
                  0000290c    00000018     ti_msp_dl_config.o (.text.DL_ADC12_reset)
                  00002924    00000018     ti_msp_dl_config.o (.text.DL_ADC12_setSampleTime0)
                  0000293c    00000018     ti_msp_dl_config.o (.text.DL_GPIO_enableOutput)
                  00002954    00000018     ti_msp_dl_config.o (.text.DL_GPIO_enablePower)
                  0000296c    00000018     ti_msp_dl_config.o (.text.DL_GPIO_initDigitalOutput)
                  00002984    00000018     ti_msp_dl_config.o (.text.DL_GPIO_reset)
                  0000299c    00000018     main.o (.text.DL_GPIO_setPins)
                  000029b4    00000018     ti_msp_dl_config.o (.text.DL_GPIO_setPins)
                  000029cc    00000018     ti_msp_dl_config.o (.text.DL_GPIO_setUpperPinsPolarity)
                  000029e4    00000018     main.o (.text.DL_GPIO_togglePins)
                  000029fc    00000018     ti_msp_dl_config.o (.text.DL_I2C_enableAnalogGlitchFilter)
                  00002a14    00000018     ti_msp_dl_config.o (.text.DL_I2C_enableController)
                  00002a2c    00000018     ti_msp_dl_config.o (.text.DL_I2C_enableControllerClockStretching)
                  00002a44    00000018     ti_msp_dl_config.o (.text.DL_I2C_enablePower)
                  00002a5c    00000018     ti_msp_dl_config.o (.text.DL_I2C_reset)
                  00002a74    00000018     ti_msp_dl_config.o (.text.DL_I2C_setTimerPeriod)
                  00002a8c    00000018     ti_msp_dl_config.o (.text.DL_RTC_Common_enablePower)
                  00002aa4    00000018     ti_msp_dl_config.o (.text.DL_RTC_Common_reset)
                  00002abc    00000018     ti_msp_dl_config.o (.text.DL_SPI_enable)
                  00002ad4    00000018     ti_msp_dl_config.o (.text.DL_SPI_enableLoopbackMode)
                  00002aec    00000018     ti_msp_dl_config.o (.text.DL_SPI_enablePower)
                  00002b04    00000018     ti_msp_dl_config.o (.text.DL_SPI_reset)
                  00002b1c    00000018     ti_msp_dl_config.o (.text.DL_SYSCTL_enableInterrupt)
                  00002b34    00000018     ti_msp_dl_config.o (.text.DL_SYSCTL_setBORThreshold)
                  00002b4c    00000018     dl_sysctl_mspm0g1x0x_g3x0x.o (.text.DL_SYSCTL_setHSCLKSource)
                  00002b64    00000018     ti_msp_dl_config.o (.text.DL_Timer_enablePower)
                  00002b7c    00000018     ti_msp_dl_config.o (.text.DL_Timer_reset)
                  00002b94    00000018     dl_timer.o (.text.DL_Timer_setLoadValue)
                  00002bac    00000018     main.o (.text.DL_Timer_startCounter)
                  00002bc4    00000018     ti_msp_dl_config.o (.text.DL_VREF_enablePower)
                  00002bdc    00000018     ti_msp_dl_config.o (.text.DL_VREF_reset)
                  00002bf4    00000016     main.o (.text.DL_ADC12_enableConversions)
                  00002c0a    00000016     ti_msp_dl_config.o (.text.DL_ADC12_enableConversions)
                  00002c20    00000016     ti_msp_dl_config.o (.text.DL_GPIO_enableGlobalFastWake)
                  00002c36    00000016     main.o (.text.DL_GPIO_readPins)
                  00002c4c    00000016     libc.a : copy_zero_init.c.obj (.text:decompress:ZI:__TI_zero_init_nomemset)
                  00002c62    00000014     main.o (.text.Critical_Enter)
                  00002c76    00000014     dl_common.o (.text.DL_Common_delayCycles)
                  00002c8a    00000002     --HOLE-- [fill = 0]
                  00002c8c    00000014     ti_msp_dl_config.o (.text.DL_FlashCTL_enableInterrupt)
                  00002ca0    00000014     main.o (.text.DL_GPIO_clearPins)
                  00002cb4    00000014     ti_msp_dl_config.o (.text.DL_GPIO_clearPins)
                  00002cc8    00000014     ti_msp_dl_config.o (.text.DL_I2C_resetControllerTransfer)
                  00002cdc    00000014     dl_sysctl_mspm0g1x0x_g3x0x.o (.text.DL_SYSCTL_disableSYSPLL)
                  00002cf0    00000014     ti_msp_dl_config.o (.text.DL_SYSCTL_disableSYSPLL)
                  00002d04    00000014     ti_msp_dl_config.o (.text.DL_SYSCTL_enableMFCLK)
                  00002d18    00000014     dl_sysctl_mspm0g1x0x_g3x0x.o (.text.DL_SYSCTL_enableSYSPLL)
                  00002d2c    00000014     ti_msp_dl_config.o (.text.DL_SYSCTL_enableSYSPLL)
                  00002d40    00000014     ti_msp_dl_config.o (.text.DL_Timer_enableClock)
                  00002d54    00000014     ti_msp_dl_config.o (.text.DL_Timer_setCCPDirection)
                  00002d68    00000012     main.o (.text.Critical_Exit)
                  00002d7a    00000012     main.o (.text.DL_ADC12_getPendingInterrupt)
                  00002d8c    00000012     main.o (.text.DL_Timer_getPendingInterrupt)
                  00002d9e    00000012     libc.a : memcpy16.S.obj (.text:TI_memcpy_small)
                  00002db0    00000012            : copy_decompress_none.c.obj (.text:decompress:none)
                  00002dc2    00000002     --HOLE-- [fill = 0]
                  00002dc4    00000010     dl_sysctl_mspm0g1x0x_g3x0x.o (.text.DL_CORE_getInstructionConfig)
                  00002dd4    00000010     ti_msp_dl_config.o (.text.DL_SYSCTL_disableHFXT)
                  00002de4    00000010     ti_msp_dl_config.o (.text.DL_SYSCTL_enableMFPCLK)
                  00002df4    00000010     ti_msp_dl_config.o (.text.DL_SYSCTL_isFCCDone)
                  00002e04    00000010     ti_msp_dl_config.o (.text.DL_SYSCTL_startFCC)
                  00002e14    0000000e     libc.a : memset16.S.obj (.text:TI_memset_small)
                  00002e22    00000002     --HOLE-- [fill = 0]
                  00002e24    0000000c     dl_sysctl_mspm0g1x0x_g3x0x.o (.text.DL_SYSCTL_getClockStatus)
                  00002e30    0000000c     ti_msp_dl_config.o (.text.DL_SYSCTL_getClockStatus)
                  00002e3c    0000000c     ti_msp_dl_config.o (.text.DL_SYSCTL_readFCC)
                  00002e48    0000000c     libclang_rt.builtins.a : aeabi_memset.S.obj (.text.__aeabi_memclr)
                  00002e54    00000008                            : aeabi_memcpy.S.obj (.text.__aeabi_memcpy)
                  00002e5c    00000006     libc.a : exit.c.obj (.text:abort)
                  00002e62    00000004     startup_mspm0g350x_ticlang.o (.text.Default_Handler)
                  00002e66    00000004     libsysbm.a : hostexit.c.obj (.text.HOSTexit)
                  00002e6a    00000004     startup_mspm0g350x_ticlang.o (.text.Reset_Handler)
                  00002e6e    00000002     --HOLE-- [fill = 0]
                  00002e70    00000010     libc.a : boot_cortex_m.c.obj (.tramp._c_int00_noargs.1)
                  00002e80    00000004            : pre_init.c.obj (.text._system_pre_init)
                  00002e84    00000004     --HOLE-- [fill = 0]

.cinit     0    00003728    00000038     
                  00003728    00000011     (.cinit..data.load) [load image, compression = lzss]
                  00003739    00000003     --HOLE-- [fill = 0]
                  0000373c    0000000c     (__TI_handler_table)
                  00003748    00000008     (.cinit..bss.load) [load image, compression = zero_init]
                  00003750    00000010     (__TI_cinit_table)

.rodata    0    00002e88    000008a0     
                  00002e88    00000200     main.o (.rodata.wavetable_sawtooth)
                  00003088    00000200     main.o (.rodata.wavetable_sine)
                  00003288    00000200     main.o (.rodata.wavetable_square)
                  00003488    00000200     main.o (.rodata.wavetable_triangle)
                  00003688    00000028     ti_msp_dl_config.o (.rodata.gSYSPLLConfig)
                  000036b0    00000023     ti_msp_dl_config.o (.rodata..L__const.SYSCFG_DL_GPIO_init.unusedPinIndexes)
                  000036d3    00000001     --HOLE-- [fill = 0]
                  000036d4    00000014     ti_msp_dl_config.o (.rodata.gTIMER_SAMPLETimerConfig)
                  000036e8    0000000a     ti_msp_dl_config.o (.rodata.gSPI_LCD_config)
                  000036f2    00000002     ti_msp_dl_config.o (.rodata.gI2C_0ClockConfig)
                  000036f4    00000008     ti_msp_dl_config.o (.rodata.gADC_ACCELClockConfig)
                  000036fc    00000008     ti_msp_dl_config.o (.rodata.gADC_MIC_JOYClockConfig)
                  00003704    00000008     ti_msp_dl_config.o (.rodata.gPWM_AUDIOConfig)
                  0000370c    00000008     ti_msp_dl_config.o (.rodata.gRTCCalendarConfig)
                  00003714    00000008     ti_msp_dl_config.o (.rodata.gVREFConfig)
                  0000371c    00000003     ti_msp_dl_config.o (.rodata.gPWM_AUDIOClockConfig)
                  0000371f    00000003     ti_msp_dl_config.o (.rodata.gTIMER_SAMPLEClockConfig)
                  00003722    00000002     ti_msp_dl_config.o (.rodata.gI2C_1ClockConfig)
                  00003724    00000002     ti_msp_dl_config.o (.rodata.gSPI_LCD_clockConfig)
                  00003726    00000002     --HOLE-- [fill = 0]

.init_array 
*          0    00000000    00000000     UNINITIALIZED

.binit     0    00000000    00000000     

.bss       0    20200000    000001b4     UNINITIALIZED
                  20200000    000000bc     ti_msp_dl_config.o (.bss.gPWM_AUDIOBackup)
                  202000bc    000000a0     ti_msp_dl_config.o (.bss.gTIMER_SAMPLEBackup)
                  2020015c    00000030     main.o (.bss.gSynthState)
                  2020018c    00000028     ti_msp_dl_config.o (.bss.gSPI_LCDBackup)

.data      0    202001b4    00000018     UNINITIALIZED
                  202001b4    00000004     main.o (.data.Process_Buttons.joy_prev)
                  202001b8    00000004     main.o (.data.Process_Buttons.last_poll)
                  202001bc    00000004     main.o (.data.Process_Buttons.s1_prev)
                  202001c0    00000004     main.o (.data.Process_Buttons.s2_prev)
                  202001c4    00000004     main.o (.data.current_wavetable)
                  202001c8    00000002     main.o (.data.Process_Joystick.last_joy_x)
                  202001ca    00000002     main.o (.data.Process_Joystick.last_joy_y)

.stack     0    20207e00    00000200     UNINITIALIZED
                  20207e00    00000004     libc.a : boot_cortex_m.c.obj (.stack)
                  20207e04    000001fc     --HOLE--

__llvm_prf_cnts 
*          0    20200000    00000000     UNINITIALIZED

__llvm_prf_bits 
*          0    20200000    00000000     UNINITIALIZED

MODULE SUMMARY

       Module                         code    ro data   rw data
       ------                         ----    -------   -------
    .\
       main.o                         2048    2048      72     
       startup_mspm0g350x_ticlang.o   8       192       0      
    +--+------------------------------+-------+---------+---------+
       Total:                         2056    2240      72     
                                                               
    .\syscfg\
       ti_msp_dl_config.o             4278    157       388    
    +--+------------------------------+-------+---------+---------+
       Total:                         4278    157       388    
                                                               
    .\ti\driverlib\
       dl_timer.o                     1312    0         0      
       dl_rtc_common.o                564     0         0      
       dl_spi.o                       148     0         0      
       dl_adc12.o                     116     0         0      
       dl_i2c.o                       92      0         0      
       dl_vref.o                      52      0         0      
       dl_common.o                    20      0         0      
    +--+------------------------------+-------+---------+---------+
       Total:                         2304    0         0      
                                                               
    .\ti\driverlib\m0p\sysctl\
       dl_sysctl_mspm0g1x0x_g3x0x.o   504     0         0      
    +--+------------------------------+-------+---------+---------+
       Total:                         504     0         0      
                                                               
    C:/ti/mspm0_sdk_2_09_00_01/source/ti/iqmath/lib/ticlang/m0p/mathacl/mspm0g1x0x_g3x0x/iqmath.a
       _IQNtoF.o                      48      0         0      
    +--+------------------------------+-------+---------+---------+
       Total:                         48      0         0      
                                                               
    C:\ti\ccs2040\ccs\tools\compiler\ti-cgt-armllvm_4.0.4.LTS\lib\armv6m-ti-none-eabi/c/libc.a
       copy_decompress_lzss.c.obj     124     0         0      
       autoinit.c.obj                 60      0         0      
       boot_cortex_m.c.obj            56      0         0      
       copy_zero_init.c.obj           22      0         0      
       copy_decompress_none.c.obj     18      0         0      
       memcpy16.S.obj                 18      0         0      
       memset16.S.obj                 14      0         0      
       exit.c.obj                     6       0         0      
       pre_init.c.obj                 4       0         0      
    +--+------------------------------+-------+---------+---------+
       Total:                         322     0         0      
                                                               
    C:\ti\ccs2040\ccs\tools\compiler\ti-cgt-armllvm_4.0.4.LTS\lib\armv6m-ti-none-eabi/c/libsysbm.a
       hostexit.c.obj                 4       0         0      
    +--+------------------------------+-------+---------+---------+
       Total:                         4       0         0      
                                                               
    C:\ti\ccs2040\ccs\tools\compiler\ti-cgt-armllvm_4.0.4.LTS\lib\armv6m-ti-none-eabi/libclang_rt.builtins.a
       adddf3.S.obj                   402     0         0      
       divdf3.S.obj                   268     0         0      
       muldf3.S.obj                   228     0         0      
       comparedf2.c.obj               220     0         0      
       mulsf3.S.obj                   140     0         0      
       divsf3.S.obj                   130     0         0      
       comparesf2.S.obj               118     0         0      
       aeabi_dcmp.S.obj               98      0         0      
       aeabi_fcmp.S.obj               98      0         0      
       fixdfsi.S.obj                  74      0         0      
       fixunsdfsi.S.obj               66      0         0      
       aeabi_uidivmod.S.obj           64      0         0      
       muldsi3.S.obj                  58      0         0      
       fixsfsi.S.obj                  56      0         0      
       fixunssfsi.S.obj               50      0         0      
       floatsidf.S.obj                44      0         0      
       floatunsidf.S.obj              36      0         0      
       aeabi_memset.S.obj             12      0         0      
       aeabi_memcpy.S.obj             8       0         0      
       aeabi_div0.c.obj               2       0         0      
    +--+------------------------------+-------+---------+---------+
       Total:                         2172    0         0      
                                                               
       Stack:                         0       0         512    
       Linker Generated:              0       53        0      
    +--+------------------------------+-------+---------+---------+
       Grand Total:                   11688   2450      972    


LINKER GENERATED COPY TABLES

__TI_cinit_table @ 00003750 records: 2, size/record: 8, table size: 16
	.data: load addr=00003728, load size=00000011 bytes, run addr=202001b4, run size=00000018 bytes, compression=lzss
	.bss: load addr=00003748, load size=00000008 bytes, run addr=20200000, run size=000001b4 bytes, compression=zero_init


LINKER GENERATED HANDLER TABLE

__TI_handler_table @ 0000373c records: 3, size/record: 4, table size: 12
	index: 0, handler: __TI_decompress_lzss
	index: 1, handler: __TI_decompress_none
	index: 2, handler: __TI_zero_init


FAR CALL TRAMPOLINES

callee name               trampoline name
   callee addr  tramp addr   call addr  call info
--------------  -----------  ---------  ----------------
_c_int00_noargs           $Tramp$TT$L$PI$$_c_int00_noargs
   00002431     00002e70     00002e6a   startup_mspm0g350x_ticlang.o (.text.Reset_Handler)

[1 trampolines]
[1 trampoline calls]


GLOBAL SYMBOLS: SORTED ALPHABETICALLY BY Name 

address   name                                 
-------   ----                                 
0000171d  ADC0_IRQHandler                      
000017dd  ADC1_IRQHandler                      
00002e63  AES_IRQHandler                       
0000250d  Audio_Init                           
000011dd  Audio_Set_Waveform                   
000025cd  Audio_Start                          
00001f49  Audio_Stop                           
00001269  Audio_Update_Frequency               
00002179  Audio_Update_Volume                  
00002e66  C$$EXIT                              
00002e63  CANFD0_IRQHandler                    
00002e63  DAC0_IRQHandler                      
000019e5  DL_ADC12_setClockConfig              
00002c77  DL_Common_delayCycles                
00001f7d  DL_I2C_setClockConfig                
00000cd1  DL_RTC_Common_initCalendar           
00001b61  DL_SPI_init                          
000024a5  DL_SPI_setClockConfig                
00002391  DL_SYSCTL_configFCC                  
00000b11  DL_SYSCTL_configSYSPLL               
00001a7d  DL_SYSCTL_switchMCLKfromSYSOSCtoHSCLK
00000941  DL_Timer_initFourCCPWMMode           
00000521  DL_Timer_initTimerMode               
00001fb1  DL_Timer_setCaptCompUpdateMethod     
00001fe5  DL_Timer_setCaptureCompareAction     
00001cf9  DL_Timer_setCaptureCompareCtl        
00002019  DL_Timer_setCaptureCompareInput      
00001c79  DL_Timer_setCaptureCompareOutCtl     
000021a5  DL_Timer_setCaptureCompareValue      
0000204d  DL_Timer_setClockConfig              
00002081  DL_VREF_configReference              
00002e63  DMA_IRQHandler                       
00002e63  Default_Handler                      
00002e63  GROUP0_IRQHandler                    
00002e63  GROUP1_IRQHandler                    
00002e67  HOSTexit                             
00002e63  HardFault_Handler                    
00002e63  I2C0_IRQHandler                      
00002e63  I2C1_IRQHandler                      
00002e63  NMI_Handler                          
00002e63  PendSV_Handler                       
000003ff  Process_Accelerometer                
00000401  Process_Buttons                      
00000f35  Process_Joystick                     
00002e63  RTC_IRQHandler                       
00002e6b  Reset_Handler                        
00002e63  SPI0_IRQHandler                      
00002e63  SPI1_IRQHandler                      
00002e63  SVC_Handler                          
00001095  SYSCFG_DL_ADC_ACCEL_init             
00000e7d  SYSCFG_DL_ADC_MIC_JOY_init           
000000c1  SYSCFG_DL_GPIO_init                  
00001839  SYSCFG_DL_I2C_0_init                 
00001891  SYSCFG_DL_I2C_1_init                 
00001505  SYSCFG_DL_PWM_AUDIO_init             
00002409  SYSCFG_DL_RTC_init                   
00001ba9  SYSCFG_DL_SPI_LCD_init               
0000286d  SYSCFG_DL_SYSCTL_CLK_init            
00000fe5  SYSCFG_DL_SYSCTL_SYSPLL_init         
00001139  SYSCFG_DL_SYSCTL_init                
00001941  SYSCFG_DL_TIMER_SAMPLE_init          
00002889  SYSCFG_DL_VREF_init                  
000018e9  SYSCFG_DL_init                       
00000da9  SYSCFG_DL_initPower                  
00002e63  SysTick_Handler                      
00001dad  System_Init                          
00002e63  TIMA0_IRQHandler                     
00002e63  TIMA1_IRQHandler                     
00002e63  TIMG0_IRQHandler                     
00002e63  TIMG12_IRQHandler                    
00002e63  TIMG6_IRQHandler                     
00000bf1  TIMG7_IRQHandler                     
00002e63  TIMG8_IRQHandler                     
00002d9f  TI_memcpy_small                      
00002e15  TI_memset_small                      
00002e63  UART0_IRQHandler                     
00002e63  UART1_IRQHandler                     
00002e63  UART2_IRQHandler                     
00002e63  UART3_IRQHandler                     
00002149  _IQ24toF                             
20208000  __STACK_END                          
00000200  __STACK_SIZE                         
00000000  __TI_ATRegion0_region_sz             
00000000  __TI_ATRegion0_src_addr              
00000000  __TI_ATRegion0_trg_addr              
00000000  __TI_ATRegion1_region_sz             
00000000  __TI_ATRegion1_src_addr              
00000000  __TI_ATRegion1_trg_addr              
00000000  __TI_ATRegion2_region_sz             
00000000  __TI_ATRegion2_src_addr              
00000000  __TI_ATRegion2_trg_addr              
00003750  __TI_CINIT_Base                      
00003760  __TI_CINIT_Limit                     
00003760  __TI_CINIT_Warm                      
0000373c  __TI_Handler_Table_Base              
00003748  __TI_Handler_Table_Limit             
00001e25  __TI_auto_init_nobinit_nopinit       
00001489  __TI_decompress_lzss                 
00002db1  __TI_decompress_none                 
ffffffff  __TI_pprof_out_hndl                  
ffffffff  __TI_prof_data_size                  
ffffffff  __TI_prof_data_start                 
00000000  __TI_static_base__                   
00002c4d  __TI_zero_init_nomemset              
00000277  __adddf3                             
00001b15  __aeabi_d2iz                         
00001c35  __aeabi_d2uiz                        
00000277  __aeabi_dadd                         
00001655  __aeabi_dcmpeq                       
00001691  __aeabi_dcmpge                       
000016a5  __aeabi_dcmpgt                       
0000167d  __aeabi_dcmple                       
00001669  __aeabi_dcmplt                       
00000741  __aeabi_ddiv                         
00000a2d  __aeabi_dmul                         
0000026d  __aeabi_dsub                         
00001f11  __aeabi_f2iz                         
000020b5  __aeabi_f2uiz                        
000016b9  __aeabi_fcmpeq                       
000016f5  __aeabi_fcmpge                       
00001709  __aeabi_fcmpgt                       
000016e1  __aeabi_fcmple                       
000016cd  __aeabi_fcmplt                       
00001405  __aeabi_fdiv                         
000012f5  __aeabi_fmul                         
000021fd  __aeabi_i2d                          
00001487  __aeabi_idiv0                        
00002e49  __aeabi_memclr                       
00002e49  __aeabi_memclr4                      
00002e49  __aeabi_memclr8                      
00002e55  __aeabi_memcpy                       
00002e55  __aeabi_memcpy4                      
00002e55  __aeabi_memcpy8                      
000024c9  __aeabi_ui2d                         
00001cb9  __aeabi_uidiv                        
00001cb9  __aeabi_uidivmod                     
ffffffff  __binit__                            
000015ed  __cmpdf2                             
00001e61  __cmpsf2                             
00000741  __divdf3                             
00001405  __divsf3                             
000015ed  __eqdf2                              
00001e61  __eqsf2                              
00001b15  __fixdfsi                            
00001f11  __fixsfsi                            
00001c35  __fixunsdfsi                         
000020b5  __fixunssfsi                         
000021fd  __floatsidf                          
000024c9  __floatunsidf                        
00001579  __gedf2                              
00001de9  __gesf2                              
00001579  __gtdf2                              
00001de9  __gtsf2                              
000015ed  __ledf2                              
00001e61  __lesf2                              
000015ed  __ltdf2                              
00001e61  __ltsf2                              
UNDEFED   __mpu_init                           
00000a2d  __muldf3                             
00001e9d  __muldsi3                            
000012f5  __mulsf3                             
000015ed  __nedf2                              
00001e61  __nesf2                              
20207e00  __stack                              
20200000  __start___llvm_prf_bits              
20200000  __start___llvm_prf_cnts              
20200000  __stop___llvm_prf_bits               
20200000  __stop___llvm_prf_cnts               
0000026d  __subdf3                             
00002431  _c_int00_noargs                      
UNDEFED   _system_post_cinit                   
00002e81  _system_pre_init                     
00002e5d  abort                                
ffffffff  binit                                
20200000  gPWM_AUDIOBackup                     
2020018c  gSPI_LCDBackup                       
2020015c  gSynthState                          
202000bc  gTIMER_SAMPLEBackup                  
00000000  interruptVectors                     
0000084d  main                                 
00002e88  wavetable_sawtooth                   
00003088  wavetable_sine                       
00003288  wavetable_square                     
00003488  wavetable_triangle                   


GLOBAL SYMBOLS: SORTED BY Symbol Address 

address   name                                 
-------   ----                                 
00000000  __TI_ATRegion0_region_sz             
00000000  __TI_ATRegion0_src_addr              
00000000  __TI_ATRegion0_trg_addr              
00000000  __TI_ATRegion1_region_sz             
00000000  __TI_ATRegion1_src_addr              
00000000  __TI_ATRegion1_trg_addr              
00000000  __TI_ATRegion2_region_sz             
00000000  __TI_ATRegion2_src_addr              
00000000  __TI_ATRegion2_trg_addr              
00000000  __TI_static_base__                   
00000000  interruptVectors                     
000000c1  SYSCFG_DL_GPIO_init                  
00000200  __STACK_SIZE                         
0000026d  __aeabi_dsub                         
0000026d  __subdf3                             
00000277  __adddf3                             
00000277  __aeabi_dadd                         
000003ff  Process_Accelerometer                
00000401  Process_Buttons                      
00000521  DL_Timer_initTimerMode               
00000741  __aeabi_ddiv                         
00000741  __divdf3                             
0000084d  main                                 
00000941  DL_Timer_initFourCCPWMMode           
00000a2d  __aeabi_dmul                         
00000a2d  __muldf3                             
00000b11  DL_SYSCTL_configSYSPLL               
00000bf1  TIMG7_IRQHandler                     
00000cd1  DL_RTC_Common_initCalendar           
00000da9  SYSCFG_DL_initPower                  
00000e7d  SYSCFG_DL_ADC_MIC_JOY_init           
00000f35  Process_Joystick                     
00000fe5  SYSCFG_DL_SYSCTL_SYSPLL_init         
00001095  SYSCFG_DL_ADC_ACCEL_init             
00001139  SYSCFG_DL_SYSCTL_init                
000011dd  Audio_Set_Waveform                   
00001269  Audio_Update_Frequency               
000012f5  __aeabi_fmul                         
000012f5  __mulsf3                             
00001405  __aeabi_fdiv                         
00001405  __divsf3                             
00001487  __aeabi_idiv0                        
00001489  __TI_decompress_lzss                 
00001505  SYSCFG_DL_PWM_AUDIO_init             
00001579  __gedf2                              
00001579  __gtdf2                              
000015ed  __cmpdf2                             
000015ed  __eqdf2                              
000015ed  __ledf2                              
000015ed  __ltdf2                              
000015ed  __nedf2                              
00001655  __aeabi_dcmpeq                       
00001669  __aeabi_dcmplt                       
0000167d  __aeabi_dcmple                       
00001691  __aeabi_dcmpge                       
000016a5  __aeabi_dcmpgt                       
000016b9  __aeabi_fcmpeq                       
000016cd  __aeabi_fcmplt                       
000016e1  __aeabi_fcmple                       
000016f5  __aeabi_fcmpge                       
00001709  __aeabi_fcmpgt                       
0000171d  ADC0_IRQHandler                      
000017dd  ADC1_IRQHandler                      
00001839  SYSCFG_DL_I2C_0_init                 
00001891  SYSCFG_DL_I2C_1_init                 
000018e9  SYSCFG_DL_init                       
00001941  SYSCFG_DL_TIMER_SAMPLE_init          
000019e5  DL_ADC12_setClockConfig              
00001a7d  DL_SYSCTL_switchMCLKfromSYSOSCtoHSCLK
00001b15  __aeabi_d2iz                         
00001b15  __fixdfsi                            
00001b61  DL_SPI_init                          
00001ba9  SYSCFG_DL_SPI_LCD_init               
00001c35  __aeabi_d2uiz                        
00001c35  __fixunsdfsi                         
00001c79  DL_Timer_setCaptureCompareOutCtl     
00001cb9  __aeabi_uidiv                        
00001cb9  __aeabi_uidivmod                     
00001cf9  DL_Timer_setCaptureCompareCtl        
00001dad  System_Init                          
00001de9  __gesf2                              
00001de9  __gtsf2                              
00001e25  __TI_auto_init_nobinit_nopinit       
00001e61  __cmpsf2                             
00001e61  __eqsf2                              
00001e61  __lesf2                              
00001e61  __ltsf2                              
00001e61  __nesf2                              
00001e9d  __muldsi3                            
00001f11  __aeabi_f2iz                         
00001f11  __fixsfsi                            
00001f49  Audio_Stop                           
00001f7d  DL_I2C_setClockConfig                
00001fb1  DL_Timer_setCaptCompUpdateMethod     
00001fe5  DL_Timer_setCaptureCompareAction     
00002019  DL_Timer_setCaptureCompareInput      
0000204d  DL_Timer_setClockConfig              
00002081  DL_VREF_configReference              
000020b5  __aeabi_f2uiz                        
000020b5  __fixunssfsi                         
00002149  _IQ24toF                             
00002179  Audio_Update_Volume                  
000021a5  DL_Timer_setCaptureCompareValue      
000021fd  __aeabi_i2d                          
000021fd  __floatsidf                          
00002391  DL_SYSCTL_configFCC                  
00002409  SYSCFG_DL_RTC_init                   
00002431  _c_int00_noargs                      
000024a5  DL_SPI_setClockConfig                
000024c9  __aeabi_ui2d                         
000024c9  __floatunsidf                        
0000250d  Audio_Init                           
000025cd  Audio_Start                          
0000286d  SYSCFG_DL_SYSCTL_CLK_init            
00002889  SYSCFG_DL_VREF_init                  
00002c4d  __TI_zero_init_nomemset              
00002c77  DL_Common_delayCycles                
00002d9f  TI_memcpy_small                      
00002db1  __TI_decompress_none                 
00002e15  TI_memset_small                      
00002e49  __aeabi_memclr                       
00002e49  __aeabi_memclr4                      
00002e49  __aeabi_memclr8                      
00002e55  __aeabi_memcpy                       
00002e55  __aeabi_memcpy4                      
00002e55  __aeabi_memcpy8                      
00002e5d  abort                                
00002e63  AES_IRQHandler                       
00002e63  CANFD0_IRQHandler                    
00002e63  DAC0_IRQHandler                      
00002e63  DMA_IRQHandler                       
00002e63  Default_Handler                      
00002e63  GROUP0_IRQHandler                    
00002e63  GROUP1_IRQHandler                    
00002e63  HardFault_Handler                    
00002e63  I2C0_IRQHandler                      
00002e63  I2C1_IRQHandler                      
00002e63  NMI_Handler                          
00002e63  PendSV_Handler                       
00002e63  RTC_IRQHandler                       
00002e63  SPI0_IRQHandler                      
00002e63  SPI1_IRQHandler                      
00002e63  SVC_Handler                          
00002e63  SysTick_Handler                      
00002e63  TIMA0_IRQHandler                     
00002e63  TIMA1_IRQHandler                     
00002e63  TIMG0_IRQHandler                     
00002e63  TIMG12_IRQHandler                    
00002e63  TIMG6_IRQHandler                     
00002e63  TIMG8_IRQHandler                     
00002e63  UART0_IRQHandler                     
00002e63  UART1_IRQHandler                     
00002e63  UART2_IRQHandler                     
00002e63  UART3_IRQHandler                     
00002e66  C$$EXIT                              
00002e67  HOSTexit                             
00002e6b  Reset_Handler                        
00002e81  _system_pre_init                     
00002e88  wavetable_sawtooth                   
00003088  wavetable_sine                       
00003288  wavetable_square                     
00003488  wavetable_triangle                   
0000373c  __TI_Handler_Table_Base              
00003748  __TI_Handler_Table_Limit             
00003750  __TI_CINIT_Base                      
00003760  __TI_CINIT_Limit                     
00003760  __TI_CINIT_Warm                      
20200000  __start___llvm_prf_bits              
20200000  __start___llvm_prf_cnts              
20200000  __stop___llvm_prf_bits               
20200000  __stop___llvm_prf_cnts               
20200000  gPWM_AUDIOBackup                     
202000bc  gTIMER_SAMPLEBackup                  
2020015c  gSynthState                          
2020018c  gSPI_LCDBackup                       
20207e00  __stack                              
20208000  __STACK_END                          
ffffffff  __TI_pprof_out_hndl                  
ffffffff  __TI_prof_data_size                  
ffffffff  __TI_prof_data_start                 
ffffffff  __binit__                            
ffffffff  binit                                
UNDEFED   __mpu_init                           
UNDEFED   _system_post_cinit                   

[184 symbols]
