******************************************************************************
            TI ARM Clang Linker PC v4.0.4                      
******************************************************************************
>> Linked Sat Dec 20 12:33:15 2025

OUTPUT FILE NAME:   <Motion_Music_studio.out>
ENTRY POINT SYMBOL: "_c_int00_noargs"  address: 00002101


MEMORY CONFIGURATION

         name            origin    length      used     unused   attr    fill
----------------------  --------  ---------  --------  --------  ----  --------
  FLASH                 00000000   00020000  00002c80  0001d380  R  X
  SRAM                  20200000   00008000  000002fc  00007d04  RW X
  BCR_CONFIG            41c00000   000000ff  00000000  000000ff  R   
  BSL_CONFIG            41c00100   00000080  00000000  00000080  R   


SEGMENT ALLOCATION MAP

run origin  load origin   length   init length attrs members
----------  ----------- ---------- ----------- ----- -------
00000000    00000000    00002c80   00002c80    r-x
  00000000    00000000    000000c0   000000c0    r-- .intvecs
  000000c0    000000c0    000028c8   000028c8    r-x .text
  00002988    00002988    000002c8   000002c8    r-- .rodata
  00002c50    00002c50    00000030   00000030    r-- .cinit
20200000    20200000    000000fc   00000000    rw-
  20200000    20200000    000000f4   00000000    rw- .bss
  202000f4    202000f4    00000008   00000000    rw- .data
20207e00    20207e00    00000200   00000000    rw-
  20207e00    20207e00    00000200   00000000    rw- .stack


SECTION ALLOCATION MAP

 output                                  attributes/
section   page    origin      length       input sections
--------  ----  ----------  ----------   ----------------
.intvecs   0    00000000    000000c0     
                  00000000    000000c0     startup_mspm0g350x_ticlang.o (.intvecs)

.text      0    000000c0    000028c8     
                  000000c0    000001a0     ti_msp_dl_config.o (.text.SYSCFG_DL_GPIO_init)
                  00000260    00000164     main.o (.text.Generate_Audio_Sample)
                  000003c4    00000110     dl_timer.o (.text.DL_Timer_initTimerMode)
                  000004d4    00000110     dl_timer.o (.text.DL_Timer_initTwoCCPWMMode)
                  000005e4    0000010c     libclang_rt.builtins.a : divdf3.S.obj (.text.__divdf3)
                  000006f0    000000ec     dl_timer.o (.text.DL_Timer_initFourCCPWMMode)
                  000007dc    000000e4     libclang_rt.builtins.a : muldf3.S.obj (.text.__muldf3)
                  000008c0    000000e0     dl_sysctl_mspm0g1x0x_g3x0x.o (.text.DL_SYSCTL_configSYSPLL)
                  000009a0    000000dc     main.o (.text.main)
                  00000a7c    000000d8     libclang_rt.builtins.a : addsf3.S.obj (.text)
                  00000b54    000000c0     ti_msp_dl_config.o (.text.SYSCFG_DL_initPower)
                  00000c14    000000b4     main.o (.text.Process_Input)
                  00000cc8    000000b0     ti_msp_dl_config.o (.text.SYSCFG_DL_SYSCTL_SYSPLL_init)
                  00000d78    000000ac     ti_msp_dl_config.o (.text.SYSCFG_DL_ADC_MIC_JOY_init)
                  00000e24    000000a8     ti_msp_dl_config.o (.text.SYSCFG_DL_ADC_ACCEL_init)
                  00000ecc    000000a4     ti_msp_dl_config.o (.text.SYSCFG_DL_SYSCTL_init)
                  00000f70    0000008c     libclang_rt.builtins.a : mulsf3.S.obj (.text.__mulsf3)
                  00000ffc    00000084     ti_msp_dl_config.o (.text.__NVIC_SetPriority)
                  00001080    00000082     libclang_rt.builtins.a : divsf3.S.obj (.text.__divsf3)
                  00001102    00000002                            : aeabi_div0.c.obj (.text.__aeabi_idiv0)
                  00001104    0000007c     libc.a : copy_decompress_lzss.c.obj (.text:decompress:lzss)
                  00001180    00000074     ti_msp_dl_config.o (.text.SYSCFG_DL_PWM_AUDIO_init)
                  000011f4    00000074     libclang_rt.builtins.a : comparedf2.c.obj (.text.__gedf2)
                  00001268    00000070     main.o (.text.ADC0_IRQHandler)
                  000012d8    00000068     libclang_rt.builtins.a : comparedf2.c.obj (.text.__ledf2)
                  00001340    00000064     main.o (.text.ADC1_IRQHandler)
                  000013a4    00000062     libclang_rt.builtins.a : aeabi_dcmp.S.obj (.text.__aeabi_dcmp)
                  00001406    00000002     --HOLE-- [fill = 0]
                  00001408    00000062                            : aeabi_fcmp.S.obj (.text.__aeabi_fcmp)
                  0000146a    00000002     --HOLE-- [fill = 0]
                  0000146c    00000060     ti_msp_dl_config.o (.text.DL_ADC12_initSeqSample)
                  000014cc    0000005c     main.o (.text.Update_Display)
                  00001528    00000058     ti_msp_dl_config.o (.text.SYSCFG_DL_I2C_0_init)
                  00001580    00000058     ti_msp_dl_config.o (.text.SYSCFG_DL_I2C_1_init)
                  000015d8    00000056     libclang_rt.builtins.a : aeabi_idivmod.S.obj (.text.__aeabi_idivmod)
                  0000162e    00000054     dl_dma.o (.text.DL_DMA_configTransfer)
                  00001682    00000002     --HOLE-- [fill = 0]
                  00001684    00000050     ti_msp_dl_config.o (.text.DL_GPIO_initPeripheralInputFunctionFeatures)
                  000016d4    00000050     ti_msp_dl_config.o (.text.SYSCFG_DL_init)
                  00001724    0000004c     dl_adc12.o (.text.DL_ADC12_setClockConfig)
                  00001770    0000004c     ti_msp_dl_config.o (.text.DL_GPIO_initDigitalInputFeatures)
                  000017bc    0000004c     dl_sysctl_mspm0g1x0x_g3x0x.o (.text.DL_SYSCTL_switchMCLKfromSYSOSCtoHSCLK)
                  00001808    0000004a     ti_msp_dl_config.o (.text.DL_ADC12_configConversionMem)
                  00001852    00000002     --HOLE-- [fill = 0]
                  00001854    00000048     dl_spi.o (.text.DL_SPI_init)
                  0000189c    00000048     ti_msp_dl_config.o (.text.SYSCFG_DL_SPI_LCD_init)
                  000018e4    00000048     main.o (.text.TIMG7_IRQHandler)
                  0000192c    00000046     dl_dma.o (.text.DL_DMA_initChannel)
                  00001972    00000002     --HOLE-- [fill = 0]
                  00001974    00000042     libclang_rt.builtins.a : fixunsdfsi.S.obj (.text.__fixunsdfsi)
                  000019b6    00000002     --HOLE-- [fill = 0]
                  000019b8    00000040     dl_timer.o (.text.DL_Timer_setCaptureCompareOutCtl)
                  000019f8    00000040     ti_msp_dl_config.o (.text.SYSCFG_DL_TIMER_SAMPLE_init)
                  00001a38    00000040     libclang_rt.builtins.a : aeabi_uidivmod.S.obj (.text.__aeabi_uidivmod)
                  00001a78    00000040                            : extendsfdf2.S.obj (.text.__extendsfdf2)
                  00001ab8    0000003c     dl_timer.o (.text.DL_Timer_setCaptureCompareCtl)
                  00001af4    0000003c     dl_timer.o (.text.DL_Timer_setCounterControl)
                  00001b30    0000003c     ti_msp_dl_config.o (.text.DL_Timer_setCounterControl)
                  00001b6c    0000003c     main.o (.text.Update_Audio_Params)
                  00001ba8    0000003c     libclang_rt.builtins.a : comparesf2.S.obj (.text.__gtsf2)
                  00001be4    0000003c     libc.a : autoinit.c.obj (.text:__TI_auto_init_nobinit_nopinit)
                  00001c20    0000003a     libclang_rt.builtins.a : comparesf2.S.obj (.text.__eqsf2)
                  00001c5a    00000002     --HOLE-- [fill = 0]
                  00001c5c    0000003a                            : muldsi3.S.obj (.text.__muldsi3)
                  00001c96    00000002     --HOLE-- [fill = 0]
                  00001c98    00000038     dl_dma.o (.text.DL_DMA_setTrigger)
                  00001cd0    00000034     dl_i2c.o (.text.DL_I2C_setClockConfig)
                  00001d04    00000034     dl_timer.o (.text.DL_Timer_setCaptCompUpdateMethod)
                  00001d38    00000034     dl_timer.o (.text.DL_Timer_setCaptureCompareAction)
                  00001d6c    00000034     dl_timer.o (.text.DL_Timer_setCaptureCompareInput)
                  00001da0    00000034     dl_timer.o (.text.DL_Timer_setClockConfig)
                  00001dd4    00000034     dl_vref.o (.text.DL_VREF_configReference)
                  00001e08    00000030     main.o (.text.DL_ADC12_getMemResult)
                  00001e38    00000030     ti_msp_dl_config.o (.text.DL_SPI_setFIFOThreshold)
                  00001e68    00000030     ti_msp_dl_config.o (.text.SYSCFG_DL_DMA_CH0_init)
                  00001e98    00000030     ti_msp_dl_config.o (.text.SYSCFG_DL_DMA_CH1_init)
                  00001ec8    0000002c     dl_timer.o (.text.DL_Timer_setCaptureCompareValue)
                  00001ef4    0000002c     main.o (.text.__NVIC_EnableIRQ)
                  00001f20    00000028     dl_adc12.o (.text.DL_Common_updateReg)
                  00001f48    00000028     dl_dma.o (.text.DL_Common_updateReg)
                  00001f70    00000028     dl_i2c.o (.text.DL_Common_updateReg)
                  00001f98    00000028     dl_spi.o (.text.DL_Common_updateReg)
                  00001fc0    00000028     dl_sysctl_mspm0g1x0x_g3x0x.o (.text.DL_Common_updateReg)
                  00001fe8    00000028     dl_timer.o (.text.DL_Common_updateReg)
                  00002010    00000028     ti_msp_dl_config.o (.text.DL_Common_updateReg)
                  00002038    00000028     ti_msp_dl_config.o (.text.DL_I2C_setControllerRXFIFOThreshold)
                  00002060    00000028     ti_msp_dl_config.o (.text.DL_I2C_setControllerTXFIFOThreshold)
                  00002088    00000028     dl_sysctl_mspm0g1x0x_g3x0x.o (.text.DL_SYSCTL_configFCC)
                  000020b0    00000028     ti_msp_dl_config.o (.text.DL_SYSCTL_setPowerPolicySTANDBY0)
                  000020d8    00000028     libclang_rt.builtins.a : floatunsisf.S.obj (.text.__floatunsisf)
                  00002100    00000028     libc.a : boot_cortex_m.c.obj (.text:_c_int00_noargs)
                  00002128    00000026     ti_msp_dl_config.o (.text.DL_I2C_setAnalogGlitchFilterPulseWidth)
                  0000214e    00000002     --HOLE-- [fill = 0]
                  00002150    00000024     ti_msp_dl_config.o (.text.DL_SPI_setBitRateSerialClockDivider)
                  00002174    00000024     dl_spi.o (.text.DL_SPI_setClockConfig)
                  00002198    00000024     libclang_rt.builtins.a : floatunsidf.S.obj (.text.__floatunsidf)
                  000021bc    00000020     dl_sysctl_mspm0g1x0x_g3x0x.o (.text.DL_CORE_configInstruction)
                  000021dc    00000020     ti_msp_dl_config.o (.text.DL_GPIO_initPeripheralInputFunction)
                  000021fc    00000020     ti_msp_dl_config.o (.text.DL_SYSCTL_setFlashWaitState)
                  0000221c    00000020     ti_msp_dl_config.o (.text.DL_SYSCTL_setMFPCLKSource)
                  0000223c    00000020     dl_timer.o (.text.DL_Timer_setCounterValueAfterEnable)
                  0000225c    0000001c     ti_msp_dl_config.o (.text.DL_ADC12_clearInterruptStatus)
                  00002278    0000001c     ti_msp_dl_config.o (.text.DL_ADC12_enableEvent)
                  00002294    0000001c     ti_msp_dl_config.o (.text.DL_ADC12_enableInterrupt)
                  000022b0    0000001c     ti_msp_dl_config.o (.text.DL_ADC12_forceSYSOSCOnInRunMode)
                  000022cc    0000001c     main.o (.text.DL_ADC12_startConversion)
                  000022e8    0000001c     ti_msp_dl_config.o (.text.DL_DMA_enableInterrupt)
                  00002304    0000001c     ti_msp_dl_config.o (.text.DL_GPIO_clearInterruptStatus)
                  00002320    0000001c     ti_msp_dl_config.o (.text.DL_GPIO_enableHiZ)
                  0000233c    0000001c     ti_msp_dl_config.o (.text.DL_GPIO_enableInterrupt)
                  00002358    0000001c     ti_msp_dl_config.o (.text.DL_GPIO_initPeripheralOutputFunction)
                  00002374    0000001c     ti_msp_dl_config.o (.text.DL_GPIO_setLowerPinsPolarity)
                  00002390    0000001c     ti_msp_dl_config.o (.text.DL_SPI_enableInterrupt)
                  000023ac    0000001c     ti_msp_dl_config.o (.text.DL_SYSCTL_setFCCPeriods)
                  000023c8    0000001c     ti_msp_dl_config.o (.text.DL_SYSCTL_setMCLKDivider)
                  000023e4    0000001c     ti_msp_dl_config.o (.text.DL_SYSCTL_setSYSOSCFreq)
                  00002400    0000001c     ti_msp_dl_config.o (.text.DL_SYSCTL_setULPCLKDivider)
                  0000241c    0000001c     ti_msp_dl_config.o (.text.DL_SYSCTL_setVBOOSTConfig)
                  00002438    0000001c     ti_msp_dl_config.o (.text.DL_Timer_enableInterrupt)
                  00002454    0000001c     ti_msp_dl_config.o (.text.SYSCFG_DL_SYSCTL_CLK_init)
                  00002470    0000001c     ti_msp_dl_config.o (.text.SYSCFG_DL_VREF_init)
                  0000248c    00000018     ti_msp_dl_config.o (.text.DL_ADC12_enablePower)
                  000024a4    00000018     ti_msp_dl_config.o (.text.DL_ADC12_reset)
                  000024bc    00000018     ti_msp_dl_config.o (.text.DL_ADC12_setSampleTime0)
                  000024d4    00000018     ti_msp_dl_config.o (.text.DL_DMA_clearInterruptStatus)
                  000024ec    00000018     ti_msp_dl_config.o (.text.DL_GPIO_enableOutput)
                  00002504    00000018     ti_msp_dl_config.o (.text.DL_GPIO_enablePower)
                  0000251c    00000018     ti_msp_dl_config.o (.text.DL_GPIO_initDigitalOutput)
                  00002534    00000018     ti_msp_dl_config.o (.text.DL_GPIO_reset)
                  0000254c    00000018     main.o (.text.DL_GPIO_setPins)
                  00002564    00000018     ti_msp_dl_config.o (.text.DL_GPIO_setPins)
                  0000257c    00000018     main.o (.text.DL_GPIO_togglePins)
                  00002594    00000018     ti_msp_dl_config.o (.text.DL_I2C_enableAnalogGlitchFilter)
                  000025ac    00000018     ti_msp_dl_config.o (.text.DL_I2C_enableController)
                  000025c4    00000018     ti_msp_dl_config.o (.text.DL_I2C_enableControllerClockStretching)
                  000025dc    00000018     ti_msp_dl_config.o (.text.DL_I2C_enablePower)
                  000025f4    00000018     ti_msp_dl_config.o (.text.DL_I2C_reset)
                  0000260c    00000018     ti_msp_dl_config.o (.text.DL_I2C_setTimerPeriod)
                  00002624    00000018     ti_msp_dl_config.o (.text.DL_SPI_enable)
                  0000263c    00000018     ti_msp_dl_config.o (.text.DL_SPI_enablePower)
                  00002654    00000018     ti_msp_dl_config.o (.text.DL_SPI_reset)
                  0000266c    00000018     ti_msp_dl_config.o (.text.DL_SYSCTL_enableInterrupt)
                  00002684    00000018     ti_msp_dl_config.o (.text.DL_SYSCTL_setBORThreshold)
                  0000269c    00000018     dl_sysctl_mspm0g1x0x_g3x0x.o (.text.DL_SYSCTL_setHSCLKSource)
                  000026b4    00000018     ti_msp_dl_config.o (.text.DL_Timer_enablePower)
                  000026cc    00000018     ti_msp_dl_config.o (.text.DL_Timer_reset)
                  000026e4    00000018     dl_timer.o (.text.DL_Timer_setLoadValue)
                  000026fc    00000018     ti_msp_dl_config.o (.text.DL_VREF_enablePower)
                  00002714    00000018     ti_msp_dl_config.o (.text.DL_VREF_reset)
                  0000272c    00000016     main.o (.text.DL_ADC12_enableConversions)
                  00002742    00000016     ti_msp_dl_config.o (.text.DL_ADC12_enableConversions)
                  00002758    00000016     ti_msp_dl_config.o (.text.DL_GPIO_enableGlobalFastWake)
                  0000276e    00000016     libc.a : copy_zero_init.c.obj (.text:decompress:ZI:__TI_zero_init_nomemset)
                  00002784    00000014     dl_common.o (.text.DL_Common_delayCycles)
                  00002798    00000014     ti_msp_dl_config.o (.text.DL_FlashCTL_enableInterrupt)
                  000027ac    00000014     main.o (.text.DL_GPIO_clearPins)
                  000027c0    00000014     ti_msp_dl_config.o (.text.DL_GPIO_clearPins)
                  000027d4    00000014     ti_msp_dl_config.o (.text.DL_I2C_resetControllerTransfer)
                  000027e8    00000014     dl_sysctl_mspm0g1x0x_g3x0x.o (.text.DL_SYSCTL_disableSYSPLL)
                  000027fc    00000014     ti_msp_dl_config.o (.text.DL_SYSCTL_disableSYSPLL)
                  00002810    00000014     ti_msp_dl_config.o (.text.DL_SYSCTL_enableMFCLK)
                  00002824    00000014     dl_sysctl_mspm0g1x0x_g3x0x.o (.text.DL_SYSCTL_enableSYSPLL)
                  00002838    00000014     ti_msp_dl_config.o (.text.DL_SYSCTL_enableSYSPLL)
                  0000284c    00000014     ti_msp_dl_config.o (.text.DL_Timer_enableClock)
                  00002860    00000014     ti_msp_dl_config.o (.text.DL_Timer_setCCPDirection)
                  00002874    00000012     main.o (.text.DL_ADC12_getPendingInterrupt)
                  00002886    00000012     main.o (.text.DL_Timer_getPendingInterrupt)
                  00002898    00000012     libc.a : memcpy16.S.obj (.text:TI_memcpy_small)
                  000028aa    00000012            : copy_decompress_none.c.obj (.text:decompress:none)
                  000028bc    00000010     dl_sysctl_mspm0g1x0x_g3x0x.o (.text.DL_CORE_getInstructionConfig)
                  000028cc    00000010     ti_msp_dl_config.o (.text.DL_SYSCTL_disableHFXT)
                  000028dc    00000010     ti_msp_dl_config.o (.text.DL_SYSCTL_enableMFPCLK)
                  000028ec    00000010     ti_msp_dl_config.o (.text.DL_SYSCTL_isFCCDone)
                  000028fc    00000010     ti_msp_dl_config.o (.text.DL_SYSCTL_startFCC)
                  0000290c    0000000e     libc.a : memset16.S.obj (.text:TI_memset_small)
                  0000291a    00000002     --HOLE-- [fill = 0]
                  0000291c    0000000c     dl_sysctl_mspm0g1x0x_g3x0x.o (.text.DL_SYSCTL_getClockStatus)
                  00002928    0000000c     ti_msp_dl_config.o (.text.DL_SYSCTL_getClockStatus)
                  00002934    0000000c     ti_msp_dl_config.o (.text.DL_SYSCTL_readFCC)
                  00002940    0000000c     ti_msp_dl_config.o (.text.SYSCFG_DL_DMA_init)
                  0000294c    0000000c     libclang_rt.builtins.a : aeabi_memset.S.obj (.text.__aeabi_memclr)
                  00002958    00000008                            : aeabi_memcpy.S.obj (.text.__aeabi_memcpy)
                  00002960    00000006     libc.a : exit.c.obj (.text:abort)
                  00002966    00000004     startup_mspm0g350x_ticlang.o (.text.Default_Handler)
                  0000296a    00000004     libsysbm.a : hostexit.c.obj (.text.HOSTexit)
                  0000296e    00000004     startup_mspm0g350x_ticlang.o (.text.Reset_Handler)
                  00002972    00000002     --HOLE-- [fill = 0]
                  00002974    00000010     libc.a : boot_cortex_m.c.obj (.tramp._c_int00_noargs.1)
                  00002984    00000004            : pre_init.c.obj (.text._system_pre_init)

.cinit     0    00002c50    00000030     
                  00002c50    0000000c     (__TI_handler_table)
                  00002c5c    00000008     (.cinit..bss.load) [load image, compression = zero_init]
                  00002c64    00000007     (.cinit..data.load) [load image, compression = lzss]
                  00002c6b    00000001     --HOLE-- [fill = 0]
                  00002c6c    00000010     (__TI_cinit_table)
                  00002c7c    00000004     --HOLE-- [fill = 0]

.rodata    0    00002988    000002c8     
                  00002988    00000200     main.o (.rodata.sine_table)
                  00002b88    00000028     ti_msp_dl_config.o (.rodata.gSYSPLLConfig)
                  00002bb0    00000022     ti_msp_dl_config.o (.rodata..L__const.SYSCFG_DL_GPIO_init.unusedPinIndexes)
                  00002bd2    00000002     ti_msp_dl_config.o (.rodata.gI2C_0ClockConfig)
                  00002bd4    00000018     ti_msp_dl_config.o (.rodata.gDMA_CH0Config)
                  00002bec    00000018     ti_msp_dl_config.o (.rodata.gDMA_CH1Config)
                  00002c04    00000014     ti_msp_dl_config.o (.rodata.gTIMER_SAMPLETimerConfig)
                  00002c18    0000000a     ti_msp_dl_config.o (.rodata.gSPI_LCD_config)
                  00002c22    00000002     ti_msp_dl_config.o (.rodata.gI2C_1ClockConfig)
                  00002c24    00000008     ti_msp_dl_config.o (.rodata.gADC_ACCELClockConfig)
                  00002c2c    00000008     ti_msp_dl_config.o (.rodata.gADC_MIC_JOYClockConfig)
                  00002c34    00000008     ti_msp_dl_config.o (.rodata.gPWM_AUDIOConfig)
                  00002c3c    00000008     ti_msp_dl_config.o (.rodata.gVREFConfig)
                  00002c44    00000003     ti_msp_dl_config.o (.rodata.gPWM_AUDIOClockConfig)
                  00002c47    00000003     ti_msp_dl_config.o (.rodata.gTIMER_SAMPLEClockConfig)
                  00002c4a    00000002     ti_msp_dl_config.o (.rodata.gSPI_LCD_clockConfig)
                  00002c4c    00000004     --HOLE-- [fill = 0]

.init_array 
*          0    00000000    00000000     UNINITIALIZED

.binit     0    00000000    00000000     

.bss       0    20200000    000000f4     UNINITIALIZED
                  20200000    000000a0     ti_msp_dl_config.o (.bss.gTIMER_SAMPLEBackup)
                  202000a0    0000002c     main.o (.bss.gSynthState)
                  202000cc    00000028     ti_msp_dl_config.o (.bss.gSPI_LCDBackup)

.data      0    202000f4    00000008     UNINITIALIZED
                  202000f4    00000004     main.o (.data.phase)
                  202000f8    00000004     main.o (.data.phase_increment)

.stack     0    20207e00    00000200     UNINITIALIZED
                  20207e00    00000004     libc.a : boot_cortex_m.c.obj (.stack)
                  20207e04    000001fc     --HOLE--

__llvm_prf_cnts 
*          0    20200000    00000000     UNINITIALIZED

__llvm_prf_bits 
*          0    20200000    00000000     UNINITIALIZED

MODULE SUMMARY

       Module                         code    ro data   rw data
       ------                         ----    -------   -------
    .\
       ti_msp_dl_config.o             4200    196       200    
       main.o                         1438    512       52     
       startup_mspm0g350x_ticlang.o   8       192       0      
    +--+------------------------------+-------+---------+---------+
       Total:                         5646    900       252    
                                                               
    .\ti\driverlib\
       dl_timer.o                     1312    0         0      
       dl_dma.o                       250     0         0      
       dl_spi.o                       148     0         0      
       dl_adc12.o                     116     0         0      
       dl_i2c.o                       92      0         0      
       dl_vref.o                      52      0         0      
       dl_common.o                    20      0         0      
    +--+------------------------------+-------+---------+---------+
       Total:                         1990    0         0      
                                                               
    .\ti\driverlib\m0p\sysctl\
       dl_sysctl_mspm0g1x0x_g3x0x.o   504     0         0      
    +--+------------------------------+-------+---------+---------+
       Total:                         504     0         0      
                                                               
    C:\ti\ccs2040\ccs\tools\compiler\ti-cgt-armllvm_4.0.4.LTS\lib\armv6m-ti-none-eabi/c/libc.a
       copy_decompress_lzss.c.obj     124     0         0      
       autoinit.c.obj                 60      0         0      
       boot_cortex_m.c.obj            56      0         0      
       copy_zero_init.c.obj           22      0         0      
       copy_decompress_none.c.obj     18      0         0      
       memcpy16.S.obj                 18      0         0      
       memset16.S.obj                 14      0         0      
       exit.c.obj                     6       0         0      
       pre_init.c.obj                 4       0         0      
    +--+------------------------------+-------+---------+---------+
       Total:                         322     0         0      
                                                               
    C:\ti\ccs2040\ccs\tools\compiler\ti-cgt-armllvm_4.0.4.LTS\lib\armv6m-ti-none-eabi/c/libsysbm.a
       hostexit.c.obj                 4       0         0      
    +--+------------------------------+-------+---------+---------+
       Total:                         4       0         0      
                                                               
    C:\ti\ccs2040\ccs\tools\compiler\ti-cgt-armllvm_4.0.4.LTS\lib\armv6m-ti-none-eabi/libclang_rt.builtins.a
       divdf3.S.obj                   268     0         0      
       muldf3.S.obj                   228     0         0      
       comparedf2.c.obj               220     0         0      
       addsf3.S.obj                   216     0         0      
       mulsf3.S.obj                   140     0         0      
       divsf3.S.obj                   130     0         0      
       comparesf2.S.obj               118     0         0      
       aeabi_dcmp.S.obj               98      0         0      
       aeabi_fcmp.S.obj               98      0         0      
       aeabi_idivmod.S.obj            86      0         0      
       fixunsdfsi.S.obj               66      0         0      
       aeabi_uidivmod.S.obj           64      0         0      
       extendsfdf2.S.obj              64      0         0      
       muldsi3.S.obj                  58      0         0      
       floatunsisf.S.obj              40      0         0      
       floatunsidf.S.obj              36      0         0      
       aeabi_memset.S.obj             12      0         0      
       aeabi_memcpy.S.obj             8       0         0      
       aeabi_div0.c.obj               2       0         0      
    +--+------------------------------+-------+---------+---------+
       Total:                         1952    0         0      
                                                               
       Stack:                         0       0         512    
       Linker Generated:              0       43        0      
    +--+------------------------------+-------+---------+---------+
       Grand Total:                   10418   943       764    


LINKER GENERATED COPY TABLES

__TI_cinit_table @ 00002c6c records: 2, size/record: 8, table size: 16
	.bss: load addr=00002c5c, load size=00000008 bytes, run addr=20200000, run size=000000f4 bytes, compression=zero_init
	.data: load addr=00002c64, load size=00000007 bytes, run addr=202000f4, run size=00000008 bytes, compression=lzss


LINKER GENERATED HANDLER TABLE

__TI_handler_table @ 00002c50 records: 3, size/record: 4, table size: 12
	index: 0, handler: __TI_decompress_lzss
	index: 1, handler: __TI_decompress_none
	index: 2, handler: __TI_zero_init


FAR CALL TRAMPOLINES

callee name               trampoline name
   callee addr  tramp addr   call addr  call info
--------------  -----------  ---------  ----------------
_c_int00_noargs           $Tramp$TT$L$PI$$_c_int00_noargs
   00002101     00002974     0000296e   startup_mspm0g350x_ticlang.o (.text.Reset_Handler)

[1 trampolines]
[1 trampoline calls]


GLOBAL SYMBOLS: SORTED ALPHABETICALLY BY Name 

address   name                                 
-------   ----                                 
00001269  ADC0_IRQHandler                      
00001341  ADC1_IRQHandler                      
00002967  AES_IRQHandler                       
0000296a  C$$EXIT                              
00002967  CANFD0_IRQHandler                    
00002967  DAC0_IRQHandler                      
00001725  DL_ADC12_setClockConfig              
00002785  DL_Common_delayCycles                
0000192d  DL_DMA_initChannel                   
00001cd1  DL_I2C_setClockConfig                
00001855  DL_SPI_init                          
00002175  DL_SPI_setClockConfig                
00002089  DL_SYSCTL_configFCC                  
000008c1  DL_SYSCTL_configSYSPLL               
000017bd  DL_SYSCTL_switchMCLKfromSYSOSCtoHSCLK
000006f1  DL_Timer_initFourCCPWMMode           
000003c5  DL_Timer_initTimerMode               
00001d05  DL_Timer_setCaptCompUpdateMethod     
00001d39  DL_Timer_setCaptureCompareAction     
00001ab9  DL_Timer_setCaptureCompareCtl        
00001d6d  DL_Timer_setCaptureCompareInput      
000019b9  DL_Timer_setCaptureCompareOutCtl     
00001ec9  DL_Timer_setCaptureCompareValue      
00001da1  DL_Timer_setClockConfig              
00001dd5  DL_VREF_configReference              
00002967  DMA_IRQHandler                       
00002967  Default_Handler                      
00002967  GROUP0_IRQHandler                    
00002967  GROUP1_IRQHandler                    
0000296b  HOSTexit                             
00002967  HardFault_Handler                    
00002967  I2C0_IRQHandler                      
00002967  I2C1_IRQHandler                      
00002967  NMI_Handler                          
00002967  PendSV_Handler                       
00002967  RTC_IRQHandler                       
0000296f  Reset_Handler                        
00002967  SPI0_IRQHandler                      
00002967  SPI1_IRQHandler                      
00002967  SVC_Handler                          
00000e25  SYSCFG_DL_ADC_ACCEL_init             
00000d79  SYSCFG_DL_ADC_MIC_JOY_init           
00001e69  SYSCFG_DL_DMA_CH0_init               
00001e99  SYSCFG_DL_DMA_CH1_init               
00002941  SYSCFG_DL_DMA_init                   
000000c1  SYSCFG_DL_GPIO_init                  
00001529  SYSCFG_DL_I2C_0_init                 
00001581  SYSCFG_DL_I2C_1_init                 
00001181  SYSCFG_DL_PWM_AUDIO_init             
0000189d  SYSCFG_DL_SPI_LCD_init               
00002455  SYSCFG_DL_SYSCTL_CLK_init            
00000cc9  SYSCFG_DL_SYSCTL_SYSPLL_init         
00000ecd  SYSCFG_DL_SYSCTL_init                
000019f9  SYSCFG_DL_TIMER_SAMPLE_init          
00002471  SYSCFG_DL_VREF_init                  
000016d5  SYSCFG_DL_init                       
00000b55  SYSCFG_DL_initPower                  
00002967  SysTick_Handler                      
00002967  TIMA0_IRQHandler                     
00002967  TIMA1_IRQHandler                     
00002967  TIMG0_IRQHandler                     
00002967  TIMG12_IRQHandler                    
00002967  TIMG6_IRQHandler                     
000018e5  TIMG7_IRQHandler                     
00002967  TIMG8_IRQHandler                     
00002899  TI_memcpy_small                      
0000290d  TI_memset_small                      
00002967  UART0_IRQHandler                     
00002967  UART1_IRQHandler                     
00002967  UART2_IRQHandler                     
00002967  UART3_IRQHandler                     
20208000  __STACK_END                          
00000200  __STACK_SIZE                         
00000000  __TI_ATRegion0_region_sz             
00000000  __TI_ATRegion0_src_addr              
00000000  __TI_ATRegion0_trg_addr              
00000000  __TI_ATRegion1_region_sz             
00000000  __TI_ATRegion1_src_addr              
00000000  __TI_ATRegion1_trg_addr              
00000000  __TI_ATRegion2_region_sz             
00000000  __TI_ATRegion2_src_addr              
00000000  __TI_ATRegion2_trg_addr              
00002c6c  __TI_CINIT_Base                      
00002c7c  __TI_CINIT_Limit                     
00002c7c  __TI_CINIT_Warm                      
00002c50  __TI_Handler_Table_Base              
00002c5c  __TI_Handler_Table_Limit             
00001be5  __TI_auto_init_nobinit_nopinit       
00001105  __TI_decompress_lzss                 
000028ab  __TI_decompress_none                 
ffffffff  __TI_pprof_out_hndl                  
ffffffff  __TI_prof_data_size                  
ffffffff  __TI_prof_data_start                 
00000000  __TI_static_base__                   
0000276f  __TI_zero_init_nomemset              
00000a87  __addsf3                             
00001975  __aeabi_d2uiz                        
000013a5  __aeabi_dcmpeq                       
000013e1  __aeabi_dcmpge                       
000013f5  __aeabi_dcmpgt                       
000013cd  __aeabi_dcmple                       
000013b9  __aeabi_dcmplt                       
000005e5  __aeabi_ddiv                         
000007dd  __aeabi_dmul                         
00001a79  __aeabi_f2d                          
00000a87  __aeabi_fadd                         
00001409  __aeabi_fcmpeq                       
00001445  __aeabi_fcmpge                       
00001459  __aeabi_fcmpgt                       
00001431  __aeabi_fcmple                       
0000141d  __aeabi_fcmplt                       
00001081  __aeabi_fdiv                         
00000f71  __aeabi_fmul                         
00000a7d  __aeabi_fsub                         
000015d9  __aeabi_idiv                         
00001103  __aeabi_idiv0                        
000015d9  __aeabi_idivmod                      
0000294d  __aeabi_memclr                       
0000294d  __aeabi_memclr4                      
0000294d  __aeabi_memclr8                      
00002959  __aeabi_memcpy                       
00002959  __aeabi_memcpy4                      
00002959  __aeabi_memcpy8                      
00002199  __aeabi_ui2d                         
000020d9  __aeabi_ui2f                         
00001a39  __aeabi_uidiv                        
00001a39  __aeabi_uidivmod                     
ffffffff  __binit__                            
000012d9  __cmpdf2                             
00001c21  __cmpsf2                             
000005e5  __divdf3                             
00001081  __divsf3                             
000012d9  __eqdf2                              
00001c21  __eqsf2                              
00001a79  __extendsfdf2                        
00001975  __fixunsdfsi                         
00002199  __floatunsidf                        
000020d9  __floatunsisf                        
000011f5  __gedf2                              
00001ba9  __gesf2                              
000011f5  __gtdf2                              
00001ba9  __gtsf2                              
000012d9  __ledf2                              
00001c21  __lesf2                              
000012d9  __ltdf2                              
00001c21  __ltsf2                              
UNDEFED   __mpu_init                           
000007dd  __muldf3                             
00001c5d  __muldsi3                            
00000f71  __mulsf3                             
000012d9  __nedf2                              
00001c21  __nesf2                              
20207e00  __stack                              
20200000  __start___llvm_prf_bits              
20200000  __start___llvm_prf_cnts              
20200000  __stop___llvm_prf_bits               
20200000  __stop___llvm_prf_cnts               
00000a7d  __subsf3                             
00002101  _c_int00_noargs                      
UNDEFED   _system_post_cinit                   
00002985  _system_pre_init                     
00002961  abort                                
ffffffff  binit                                
202000cc  gSPI_LCDBackup                       
202000a0  gSynthState                          
20200000  gTIMER_SAMPLEBackup                  
00000000  interruptVectors                     
000009a1  main                                 


GLOBAL SYMBOLS: SORTED BY Symbol Address 

address   name                                 
-------   ----                                 
00000000  __TI_ATRegion0_region_sz             
00000000  __TI_ATRegion0_src_addr              
00000000  __TI_ATRegion0_trg_addr              
00000000  __TI_ATRegion1_region_sz             
00000000  __TI_ATRegion1_src_addr              
00000000  __TI_ATRegion1_trg_addr              
00000000  __TI_ATRegion2_region_sz             
00000000  __TI_ATRegion2_src_addr              
00000000  __TI_ATRegion2_trg_addr              
00000000  __TI_static_base__                   
00000000  interruptVectors                     
000000c1  SYSCFG_DL_GPIO_init                  
00000200  __STACK_SIZE                         
000003c5  DL_Timer_initTimerMode               
000005e5  __aeabi_ddiv                         
000005e5  __divdf3                             
000006f1  DL_Timer_initFourCCPWMMode           
000007dd  __aeabi_dmul                         
000007dd  __muldf3                             
000008c1  DL_SYSCTL_configSYSPLL               
000009a1  main                                 
00000a7d  __aeabi_fsub                         
00000a7d  __subsf3                             
00000a87  __addsf3                             
00000a87  __aeabi_fadd                         
00000b55  SYSCFG_DL_initPower                  
00000cc9  SYSCFG_DL_SYSCTL_SYSPLL_init         
00000d79  SYSCFG_DL_ADC_MIC_JOY_init           
00000e25  SYSCFG_DL_ADC_ACCEL_init             
00000ecd  SYSCFG_DL_SYSCTL_init                
00000f71  __aeabi_fmul                         
00000f71  __mulsf3                             
00001081  __aeabi_fdiv                         
00001081  __divsf3                             
00001103  __aeabi_idiv0                        
00001105  __TI_decompress_lzss                 
00001181  SYSCFG_DL_PWM_AUDIO_init             
000011f5  __gedf2                              
000011f5  __gtdf2                              
00001269  ADC0_IRQHandler                      
000012d9  __cmpdf2                             
000012d9  __eqdf2                              
000012d9  __ledf2                              
000012d9  __ltdf2                              
000012d9  __nedf2                              
00001341  ADC1_IRQHandler                      
000013a5  __aeabi_dcmpeq                       
000013b9  __aeabi_dcmplt                       
000013cd  __aeabi_dcmple                       
000013e1  __aeabi_dcmpge                       
000013f5  __aeabi_dcmpgt                       
00001409  __aeabi_fcmpeq                       
0000141d  __aeabi_fcmplt                       
00001431  __aeabi_fcmple                       
00001445  __aeabi_fcmpge                       
00001459  __aeabi_fcmpgt                       
00001529  SYSCFG_DL_I2C_0_init                 
00001581  SYSCFG_DL_I2C_1_init                 
000015d9  __aeabi_idiv                         
000015d9  __aeabi_idivmod                      
000016d5  SYSCFG_DL_init                       
00001725  DL_ADC12_setClockConfig              
000017bd  DL_SYSCTL_switchMCLKfromSYSOSCtoHSCLK
00001855  DL_SPI_init                          
0000189d  SYSCFG_DL_SPI_LCD_init               
000018e5  TIMG7_IRQHandler                     
0000192d  DL_DMA_initChannel                   
00001975  __aeabi_d2uiz                        
00001975  __fixunsdfsi                         
000019b9  DL_Timer_setCaptureCompareOutCtl     
000019f9  SYSCFG_DL_TIMER_SAMPLE_init          
00001a39  __aeabi_uidiv                        
00001a39  __aeabi_uidivmod                     
00001a79  __aeabi_f2d                          
00001a79  __extendsfdf2                        
00001ab9  DL_Timer_setCaptureCompareCtl        
00001ba9  __gesf2                              
00001ba9  __gtsf2                              
00001be5  __TI_auto_init_nobinit_nopinit       
00001c21  __cmpsf2                             
00001c21  __eqsf2                              
00001c21  __lesf2                              
00001c21  __ltsf2                              
00001c21  __nesf2                              
00001c5d  __muldsi3                            
00001cd1  DL_I2C_setClockConfig                
00001d05  DL_Timer_setCaptCompUpdateMethod     
00001d39  DL_Timer_setCaptureCompareAction     
00001d6d  DL_Timer_setCaptureCompareInput      
00001da1  DL_Timer_setClockConfig              
00001dd5  DL_VREF_configReference              
00001e69  SYSCFG_DL_DMA_CH0_init               
00001e99  SYSCFG_DL_DMA_CH1_init               
00001ec9  DL_Timer_setCaptureCompareValue      
00002089  DL_SYSCTL_configFCC                  
000020d9  __aeabi_ui2f                         
000020d9  __floatunsisf                        
00002101  _c_int00_noargs                      
00002175  DL_SPI_setClockConfig                
00002199  __aeabi_ui2d                         
00002199  __floatunsidf                        
00002455  SYSCFG_DL_SYSCTL_CLK_init            
00002471  SYSCFG_DL_VREF_init                  
0000276f  __TI_zero_init_nomemset              
00002785  DL_Common_delayCycles                
00002899  TI_memcpy_small                      
000028ab  __TI_decompress_none                 
0000290d  TI_memset_small                      
00002941  SYSCFG_DL_DMA_init                   
0000294d  __aeabi_memclr                       
0000294d  __aeabi_memclr4                      
0000294d  __aeabi_memclr8                      
00002959  __aeabi_memcpy                       
00002959  __aeabi_memcpy4                      
00002959  __aeabi_memcpy8                      
00002961  abort                                
00002967  AES_IRQHandler                       
00002967  CANFD0_IRQHandler                    
00002967  DAC0_IRQHandler                      
00002967  DMA_IRQHandler                       
00002967  Default_Handler                      
00002967  GROUP0_IRQHandler                    
00002967  GROUP1_IRQHandler                    
00002967  HardFault_Handler                    
00002967  I2C0_IRQHandler                      
00002967  I2C1_IRQHandler                      
00002967  NMI_Handler                          
00002967  PendSV_Handler                       
00002967  RTC_IRQHandler                       
00002967  SPI0_IRQHandler                      
00002967  SPI1_IRQHandler                      
00002967  SVC_Handler                          
00002967  SysTick_Handler                      
00002967  TIMA0_IRQHandler                     
00002967  TIMA1_IRQHandler                     
00002967  TIMG0_IRQHandler                     
00002967  TIMG12_IRQHandler                    
00002967  TIMG6_IRQHandler                     
00002967  TIMG8_IRQHandler                     
00002967  UART0_IRQHandler                     
00002967  UART1_IRQHandler                     
00002967  UART2_IRQHandler                     
00002967  UART3_IRQHandler                     
0000296a  C$$EXIT                              
0000296b  HOSTexit                             
0000296f  Reset_Handler                        
00002985  _system_pre_init                     
00002c50  __TI_Handler_Table_Base              
00002c5c  __TI_Handler_Table_Limit             
00002c6c  __TI_CINIT_Base                      
00002c7c  __TI_CINIT_Limit                     
00002c7c  __TI_CINIT_Warm                      
20200000  __start___llvm_prf_bits              
20200000  __start___llvm_prf_cnts              
20200000  __stop___llvm_prf_bits               
20200000  __stop___llvm_prf_cnts               
20200000  gTIMER_SAMPLEBackup                  
202000a0  gSynthState                          
202000cc  gSPI_LCDBackup                       
20207e00  __stack                              
20208000  __STACK_END                          
ffffffff  __TI_pprof_out_hndl                  
ffffffff  __TI_prof_data_size                  
ffffffff  __TI_prof_data_start                 
ffffffff  __binit__                            
ffffffff  binit                                
UNDEFED   __mpu_init                           
UNDEFED   _system_post_cinit                   

[168 symbols]
