******************************************************************************
            TI ARM Clang Linker PC v4.0.4                      
******************************************************************************
>> Linked Thu Dec 18 14:55:59 2025

OUTPUT FILE NAME:   <Motion_Music_studio.out>
ENTRY POINT SYMBOL: "_c_int00_noargs"  address: 0000465d


MEMORY CONFIGURATION

         name            origin    length      used     unused   attr    fill
----------------------  --------  ---------  --------  --------  ----  --------
  FLASH                 00000000   00020000  00004ff0  0001b010  R  X
  SRAM                  20200000   00008000  000004ff  00007b01  RW X
  BCR_CONFIG            41c00000   000000ff  00000000  000000ff  R   
  BSL_CONFIG            41c00100   00000080  00000000  00000080  R   


SEGMENT ALLOCATION MAP

run origin  load origin   length   init length attrs members
----------  ----------- ---------- ----------- ----- -------
00000000    00000000    00004ff0   00004ff0    r-x
  00000000    00000000    000000c0   000000c0    r-- .intvecs
  000000c0    000000c0    00004860   00004860    r-x .text
  00004920    00004920    00000690   00000690    r-- .rodata
  00004fb0    00004fb0    00000040   00000040    r-- .cinit
20200000    20200000    000002ff   00000000    rw-
  20200000    20200000    000002c8   00000000    rw- .bss
  202002c8    202002c8    00000037   00000000    rw- .data
20207e00    20207e00    00000200   00000000    rw-
  20207e00    20207e00    00000200   00000000    rw- .stack


SECTION ALLOCATION MAP

 output                                  attributes/
section   page    origin      length       input sections
--------  ----  ----------  ----------   ----------------
.intvecs   0    00000000    000000c0     
                  00000000    000000c0     startup_mspm0g350x_ticlang.o (.intvecs)

.text      0    000000c0    00004860     
                  000000c0    000009d0     libc.a : _printfi.c.obj (.text:__TI_printfi)
                  00000a90    00000644            : k_rem_pio2.c.obj (.text.__kernel_rem_pio2)
                  000010d4    00000378     lcd_driver.o (.text.LCD_DrawWaveform)
                  0000144c    00000338     lcd_driver.o (.text.LCD_DrawLine)
                  00001784    0000024c     main.o (.text.main)
                  000019d0    00000220     libc.a : _printfi.c.obj (.text._pconv_a)
                  00001bf0    000001dc            : _printfi.c.obj (.text._pconv_g)
                  00001dcc    000001c8            : s_sinf.c.obj (.text.sinf)
                  00001f94    00000192     libclang_rt.builtins.a : adddf3.S.obj (.text.adddf3_subdf3)
                  00002126    00000002     startup_mspm0g350x_ticlang.o (.text.Default_Handler)
                  00002128    00000180     lcd_driver.o (.text.LCD_FillRect)
                  000022a8    0000016c     lcd_driver.o (.text.LCD_Init)
                  00002414    00000148     main.o (.text.Update_Display)
                  0000255c    00000144     libc.a : s_floor.c.obj (.text.floor)
                  000026a0    0000013c            : _printfi.c.obj (.text.fcvt)
                  000027dc    00000130     lcd_driver.o (.text.LCD_DrawChar)
                  0000290c    00000120     libc.a : _printfi.c.obj (.text._pconv_e)
                  00002a2c    0000011c     lcd_driver.o (.text.LCD_Clear)
                  00002b48    00000118     lcd_driver.o (.text.LCD_SetWindow)
                  00002c60    0000010c     libclang_rt.builtins.a : divdf3.S.obj (.text.__divdf3)
                  00002d6c    00000104     dl_timer.o (.text.DL_Timer_initFourCCPWMMode)
                  00002e70    000000fc     dl_timer.o (.text.DL_Timer_initTimerMode)
                  00002f6c    000000e4     libclang_rt.builtins.a : muldf3.S.obj (.text.__muldf3)
                  00003050    000000e0     ti_msp_dl_config.o (.text.SYSCFG_DL_GPIO_init)
                  00003130    000000d8     libc.a : s_scalbn.c.obj (.text.scalbn)
                  00003208    000000d8     libclang_rt.builtins.a : addsf3.S.obj (.text)
                  000032e0    000000d4     main.o (.text.TIMG7_IRQHandler)
                  000033b4    000000c0     lcd_driver.o (.text.LCD_FillCircle)
                  00003474    000000ac     libc.a : s_sinf.c.obj (.text.__kernel_sindf)
                  00003520    000000a2     libclang_rt.builtins.a : udivmoddi4.S.obj (.text)
                  000035c2    00000002                            : aeabi_div0.c.obj (.text.__aeabi_idiv0)
                  000035c4    0000009c     libc.a : s_sinf.c.obj (.text.__kernel_cosdf)
                  00003660    0000009a            : memcpy16.S.obj (.text:memcpy)
                  000036fa    00000002     libclang_rt.builtins.a : aeabi_div0.c.obj (.text.__aeabi_ldiv0)
                  000036fc    0000008c                            : mulsf3.S.obj (.text.__mulsf3)
                  00003788    00000082                            : divsf3.S.obj (.text.__divsf3)
                  0000380a    00000002     --HOLE-- [fill = 0]
                  0000380c    0000007c     ti_msp_dl_config.o (.text.SYSCFG_DL_ADC_ACCEL_init)
                  00003888    0000007c     ti_msp_dl_config.o (.text.SYSCFG_DL_initPower)
                  00003904    0000007c     libc.a : copy_decompress_lzss.c.obj (.text:decompress:lzss)
                  00003980    00000074     libclang_rt.builtins.a : comparedf2.c.obj (.text.__gedf2)
                  000039f4    0000000a     dl_common.o (.text.DL_Common_delayCycles)
                  000039fe    00000002     --HOLE-- [fill = 0]
                  00003a00    00000074     libclang_rt.builtins.a : truncdfsf2.S.obj (.text.__truncdfsf2)
                  00003a74    0000006c     ti_msp_dl_config.o (.text.SYSCFG_DL_ADC_MIC_JOY_init)
                  00003ae0    0000006c     ti_msp_dl_config.o (.text.SYSCFG_DL_PWM_AUDIO_init)
                  00003b4c    00000068     libclang_rt.builtins.a : comparedf2.c.obj (.text.__ledf2)
                  00003bb4    00000066     libc.a : _printfi.c.obj (.text._mcpy)
                  00003c1a    00000002     --HOLE-- [fill = 0]
                  00003c1c    00000062     libclang_rt.builtins.a : aeabi_dcmp.S.obj (.text.__aeabi_dcmp)
                  00003c7e    00000002     --HOLE-- [fill = 0]
                  00003c80    00000062                            : aeabi_fcmp.S.obj (.text.__aeabi_fcmp)
                  00003ce2    00000062     libc.a : memset16.S.obj (.text:memset)
                  00003d44    00000060     main.o (.text.delay_ms)
                  00003da4    0000005c     libc.a : s_frexp.c.obj (.text.frexp)
                  00003e00    0000005a     lcd_driver.o (.text.LCD_DrawRect)
                  00003e5a    00000058     libc.a : _ltoa.c.obj (.text.__TI_ltoa)
                  00003eb2    00000058            : _printfi.c.obj (.text._pconv_f)
                  00003f0a    00000002     --HOLE-- [fill = 0]
                  00003f0c    00000056     libclang_rt.builtins.a : aeabi_idivmod.S.obj (.text.__aeabi_idivmod)
                  00003f62    00000002     --HOLE-- [fill = 0]
                  00003f64    00000054     main.o (.text.GPIOA_IRQHandler)
                  00003fb8    00000054     ti_msp_dl_config.o (.text.SYSCFG_DL_I2C_SENSORS_init)
                  0000400c    00000052     libc.a : _printfi.c.obj (.text._ecpy)
                  0000405e    00000002     --HOLE-- [fill = 0]
                  00004060    0000004c     ti_msp_dl_config.o (.text.SYSCFG_DL_SPI_LCD_init)
                  000040ac    0000004c     ti_msp_dl_config.o (.text.SYSCFG_DL_TIMER_SAMPLE_init)
                  000040f8    0000004c     libc.a : snprintf.c.obj (.text.snprintf)
                  00004144    0000004a     libclang_rt.builtins.a : fixdfsi.S.obj (.text.__fixdfsi)
                  0000418e    00000002     --HOLE-- [fill = 0]
                  00004190    00000044     dl_spi.o (.text.DL_SPI_init)
                  000041d4    00000044     ti_msp_dl_config.o (.text.SYSCFG_DL_init)
                  00004218    00000042     libclang_rt.builtins.a : fixunsdfsi.S.obj (.text.__fixunsdfsi)
                  0000425a    00000002     --HOLE-- [fill = 0]
                  0000425c    00000040     dl_adc12.o (.text.DL_ADC12_setClockConfig)
                  0000429c    00000040     ti_msp_dl_config.o (.text.SYSCFG_DL_SYSCTL_init)
                  000042dc    00000040     libclang_rt.builtins.a : aeabi_uidivmod.S.obj (.text.__aeabi_uidivmod)
                  0000431c    00000040                            : extendsfdf2.S.obj (.text.__extendsfdf2)
                  0000435c    00000040     libc.a : atoi.c.obj (.text.atoi)
                  0000439c    0000003c     main.o (.text.ADC0_IRQHandler)
                  000043d8    0000003c     main.o (.text.ADC1_IRQHandler)
                  00004414    0000003c     libclang_rt.builtins.a : floatsisf.S.obj (.text.__floatsisf)
                  00004450    0000003c                            : comparesf2.S.obj (.text.__gtsf2)
                  0000448c    0000003c     libc.a : autoinit.c.obj (.text:__TI_auto_init_nobinit_nopinit)
                  000044c8    0000003a     libclang_rt.builtins.a : comparesf2.S.obj (.text.__eqsf2)
                  00004502    00000002     --HOLE-- [fill = 0]
                  00004504    0000003a                            : muldsi3.S.obj (.text.__muldsi3)
                  0000453e    00000002     --HOLE-- [fill = 0]
                  00004540    00000038                            : fixsfsi.S.obj (.text.__fixsfsi)
                  00004578    00000030     libc.a : _printfi.c.obj (.text._fcpy)
                  000045a8    00000030            : snprintf.c.obj (.text._outs)
                  000045d8    0000002e     lcd_driver.o (.text.LCD_DrawString)
                  00004606    00000002     --HOLE-- [fill = 0]
                  00004608    0000002c     libclang_rt.builtins.a : floatsidf.S.obj (.text.__floatsidf)
                  00004634    00000028                            : floatunsisf.S.obj (.text.__floatunsisf)
                  0000465c    00000028     libc.a : boot_cortex_m.c.obj (.text:_c_int00_noargs)
                  00004684    00000026     dl_i2c.o (.text.DL_I2C_setClockConfig)
                  000046aa    00000002     --HOLE-- [fill = 0]
                  000046ac    00000024     libclang_rt.builtins.a : muldi3.S.obj (.text.__muldi3)
                  000046d0    00000022     dl_vref.o (.text.DL_VREF_configReference)
                  000046f2    00000022     libc.a : memccpy.c.obj (.text.memccpy)
                  00004714    0000001e     libclang_rt.builtins.a : ashldi3.S.obj (.text.__ashldi3)
                  00004732    00000002     --HOLE-- [fill = 0]
                  00004734    0000001c     dl_timer.o (.text.DL_Timer_setCaptCompUpdateMethod)
                  00004750    0000001c     dl_timer.o (.text.DL_Timer_setClockConfig)
                  0000476c    0000001c     ti_msp_dl_config.o (.text.SYSCFG_DL_VREF_init)
                  00004788    00000018     dl_timer.o (.text.DL_Timer_setCaptureCompareOutCtl)
                  000047a0    00000018     libc.a : snprintf.c.obj (.text._outc)
                  000047b8    00000016            : k_rem_pio2.c.obj (.text.OUTLINED_FUNCTION_0)
                  000047ce    00000002     --HOLE-- [fill = 0]
                  000047d0    00000010     libclang_rt.builtins.a : adddf3.S.obj (.tramp.__aeabi_dadd.1)
                  000047e0    00000016     libc.a : copy_zero_init.c.obj (.text:decompress:ZI:__TI_zero_init_nomemset)
                  000047f6    00000002     --HOLE-- [fill = 0]
                  000047f8    00000014     libclang_rt.builtins.a : aeabi_uldivmod.S.obj (.text.__aeabi_uldivmod)
                  0000480c    00000014     libc.a : _printfi.c.obj (.text.strchr)
                  00004820    00000012     dl_spi.o (.text.DL_SPI_setClockConfig)
                  00004832    00000012     libc.a : copy_decompress_none.c.obj (.text:decompress:none)
                  00004844    00000010     dl_timer.o (.text.DL_Timer_setCaptureCompareValue)
                  00004854    00000010     libc.a : k_rem_pio2.c.obj (.text.OUTLINED_FUNCTION_2)
                  00004864    00000010            : wcslen.c.obj (.text.wcslen)
                  00004874    0000000e     libclang_rt.builtins.a : aeabi_memset.S.obj (.text.__aeabi_memset)
                  00004882    0000000e     libc.a : _printfi.c.obj (.text.strlen)
                  00004890    0000000a            : _printfi.c.obj (.text.OUTLINED_FUNCTION_0)
                  0000489a    00000002     --HOLE-- [fill = 0]
                  0000489c    00000010     libclang_rt.builtins.a : adddf3.S.obj (.tramp.__aeabi_dsub.1)
                  000048ac    0000000a     libc.a : _printfi.c.obj (.text.OUTLINED_FUNCTION_1)
                  000048b6    0000000a            : k_rem_pio2.c.obj (.text.OUTLINED_FUNCTION_1)
                  000048c0    0000000a            : s_sinf.c.obj (.text.OUTLINED_FUNCTION_3)
                  000048ca    00000002     --HOLE-- [fill = 0]
                  000048cc    00000008            : aeabi_portable.c.obj (.text.__aeabi_errno_addr)
                  000048d4    00000008     libclang_rt.builtins.a : aeabi_memcpy.S.obj (.text.__aeabi_memcpy)
                  000048dc    00000006     libc.a : s_sinf.c.obj (.text.OUTLINED_FUNCTION_0)
                  000048e2    00000002     --HOLE-- [fill = 0]
                  000048e4    00000010     libclang_rt.builtins.a : muldf3.S.obj (.tramp.__aeabi_dmul.1)
                  000048f4    00000006     libc.a : s_sinf.c.obj (.text.OUTLINED_FUNCTION_1)
                  000048fa    00000006     startup_mspm0g350x_ticlang.o (.text.ResetISR)
                  00004900    00000006     libc.a : exit.c.obj (.text:abort)
                  00004906    00000004     libsysbm.a : hostexit.c.obj (.text.HOSTexit)
                  0000490a    00000004     libc.a : s_sinf.c.obj (.text.OUTLINED_FUNCTION_2)
                  0000490e    00000004            : pre_init.c.obj (.text._system_pre_init)
                  00004912    0000000e     --HOLE-- [fill = 0]

.cinit     0    00004fb0    00000040     
                  00004fb0    00000017     (.cinit..data.load) [load image, compression = lzss]
                  00004fc7    00000001     --HOLE-- [fill = 0]
                  00004fc8    0000000c     (__TI_handler_table)
                  00004fd4    00000008     (.cinit..bss.load) [load image, compression = zero_init]
                  00004fdc    00000010     (__TI_cinit_table)
                  00004fec    00000004     --HOLE-- [fill = 0]

.rodata    0    00004920    00000690     
                  00004920    00000200     main.o (.rodata.sine_table)
                  00004b20    00000127     lcd_driver.o (.rodata.font_5x7)
                  00004c47    00000001     --HOLE-- [fill = 0]
                  00004c48    00000108     libc.a : k_rem_pio2.c.obj (.rodata.ipio2)
                  00004d50    00000101            : aeabi_ctype.S.obj (.rodata:__aeabi_ctype_table_)
                  00004e51    00000007     main.o (.rodata.str1.12180500075719773345.1)
                  00004e58    00000040     libc.a : k_rem_pio2.c.obj (.rodata.PIo2)
                  00004e98    00000014     ti_msp_dl_config.o (.rodata.gTIMER_SAMPLETimerConfig)
                  00004eac    00000012     main.o (.rodata.str1.8108965883388295311.1)
                  00004ebe    00000011     libc.a : _printfi.c.obj (.rodata.str1.10348868589481759720.1)
                  00004ecf    00000011            : _printfi.c.obj (.rodata.str1.15363888844622738466.1)
                  00004ee0    00000010     main.o (.rodata..L__const.Update_Display.wave_names)
                  00004ef0    00000010     libc.a : k_rem_pio2.c.obj (.rodata.cst16)
                  00004f00    00000010     main.o (.rodata.cst16)
                  00004f10    0000000e     main.o (.rodata.str1.9059077390166914652.1)
                  00004f1e    0000000c     main.o (.rodata.str1.8154729771448623357.1)
                  00004f2a    0000000b     main.o (.rodata.str1.15159059442110792349.1)
                  00004f35    0000000b     main.o (.rodata.str1.16265332423659789559.1)
                  00004f40    0000000b     main.o (.rodata.str1.7702501944640899365.1)
                  00004f4b    00000001     --HOLE-- [fill = 0]
                  00004f4c    0000000a     ti_msp_dl_config.o (.rodata.gSPI_LCD_config)
                  00004f56    0000000a     main.o (.rodata.str1.15996357275703397564.1)
                  00004f60    00000008     ti_msp_dl_config.o (.rodata.gADC_ACCELClockConfig)
                  00004f68    00000008     ti_msp_dl_config.o (.rodata.gADC_MIC_JOYClockConfig)
                  00004f70    00000008     ti_msp_dl_config.o (.rodata.gPWM_AUDIOConfig)
                  00004f78    00000008     ti_msp_dl_config.o (.rodata.gVREFConfig)
                  00004f80    00000008     main.o (.rodata.str1.14402440632258215044.1)
                  00004f88    00000008     main.o (.rodata.str1.2123964117280943167.1)
                  00004f90    00000007     main.o (.rodata.str1.17100691992556644108.1)
                  00004f97    00000005     main.o (.rodata.str1.2846389346932560359.1)
                  00004f9c    00000004     main.o (.rodata.str1.14112174005742061988.1)
                  00004fa0    00000004     main.o (.rodata.str1.288608917962107522.1)
                  00004fa4    00000003     ti_msp_dl_config.o (.rodata.gPWM_AUDIOClockConfig)
                  00004fa7    00000003     ti_msp_dl_config.o (.rodata.gTIMER_SAMPLEClockConfig)
                  00004faa    00000002     ti_msp_dl_config.o (.rodata.gI2C_SENSORSClockConfig)
                  00004fac    00000002     ti_msp_dl_config.o (.rodata.gSPI_LCD_clockConfig)
                  00004fae    00000002     --HOLE-- [fill = 0]

.init_array 
*          0    00000000    00000000     UNINITIALIZED

.binit     0    00000000    00000000     

.bss       0    20200000    000002c8     UNINITIALIZED
                  20200000    00000200     startup_mspm0g350x_ticlang.o (.bss.stack)
                  20200200    000000a0     (.common:gTIMER_SAMPLEBackup)
                  202002a0    00000028     (.common:gSPI_LCDBackup)

.data      0    202002c8    00000037     UNINITIALIZED
                  202002c8    00000020     main.o (.data.g_synthState)
                  202002e8    00000004     main.o (.data.Process_Input.last_update)
                  202002ec    00000004     libc.a : aeabi_portable.c.obj (.data.__aeabi_errno)
                  202002f0    00000004     main.o (.data.main.last_display)
                  202002f4    00000004     main.o (.data.phase)
                  202002f8    00000004     main.o (.data.phase_increment)
                  202002fc    00000001     main.o (.data.Process_Input.last_joy)
                  202002fd    00000001     main.o (.data.Process_Input.last_s1)
                  202002fe    00000001     main.o (.data.Process_Input.last_s2)

.stack     0    20207e00    00000200     UNINITIALIZED
                  20207e00    00000004     libc.a : boot_cortex_m.c.obj (.stack)
                  20207e04    000001fc     --HOLE--

__llvm_prf_cnts 
*          0    20200000    00000000     UNINITIALIZED

__llvm_prf_bits 
*          0    20200000    00000000     UNINITIALIZED

MODULE SUMMARY

       Module                         code    ro data   rw data
       ------                         ----    -------   -------
    .\
       main.o                         1428    674       51     
       ti_msp_dl_config.o             1084    72        200    
       startup_mspm0g350x_ticlang.o   8       192       512    
    +--+------------------------------+-------+---------+---------+
       Total:                         2520    938       763    
                                                               
    .\lcd\
       lcd_driver.o                   3656    295       0      
    +--+------------------------------+-------+---------+---------+
       Total:                         3656    295       0      
                                                               
    .\ti\driverlib\
       dl_timer.o                     608     0         0      
       dl_spi.o                       86      0         0      
       dl_adc12.o                     64      0         0      
       dl_i2c.o                       38      0         0      
       dl_vref.o                      34      0         0      
       dl_common.o                    10      0         0      
    +--+------------------------------+-------+---------+---------+
       Total:                         840     0         0      
                                                               
    C:\ti\ccs2040\ccs\tools\compiler\ti-cgt-armllvm_4.0.4.LTS\lib\armv6m-ti-none-eabi/c/libc.a
       _printfi.c.obj                 4510    34        0      
       k_rem_pio2.c.obj               1652    344       0      
       s_sinf.c.obj                   810     0         0      
       s_floor.c.obj                  324     0         0      
       aeabi_ctype.S.obj              0       257       0      
       s_scalbn.c.obj                 216     0         0      
       memcpy16.S.obj                 154     0         0      
       snprintf.c.obj                 148     0         0      
       copy_decompress_lzss.c.obj     124     0         0      
       memset16.S.obj                 98      0         0      
       s_frexp.c.obj                  92      0         0      
       _ltoa.c.obj                    88      0         0      
       atoi.c.obj                     64      0         0      
       autoinit.c.obj                 60      0         0      
       boot_cortex_m.c.obj            40      0         0      
       memccpy.c.obj                  34      0         0      
       copy_zero_init.c.obj           22      0         0      
       copy_decompress_none.c.obj     18      0         0      
       wcslen.c.obj                   16      0         0      
       aeabi_portable.c.obj           8       0         4      
       exit.c.obj                     6       0         0      
       pre_init.c.obj                 4       0         0      
    +--+------------------------------+-------+---------+---------+
       Total:                         8488    635       4      
                                                               
    C:\ti\ccs2040\ccs\tools\compiler\ti-cgt-armllvm_4.0.4.LTS\lib\armv6m-ti-none-eabi/c/libsysbm.a
       hostexit.c.obj                 4       0         0      
    +--+------------------------------+-------+---------+---------+
       Total:                         4       0         0      
                                                               
    C:\ti\ccs2040\ccs\tools\compiler\ti-cgt-armllvm_4.0.4.LTS\lib\armv6m-ti-none-eabi/libclang_rt.builtins.a
       adddf3.S.obj                   434     0         0      
       divdf3.S.obj                   268     0         0      
       muldf3.S.obj                   244     0         0      
       comparedf2.c.obj               220     0         0      
       addsf3.S.obj                   216     0         0      
       udivmoddi4.S.obj               162     0         0      
       mulsf3.S.obj                   140     0         0      
       divsf3.S.obj                   130     0         0      
       comparesf2.S.obj               118     0         0      
       truncdfsf2.S.obj               116     0         0      
       aeabi_dcmp.S.obj               98      0         0      
       aeabi_fcmp.S.obj               98      0         0      
       aeabi_idivmod.S.obj            86      0         0      
       fixdfsi.S.obj                  74      0         0      
       fixunsdfsi.S.obj               66      0         0      
       aeabi_uidivmod.S.obj           64      0         0      
       extendsfdf2.S.obj              64      0         0      
       floatsisf.S.obj                60      0         0      
       muldsi3.S.obj                  58      0         0      
       fixsfsi.S.obj                  56      0         0      
       floatsidf.S.obj                44      0         0      
       floatunsisf.S.obj              40      0         0      
       muldi3.S.obj                   36      0         0      
       ashldi3.S.obj                  30      0         0      
       aeabi_uldivmod.S.obj           20      0         0      
       aeabi_memset.S.obj             14      0         0      
       aeabi_memcpy.S.obj             8       0         0      
       aeabi_div0.c.obj               4       0         0      
    +--+------------------------------+-------+---------+---------+
       Total:                         2968    0         0      
                                                               
       Stack:                         0       0         512    
       Linker Generated:              0       59        0      
    +--+------------------------------+-------+---------+---------+
       Grand Total:                   18476   1927      1279   


LINKER GENERATED COPY TABLES

__TI_cinit_table @ 00004fdc records: 2, size/record: 8, table size: 16
	.data: load addr=00004fb0, load size=00000017 bytes, run addr=202002c8, run size=00000037 bytes, compression=lzss
	.bss: load addr=00004fd4, load size=00000008 bytes, run addr=20200000, run size=000002c8 bytes, compression=zero_init


LINKER GENERATED HANDLER TABLE

__TI_handler_table @ 00004fc8 records: 3, size/record: 4, table size: 12
	index: 0, handler: __TI_decompress_lzss
	index: 1, handler: __TI_decompress_none
	index: 2, handler: __TI_zero_init


FAR CALL TRAMPOLINES

callee name               trampoline name
   callee addr  tramp addr   call addr  call info
--------------  -----------  ---------  ----------------
__aeabi_dadd              $Tramp$TT$L$PI$$__aeabi_dadd
   00001f9f     000047d0     000047cc   libc.a : k_rem_pio2.c.obj (.text.OUTLINED_FUNCTION_0)
                             000048be          : k_rem_pio2.c.obj (.text.OUTLINED_FUNCTION_1)
                             000048c8          : s_sinf.c.obj (.text.OUTLINED_FUNCTION_3)
__aeabi_dsub              $Tramp$TT$L$PI$$__aeabi_dsub
   00001f95     0000489c     00004898   libc.a : _printfi.c.obj (.text.OUTLINED_FUNCTION_0)
__aeabi_dmul              $Tramp$TT$L$PI$$__aeabi_dmul
   00002f6d     000048e4     000048e0   libc.a : s_sinf.c.obj (.text.OUTLINED_FUNCTION_0)
                             000048f8          : s_sinf.c.obj (.text.OUTLINED_FUNCTION_1)

[3 trampolines]
[6 trampoline calls]


GLOBAL SYMBOLS: SORTED ALPHABETICALLY BY Name 

address   name                            
-------   ----                            
0000439d  ADC0_IRQHandler                 
000043d9  ADC1_IRQHandler                 
00002127  AES_IRQHandler                  
00004906  C$$EXIT                         
00002127  CANFD0_IRQHandler               
0000425d  DL_ADC12_setClockConfig         
000039f5  DL_Common_delayCycles           
00004685  DL_I2C_setClockConfig           
00004191  DL_SPI_init                     
00004821  DL_SPI_setClockConfig           
00002d6d  DL_Timer_initFourCCPWMMode      
00002e71  DL_Timer_initTimerMode          
00004735  DL_Timer_setCaptCompUpdateMethod
00004789  DL_Timer_setCaptureCompareOutCtl
00004845  DL_Timer_setCaptureCompareValue 
00004751  DL_Timer_setClockConfig         
000046d1  DL_VREF_configReference         
00002127  DMA_IRQHandler                  
00002127  Default_Handler                 
00003f65  GPIOA_IRQHandler                
00002127  GPIOB_IRQHandler                
00002127  GROUP0_IRQHandler               
00004907  HOSTexit                        
00002127  HardFault_Handler               
00002127  I2C0_IRQHandler                 
00002127  I2C1_IRQHandler                 
00002127  I2C2_IRQHandler                 
00002a2d  LCD_Clear                       
000027dd  LCD_DrawChar                    
0000144d  LCD_DrawLine                    
00003e01  LCD_DrawRect                    
000045d9  LCD_DrawString                  
000010d5  LCD_DrawWaveform                
000033b5  LCD_FillCircle                  
00002129  LCD_FillRect                    
000022a9  LCD_Init                        
00002127  NMI_Handler                     
00002127  PendSV_Handler                  
00002127  RTC_IRQHandler                  
000048fb  ResetISR                        
00002127  SPI0_IRQHandler                 
00002127  SPI1_IRQHandler                 
00002127  SVC_Handler                     
0000380d  SYSCFG_DL_ADC_ACCEL_init        
00003a75  SYSCFG_DL_ADC_MIC_JOY_init      
00003051  SYSCFG_DL_GPIO_init             
00003fb9  SYSCFG_DL_I2C_SENSORS_init      
00003ae1  SYSCFG_DL_PWM_AUDIO_init        
00004061  SYSCFG_DL_SPI_LCD_init          
0000429d  SYSCFG_DL_SYSCTL_init           
000040ad  SYSCFG_DL_TIMER_SAMPLE_init     
0000476d  SYSCFG_DL_VREF_init             
000041d5  SYSCFG_DL_init                  
00003889  SYSCFG_DL_initPower             
00002127  SysTick_Handler                 
00002127  TIMG0_IRQHandler                
00002127  TIMG12_IRQHandler               
00002127  TIMG14_IRQHandler               
00002127  TIMG4_IRQHandler                
00002127  TIMG6_IRQHandler                
000032e1  TIMG7_IRQHandler                
00002127  TIMG8_IRQHandler                
00002127  UART0_IRQHandler                
00002127  UART1_IRQHandler                
00002127  UART2_IRQHandler                
00002127  UART3_IRQHandler                
20208000  __STACK_END                     
00000200  __STACK_SIZE                    
00000000  __TI_ATRegion0_region_sz        
00000000  __TI_ATRegion0_src_addr         
00000000  __TI_ATRegion0_trg_addr         
00000000  __TI_ATRegion1_region_sz        
00000000  __TI_ATRegion1_src_addr         
00000000  __TI_ATRegion1_trg_addr         
00000000  __TI_ATRegion2_region_sz        
00000000  __TI_ATRegion2_src_addr         
00000000  __TI_ATRegion2_trg_addr         
00004fdc  __TI_CINIT_Base                 
00004fec  __TI_CINIT_Limit                
00004fec  __TI_CINIT_Warm                 
00004fc8  __TI_Handler_Table_Base         
00004fd4  __TI_Handler_Table_Limit        
0000448d  __TI_auto_init_nobinit_nopinit  
00003905  __TI_decompress_lzss            
00004833  __TI_decompress_none            
00003e5b  __TI_ltoa                       
ffffffff  __TI_pprof_out_hndl             
000000c1  __TI_printfi                    
ffffffff  __TI_prof_data_size             
ffffffff  __TI_prof_data_start            
00000000  __TI_static_base__              
000047e1  __TI_zero_init_nomemset         
00001f9f  __adddf3                        
00003213  __addsf3                        
00004d50  __aeabi_ctype_table_            
00004d50  __aeabi_ctype_table_C           
00003a01  __aeabi_d2f                     
00004145  __aeabi_d2iz                    
00004219  __aeabi_d2uiz                   
00001f9f  __aeabi_dadd                    
00003c1d  __aeabi_dcmpeq                  
00003c59  __aeabi_dcmpge                  
00003c6d  __aeabi_dcmpgt                  
00003c45  __aeabi_dcmple                  
00003c31  __aeabi_dcmplt                  
00002c61  __aeabi_ddiv                    
00002f6d  __aeabi_dmul                    
00001f95  __aeabi_dsub                    
202002ec  __aeabi_errno                   
000048cd  __aeabi_errno_addr              
0000431d  __aeabi_f2d                     
00004541  __aeabi_f2iz                    
00003213  __aeabi_fadd                    
00003c81  __aeabi_fcmpeq                  
00003cbd  __aeabi_fcmpge                  
00003cd1  __aeabi_fcmpgt                  
00003ca9  __aeabi_fcmple                  
00003c95  __aeabi_fcmplt                  
00003789  __aeabi_fdiv                    
000036fd  __aeabi_fmul                    
00003209  __aeabi_fsub                    
00004609  __aeabi_i2d                     
00004415  __aeabi_i2f                     
00003f0d  __aeabi_idiv                    
000035c3  __aeabi_idiv0                   
00003f0d  __aeabi_idivmod                 
000036fb  __aeabi_ldiv0                   
00004715  __aeabi_llsl                    
000046ad  __aeabi_lmul                    
000048d5  __aeabi_memcpy                  
000048d5  __aeabi_memcpy4                 
000048d5  __aeabi_memcpy8                 
00004875  __aeabi_memset                  
00004875  __aeabi_memset4                 
00004875  __aeabi_memset8                 
00004635  __aeabi_ui2f                    
000042dd  __aeabi_uidiv                   
000042dd  __aeabi_uidivmod                
000047f9  __aeabi_uldivmod                
00004715  __ashldi3                       
ffffffff  __binit__                       
00003b4d  __cmpdf2                        
000044c9  __cmpsf2                        
00002c61  __divdf3                        
00003789  __divsf3                        
00003b4d  __eqdf2                         
000044c9  __eqsf2                         
0000431d  __extendsfdf2                   
00004145  __fixdfsi                       
00004541  __fixsfsi                       
00004219  __fixunsdfsi                    
00004609  __floatsidf                     
00004415  __floatsisf                     
00004635  __floatunsisf                   
00003981  __gedf2                         
00004451  __gesf2                         
00003981  __gtdf2                         
00004451  __gtsf2                         
00000a91  __kernel_rem_pio2               
00003b4d  __ledf2                         
000044c9  __lesf2                         
00003b4d  __ltdf2                         
000044c9  __ltsf2                         
UNDEFED   __mpu_init                      
00002f6d  __muldf3                        
000046ad  __muldi3                        
00004505  __muldsi3                       
000036fd  __mulsf3                        
00003b4d  __nedf2                         
000044c9  __nesf2                         
20207e00  __stack                         
20200000  __start___llvm_prf_bits         
20200000  __start___llvm_prf_cnts         
20200000  __stop___llvm_prf_bits          
20200000  __stop___llvm_prf_cnts          
00001f95  __subdf3                        
00003209  __subsf3                        
00003a01  __truncdfsf2                    
00003521  __udivmoddi4                    
0000465d  _c_int00_noargs                 
UNDEFED   _system_post_cinit              
0000490f  _system_pre_init                
00004901  abort                           
0000435d  atoi                            
ffffffff  binit                           
00003d45  delay_ms                        
0000255d  floor                           
0000255d  floorl                          
00003da5  frexp                           
00003da5  frexpl                          
202002a0  gSPI_LCDBackup                  
20200200  gTIMER_SAMPLEBackup             
202002c8  g_synthState                    
00000000  interruptVectors                
00003131  ldexp                           
00003131  ldexpl                          
00001785  main                            
000046f3  memccpy                         
00003661  memcpy                          
00003ce3  memset                          
00003131  scalbn                          
00003131  scalbnl                         
00001dcd  sinf                            
000040f9  snprintf                        
00004865  wcslen                          


GLOBAL SYMBOLS: SORTED BY Symbol Address 

address   name                            
-------   ----                            
00000000  __TI_ATRegion0_region_sz        
00000000  __TI_ATRegion0_src_addr         
00000000  __TI_ATRegion0_trg_addr         
00000000  __TI_ATRegion1_region_sz        
00000000  __TI_ATRegion1_src_addr         
00000000  __TI_ATRegion1_trg_addr         
00000000  __TI_ATRegion2_region_sz        
00000000  __TI_ATRegion2_src_addr         
00000000  __TI_ATRegion2_trg_addr         
00000000  __TI_static_base__              
00000000  interruptVectors                
000000c1  __TI_printfi                    
00000200  __STACK_SIZE                    
00000a91  __kernel_rem_pio2               
000010d5  LCD_DrawWaveform                
0000144d  LCD_DrawLine                    
00001785  main                            
00001dcd  sinf                            
00001f95  __aeabi_dsub                    
00001f95  __subdf3                        
00001f9f  __adddf3                        
00001f9f  __aeabi_dadd                    
00002127  AES_IRQHandler                  
00002127  CANFD0_IRQHandler               
00002127  DMA_IRQHandler                  
00002127  Default_Handler                 
00002127  GPIOB_IRQHandler                
00002127  GROUP0_IRQHandler               
00002127  HardFault_Handler               
00002127  I2C0_IRQHandler                 
00002127  I2C1_IRQHandler                 
00002127  I2C2_IRQHandler                 
00002127  NMI_Handler                     
00002127  PendSV_Handler                  
00002127  RTC_IRQHandler                  
00002127  SPI0_IRQHandler                 
00002127  SPI1_IRQHandler                 
00002127  SVC_Handler                     
00002127  SysTick_Handler                 
00002127  TIMG0_IRQHandler                
00002127  TIMG12_IRQHandler               
00002127  TIMG14_IRQHandler               
00002127  TIMG4_IRQHandler                
00002127  TIMG6_IRQHandler                
00002127  TIMG8_IRQHandler                
00002127  UART0_IRQHandler                
00002127  UART1_IRQHandler                
00002127  UART2_IRQHandler                
00002127  UART3_IRQHandler                
00002129  LCD_FillRect                    
000022a9  LCD_Init                        
0000255d  floor                           
0000255d  floorl                          
000027dd  LCD_DrawChar                    
00002a2d  LCD_Clear                       
00002c61  __aeabi_ddiv                    
00002c61  __divdf3                        
00002d6d  DL_Timer_initFourCCPWMMode      
00002e71  DL_Timer_initTimerMode          
00002f6d  __aeabi_dmul                    
00002f6d  __muldf3                        
00003051  SYSCFG_DL_GPIO_init             
00003131  ldexp                           
00003131  ldexpl                          
00003131  scalbn                          
00003131  scalbnl                         
00003209  __aeabi_fsub                    
00003209  __subsf3                        
00003213  __addsf3                        
00003213  __aeabi_fadd                    
000032e1  TIMG7_IRQHandler                
000033b5  LCD_FillCircle                  
00003521  __udivmoddi4                    
000035c3  __aeabi_idiv0                   
00003661  memcpy                          
000036fb  __aeabi_ldiv0                   
000036fd  __aeabi_fmul                    
000036fd  __mulsf3                        
00003789  __aeabi_fdiv                    
00003789  __divsf3                        
0000380d  SYSCFG_DL_ADC_ACCEL_init        
00003889  SYSCFG_DL_initPower             
00003905  __TI_decompress_lzss            
00003981  __gedf2                         
00003981  __gtdf2                         
000039f5  DL_Common_delayCycles           
00003a01  __aeabi_d2f                     
00003a01  __truncdfsf2                    
00003a75  SYSCFG_DL_ADC_MIC_JOY_init      
00003ae1  SYSCFG_DL_PWM_AUDIO_init        
00003b4d  __cmpdf2                        
00003b4d  __eqdf2                         
00003b4d  __ledf2                         
00003b4d  __ltdf2                         
00003b4d  __nedf2                         
00003c1d  __aeabi_dcmpeq                  
00003c31  __aeabi_dcmplt                  
00003c45  __aeabi_dcmple                  
00003c59  __aeabi_dcmpge                  
00003c6d  __aeabi_dcmpgt                  
00003c81  __aeabi_fcmpeq                  
00003c95  __aeabi_fcmplt                  
00003ca9  __aeabi_fcmple                  
00003cbd  __aeabi_fcmpge                  
00003cd1  __aeabi_fcmpgt                  
00003ce3  memset                          
00003d45  delay_ms                        
00003da5  frexp                           
00003da5  frexpl                          
00003e01  LCD_DrawRect                    
00003e5b  __TI_ltoa                       
00003f0d  __aeabi_idiv                    
00003f0d  __aeabi_idivmod                 
00003f65  GPIOA_IRQHandler                
00003fb9  SYSCFG_DL_I2C_SENSORS_init      
00004061  SYSCFG_DL_SPI_LCD_init          
000040ad  SYSCFG_DL_TIMER_SAMPLE_init     
000040f9  snprintf                        
00004145  __aeabi_d2iz                    
00004145  __fixdfsi                       
00004191  DL_SPI_init                     
000041d5  SYSCFG_DL_init                  
00004219  __aeabi_d2uiz                   
00004219  __fixunsdfsi                    
0000425d  DL_ADC12_setClockConfig         
0000429d  SYSCFG_DL_SYSCTL_init           
000042dd  __aeabi_uidiv                   
000042dd  __aeabi_uidivmod                
0000431d  __aeabi_f2d                     
0000431d  __extendsfdf2                   
0000435d  atoi                            
0000439d  ADC0_IRQHandler                 
000043d9  ADC1_IRQHandler                 
00004415  __aeabi_i2f                     
00004415  __floatsisf                     
00004451  __gesf2                         
00004451  __gtsf2                         
0000448d  __TI_auto_init_nobinit_nopinit  
000044c9  __cmpsf2                        
000044c9  __eqsf2                         
000044c9  __lesf2                         
000044c9  __ltsf2                         
000044c9  __nesf2                         
00004505  __muldsi3                       
00004541  __aeabi_f2iz                    
00004541  __fixsfsi                       
000045d9  LCD_DrawString                  
00004609  __aeabi_i2d                     
00004609  __floatsidf                     
00004635  __aeabi_ui2f                    
00004635  __floatunsisf                   
0000465d  _c_int00_noargs                 
00004685  DL_I2C_setClockConfig           
000046ad  __aeabi_lmul                    
000046ad  __muldi3                        
000046d1  DL_VREF_configReference         
000046f3  memccpy                         
00004715  __aeabi_llsl                    
00004715  __ashldi3                       
00004735  DL_Timer_setCaptCompUpdateMethod
00004751  DL_Timer_setClockConfig         
0000476d  SYSCFG_DL_VREF_init             
00004789  DL_Timer_setCaptureCompareOutCtl
000047e1  __TI_zero_init_nomemset         
000047f9  __aeabi_uldivmod                
00004821  DL_SPI_setClockConfig           
00004833  __TI_decompress_none            
00004845  DL_Timer_setCaptureCompareValue 
00004865  wcslen                          
00004875  __aeabi_memset                  
00004875  __aeabi_memset4                 
00004875  __aeabi_memset8                 
000048cd  __aeabi_errno_addr              
000048d5  __aeabi_memcpy                  
000048d5  __aeabi_memcpy4                 
000048d5  __aeabi_memcpy8                 
000048fb  ResetISR                        
00004901  abort                           
00004906  C$$EXIT                         
00004907  HOSTexit                        
0000490f  _system_pre_init                
00004d50  __aeabi_ctype_table_            
00004d50  __aeabi_ctype_table_C           
00004fc8  __TI_Handler_Table_Base         
00004fd4  __TI_Handler_Table_Limit        
00004fdc  __TI_CINIT_Base                 
00004fec  __TI_CINIT_Limit                
00004fec  __TI_CINIT_Warm                 
20200000  __start___llvm_prf_bits         
20200000  __start___llvm_prf_cnts         
20200000  __stop___llvm_prf_bits          
20200000  __stop___llvm_prf_cnts          
20200200  gTIMER_SAMPLEBackup             
202002a0  gSPI_LCDBackup                  
202002c8  g_synthState                    
202002ec  __aeabi_errno                   
20207e00  __stack                         
20208000  __STACK_END                     
ffffffff  __TI_pprof_out_hndl             
ffffffff  __TI_prof_data_size             
ffffffff  __TI_prof_data_start            
ffffffff  __binit__                       
ffffffff  binit                           
UNDEFED   __mpu_init                      
UNDEFED   _system_post_cinit              

[205 symbols]
