******************************************************************************
            TI ARM Clang Linker PC v4.0.4                      
******************************************************************************
>> Linked Thu Dec 18 16:17:01 2025

OUTPUT FILE NAME:   <Motion_Music_studio.out>
ENTRY POINT SYMBOL: "_c_int00_noargs"  address: 000010c5


MEMORY CONFIGURATION

         name            origin    length      used     unused   attr    fill
----------------------  --------  ---------  --------  --------  ----  --------
  FLASH                 00000000   00008000  00001470  00006b90  R  X
  SRAM                  20200000   00004000  000004f6  00003b0a  RW X
  BCR_CONFIG            41c00000   000000ff  00000000  000000ff  R   
  BSL_CONFIG            41c00100   00000080  00000000  00000080  R   


SEGMENT ALLOCATION MAP

run origin  load origin   length   init length attrs members
----------  ----------- ---------- ----------- ----- -------
00000000    00000000    00001470   00001470    r-x
  00000000    00000000    000000c0   000000c0    r-- .intvecs
  000000c0    000000c0    00001130   00001130    r-x .text
  000011f0    000011f0    00000248   00000248    r-- .rodata
  00001438    00001438    00000038   00000038    r-- .cinit
20200000    20200000    000002f6   00000000    rw-
  20200000    20200000    000002c8   00000000    rw- .bss
  202002c8    202002c8    0000002e   00000000    rw- .data
20203e00    20203e00    00000200   00000000    rw-
  20203e00    20203e00    00000200   00000000    rw- .stack


SECTION ALLOCATION MAP

 output                                  attributes/
section   page    origin      length       input sections
--------  ----  ----------  ----------   ----------------
.intvecs   0    00000000    000000c0     
                  00000000    000000c0     startup_mspm0g350x_ticlang.o (.intvecs)

.text      0    000000c0    00001130     
                  000000c0    000001d4     main.o (.text.main)
                  00000294    0000010c     libclang_rt.builtins.a : divdf3.S.obj (.text.__divdf3)
                  000003a0    00000104     dl_timer.o (.text.DL_Timer_initFourCCPWMMode)
                  000004a4    000000fc     dl_timer.o (.text.DL_Timer_initTimerMode)
                  000005a0    000000e4     libclang_rt.builtins.a : muldf3.S.obj (.text.__muldf3)
                  00000684    000000d8                            : addsf3.S.obj (.text)
                  0000075c    000000d0     ti_msp_dl_config.o (.text.SYSCFG_DL_GPIO_init)
                  0000082c    0000009a     libc.a : memcpy16.S.obj (.text:memcpy)
                  000008c6    00000002     startup_mspm0g350x_ticlang.o (.text.Default_Handler)
                  000008c8    00000094     ti_msp_dl_config.o (.text.SYSCFG_DL_PWM_AUDIO_init)
                  0000095c    0000008c     libclang_rt.builtins.a : mulsf3.S.obj (.text.__mulsf3)
                  000009e8    00000084     main.o (.text.TIMG7_IRQHandler)
                  00000a6c    00000082     libclang_rt.builtins.a : divsf3.S.obj (.text.__divsf3)
                  00000aee    00000002                            : aeabi_div0.c.obj (.text.__aeabi_idiv0)
                  00000af0    0000007c     libc.a : copy_decompress_lzss.c.obj (.text:decompress:lzss)
                  00000b6c    00000078     ti_msp_dl_config.o (.text.SYSCFG_DL_ADC_ACCEL_init)
                  00000be4    00000070     ti_msp_dl_config.o (.text.SYSCFG_DL_initPower)
                  00000c54    0000006c     ti_msp_dl_config.o (.text.SYSCFG_DL_ADC_MIC_JOY_init)
                  00000cc0    00000056     libclang_rt.builtins.a : aeabi_idivmod.S.obj (.text.__aeabi_idivmod)
                  00000d16    00000002     --HOLE-- [fill = 0]
                  00000d18    0000004c     ti_msp_dl_config.o (.text.SYSCFG_DL_SPI_LCD_init)
                  00000d64    0000004c     ti_msp_dl_config.o (.text.SYSCFG_DL_TIMER_SAMPLE_init)
                  00000db0    00000044     dl_spi.o (.text.DL_SPI_init)
                  00000df4    00000044     main.o (.text.GPIOA_IRQHandler)
                  00000e38    00000042     libclang_rt.builtins.a : fixunsdfsi.S.obj (.text.__fixunsdfsi)
                  00000e7a    00000002     --HOLE-- [fill = 0]
                  00000e7c    00000040     dl_adc12.o (.text.DL_ADC12_setClockConfig)
                  00000ebc    00000040     ti_msp_dl_config.o (.text.SYSCFG_DL_init)
                  00000efc    00000040     libclang_rt.builtins.a : aeabi_uidivmod.S.obj (.text.__aeabi_uidivmod)
                  00000f3c    00000040                            : extendsfdf2.S.obj (.text.__extendsfdf2)
                  00000f7c    0000003c     main.o (.text.ADC0_IRQHandler)
                  00000fb8    0000003c     main.o (.text.ADC1_IRQHandler)
                  00000ff4    0000003c     libc.a : autoinit.c.obj (.text:__TI_auto_init_nobinit_nopinit)
                  00001030    0000003a     libclang_rt.builtins.a : muldsi3.S.obj (.text.__muldsi3)
                  0000106a    00000002     --HOLE-- [fill = 0]
                  0000106c    00000030     ti_msp_dl_config.o (.text.SYSCFG_DL_SYSCTL_init)
                  0000109c    00000028     libclang_rt.builtins.a : floatunsisf.S.obj (.text.__floatunsisf)
                  000010c4    00000028     libc.a : boot_cortex_m.c.obj (.text:_c_int00_noargs)
                  000010ec    00000022     dl_vref.o (.text.DL_VREF_configReference)
                  0000110e    00000002     --HOLE-- [fill = 0]
                  00001110    0000001c     dl_timer.o (.text.DL_Timer_setCaptCompUpdateMethod)
                  0000112c    0000001c     dl_timer.o (.text.DL_Timer_setClockConfig)
                  00001148    0000001c     ti_msp_dl_config.o (.text.SYSCFG_DL_VREF_init)
                  00001164    00000018     dl_timer.o (.text.DL_Timer_setCaptureCompareOutCtl)
                  0000117c    00000016     libc.a : copy_zero_init.c.obj (.text:decompress:ZI:__TI_zero_init_nomemset)
                  00001192    00000012     dl_spi.o (.text.DL_SPI_setClockConfig)
                  000011a4    00000012     libc.a : copy_decompress_none.c.obj (.text:decompress:none)
                  000011b6    00000002     --HOLE-- [fill = 0]
                  000011b8    00000010     dl_timer.o (.text.DL_Timer_setCaptureCompareValue)
                  000011c8    0000000a     dl_common.o (.text.DL_Common_delayCycles)
                  000011d2    00000002     --HOLE-- [fill = 0]
                  000011d4    00000008     libclang_rt.builtins.a : aeabi_memcpy.S.obj (.text.__aeabi_memcpy)
                  000011dc    00000006     startup_mspm0g350x_ticlang.o (.text.ResetISR)
                  000011e2    00000006     libc.a : exit.c.obj (.text:abort)
                  000011e8    00000004     libsysbm.a : hostexit.c.obj (.text.HOSTexit)
                  000011ec    00000004     libc.a : pre_init.c.obj (.text._system_pre_init)

.cinit     0    00001438    00000038     
                  00001438    00000013     (.cinit..data.load) [load image, compression = lzss]
                  0000144b    00000001     --HOLE-- [fill = 0]
                  0000144c    0000000c     (__TI_handler_table)
                  00001458    00000008     (.cinit..bss.load) [load image, compression = zero_init]
                  00001460    00000010     (__TI_cinit_table)

.rodata    0    000011f0    00000248     
                  000011f0    00000200     main.o (.rodata.sine_table)
                  000013f0    00000014     ti_msp_dl_config.o (.rodata.gTIMER_SAMPLETimerConfig)
                  00001404    0000000a     ti_msp_dl_config.o (.rodata.gSPI_LCD_config)
                  0000140e    00000002     ti_msp_dl_config.o (.rodata.gSPI_LCD_clockConfig)
                  00001410    00000008     ti_msp_dl_config.o (.rodata.gADC_ACCELClockConfig)
                  00001418    00000008     ti_msp_dl_config.o (.rodata.gADC_MIC_JOYClockConfig)
                  00001420    00000008     ti_msp_dl_config.o (.rodata.gPWM_AUDIOConfig)
                  00001428    00000008     ti_msp_dl_config.o (.rodata.gVREFConfig)
                  00001430    00000003     ti_msp_dl_config.o (.rodata.gPWM_AUDIOClockConfig)
                  00001433    00000003     ti_msp_dl_config.o (.rodata.gTIMER_SAMPLEClockConfig)
                  00001436    00000002     --HOLE-- [fill = 0]

.init_array 
*          0    00000000    00000000     UNINITIALIZED

.binit     0    00000000    00000000     

.bss       0    20200000    000002c8     UNINITIALIZED
                  20200000    00000200     startup_mspm0g350x_ticlang.o (.bss.stack)
                  20200200    000000a0     (.common:gTIMER_SAMPLEBackup)
                  202002a0    00000028     (.common:gSPI_LCDBackup)

.data      0    202002c8    0000002e     UNINITIALIZED
                  202002c8    00000020     main.o (.data.g_synthState)
                  202002e8    00000004     main.o (.data.Process_Input.last_update)
                  202002ec    00000004     main.o (.data.phase)
                  202002f0    00000004     main.o (.data.phase_increment)
                  202002f4    00000001     main.o (.data.Process_Input.last_s1)
                  202002f5    00000001     main.o (.data.Process_Input.last_s2)

.stack     0    20203e00    00000200     UNINITIALIZED
                  20203e00    00000004     libc.a : boot_cortex_m.c.obj (.stack)
                  20203e04    000001fc     --HOLE--

__llvm_prf_cnts 
*          0    20200000    00000000     UNINITIALIZED

__llvm_prf_bits 
*          0    20200000    00000000     UNINITIALIZED

MODULE SUMMARY

       Module                         code   ro data   rw data
       ------                         ----   -------   -------
    .\
       main.o                         788    512       46     
       ti_msp_dl_config.o             988    70        200    
       startup_mspm0g350x_ticlang.o   8      192       512    
    +--+------------------------------+------+---------+---------+
       Total:                         1784   774       758    
                                                              
    .\ti\driverlib\
       dl_timer.o                     608    0         0      
       dl_spi.o                       86     0         0      
       dl_adc12.o                     64     0         0      
       dl_vref.o                      34     0         0      
       dl_common.o                    10     0         0      
    +--+------------------------------+------+---------+---------+
       Total:                         802    0         0      
                                                              
    C:\ti\ccs2040\ccs\tools\compiler\ti-cgt-armllvm_4.0.4.LTS\lib\armv6m-ti-none-eabi/c/libc.a
       memcpy16.S.obj                 154    0         0      
       copy_decompress_lzss.c.obj     124    0         0      
       autoinit.c.obj                 60     0         0      
       boot_cortex_m.c.obj            40     0         0      
       copy_zero_init.c.obj           22     0         0      
       copy_decompress_none.c.obj     18     0         0      
       exit.c.obj                     6      0         0      
       pre_init.c.obj                 4      0         0      
    +--+------------------------------+------+---------+---------+
       Total:                         428    0         0      
                                                              
    C:\ti\ccs2040\ccs\tools\compiler\ti-cgt-armllvm_4.0.4.LTS\lib\armv6m-ti-none-eabi/c/libsysbm.a
       hostexit.c.obj                 4      0         0      
    +--+------------------------------+------+---------+---------+
       Total:                         4      0         0      
                                                              
    C:\ti\ccs2040\ccs\tools\compiler\ti-cgt-armllvm_4.0.4.LTS\lib\armv6m-ti-none-eabi/libclang_rt.builtins.a
       divdf3.S.obj                   268    0         0      
       muldf3.S.obj                   228    0         0      
       addsf3.S.obj                   216    0         0      
       mulsf3.S.obj                   140    0         0      
       divsf3.S.obj                   130    0         0      
       aeabi_idivmod.S.obj            86     0         0      
       fixunsdfsi.S.obj               66     0         0      
       aeabi_uidivmod.S.obj           64     0         0      
       extendsfdf2.S.obj              64     0         0      
       muldsi3.S.obj                  58     0         0      
       floatunsisf.S.obj              40     0         0      
       aeabi_memcpy.S.obj             8      0         0      
       aeabi_div0.c.obj               2      0         0      
    +--+------------------------------+------+---------+---------+
       Total:                         1370   0         0      
                                                              
       Stack:                         0      0         512    
       Linker Generated:              0      55        0      
    +--+------------------------------+------+---------+---------+
       Grand Total:                   4388   829       1270   


LINKER GENERATED COPY TABLES

__TI_cinit_table @ 00001460 records: 2, size/record: 8, table size: 16
	.data: load addr=00001438, load size=00000013 bytes, run addr=202002c8, run size=0000002e bytes, compression=lzss
	.bss: load addr=00001458, load size=00000008 bytes, run addr=20200000, run size=000002c8 bytes, compression=zero_init


LINKER GENERATED HANDLER TABLE

__TI_handler_table @ 0000144c records: 3, size/record: 4, table size: 12
	index: 0, handler: __TI_decompress_lzss
	index: 1, handler: __TI_decompress_none
	index: 2, handler: __TI_zero_init


GLOBAL SYMBOLS: SORTED ALPHABETICALLY BY Name 

address   name                            
-------   ----                            
00000f7d  ADC0_IRQHandler                 
00000fb9  ADC1_IRQHandler                 
000008c7  AES_IRQHandler                  
000011e8  C$$EXIT                         
000008c7  CANFD0_IRQHandler               
00000e7d  DL_ADC12_setClockConfig         
000011c9  DL_Common_delayCycles           
00000db1  DL_SPI_init                     
00001193  DL_SPI_setClockConfig           
000003a1  DL_Timer_initFourCCPWMMode      
000004a5  DL_Timer_initTimerMode          
00001111  DL_Timer_setCaptCompUpdateMethod
00001165  DL_Timer_setCaptureCompareOutCtl
000011b9  DL_Timer_setCaptureCompareValue 
0000112d  DL_Timer_setClockConfig         
000010ed  DL_VREF_configReference         
000008c7  DMA_IRQHandler                  
000008c7  Default_Handler                 
00000df5  GPIOA_IRQHandler                
000008c7  GPIOB_IRQHandler                
000008c7  GROUP0_IRQHandler               
000011e9  HOSTexit                        
000008c7  HardFault_Handler               
000008c7  I2C0_IRQHandler                 
000008c7  I2C1_IRQHandler                 
000008c7  I2C2_IRQHandler                 
000008c7  NMI_Handler                     
000008c7  PendSV_Handler                  
000008c7  RTC_IRQHandler                  
000011dd  ResetISR                        
000008c7  SPI0_IRQHandler                 
000008c7  SPI1_IRQHandler                 
000008c7  SVC_Handler                     
00000b6d  SYSCFG_DL_ADC_ACCEL_init        
00000c55  SYSCFG_DL_ADC_MIC_JOY_init      
0000075d  SYSCFG_DL_GPIO_init             
000008c9  SYSCFG_DL_PWM_AUDIO_init        
00000d19  SYSCFG_DL_SPI_LCD_init          
0000106d  SYSCFG_DL_SYSCTL_init           
00000d65  SYSCFG_DL_TIMER_SAMPLE_init     
00001149  SYSCFG_DL_VREF_init             
00000ebd  SYSCFG_DL_init                  
00000be5  SYSCFG_DL_initPower             
000008c7  SysTick_Handler                 
000008c7  TIMG0_IRQHandler                
000008c7  TIMG12_IRQHandler               
000008c7  TIMG14_IRQHandler               
000008c7  TIMG4_IRQHandler                
000008c7  TIMG6_IRQHandler                
000009e9  TIMG7_IRQHandler                
000008c7  TIMG8_IRQHandler                
000008c7  UART0_IRQHandler                
000008c7  UART1_IRQHandler                
000008c7  UART2_IRQHandler                
000008c7  UART3_IRQHandler                
20204000  __STACK_END                     
00000200  __STACK_SIZE                    
00000000  __TI_ATRegion0_region_sz        
00000000  __TI_ATRegion0_src_addr         
00000000  __TI_ATRegion0_trg_addr         
00000000  __TI_ATRegion1_region_sz        
00000000  __TI_ATRegion1_src_addr         
00000000  __TI_ATRegion1_trg_addr         
00000000  __TI_ATRegion2_region_sz        
00000000  __TI_ATRegion2_src_addr         
00000000  __TI_ATRegion2_trg_addr         
00001460  __TI_CINIT_Base                 
00001470  __TI_CINIT_Limit                
00001470  __TI_CINIT_Warm                 
0000144c  __TI_Handler_Table_Base         
00001458  __TI_Handler_Table_Limit        
00000ff5  __TI_auto_init_nobinit_nopinit  
00000af1  __TI_decompress_lzss            
000011a5  __TI_decompress_none            
ffffffff  __TI_pprof_out_hndl             
ffffffff  __TI_prof_data_size             
ffffffff  __TI_prof_data_start            
00000000  __TI_static_base__              
0000117d  __TI_zero_init_nomemset         
0000068f  __addsf3                        
00000e39  __aeabi_d2uiz                   
00000295  __aeabi_ddiv                    
000005a1  __aeabi_dmul                    
00000f3d  __aeabi_f2d                     
0000068f  __aeabi_fadd                    
00000a6d  __aeabi_fdiv                    
0000095d  __aeabi_fmul                    
00000685  __aeabi_fsub                    
00000cc1  __aeabi_idiv                    
00000aef  __aeabi_idiv0                   
00000cc1  __aeabi_idivmod                 
000011d5  __aeabi_memcpy                  
000011d5  __aeabi_memcpy4                 
000011d5  __aeabi_memcpy8                 
0000109d  __aeabi_ui2f                    
00000efd  __aeabi_uidiv                   
00000efd  __aeabi_uidivmod                
ffffffff  __binit__                       
00000295  __divdf3                        
00000a6d  __divsf3                        
00000f3d  __extendsfdf2                   
00000e39  __fixunsdfsi                    
0000109d  __floatunsisf                   
UNDEFED   __mpu_init                      
000005a1  __muldf3                        
00001031  __muldsi3                       
0000095d  __mulsf3                        
20203e00  __stack                         
20200000  __start___llvm_prf_bits         
20200000  __start___llvm_prf_cnts         
20200000  __stop___llvm_prf_bits          
20200000  __stop___llvm_prf_cnts          
00000685  __subsf3                        
000010c5  _c_int00_noargs                 
UNDEFED   _system_post_cinit              
000011ed  _system_pre_init                
000011e3  abort                           
ffffffff  binit                           
202002a0  gSPI_LCDBackup                  
20200200  gTIMER_SAMPLEBackup             
202002c8  g_synthState                    
00000000  interruptVectors                
000000c1  main                            
0000082d  memcpy                          


GLOBAL SYMBOLS: SORTED BY Symbol Address 

address   name                            
-------   ----                            
00000000  __TI_ATRegion0_region_sz        
00000000  __TI_ATRegion0_src_addr         
00000000  __TI_ATRegion0_trg_addr         
00000000  __TI_ATRegion1_region_sz        
00000000  __TI_ATRegion1_src_addr         
00000000  __TI_ATRegion1_trg_addr         
00000000  __TI_ATRegion2_region_sz        
00000000  __TI_ATRegion2_src_addr         
00000000  __TI_ATRegion2_trg_addr         
00000000  __TI_static_base__              
00000000  interruptVectors                
000000c1  main                            
00000200  __STACK_SIZE                    
00000295  __aeabi_ddiv                    
00000295  __divdf3                        
000003a1  DL_Timer_initFourCCPWMMode      
000004a5  DL_Timer_initTimerMode          
000005a1  __aeabi_dmul                    
000005a1  __muldf3                        
00000685  __aeabi_fsub                    
00000685  __subsf3                        
0000068f  __addsf3                        
0000068f  __aeabi_fadd                    
0000075d  SYSCFG_DL_GPIO_init             
0000082d  memcpy                          
000008c7  AES_IRQHandler                  
000008c7  CANFD0_IRQHandler               
000008c7  DMA_IRQHandler                  
000008c7  Default_Handler                 
000008c7  GPIOB_IRQHandler                
000008c7  GROUP0_IRQHandler               
000008c7  HardFault_Handler               
000008c7  I2C0_IRQHandler                 
000008c7  I2C1_IRQHandler                 
000008c7  I2C2_IRQHandler                 
000008c7  NMI_Handler                     
000008c7  PendSV_Handler                  
000008c7  RTC_IRQHandler                  
000008c7  SPI0_IRQHandler                 
000008c7  SPI1_IRQHandler                 
000008c7  SVC_Handler                     
000008c7  SysTick_Handler                 
000008c7  TIMG0_IRQHandler                
000008c7  TIMG12_IRQHandler               
000008c7  TIMG14_IRQHandler               
000008c7  TIMG4_IRQHandler                
000008c7  TIMG6_IRQHandler                
000008c7  TIMG8_IRQHandler                
000008c7  UART0_IRQHandler                
000008c7  UART1_IRQHandler                
000008c7  UART2_IRQHandler                
000008c7  UART3_IRQHandler                
000008c9  SYSCFG_DL_PWM_AUDIO_init        
0000095d  __aeabi_fmul                    
0000095d  __mulsf3                        
000009e9  TIMG7_IRQHandler                
00000a6d  __aeabi_fdiv                    
00000a6d  __divsf3                        
00000aef  __aeabi_idiv0                   
00000af1  __TI_decompress_lzss            
00000b6d  SYSCFG_DL_ADC_ACCEL_init        
00000be5  SYSCFG_DL_initPower             
00000c55  SYSCFG_DL_ADC_MIC_JOY_init      
00000cc1  __aeabi_idiv                    
00000cc1  __aeabi_idivmod                 
00000d19  SYSCFG_DL_SPI_LCD_init          
00000d65  SYSCFG_DL_TIMER_SAMPLE_init     
00000db1  DL_SPI_init                     
00000df5  GPIOA_IRQHandler                
00000e39  __aeabi_d2uiz                   
00000e39  __fixunsdfsi                    
00000e7d  DL_ADC12_setClockConfig         
00000ebd  SYSCFG_DL_init                  
00000efd  __aeabi_uidiv                   
00000efd  __aeabi_uidivmod                
00000f3d  __aeabi_f2d                     
00000f3d  __extendsfdf2                   
00000f7d  ADC0_IRQHandler                 
00000fb9  ADC1_IRQHandler                 
00000ff5  __TI_auto_init_nobinit_nopinit  
00001031  __muldsi3                       
0000106d  SYSCFG_DL_SYSCTL_init           
0000109d  __aeabi_ui2f                    
0000109d  __floatunsisf                   
000010c5  _c_int00_noargs                 
000010ed  DL_VREF_configReference         
00001111  DL_Timer_setCaptCompUpdateMethod
0000112d  DL_Timer_setClockConfig         
00001149  SYSCFG_DL_VREF_init             
00001165  DL_Timer_setCaptureCompareOutCtl
0000117d  __TI_zero_init_nomemset         
00001193  DL_SPI_setClockConfig           
000011a5  __TI_decompress_none            
000011b9  DL_Timer_setCaptureCompareValue 
000011c9  DL_Common_delayCycles           
000011d5  __aeabi_memcpy                  
000011d5  __aeabi_memcpy4                 
000011d5  __aeabi_memcpy8                 
000011dd  ResetISR                        
000011e3  abort                           
000011e8  C$$EXIT                         
000011e9  HOSTexit                        
000011ed  _system_pre_init                
0000144c  __TI_Handler_Table_Base         
00001458  __TI_Handler_Table_Limit        
00001460  __TI_CINIT_Base                 
00001470  __TI_CINIT_Limit                
00001470  __TI_CINIT_Warm                 
20200000  __start___llvm_prf_bits         
20200000  __start___llvm_prf_cnts         
20200000  __stop___llvm_prf_bits          
20200000  __stop___llvm_prf_cnts          
20200200  gTIMER_SAMPLEBackup             
202002a0  gSPI_LCDBackup                  
202002c8  g_synthState                    
20203e00  __stack                         
20204000  __STACK_END                     
ffffffff  __TI_pprof_out_hndl             
ffffffff  __TI_prof_data_size             
ffffffff  __TI_prof_data_start            
ffffffff  __binit__                       
ffffffff  binit                           
UNDEFED   __mpu_init                      
UNDEFED   _system_post_cinit              

[124 symbols]
