******************************************************************************
            TI ARM Clang Linker PC v4.0.4                      
******************************************************************************
>> Linked Fri Dec 26 05:14:28 2025

OUTPUT FILE NAME:   <Motion_Music_studio.out>
ENTRY POINT SYMBOL: "_c_int00_noargs"  address: 000042d9


MEMORY CONFIGURATION

         name            origin    length      used     unused   attr    fill
----------------------  --------  ---------  --------  --------  ----  --------
  FLASH                 00000000   00020000  000054f8  0001ab08  R  X
  SRAM                  20200000   00008000  000014a8  00006b58  RW X
  BCR_CONFIG            41c00000   000000ff  00000000  000000ff  R   
  BSL_CONFIG            41c00100   00000080  00000000  00000080  R   


SEGMENT ALLOCATION MAP

run origin  load origin   length   init length attrs members
----------  ----------- ---------- ----------- ----- -------
00000000    00000000    000054f8   000054f8    r-x
  00000000    00000000    000000c0   000000c0    r-- .intvecs
  000000c0    000000c0    00004c50   00004c50    r-x .text
  00004d10    00004d10    000007b0   000007b0    r-- .rodata
  000054c0    000054c0    00000038   00000038    r-- .cinit
20200000    20200000    000012a8   00000000    rw-
  20200000    20200000    00001000   00000000    rw- .sysmem
  20201000    20201000    000001c0   00000000    rw- .bss
  202011c0    202011c0    000000e8   00000000    rw- .data
20207e00    20207e00    00000200   00000000    rw-
  20207e00    20207e00    00000200   00000000    rw- .stack


SECTION ALLOCATION MAP

 output                                  attributes/
section   page    origin      length       input sections
--------  ----  ----------  ----------   ----------------
.intvecs   0    00000000    000000c0     
                  00000000    000000c0     startup_mspm0g350x_ticlang.o (.intvecs)

.text      0    000000c0    00004c50     
                  000000c0    00000868     libc.a : _printfi.c.obj (.text:__TI_printfi_nofloat)
                  00000928    000002ec     main.o (.text.Generate_Audio_Sample)
                  00000c14    000002e4     main.o (.text.Display_Update)
                  00000ef8    00000270     main.o (.text.Update_Phase_Increment)
                  00001168    00000260     lcd_driver.o (.text.LCD_Init)
                  000013c8    00000254     main.o (.text.main)
                  0000161c    000001c0     main.o (.text.Process_Buttons)
                  000017dc    000001b0     ti_msp_dl_config.o (.text.SYSCFG_DL_GPIO_init)
                  0000198c    000001a8     main.o (.text.Process_Envelope)
                  00001b34    00000192     libclang_rt.builtins.a : adddf3.S.obj (.text.adddf3_subdf3)
                  00001cc6    00000002                            : aeabi_div0.c.obj (.text.__aeabi_idiv0)
                  00001cc8    00000180     lcd_driver.o (.text.LCD_PrintString)
                  00001e48    00000144     main.o (.text.Display_Waveform)
                  00001f8c    00000118     lcd_driver.o (.text.LCD_DrawRect)
                  000020a4    00000112     lcd_driver.o (.text.LCD_DrawLine)
                  000021b6    00000002     libclang_rt.builtins.a : aeabi_div0.c.obj (.text.__aeabi_ldiv0)
                  000021b8    00000110     dl_timer.o (.text.DL_Timer_initTimerMode)
                  000022c8    00000110     dl_timer.o (.text.DL_Timer_initTwoCCPWMMode)
                  000023d8    0000010c     libclang_rt.builtins.a : divdf3.S.obj (.text.__divdf3)
                  000024e4    000000f8     main.o (.text.Generate_Chord_Sample)
                  000025dc    000000ec     dl_timer.o (.text.DL_Timer_initFourCCPWMMode)
                  000026c8    000000ec     main.o (.text.Process_Arpeggiator)
                  000027b4    000000e4     libclang_rt.builtins.a : muldf3.S.obj (.text.__muldf3)
                  00002898    000000e0     dl_sysctl_mspm0g1x0x_g3x0x.o (.text.DL_SYSCTL_configSYSPLL)
                  00002978    000000dc     main.o (.text.Generate_Waveform)
                  00002a54    000000d8     dl_rtc_common.o (.text.DL_RTC_Common_initCalendar)
                  00002b2c    000000d8     main.o (.text.Process_Joystick)
                  00002c04    000000c0     ti_msp_dl_config.o (.text.SYSCFG_DL_initPower)
                  00002cc4    000000b8     ti_msp_dl_config.o (.text.SYSCFG_DL_ADC_ACCEL_init)
                  00002d7c    000000b0     main.o (.text.Process_Pitch_Bend)
                  00002e2c    000000b0     ti_msp_dl_config.o (.text.SYSCFG_DL_SYSCTL_SYSPLL_init)
                  00002edc    000000a4     ti_msp_dl_config.o (.text.SYSCFG_DL_SYSCTL_init)
                  00002f80    000000a2     libclang_rt.builtins.a : udivmoddi4.S.obj (.text)
                  00003022    00000002     --HOLE-- [fill = 0]
                  00003024    000000a0     lcd_driver.o (.text.LCD_FillScreen)
                  000030c4    00000084     ti_msp_dl_config.o (.text.SYSCFG_DL_ADC_JOY_init)
                  00003148    00000084     ti_msp_dl_config.o (.text.__NVIC_SetPriority)
                  000031cc    0000007c     main.o (.text.Change_Preset)
                  00003248    0000007c     libc.a : copy_decompress_lzss.c.obj (.text:decompress:lzss)
                  000032c4    00000074     ti_msp_dl_config.o (.text.SYSCFG_DL_PWM_AUDIO_init)
                  00003338    00000074     libclang_rt.builtins.a : comparedf2.c.obj (.text.__gedf2)
                  000033ac    0000006c     lcd_driver.o (.text.LCD_SetWindow)
                  00003418    0000006c     main.o (.text.TIMG7_IRQHandler)
                  00003484    00000068     libclang_rt.builtins.a : comparedf2.c.obj (.text.__ledf2)
                  000034ec    00000062                            : aeabi_dcmp.S.obj (.text.__aeabi_dcmp)
                  0000354e    00000002     --HOLE-- [fill = 0]
                  00003550    00000060     main.o (.text.ADC1_IRQHandler)
                  000035b0    00000060     ti_msp_dl_config.o (.text.DL_ADC12_initSeqSample)
                  00003610    00000058     lcd_driver.o (.text.LCD_PrintNumber)
                  00003668    00000058     ti_msp_dl_config.o (.text.SYSCFG_DL_I2C_0_init)
                  000036c0    00000058     ti_msp_dl_config.o (.text.SYSCFG_DL_I2C_1_init)
                  00003718    00000056     libclang_rt.builtins.a : aeabi_idivmod.S.obj (.text.__aeabi_idivmod)
                  0000376e    00000002     --HOLE-- [fill = 0]
                  00003770    00000054     ti_msp_dl_config.o (.text.SYSCFG_DL_TIMER_SAMPLE_init)
                  000037c4    00000054     ti_msp_dl_config.o (.text.SYSCFG_DL_init)
                  00003818    00000050     main.o (.text.ADC0_IRQHandler)
                  00003868    00000050     ti_msp_dl_config.o (.text.DL_GPIO_initPeripheralInputFunctionFeatures)
                  000038b8    00000050     lcd_driver.o (.text.LCD_WriteCommand)
                  00003908    00000050     lcd_driver.o (.text.LCD_WriteData)
                  00003958    0000004e     lcd_driver.o (.text.LCD_DrawPixel)
                  000039a6    00000002     --HOLE-- [fill = 0]
                  000039a8    0000004c     dl_adc12.o (.text.DL_ADC12_setClockConfig)
                  000039f4    0000004c     ti_msp_dl_config.o (.text.DL_GPIO_initDigitalInputFeatures)
                  00003a40    0000004c     dl_sysctl_mspm0g1x0x_g3x0x.o (.text.DL_SYSCTL_switchMCLKfromSYSOSCtoHSCLK)
                  00003a8c    0000004c     libc.a : snprintf.c.obj (.text.snprintf)
                  00003ad8    0000004a     ti_msp_dl_config.o (.text.DL_ADC12_configConversionMem)
                  00003b22    00000002     --HOLE-- [fill = 0]
                  00003b24    00000048     main.o (.text.Change_Instrument)
                  00003b6c    00000048     dl_spi.o (.text.DL_SPI_init)
                  00003bb4    00000042     libclang_rt.builtins.a : fixunsdfsi.S.obj (.text.__fixunsdfsi)
                  00003bf6    00000002     --HOLE-- [fill = 0]
                  00003bf8    00000040     dl_timer.o (.text.DL_Timer_setCaptureCompareOutCtl)
                  00003c38    00000040     ti_msp_dl_config.o (.text.SYSCFG_DL_SPI_LCD_init)
                  00003c78    00000040     libclang_rt.builtins.a : aeabi_uidivmod.S.obj (.text.__aeabi_uidivmod)
                  00003cb8    00000040     libc.a : atoi.c.obj (.text.atoi)
                  00003cf8    0000003c     dl_timer.o (.text.DL_Timer_setCaptureCompareCtl)
                  00003d34    0000003c     dl_timer.o (.text.DL_Timer_setCounterControl)
                  00003d70    0000003c     ti_msp_dl_config.o (.text.DL_Timer_setCounterControl)
                  00003dac    0000003c     libc.a : autoinit.c.obj (.text:__TI_auto_init_nobinit_nopinit)
                  00003de8    0000003a     libclang_rt.builtins.a : muldsi3.S.obj (.text.__muldsi3)
                  00003e22    00000002     --HOLE-- [fill = 0]
                  00003e24    00000038     ti_msp_dl_config.o (.text.DL_Timer_setPublisherChanID)
                  00003e5c    00000034     dl_i2c.o (.text.DL_I2C_setClockConfig)
                  00003e90    00000034     dl_timer.o (.text.DL_Timer_setCaptCompUpdateMethod)
                  00003ec4    00000034     dl_timer.o (.text.DL_Timer_setCaptureCompareAction)
                  00003ef8    00000034     dl_timer.o (.text.DL_Timer_setCaptureCompareInput)
                  00003f2c    00000034     dl_timer.o (.text.DL_Timer_setClockConfig)
                  00003f60    00000034     main.o (.text.HardFault_Handler)
                  00003f94    00000030     main.o (.text.DL_ADC12_getMemResult)
                  00003fc4    00000030     ti_msp_dl_config.o (.text.DL_SPI_setFIFOThreshold)
                  00003ff4    00000030     libc.a : snprintf.c.obj (.text._outs)
                  00004024    0000002c     dl_timer.o (.text.DL_Timer_setCaptureCompareValue)
                  00004050    0000002c     main.o (.text.__NVIC_EnableIRQ)
                  0000407c    0000002c     libclang_rt.builtins.a : floatsidf.S.obj (.text.__floatsidf)
                  000040a8    00000028     dl_adc12.o (.text.DL_Common_updateReg)
                  000040d0    00000028     dl_i2c.o (.text.DL_Common_updateReg)
                  000040f8    00000028     dl_rtc_common.o (.text.DL_Common_updateReg)
                  00004120    00000028     dl_spi.o (.text.DL_Common_updateReg)
                  00004148    00000028     dl_sysctl_mspm0g1x0x_g3x0x.o (.text.DL_Common_updateReg)
                  00004170    00000028     dl_timer.o (.text.DL_Common_updateReg)
                  00004198    00000028     ti_msp_dl_config.o (.text.DL_Common_updateReg)
                  000041c0    00000028     ti_msp_dl_config.o (.text.DL_I2C_setControllerRXFIFOThreshold)
                  000041e8    00000028     ti_msp_dl_config.o (.text.DL_I2C_setControllerTXFIFOThreshold)
                  00004210    00000028     dl_sysctl_mspm0g1x0x_g3x0x.o (.text.DL_SYSCTL_configFCC)
                  00004238    00000028     ti_msp_dl_config.o (.text.DL_SYSCTL_setPowerPolicySTANDBY0)
                  00004260    00000028     ti_msp_dl_config.o (.text.DL_Timer_enableEvent)
                  00004288    00000028     ti_msp_dl_config.o (.text.SYSCFG_DL_RTC_init)
                  000042b0    00000028     libclang_rt.builtins.a : floatunsisf.S.obj (.text.__floatunsisf)
                  000042d8    00000028     libc.a : boot_cortex_m.c.obj (.text:_c_int00_noargs)
                  00004300    00000026     ti_msp_dl_config.o (.text.DL_I2C_setAnalogGlitchFilterPulseWidth)
                  00004326    00000002     --HOLE-- [fill = 0]
                  00004328    00000024     ti_msp_dl_config.o (.text.DL_SPI_setBitRateSerialClockDivider)
                  0000434c    00000024     dl_spi.o (.text.DL_SPI_setClockConfig)
                  00004370    00000024     libclang_rt.builtins.a : floatunsidf.S.obj (.text.__floatunsidf)
                  00004394    00000024                            : muldi3.S.obj (.text.__muldi3)
                  000043b8    00000022     libc.a : memccpy.c.obj (.text.memccpy)
                  000043da    00000002     --HOLE-- [fill = 0]
                  000043dc    00000020     dl_sysctl_mspm0g1x0x_g3x0x.o (.text.DL_CORE_configInstruction)
                  000043fc    00000020     dl_rtc_common.o (.text.DL_RTC_Common_setCalendarYearBinary)
                  0000441c    00000020     ti_msp_dl_config.o (.text.DL_SYSCTL_setFlashWaitState)
                  0000443c    00000020     ti_msp_dl_config.o (.text.DL_SYSCTL_setMFPCLKSource)
                  0000445c    00000020     dl_timer.o (.text.DL_Timer_setCounterValueAfterEnable)
                  0000447c    0000001e     libclang_rt.builtins.a : ashldi3.S.obj (.text.__ashldi3)
                  0000449a    00000002     --HOLE-- [fill = 0]
                  0000449c    0000001c     ti_msp_dl_config.o (.text.DL_ADC12_clearInterruptStatus)
                  000044b8    0000001c     ti_msp_dl_config.o (.text.DL_ADC12_enableInterrupt)
                  000044d4    0000001c     main.o (.text.DL_ADC12_startConversion)
                  000044f0    0000001c     ti_msp_dl_config.o (.text.DL_GPIO_enableHiZ)
                  0000450c    0000001c     ti_msp_dl_config.o (.text.DL_GPIO_initPeripheralOutputFunction)
                  00004528    0000001c     dl_rtc_common.o (.text.DL_RTC_Common_setCalendarMinutesBCD)
                  00004544    0000001c     dl_rtc_common.o (.text.DL_RTC_Common_setCalendarMinutesBinary)
                  00004560    0000001c     dl_rtc_common.o (.text.DL_RTC_Common_setCalendarMonthBCD)
                  0000457c    0000001c     dl_rtc_common.o (.text.DL_RTC_Common_setCalendarMonthBinary)
                  00004598    0000001c     dl_rtc_common.o (.text.DL_RTC_Common_setCalendarSecondsBCD)
                  000045b4    0000001c     dl_rtc_common.o (.text.DL_RTC_Common_setCalendarSecondsBinary)
                  000045d0    0000001c     dl_rtc_common.o (.text.DL_RTC_Common_setCalendarYearBCD)
                  000045ec    0000001c     dl_rtc_common.o (.text.DL_RTC_Common_setClockFormat)
                  00004608    0000001c     ti_msp_dl_config.o (.text.DL_SYSCTL_setFCCPeriods)
                  00004624    0000001c     ti_msp_dl_config.o (.text.DL_SYSCTL_setMCLKDivider)
                  00004640    0000001c     ti_msp_dl_config.o (.text.DL_SYSCTL_setSYSOSCFreq)
                  0000465c    0000001c     ti_msp_dl_config.o (.text.DL_SYSCTL_setULPCLKDivider)
                  00004678    0000001c     ti_msp_dl_config.o (.text.DL_SYSCTL_setVBOOSTConfig)
                  00004694    0000001c     ti_msp_dl_config.o (.text.DL_Timer_enableInterrupt)
                  000046b0    0000001c     ti_msp_dl_config.o (.text.SYSCFG_DL_SYSCTL_CLK_init)
                  000046cc    0000001a     dl_rtc_common.o (.text.DL_RTC_Common_setCalendarHoursBCD)
                  000046e6    0000001a     dl_rtc_common.o (.text.DL_RTC_Common_setCalendarHoursBinary)
                  00004700    00000018     ti_msp_dl_config.o (.text.DL_ADC12_enablePower)
                  00004718    00000018     ti_msp_dl_config.o (.text.DL_ADC12_reset)
                  00004730    00000018     ti_msp_dl_config.o (.text.DL_ADC12_setSampleTime0)
                  00004748    00000018     ti_msp_dl_config.o (.text.DL_GPIO_enableOutput)
                  00004760    00000018     ti_msp_dl_config.o (.text.DL_GPIO_enablePower)
                  00004778    00000018     ti_msp_dl_config.o (.text.DL_GPIO_initDigitalOutput)
                  00004790    00000018     ti_msp_dl_config.o (.text.DL_GPIO_reset)
                  000047a8    00000018     ti_msp_dl_config.o (.text.DL_GPIO_setAnalogInternalResistor)
                  000047c0    00000018     lcd_driver.o (.text.DL_GPIO_setPins)
                  000047d8    00000018     main.o (.text.DL_GPIO_setPins)
                  000047f0    00000018     ti_msp_dl_config.o (.text.DL_GPIO_setPins)
                  00004808    00000018     main.o (.text.DL_GPIO_togglePins)
                  00004820    00000018     ti_msp_dl_config.o (.text.DL_I2C_enableAnalogGlitchFilter)
                  00004838    00000018     ti_msp_dl_config.o (.text.DL_I2C_enableController)
                  00004850    00000018     ti_msp_dl_config.o (.text.DL_I2C_enableControllerClockStretching)
                  00004868    00000018     ti_msp_dl_config.o (.text.DL_I2C_enablePower)
                  00004880    00000018     ti_msp_dl_config.o (.text.DL_I2C_reset)
                  00004898    00000018     ti_msp_dl_config.o (.text.DL_I2C_setTimerPeriod)
                  000048b0    00000018     ti_msp_dl_config.o (.text.DL_RTC_Common_enablePower)
                  000048c8    00000018     ti_msp_dl_config.o (.text.DL_RTC_Common_reset)
                  000048e0    00000018     ti_msp_dl_config.o (.text.DL_SPI_enable)
                  000048f8    00000018     ti_msp_dl_config.o (.text.DL_SPI_enablePower)
                  00004910    00000018     lcd_driver.o (.text.DL_SPI_isBusy)
                  00004928    00000018     ti_msp_dl_config.o (.text.DL_SPI_reset)
                  00004940    00000018     ti_msp_dl_config.o (.text.DL_SYSCTL_enableInterrupt)
                  00004958    00000018     ti_msp_dl_config.o (.text.DL_SYSCTL_setBORThreshold)
                  00004970    00000018     dl_sysctl_mspm0g1x0x_g3x0x.o (.text.DL_SYSCTL_setHSCLKSource)
                  00004988    00000018     ti_msp_dl_config.o (.text.DL_Timer_enablePower)
                  000049a0    00000018     ti_msp_dl_config.o (.text.DL_Timer_reset)
                  000049b8    00000018     dl_timer.o (.text.DL_Timer_setLoadValue)
                  000049d0    00000018     main.o (.text.DL_Timer_startCounter)
                  000049e8    00000018     libc.a : snprintf.c.obj (.text._outc)
                  00004a00    00000016     main.o (.text.DL_ADC12_enableConversions)
                  00004a16    00000016     ti_msp_dl_config.o (.text.DL_ADC12_enableConversions)
                  00004a2c    00000016     ti_msp_dl_config.o (.text.DL_GPIO_enableGlobalFastWake)
                  00004a42    00000016     main.o (.text.DL_GPIO_readPins)
                  00004a58    00000016     lcd_driver.o (.text.DL_SPI_transmitData8)
                  00004a6e    00000016     libc.a : copy_zero_init.c.obj (.text:decompress:ZI:__TI_zero_init_nomemset)
                  00004a84    00000014     dl_common.o (.text.DL_Common_delayCycles)
                  00004a98    00000014     ti_msp_dl_config.o (.text.DL_FlashCTL_enableInterrupt)
                  00004aac    00000014     lcd_driver.o (.text.DL_GPIO_clearPins)
                  00004ac0    00000014     main.o (.text.DL_GPIO_clearPins)
                  00004ad4    00000014     ti_msp_dl_config.o (.text.DL_GPIO_clearPins)
                  00004ae8    00000014     ti_msp_dl_config.o (.text.DL_I2C_resetControllerTransfer)
                  00004afc    00000014     dl_sysctl_mspm0g1x0x_g3x0x.o (.text.DL_SYSCTL_disableSYSPLL)
                  00004b10    00000014     ti_msp_dl_config.o (.text.DL_SYSCTL_disableSYSPLL)
                  00004b24    00000014     ti_msp_dl_config.o (.text.DL_SYSCTL_enableMFCLK)
                  00004b38    00000014     dl_sysctl_mspm0g1x0x_g3x0x.o (.text.DL_SYSCTL_enableSYSPLL)
                  00004b4c    00000014     ti_msp_dl_config.o (.text.DL_SYSCTL_enableSYSPLL)
                  00004b60    00000014     ti_msp_dl_config.o (.text.DL_Timer_enableClock)
                  00004b74    00000014     ti_msp_dl_config.o (.text.DL_Timer_setCCPDirection)
                  00004b88    00000014     main.o (.text.Trigger_Note_Off)
                  00004b9c    00000014     main.o (.text.Trigger_Note_On)
                  00004bb0    00000014     libclang_rt.builtins.a : aeabi_uldivmod.S.obj (.text.__aeabi_uldivmod)
                  00004bc4    00000012     main.o (.text.DL_ADC12_getPendingInterrupt)
                  00004bd6    00000012     main.o (.text.DL_Timer_getPendingInterrupt)
                  00004be8    00000012     libc.a : memcpy16.S.obj (.text:TI_memcpy_small)
                  00004bfa    00000012            : copy_decompress_none.c.obj (.text:decompress:none)
                  00004c0c    00000010     dl_sysctl_mspm0g1x0x_g3x0x.o (.text.DL_CORE_getInstructionConfig)
                  00004c1c    00000010     ti_msp_dl_config.o (.text.DL_SYSCTL_disableHFXT)
                  00004c2c    00000010     ti_msp_dl_config.o (.text.DL_SYSCTL_enableMFPCLK)
                  00004c3c    00000010     ti_msp_dl_config.o (.text.DL_SYSCTL_isFCCDone)
                  00004c4c    00000010     ti_msp_dl_config.o (.text.DL_SYSCTL_startFCC)
                  00004c5c    00000010     main.o (.text.Quantize_Semitones)
                  00004c6c    00000010     libc.a : wcslen.c.obj (.text.wcslen)
                  00004c7c    0000000e     libclang_rt.builtins.a : aeabi_memset.S.obj (.text.__aeabi_memset)
                  00004c8a    0000000e     libc.a : _printfi.c.obj (.text.strlen)
                  00004c98    0000000e            : memset16.S.obj (.text:TI_memset_small)
                  00004ca6    00000002     --HOLE-- [fill = 0]
                  00004ca8    0000000c     dl_sysctl_mspm0g1x0x_g3x0x.o (.text.DL_SYSCTL_getClockStatus)
                  00004cb4    0000000c     ti_msp_dl_config.o (.text.DL_SYSCTL_getClockStatus)
                  00004cc0    0000000c     ti_msp_dl_config.o (.text.DL_SYSCTL_readFCC)
                  00004ccc    0000000c     libclang_rt.builtins.a : aeabi_memset.S.obj (.text.__aeabi_memclr)
                  00004cd8    00000008     libc.a : aeabi_portable.c.obj (.text.__aeabi_errno_addr)
                  00004ce0    00000008     libclang_rt.builtins.a : aeabi_memcpy.S.obj (.text.__aeabi_memcpy)
                  00004ce8    00000006     libc.a : exit.c.obj (.text:abort)
                  00004cee    00000004     startup_mspm0g350x_ticlang.o (.text.Default_Handler)
                  00004cf2    00000004     libsysbm.a : hostexit.c.obj (.text.HOSTexit)
                  00004cf6    00000004     startup_mspm0g350x_ticlang.o (.text.Reset_Handler)
                  00004cfa    00000002     --HOLE-- [fill = 0]
                  00004cfc    00000010     libc.a : boot_cortex_m.c.obj (.tramp._c_int00_noargs.1)
                  00004d0c    00000004            : pre_init.c.obj (.text._system_pre_init)

.cinit     0    000054c0    00000038     
                  000054c0    00000014     (.cinit..data.load) [load image, compression = lzss]
                  000054d4    0000000c     (__TI_handler_table)
                  000054e0    00000008     (.cinit..bss.load) [load image, compression = zero_init]
                  000054e8    00000010     (__TI_cinit_table)

.rodata    0    00004d10    000007b0     
                  00004d10    00000222     lcd_driver.o (.rodata.font_6x8)
                  00004f32    00000200     main.o (.rodata.sine_table)
                  00005132    00000002     ti_msp_dl_config.o (.rodata.gI2C_0ClockConfig)
                  00005134    0000000c     main.o (.rodata..L__const.Display_Update.chord_names)
                  00005140    00000101     libc.a : aeabi_ctype.S.obj (.rodata:__aeabi_ctype_table_)
                  00005241    00000003     ti_msp_dl_config.o (.rodata.gPWM_AUDIOClockConfig)
                  00005244    00000064     main.o (.rodata.INSTRUMENTS)
                  000052a8    00000064     main.o (.rodata.PITCH_BEND_TABLE)
                  0000530c    00000028     ti_msp_dl_config.o (.rodata.gSYSPLLConfig)
                  00005334    00000022     ti_msp_dl_config.o (.rodata..L__const.SYSCFG_DL_GPIO_init.unusedPinIndexes)
                  00005356    00000002     ti_msp_dl_config.o (.rodata.gI2C_1ClockConfig)
                  00005358    00000018     main.o (.rodata.PRESETS)
                  00005370    00000014     main.o (.rodata..L__const.Display_Update.arp_names)
                  00005384    00000014     main.o (.rodata..L__const.Display_Update.env_names)
                  00005398    00000014     ti_msp_dl_config.o (.rodata.gTIMER_SAMPLETimerConfig)
                  000053ac    00000011     libc.a : _printfi.c.obj (.rodata.str1.10348868589481759720.1)
                  000053bd    00000011            : _printfi.c.obj (.rodata.str1.15363888844622738466.1)
                  000053ce    0000000c     main.o (.rodata.str1.15159059442110792349.1)
                  000053da    0000000c     main.o (.rodata.str1.17100691992556644108.1)
                  000053e6    0000000a     ti_msp_dl_config.o (.rodata.gSPI_LCD_config)
                  000053f0    0000000a     main.o (.rodata.str1.8154729771448623357.1)
                  000053fa    00000009     main.o (.rodata.CHORD_INTERVALS)
                  00005403    00000009     main.o (.rodata.str1.14402440632258215044.1)
                  0000540c    00000009     main.o (.rodata.str1.18227636981041470289.1)
                  00005415    00000003     ti_msp_dl_config.o (.rodata.gTIMER_SAMPLEClockConfig)
                  00005418    00000008     ti_msp_dl_config.o (.rodata.gADC_ACCELClockConfig)
                  00005420    00000008     ti_msp_dl_config.o (.rodata.gADC_JOYClockConfig)
                  00005428    00000008     ti_msp_dl_config.o (.rodata.gPWM_AUDIOConfig)
                  00005430    00000008     ti_msp_dl_config.o (.rodata.gRTCCalendarConfig)
                  00005438    00000008     main.o (.rodata.str1.15996357275703397564.1)
                  00005440    00000008     main.o (.rodata.str1.16265332423659789559.1)
                  00005448    00000008     main.o (.rodata.str1.16302215771116645891.1)
                  00005450    00000008     main.o (.rodata.str1.288608917962107522.1)
                  00005458    00000008     main.o (.rodata.str1.7996925722583989644.1)
                  00005460    00000006     main.o (.rodata.str1.12180500075719773345.1)
                  00005466    00000006     main.o (.rodata.str1.2846389346932560359.1)
                  0000546c    00000005     main.o (.rodata.str1.11702106008850790973.1)
                  00005471    00000005     main.o (.rodata.str1.14112174005742061988.1)
                  00005476    00000005     main.o (.rodata.str1.7702501944640899365.1)
                  0000547b    00000004     main.o (.rodata.str1.10313062130652730376.1)
                  0000547f    00000004     main.o (.rodata.str1.10635229749459437609.1)
                  00005483    00000004     main.o (.rodata.str1.1311392489248731986.1)
                  00005487    00000004     main.o (.rodata.str1.13288086030101331538.1)
                  0000548b    00000004     main.o (.rodata.str1.2763581881760962609.1)
                  0000548f    00000004     main.o (.rodata.str1.3530083166107438000.1)
                  00005493    00000004     lcd_driver.o (.rodata.str1.4301156551425074819.1)
                  00005497    00000004     main.o (.rodata.str1.6891813955777630061.1)
                  0000549b    00000004     main.o (.rodata.str1.7784929982665794503.1)
                  0000549f    00000004     main.o (.rodata.str1.8076846746581808073.1)
                  000054a3    00000004     main.o (.rodata.str1.8108965883388295311.1)
                  000054a7    00000004     main.o (.rodata.str1.9059077390166914652.1)
                  000054ab    00000003     main.o (.rodata.str1.11870794119293528247.1)
                  000054ae    00000003     main.o (.rodata.str1.13782249893155712474.1)
                  000054b1    00000003     main.o (.rodata.str1.16631870348416990953.1)
                  000054b4    00000003     main.o (.rodata.str1.17376258722486336754.1)
                  000054b7    00000003     main.o (.rodata.str1.2123964117280943167.1)
                  000054ba    00000002     ti_msp_dl_config.o (.rodata.gSPI_LCD_clockConfig)
                  000054bc    00000001     main.o (.rodata.str1.14079361385603432444.1)
                  000054bd    00000003     --HOLE-- [fill = 0]

.init_array 
*          0    00000000    00000000     UNINITIALIZED

.binit     0    00000000    00000000     

.sysmem    0    20200000    00001000     UNINITIALIZED
                  20200000    00000010     libc.a : memory.c.obj (.sysmem)
                  20200010    00000ff0     --HOLE--

.bss       0    20201000    000001c0     UNINITIALIZED
                  20201000    000000bc     ti_msp_dl_config.o (.bss.gPWM_AUDIOBackup)
                  202010bc    000000a0     ti_msp_dl_config.o (.bss.gTIMER_SAMPLEBackup)
                  2020115c    0000003c     main.o (.bss.gSynthState)
                  20201198    00000028     ti_msp_dl_config.o (.bss.gSPI_LCDBackup)

.data      0    202011c0    000000e8     UNINITIALIZED
                  202011c0    00000080     main.o (.data.waveform_buffer)
                  20201240    00000014     main.o (.data.arpeggiator)
                  20201254    0000000c     main.o (.data.chord_increments)
                  20201260    0000000c     main.o (.data.chord_phases)
                  2020126c    0000000c     main.o (.data.envelope)
                  20201278    00000004     main.o (.data.Process_Buttons.joy_hold_counter)
                  2020127c    00000004     main.o (.data.Process_Buttons.joy_prev)
                  20201280    00000004     main.o (.data.Process_Buttons.s1_hold_counter)
                  20201284    00000004     main.o (.data.Process_Buttons.s1_prev)
                  20201288    00000004     main.o (.data.Process_Buttons.s2_prev)
                  2020128c    00000004     libc.a : aeabi_portable.c.obj (.data.__aeabi_errno)
                  20201290    00000004     main.o (.data.base_frequency_hz)
                  20201294    00000004     main.o (.data.phase)
                  20201298    00000004     main.o (.data.phase_increment)
                  2020129c    00000002     main.o (.data.tremolo_phase)
                  2020129e    00000002     main.o (.data.vibrato_phase)
                  202012a0    00000001     main.o (.data.Generate_Audio_Sample.waveform_decimate_counter)
                  202012a1    00000001     main.o (.data.Process_Pitch_Bend.prev_semitones)
                  202012a2    00000001     main.o (.data.chord_mode)
                  202012a3    00000001     main.o (.data.current_instrument)
                  202012a4    00000001     main.o (.data.current_preset)
                  202012a5    00000001     main.o (.data.effects_enabled)
                  202012a6    00000001     main.o (.data.pitch_bend_semitones)
                  202012a7    00000001     main.o (.data.waveform_write_index)

.stack     0    20207e00    00000200     UNINITIALIZED
                  20207e00    00000004     libc.a : boot_cortex_m.c.obj (.stack)
                  20207e04    000001fc     --HOLE--

__llvm_prf_cnts 
*          0    20200000    00000000     UNINITIALIZED

__llvm_prf_bits 
*          0    20200000    00000000     UNINITIALIZED

MODULE SUMMARY

       Module                         code    ro data   rw data
       ------                         ----    -------   -------
    .\
       main.o                         5880    976       288    
       lcd_driver.o                   2230    550       0      
       startup_mspm0g350x_ticlang.o   8       192       0      
    +--+------------------------------+-------+---------+---------+
       Total:                         8118    1718      288    
                                                               
    .\syscfg\
       ti_msp_dl_config.o             3980    148       388    
    +--+------------------------------+-------+---------+---------+
       Total:                         3980    148       388    
                                                               
    .\ti\driverlib\
       dl_timer.o                     1312    0         0      
       dl_rtc_common.o                564     0         0      
       dl_spi.o                       148     0         0      
       dl_adc12.o                     116     0         0      
       dl_i2c.o                       92      0         0      
       dl_common.o                    20      0         0      
    +--+------------------------------+-------+---------+---------+
       Total:                         2252    0         0      
                                                               
    .\ti\driverlib\m0p\sysctl\
       dl_sysctl_mspm0g1x0x_g3x0x.o   504     0         0      
    +--+------------------------------+-------+---------+---------+
       Total:                         504     0         0      
                                                               
    C:\ti\ccs2040\ccs\tools\compiler\ti-cgt-armllvm_4.0.4.LTS\lib\armv6m-ti-none-eabi/c/libc.a
       _printfi.c.obj                 2166    34        0      
       aeabi_ctype.S.obj              0       257       0      
       snprintf.c.obj                 148     0         0      
       copy_decompress_lzss.c.obj     124     0         0      
       atoi.c.obj                     64      0         0      
       autoinit.c.obj                 60      0         0      
       boot_cortex_m.c.obj            56      0         0      
       memccpy.c.obj                  34      0         0      
       copy_zero_init.c.obj           22      0         0      
       copy_decompress_none.c.obj     18      0         0      
       memcpy16.S.obj                 18      0         0      
       wcslen.c.obj                   16      0         0      
       memset16.S.obj                 14      0         0      
       aeabi_portable.c.obj           8       0         4      
       exit.c.obj                     6       0         0      
       pre_init.c.obj                 4       0         0      
    +--+------------------------------+-------+---------+---------+
       Total:                         2758    291       4      
                                                               
    C:\ti\ccs2040\ccs\tools\compiler\ti-cgt-armllvm_4.0.4.LTS\lib\armv6m-ti-none-eabi/c/libsysbm.a
       hostexit.c.obj                 4       0         0      
    +--+------------------------------+-------+---------+---------+
       Total:                         4       0         0      
                                                               
    C:\ti\ccs2040\ccs\tools\compiler\ti-cgt-armllvm_4.0.4.LTS\lib\armv6m-ti-none-eabi/libclang_rt.builtins.a
       adddf3.S.obj                   402     0         0      
       divdf3.S.obj                   268     0         0      
       muldf3.S.obj                   228     0         0      
       comparedf2.c.obj               220     0         0      
       udivmoddi4.S.obj               162     0         0      
       aeabi_dcmp.S.obj               98      0         0      
       aeabi_idivmod.S.obj            86      0         0      
       fixunsdfsi.S.obj               66      0         0      
       aeabi_uidivmod.S.obj           64      0         0      
       muldsi3.S.obj                  58      0         0      
       floatsidf.S.obj                44      0         0      
       floatunsisf.S.obj              40      0         0      
       floatunsidf.S.obj              36      0         0      
       muldi3.S.obj                   36      0         0      
       ashldi3.S.obj                  30      0         0      
       aeabi_memset.S.obj             26      0         0      
       aeabi_uldivmod.S.obj           20      0         0      
       aeabi_memcpy.S.obj             8       0         0      
       aeabi_div0.c.obj               4       0         0      
    +--+------------------------------+-------+---------+---------+
       Total:                         1896    0         0      
                                                               
       Heap:                          0       0         4096   
       Stack:                         0       0         512    
       Linker Generated:              0       56        0      
    +--+------------------------------+-------+---------+---------+
       Grand Total:                   19512   2213      5288   


LINKER GENERATED COPY TABLES

__TI_cinit_table @ 000054e8 records: 2, size/record: 8, table size: 16
	.data: load addr=000054c0, load size=00000014 bytes, run addr=202011c0, run size=000000e8 bytes, compression=lzss
	.bss: load addr=000054e0, load size=00000008 bytes, run addr=20201000, run size=000001c0 bytes, compression=zero_init


LINKER GENERATED HANDLER TABLE

__TI_handler_table @ 000054d4 records: 3, size/record: 4, table size: 12
	index: 0, handler: __TI_decompress_lzss
	index: 1, handler: __TI_decompress_none
	index: 2, handler: __TI_zero_init


FAR CALL TRAMPOLINES

callee name               trampoline name
   callee addr  tramp addr   call addr  call info
--------------  -----------  ---------  ----------------
_c_int00_noargs           $Tramp$TT$L$PI$$_c_int00_noargs
   000042d9     00004cfc     00004cf6   startup_mspm0g350x_ticlang.o (.text.Reset_Handler)

[1 trampolines]
[1 trampoline calls]


GLOBAL SYMBOLS: SORTED ALPHABETICALLY BY Name 

address   name                                 
-------   ----                                 
00003819  ADC0_IRQHandler                      
00003551  ADC1_IRQHandler                      
00004cef  AES_IRQHandler                       
00004cf2  C$$EXIT                              
00004cef  CANFD0_IRQHandler                    
00004cef  DAC0_IRQHandler                      
000039a9  DL_ADC12_setClockConfig              
00004a85  DL_Common_delayCycles                
00003e5d  DL_I2C_setClockConfig                
00002a55  DL_RTC_Common_initCalendar           
00003b6d  DL_SPI_init                          
0000434d  DL_SPI_setClockConfig                
00004211  DL_SYSCTL_configFCC                  
00002899  DL_SYSCTL_configSYSPLL               
00003a41  DL_SYSCTL_switchMCLKfromSYSOSCtoHSCLK
000025dd  DL_Timer_initFourCCPWMMode           
000021b9  DL_Timer_initTimerMode               
00003e91  DL_Timer_setCaptCompUpdateMethod     
00003ec5  DL_Timer_setCaptureCompareAction     
00003cf9  DL_Timer_setCaptureCompareCtl        
00003ef9  DL_Timer_setCaptureCompareInput      
00003bf9  DL_Timer_setCaptureCompareOutCtl     
00004025  DL_Timer_setCaptureCompareValue      
00003f2d  DL_Timer_setClockConfig              
00004cef  DMA_IRQHandler                       
00004cef  Default_Handler                      
00004cef  GROUP0_IRQHandler                    
00004cef  GROUP1_IRQHandler                    
00004cf3  HOSTexit                             
00003f61  HardFault_Handler                    
00004cef  I2C0_IRQHandler                      
00004cef  I2C1_IRQHandler                      
000020a5  LCD_DrawLine                         
00003959  LCD_DrawPixel                        
00001f8d  LCD_DrawRect                         
00003025  LCD_FillScreen                       
00001169  LCD_Init                             
00003611  LCD_PrintNumber                      
00001cc9  LCD_PrintString                      
00004cef  NMI_Handler                          
00004cef  PendSV_Handler                       
0000161d  Process_Buttons                      
00004cef  RTC_IRQHandler                       
00004cf7  Reset_Handler                        
00004cef  SPI0_IRQHandler                      
00004cef  SPI1_IRQHandler                      
00004cef  SVC_Handler                          
00002cc5  SYSCFG_DL_ADC_ACCEL_init             
000030c5  SYSCFG_DL_ADC_JOY_init               
000017dd  SYSCFG_DL_GPIO_init                  
00003669  SYSCFG_DL_I2C_0_init                 
000036c1  SYSCFG_DL_I2C_1_init                 
000032c5  SYSCFG_DL_PWM_AUDIO_init             
00004289  SYSCFG_DL_RTC_init                   
00003c39  SYSCFG_DL_SPI_LCD_init               
000046b1  SYSCFG_DL_SYSCTL_CLK_init            
00002e2d  SYSCFG_DL_SYSCTL_SYSPLL_init         
00002edd  SYSCFG_DL_SYSCTL_init                
00003771  SYSCFG_DL_TIMER_SAMPLE_init          
000037c5  SYSCFG_DL_init                       
00002c05  SYSCFG_DL_initPower                  
00004cef  SysTick_Handler                      
00004cef  TIMA0_IRQHandler                     
00004cef  TIMA1_IRQHandler                     
00004cef  TIMG0_IRQHandler                     
00004cef  TIMG12_IRQHandler                    
00004cef  TIMG6_IRQHandler                     
00003419  TIMG7_IRQHandler                     
00004cef  TIMG8_IRQHandler                     
00004be9  TI_memcpy_small                      
00004c99  TI_memset_small                      
00004cef  UART0_IRQHandler                     
00004cef  UART1_IRQHandler                     
00004cef  UART2_IRQHandler                     
00004cef  UART3_IRQHandler                     
20208000  __STACK_END                          
00000200  __STACK_SIZE                         
00001000  __SYSMEM_SIZE                        
00000000  __TI_ATRegion0_region_sz             
00000000  __TI_ATRegion0_src_addr              
00000000  __TI_ATRegion0_trg_addr              
00000000  __TI_ATRegion1_region_sz             
00000000  __TI_ATRegion1_src_addr              
00000000  __TI_ATRegion1_trg_addr              
00000000  __TI_ATRegion2_region_sz             
00000000  __TI_ATRegion2_src_addr              
00000000  __TI_ATRegion2_trg_addr              
000054e8  __TI_CINIT_Base                      
000054f8  __TI_CINIT_Limit                     
000054f8  __TI_CINIT_Warm                      
000054d4  __TI_Handler_Table_Base              
000054e0  __TI_Handler_Table_Limit             
00003dad  __TI_auto_init_nobinit_nopinit       
00003249  __TI_decompress_lzss                 
00004bfb  __TI_decompress_none                 
ffffffff  __TI_pprof_out_hndl                  
000000c1  __TI_printfi_nofloat                 
ffffffff  __TI_prof_data_size                  
ffffffff  __TI_prof_data_start                 
00000000  __TI_static_base__                   
00004a6f  __TI_zero_init_nomemset              
00001b3f  __adddf3                             
00005140  __aeabi_ctype_table_                 
00005140  __aeabi_ctype_table_C                
00003bb5  __aeabi_d2uiz                        
00001b3f  __aeabi_dadd                         
000034ed  __aeabi_dcmpeq                       
00003529  __aeabi_dcmpge                       
0000353d  __aeabi_dcmpgt                       
00003515  __aeabi_dcmple                       
00003501  __aeabi_dcmplt                       
000023d9  __aeabi_ddiv                         
000027b5  __aeabi_dmul                         
00001b35  __aeabi_dsub                         
2020128c  __aeabi_errno                        
00004cd9  __aeabi_errno_addr                   
0000407d  __aeabi_i2d                          
00003719  __aeabi_idiv                         
00001cc7  __aeabi_idiv0                        
00003719  __aeabi_idivmod                      
000021b7  __aeabi_ldiv0                        
0000447d  __aeabi_llsl                         
00004395  __aeabi_lmul                         
00004ccd  __aeabi_memclr                       
00004ccd  __aeabi_memclr4                      
00004ccd  __aeabi_memclr8                      
00004ce1  __aeabi_memcpy                       
00004ce1  __aeabi_memcpy4                      
00004ce1  __aeabi_memcpy8                      
00004c7d  __aeabi_memset                       
00004c7d  __aeabi_memset4                      
00004c7d  __aeabi_memset8                      
00004371  __aeabi_ui2d                         
000042b1  __aeabi_ui2f                         
00003c79  __aeabi_uidiv                        
00003c79  __aeabi_uidivmod                     
00004bb1  __aeabi_uldivmod                     
0000447d  __ashldi3                            
ffffffff  __binit__                            
00003485  __cmpdf2                             
000023d9  __divdf3                             
00003485  __eqdf2                              
00003bb5  __fixunsdfsi                         
0000407d  __floatsidf                          
00004371  __floatunsidf                        
000042b1  __floatunsisf                        
00003339  __gedf2                              
00003339  __gtdf2                              
00003485  __ledf2                              
00003485  __ltdf2                              
UNDEFED   __mpu_init                           
000027b5  __muldf3                             
00004395  __muldi3                             
00003de9  __muldsi3                            
00003485  __nedf2                              
20207e00  __stack                              
20200000  __start___llvm_prf_bits              
20200000  __start___llvm_prf_cnts              
20200000  __stop___llvm_prf_bits               
20200000  __stop___llvm_prf_cnts               
00001b35  __subdf3                             
00002f81  __udivmoddi4                         
000042d9  _c_int00_noargs                      
20200000  _sys_memory                          
UNDEFED   _system_post_cinit                   
00004d0d  _system_pre_init                     
00004ce9  abort                                
00003cb9  atoi                                 
ffffffff  binit                                
20201000  gPWM_AUDIOBackup                     
20201198  gSPI_LCDBackup                       
2020115c  gSynthState                          
202010bc  gTIMER_SAMPLEBackup                  
00000000  interruptVectors                     
000013c9  main                                 
000043b9  memccpy                              
00003a8d  snprintf                             
00004c6d  wcslen                               


GLOBAL SYMBOLS: SORTED BY Symbol Address 

address   name                                 
-------   ----                                 
00000000  __TI_ATRegion0_region_sz             
00000000  __TI_ATRegion0_src_addr              
00000000  __TI_ATRegion0_trg_addr              
00000000  __TI_ATRegion1_region_sz             
00000000  __TI_ATRegion1_src_addr              
00000000  __TI_ATRegion1_trg_addr              
00000000  __TI_ATRegion2_region_sz             
00000000  __TI_ATRegion2_src_addr              
00000000  __TI_ATRegion2_trg_addr              
00000000  __TI_static_base__                   
00000000  interruptVectors                     
000000c1  __TI_printfi_nofloat                 
00000200  __STACK_SIZE                         
00001000  __SYSMEM_SIZE                        
00001169  LCD_Init                             
000013c9  main                                 
0000161d  Process_Buttons                      
000017dd  SYSCFG_DL_GPIO_init                  
00001b35  __aeabi_dsub                         
00001b35  __subdf3                             
00001b3f  __adddf3                             
00001b3f  __aeabi_dadd                         
00001cc7  __aeabi_idiv0                        
00001cc9  LCD_PrintString                      
00001f8d  LCD_DrawRect                         
000020a5  LCD_DrawLine                         
000021b7  __aeabi_ldiv0                        
000021b9  DL_Timer_initTimerMode               
000023d9  __aeabi_ddiv                         
000023d9  __divdf3                             
000025dd  DL_Timer_initFourCCPWMMode           
000027b5  __aeabi_dmul                         
000027b5  __muldf3                             
00002899  DL_SYSCTL_configSYSPLL               
00002a55  DL_RTC_Common_initCalendar           
00002c05  SYSCFG_DL_initPower                  
00002cc5  SYSCFG_DL_ADC_ACCEL_init             
00002e2d  SYSCFG_DL_SYSCTL_SYSPLL_init         
00002edd  SYSCFG_DL_SYSCTL_init                
00002f81  __udivmoddi4                         
00003025  LCD_FillScreen                       
000030c5  SYSCFG_DL_ADC_JOY_init               
00003249  __TI_decompress_lzss                 
000032c5  SYSCFG_DL_PWM_AUDIO_init             
00003339  __gedf2                              
00003339  __gtdf2                              
00003419  TIMG7_IRQHandler                     
00003485  __cmpdf2                             
00003485  __eqdf2                              
00003485  __ledf2                              
00003485  __ltdf2                              
00003485  __nedf2                              
000034ed  __aeabi_dcmpeq                       
00003501  __aeabi_dcmplt                       
00003515  __aeabi_dcmple                       
00003529  __aeabi_dcmpge                       
0000353d  __aeabi_dcmpgt                       
00003551  ADC1_IRQHandler                      
00003611  LCD_PrintNumber                      
00003669  SYSCFG_DL_I2C_0_init                 
000036c1  SYSCFG_DL_I2C_1_init                 
00003719  __aeabi_idiv                         
00003719  __aeabi_idivmod                      
00003771  SYSCFG_DL_TIMER_SAMPLE_init          
000037c5  SYSCFG_DL_init                       
00003819  ADC0_IRQHandler                      
00003959  LCD_DrawPixel                        
000039a9  DL_ADC12_setClockConfig              
00003a41  DL_SYSCTL_switchMCLKfromSYSOSCtoHSCLK
00003a8d  snprintf                             
00003b6d  DL_SPI_init                          
00003bb5  __aeabi_d2uiz                        
00003bb5  __fixunsdfsi                         
00003bf9  DL_Timer_setCaptureCompareOutCtl     
00003c39  SYSCFG_DL_SPI_LCD_init               
00003c79  __aeabi_uidiv                        
00003c79  __aeabi_uidivmod                     
00003cb9  atoi                                 
00003cf9  DL_Timer_setCaptureCompareCtl        
00003dad  __TI_auto_init_nobinit_nopinit       
00003de9  __muldsi3                            
00003e5d  DL_I2C_setClockConfig                
00003e91  DL_Timer_setCaptCompUpdateMethod     
00003ec5  DL_Timer_setCaptureCompareAction     
00003ef9  DL_Timer_setCaptureCompareInput      
00003f2d  DL_Timer_setClockConfig              
00003f61  HardFault_Handler                    
00004025  DL_Timer_setCaptureCompareValue      
0000407d  __aeabi_i2d                          
0000407d  __floatsidf                          
00004211  DL_SYSCTL_configFCC                  
00004289  SYSCFG_DL_RTC_init                   
000042b1  __aeabi_ui2f                         
000042b1  __floatunsisf                        
000042d9  _c_int00_noargs                      
0000434d  DL_SPI_setClockConfig                
00004371  __aeabi_ui2d                         
00004371  __floatunsidf                        
00004395  __aeabi_lmul                         
00004395  __muldi3                             
000043b9  memccpy                              
0000447d  __aeabi_llsl                         
0000447d  __ashldi3                            
000046b1  SYSCFG_DL_SYSCTL_CLK_init            
00004a6f  __TI_zero_init_nomemset              
00004a85  DL_Common_delayCycles                
00004bb1  __aeabi_uldivmod                     
00004be9  TI_memcpy_small                      
00004bfb  __TI_decompress_none                 
00004c6d  wcslen                               
00004c7d  __aeabi_memset                       
00004c7d  __aeabi_memset4                      
00004c7d  __aeabi_memset8                      
00004c99  TI_memset_small                      
00004ccd  __aeabi_memclr                       
00004ccd  __aeabi_memclr4                      
00004ccd  __aeabi_memclr8                      
00004cd9  __aeabi_errno_addr                   
00004ce1  __aeabi_memcpy                       
00004ce1  __aeabi_memcpy4                      
00004ce1  __aeabi_memcpy8                      
00004ce9  abort                                
00004cef  AES_IRQHandler                       
00004cef  CANFD0_IRQHandler                    
00004cef  DAC0_IRQHandler                      
00004cef  DMA_IRQHandler                       
00004cef  Default_Handler                      
00004cef  GROUP0_IRQHandler                    
00004cef  GROUP1_IRQHandler                    
00004cef  I2C0_IRQHandler                      
00004cef  I2C1_IRQHandler                      
00004cef  NMI_Handler                          
00004cef  PendSV_Handler                       
00004cef  RTC_IRQHandler                       
00004cef  SPI0_IRQHandler                      
00004cef  SPI1_IRQHandler                      
00004cef  SVC_Handler                          
00004cef  SysTick_Handler                      
00004cef  TIMA0_IRQHandler                     
00004cef  TIMA1_IRQHandler                     
00004cef  TIMG0_IRQHandler                     
00004cef  TIMG12_IRQHandler                    
00004cef  TIMG6_IRQHandler                     
00004cef  TIMG8_IRQHandler                     
00004cef  UART0_IRQHandler                     
00004cef  UART1_IRQHandler                     
00004cef  UART2_IRQHandler                     
00004cef  UART3_IRQHandler                     
00004cf2  C$$EXIT                              
00004cf3  HOSTexit                             
00004cf7  Reset_Handler                        
00004d0d  _system_pre_init                     
00005140  __aeabi_ctype_table_                 
00005140  __aeabi_ctype_table_C                
000054d4  __TI_Handler_Table_Base              
000054e0  __TI_Handler_Table_Limit             
000054e8  __TI_CINIT_Base                      
000054f8  __TI_CINIT_Limit                     
000054f8  __TI_CINIT_Warm                      
20200000  __start___llvm_prf_bits              
20200000  __start___llvm_prf_cnts              
20200000  __stop___llvm_prf_bits               
20200000  __stop___llvm_prf_cnts               
20200000  _sys_memory                          
20201000  gPWM_AUDIOBackup                     
202010bc  gTIMER_SAMPLEBackup                  
2020115c  gSynthState                          
20201198  gSPI_LCDBackup                       
2020128c  __aeabi_errno                        
20207e00  __stack                              
20208000  __STACK_END                          
ffffffff  __TI_pprof_out_hndl                  
ffffffff  __TI_prof_data_size                  
ffffffff  __TI_prof_data_start                 
ffffffff  __binit__                            
ffffffff  binit                                
UNDEFED   __mpu_init                           
UNDEFED   _system_post_cinit                   

[178 symbols]
