******************************************************************************
            TI ARM Clang Linker PC v4.0.4                      
******************************************************************************
>> Linked Thu Dec 18 12:46:00 2025

OUTPUT FILE NAME:   <Motion_Music_studio.out>
ENTRY POINT SYMBOL: "_c_int00_noargs"  address: 00004881


MEMORY CONFIGURATION

         name            origin    length      used     unused   attr    fill
----------------------  --------  ---------  --------  --------  ----  --------
  FLASH                 00000000   00020000  00005240  0001adc0  R  X
  SRAM                  20200000   00008000  000004ff  00007b01  RW X
  BCR_CONFIG            41c00000   000000ff  00000000  000000ff  R   
  BSL_CONFIG            41c00100   00000080  00000000  00000080  R   


SEGMENT ALLOCATION MAP

run origin  load origin   length   init length attrs members
----------  ----------- ---------- ----------- ----- -------
00000000    00000000    00005240   00005240    r-x
  00000000    00000000    000000c0   000000c0    r-- .intvecs
  000000c0    000000c0    00004a80   00004a80    r-x .text
  00004b40    00004b40    000006c0   000006c0    r-- .rodata
  00005200    00005200    00000040   00000040    r-- .cinit
20200000    20200000    000002ff   00000000    rw-
  20200000    20200000    000002c8   00000000    rw- .bss
  202002c8    202002c8    00000037   00000000    rw- .data
20207e00    20207e00    00000200   00000000    rw-
  20207e00    20207e00    00000200   00000000    rw- .stack


SECTION ALLOCATION MAP

 output                                  attributes/
section   page    origin      length       input sections
--------  ----  ----------  ----------   ----------------
.intvecs   0    00000000    000000c0     
                  00000000    000000c0     startup_mspm0g350x_ticlang.o (.intvecs)

.text      0    000000c0    00004a80     
                  000000c0    000009d0     libc.a : _printfi.c.obj (.text:__TI_printfi)
                  00000a90    00000644            : k_rem_pio2.c.obj (.text.__kernel_rem_pio2)
                  000010d4    00000378     lcd_driver.o (.text.LCD_DrawWaveform)
                  0000144c    00000338     lcd_driver.o (.text.LCD_DrawLine)
                  00001784    0000024c     main.o (.text.main)
                  000019d0    00000220     libc.a : _printfi.c.obj (.text._pconv_a)
                  00001bf0    000001dc            : _printfi.c.obj (.text._pconv_g)
                  00001dcc    000001c8            : s_sinf.c.obj (.text.sinf)
                  00001f94    00000192     libclang_rt.builtins.a : adddf3.S.obj (.text.adddf3_subdf3)
                  00002126    00000002     startup_mspm0g350x_ticlang.o (.text.Default_Handler)
                  00002128    00000180     lcd_driver.o (.text.LCD_FillRect)
                  000022a8    0000016c     lcd_driver.o (.text.LCD_Init)
                  00002414    00000148     main.o (.text.Update_Display)
                  0000255c    00000144     libc.a : s_floor.c.obj (.text.floor)
                  000026a0    0000013c            : _printfi.c.obj (.text.fcvt)
                  000027dc    00000130     lcd_driver.o (.text.LCD_DrawChar)
                  0000290c    00000120     libc.a : _printfi.c.obj (.text._pconv_e)
                  00002a2c    0000011c     lcd_driver.o (.text.LCD_Clear)
                  00002b48    00000118     lcd_driver.o (.text.LCD_SetWindow)
                  00002c60    00000110     ti_msp_dl_config.o (.text.SYSCFG_DL_GPIO_init)
                  00002d70    0000010c     libclang_rt.builtins.a : divdf3.S.obj (.text.__divdf3)
                  00002e7c    00000104     dl_timer.o (.text.DL_Timer_initFourCCPWMMode)
                  00002f80    000000fc     dl_timer.o (.text.DL_Timer_initTimerMode)
                  0000307c    000000e4     libclang_rt.builtins.a : muldf3.S.obj (.text.__muldf3)
                  00003160    000000dc     dl_sysctl_mspm0g1x0x_g3x0x.o (.text.DL_SYSCTL_configSYSPLL)
                  0000323c    000000d8     libc.a : s_scalbn.c.obj (.text.scalbn)
                  00003314    000000d8     libclang_rt.builtins.a : addsf3.S.obj (.text)
                  000033ec    000000d4     main.o (.text.TIMG7_IRQHandler)
                  000034c0    000000c8     ti_msp_dl_config.o (.text.SYSCFG_DL_SYSCTL_init)
                  00003588    000000c0     lcd_driver.o (.text.LCD_FillCircle)
                  00003648    000000ac     libc.a : s_sinf.c.obj (.text.__kernel_sindf)
                  000036f4    000000a2     libclang_rt.builtins.a : udivmoddi4.S.obj (.text)
                  00003796    00000002                            : aeabi_div0.c.obj (.text.__aeabi_idiv0)
                  00003798    0000009c     libc.a : s_sinf.c.obj (.text.__kernel_cosdf)
                  00003834    0000009a            : memcpy16.S.obj (.text:memcpy)
                  000038ce    00000002     libclang_rt.builtins.a : aeabi_div0.c.obj (.text.__aeabi_ldiv0)
                  000038d0    0000008c     ti_msp_dl_config.o (.text.SYSCFG_DL_ADC_ACCEL_init)
                  0000395c    0000008c     libclang_rt.builtins.a : mulsf3.S.obj (.text.__mulsf3)
                  000039e8    00000082                            : divsf3.S.obj (.text.__divsf3)
                  00003a6a    00000002     --HOLE-- [fill = 0]
                  00003a6c    00000080     ti_msp_dl_config.o (.text.SYSCFG_DL_ADC_MIC_JOY_init)
                  00003aec    0000007c     ti_msp_dl_config.o (.text.SYSCFG_DL_initPower)
                  00003b68    0000007c     libc.a : copy_decompress_lzss.c.obj (.text:decompress:lzss)
                  00003be4    00000078     ti_msp_dl_config.o (.text.SYSCFG_DL_PWM_AUDIO_init)
                  00003c5c    00000074     libclang_rt.builtins.a : comparedf2.c.obj (.text.__gedf2)
                  00003cd0    00000074                            : truncdfsf2.S.obj (.text.__truncdfsf2)
                  00003d44    00000068                            : comparedf2.c.obj (.text.__ledf2)
                  00003dac    00000066     libc.a : _printfi.c.obj (.text._mcpy)
                  00003e12    00000002     --HOLE-- [fill = 0]
                  00003e14    00000062     libclang_rt.builtins.a : aeabi_dcmp.S.obj (.text.__aeabi_dcmp)
                  00003e76    00000002     --HOLE-- [fill = 0]
                  00003e78    00000062                            : aeabi_fcmp.S.obj (.text.__aeabi_fcmp)
                  00003eda    00000062     libc.a : memset16.S.obj (.text:memset)
                  00003f3c    00000060     main.o (.text.delay_ms)
                  00003f9c    0000005c     libc.a : s_frexp.c.obj (.text.frexp)
                  00003ff8    0000005a     lcd_driver.o (.text.LCD_DrawRect)
                  00004052    00000058     libc.a : _ltoa.c.obj (.text.__TI_ltoa)
                  000040aa    00000058            : _printfi.c.obj (.text._pconv_f)
                  00004102    00000002     --HOLE-- [fill = 0]
                  00004104    00000056     libclang_rt.builtins.a : aeabi_idivmod.S.obj (.text.__aeabi_idivmod)
                  0000415a    00000002     --HOLE-- [fill = 0]
                  0000415c    00000054     ti_msp_dl_config.o (.text.SYSCFG_DL_I2C_SENSORS_init)
                  000041b0    00000052     libc.a : _printfi.c.obj (.text._ecpy)
                  00004202    00000002     --HOLE-- [fill = 0]
                  00004204    00000050     main.o (.text.GPIOA_IRQHandler)
                  00004254    0000004c     ti_msp_dl_config.o (.text.SYSCFG_DL_SPI_LCD_init)
                  000042a0    0000004c     ti_msp_dl_config.o (.text.SYSCFG_DL_TIMER_SAMPLE_init)
                  000042ec    0000004c     libc.a : snprintf.c.obj (.text.snprintf)
                  00004338    0000004a     libclang_rt.builtins.a : fixdfsi.S.obj (.text.__fixdfsi)
                  00004382    00000002     --HOLE-- [fill = 0]
                  00004384    00000048     ti_msp_dl_config.o (.text.SYSCFG_DL_init)
                  000043cc    00000044     dl_spi.o (.text.DL_SPI_init)
                  00004410    00000044     dl_sysctl_mspm0g1x0x_g3x0x.o (.text.DL_SYSCTL_switchMCLKfromSYSOSCtoHSCLK)
                  00004454    00000042     libclang_rt.builtins.a : fixunsdfsi.S.obj (.text.__fixunsdfsi)
                  00004496    00000002     --HOLE-- [fill = 0]
                  00004498    00000040     dl_adc12.o (.text.DL_ADC12_setClockConfig)
                  000044d8    00000040     libclang_rt.builtins.a : aeabi_uidivmod.S.obj (.text.__aeabi_uidivmod)
                  00004518    00000040                            : extendsfdf2.S.obj (.text.__extendsfdf2)
                  00004558    00000040     libc.a : atoi.c.obj (.text.atoi)
                  00004598    0000003c     main.o (.text.ADC0_IRQHandler)
                  000045d4    0000003c     main.o (.text.ADC1_IRQHandler)
                  00004610    0000003c     libclang_rt.builtins.a : floatsisf.S.obj (.text.__floatsisf)
                  0000464c    0000003c                            : comparesf2.S.obj (.text.__gtsf2)
                  00004688    0000003c     libc.a : autoinit.c.obj (.text:__TI_auto_init_nobinit_nopinit)
                  000046c4    0000003a     libclang_rt.builtins.a : comparesf2.S.obj (.text.__eqsf2)
                  000046fe    00000002     --HOLE-- [fill = 0]
                  00004700    0000003a                            : muldsi3.S.obj (.text.__muldsi3)
                  0000473a    00000002     --HOLE-- [fill = 0]
                  0000473c    00000038                            : fixsfsi.S.obj (.text.__fixsfsi)
                  00004774    00000030     libc.a : _printfi.c.obj (.text._fcpy)
                  000047a4    00000030            : snprintf.c.obj (.text._outs)
                  000047d4    0000002e     lcd_driver.o (.text.LCD_DrawString)
                  00004802    00000002     --HOLE-- [fill = 0]
                  00004804    0000002c     libclang_rt.builtins.a : floatsidf.S.obj (.text.__floatsidf)
                  00004830    00000028     ti_msp_dl_config.o (.text.SYSCFG_DL_SYSCTL_CLK_init)
                  00004858    00000028     libclang_rt.builtins.a : floatunsisf.S.obj (.text.__floatunsisf)
                  00004880    00000028     libc.a : boot_cortex_m.c.obj (.text:_c_int00_noargs)
                  000048a8    00000026     dl_i2c.o (.text.DL_I2C_setClockConfig)
                  000048ce    00000002     --HOLE-- [fill = 0]
                  000048d0    00000024     libclang_rt.builtins.a : muldi3.S.obj (.text.__muldi3)
                  000048f4    00000022     dl_vref.o (.text.DL_VREF_configReference)
                  00004916    00000022     libc.a : memccpy.c.obj (.text.memccpy)
                  00004938    0000001e     libclang_rt.builtins.a : ashldi3.S.obj (.text.__ashldi3)
                  00004956    00000002     --HOLE-- [fill = 0]
                  00004958    0000001c     dl_timer.o (.text.DL_Timer_setCaptCompUpdateMethod)
                  00004974    0000001c     dl_timer.o (.text.DL_Timer_setClockConfig)
                  00004990    0000001c     ti_msp_dl_config.o (.text.SYSCFG_DL_VREF_init)
                  000049ac    00000018     dl_timer.o (.text.DL_Timer_setCaptureCompareOutCtl)
                  000049c4    00000018     libc.a : snprintf.c.obj (.text._outc)
                  000049dc    00000016            : k_rem_pio2.c.obj (.text.OUTLINED_FUNCTION_0)
                  000049f2    00000002     --HOLE-- [fill = 0]
                  000049f4    00000010     libclang_rt.builtins.a : adddf3.S.obj (.tramp.__aeabi_dadd.1)
                  00004a04    00000016     libc.a : copy_zero_init.c.obj (.text:decompress:ZI:__TI_zero_init_nomemset)
                  00004a1a    00000002     --HOLE-- [fill = 0]
                  00004a1c    00000014     libclang_rt.builtins.a : aeabi_uldivmod.S.obj (.text.__aeabi_uldivmod)
                  00004a30    00000014     libc.a : _printfi.c.obj (.text.strchr)
                  00004a44    00000012     dl_spi.o (.text.DL_SPI_setClockConfig)
                  00004a56    00000012     libc.a : copy_decompress_none.c.obj (.text:decompress:none)
                  00004a68    00000010     dl_timer.o (.text.DL_Timer_setCaptureCompareValue)
                  00004a78    00000010     libc.a : k_rem_pio2.c.obj (.text.OUTLINED_FUNCTION_2)
                  00004a88    00000010            : wcslen.c.obj (.text.wcslen)
                  00004a98    0000000e     libclang_rt.builtins.a : aeabi_memset.S.obj (.text.__aeabi_memset)
                  00004aa6    0000000e     libc.a : _printfi.c.obj (.text.strlen)
                  00004ab4    0000000a     dl_common.o (.text.DL_Common_delayCycles)
                  00004abe    0000000a     libc.a : _printfi.c.obj (.text.OUTLINED_FUNCTION_0)
                  00004ac8    00000010     libclang_rt.builtins.a : adddf3.S.obj (.tramp.__aeabi_dsub.1)
                  00004ad8    0000000a     libc.a : _printfi.c.obj (.text.OUTLINED_FUNCTION_1)
                  00004ae2    0000000a            : k_rem_pio2.c.obj (.text.OUTLINED_FUNCTION_1)
                  00004aec    0000000a            : s_sinf.c.obj (.text.OUTLINED_FUNCTION_3)
                  00004af6    00000002     --HOLE-- [fill = 0]
                  00004af8    00000008            : aeabi_portable.c.obj (.text.__aeabi_errno_addr)
                  00004b00    00000008     libclang_rt.builtins.a : aeabi_memcpy.S.obj (.text.__aeabi_memcpy)
                  00004b08    00000006     libc.a : s_sinf.c.obj (.text.OUTLINED_FUNCTION_0)
                  00004b0e    00000002     --HOLE-- [fill = 0]
                  00004b10    00000010     libclang_rt.builtins.a : muldf3.S.obj (.tramp.__aeabi_dmul.1)
                  00004b20    00000006     libc.a : s_sinf.c.obj (.text.OUTLINED_FUNCTION_1)
                  00004b26    00000006     startup_mspm0g350x_ticlang.o (.text.ResetISR)
                  00004b2c    00000006     libc.a : exit.c.obj (.text:abort)
                  00004b32    00000004     libsysbm.a : hostexit.c.obj (.text.HOSTexit)
                  00004b36    00000004     libc.a : s_sinf.c.obj (.text.OUTLINED_FUNCTION_2)
                  00004b3a    00000004            : pre_init.c.obj (.text._system_pre_init)
                  00004b3e    00000002     --HOLE-- [fill = 0]

.cinit     0    00005200    00000040     
                  00005200    00000017     (.cinit..data.load) [load image, compression = lzss]
                  00005217    00000001     --HOLE-- [fill = 0]
                  00005218    0000000c     (__TI_handler_table)
                  00005224    00000008     (.cinit..bss.load) [load image, compression = zero_init]
                  0000522c    00000010     (__TI_cinit_table)
                  0000523c    00000004     --HOLE-- [fill = 0]

.rodata    0    00004b40    000006c0     
                  00004b40    00000200     main.o (.rodata.sine_table)
                  00004d40    00000127     lcd_driver.o (.rodata.font_5x7)
                  00004e67    00000001     --HOLE-- [fill = 0]
                  00004e68    00000108     libc.a : k_rem_pio2.c.obj (.rodata.ipio2)
                  00004f70    00000101            : aeabi_ctype.S.obj (.rodata:__aeabi_ctype_table_)
                  00005071    00000007     main.o (.rodata.str1.12180500075719773345.1)
                  00005078    00000040     libc.a : k_rem_pio2.c.obj (.rodata.PIo2)
                  000050b8    00000028     ti_msp_dl_config.o (.rodata.gSYSPLLConfig)
                  000050e0    00000014     ti_msp_dl_config.o (.rodata.gTIMER_SAMPLETimerConfig)
                  000050f4    00000012     main.o (.rodata.str1.8108965883388295311.1)
                  00005106    00000011     libc.a : _printfi.c.obj (.rodata.str1.10348868589481759720.1)
                  00005117    00000011            : _printfi.c.obj (.rodata.str1.15363888844622738466.1)
                  00005128    00000010     main.o (.rodata..L__const.Update_Display.wave_names)
                  00005138    00000010     libc.a : k_rem_pio2.c.obj (.rodata.cst16)
                  00005148    00000010     main.o (.rodata.cst16)
                  00005158    0000000e     main.o (.rodata.str1.9059077390166914652.1)
                  00005166    0000000c     main.o (.rodata.str1.8154729771448623357.1)
                  00005172    0000000b     main.o (.rodata.str1.15159059442110792349.1)
                  0000517d    0000000b     main.o (.rodata.str1.16265332423659789559.1)
                  00005188    0000000b     main.o (.rodata.str1.7702501944640899365.1)
                  00005193    00000001     --HOLE-- [fill = 0]
                  00005194    0000000a     ti_msp_dl_config.o (.rodata.gSPI_LCD_config)
                  0000519e    0000000a     main.o (.rodata.str1.15996357275703397564.1)
                  000051a8    00000008     ti_msp_dl_config.o (.rodata.gADC_ACCELClockConfig)
                  000051b0    00000008     ti_msp_dl_config.o (.rodata.gADC_MIC_JOYClockConfig)
                  000051b8    00000008     ti_msp_dl_config.o (.rodata.gPWM_AUDIOConfig)
                  000051c0    00000008     ti_msp_dl_config.o (.rodata.gVREFConfig)
                  000051c8    00000008     main.o (.rodata.str1.14402440632258215044.1)
                  000051d0    00000008     main.o (.rodata.str1.2123964117280943167.1)
                  000051d8    00000007     main.o (.rodata.str1.17100691992556644108.1)
                  000051df    00000005     main.o (.rodata.str1.2846389346932560359.1)
                  000051e4    00000004     main.o (.rodata.str1.14112174005742061988.1)
                  000051e8    00000004     main.o (.rodata.str1.288608917962107522.1)
                  000051ec    00000003     ti_msp_dl_config.o (.rodata.gPWM_AUDIOClockConfig)
                  000051ef    00000003     ti_msp_dl_config.o (.rodata.gTIMER_SAMPLEClockConfig)
                  000051f2    00000002     ti_msp_dl_config.o (.rodata.gI2C_SENSORSClockConfig)
                  000051f4    00000002     ti_msp_dl_config.o (.rodata.gSPI_LCD_clockConfig)
                  000051f6    0000000a     --HOLE-- [fill = 0]

.init_array 
*          0    00000000    00000000     UNINITIALIZED

.binit     0    00000000    00000000     

.bss       0    20200000    000002c8     UNINITIALIZED
                  20200000    00000200     startup_mspm0g350x_ticlang.o (.bss.stack)
                  20200200    000000a0     (.common:gTIMER_SAMPLEBackup)
                  202002a0    00000028     (.common:gSPI_LCDBackup)

.data      0    202002c8    00000037     UNINITIALIZED
                  202002c8    00000020     main.o (.data.g_synthState)
                  202002e8    00000004     main.o (.data.Process_Input.last_update)
                  202002ec    00000004     libc.a : aeabi_portable.c.obj (.data.__aeabi_errno)
                  202002f0    00000004     main.o (.data.main.last_display)
                  202002f4    00000004     main.o (.data.phase)
                  202002f8    00000004     main.o (.data.phase_increment)
                  202002fc    00000001     main.o (.data.Process_Input.last_joy)
                  202002fd    00000001     main.o (.data.Process_Input.last_s1)
                  202002fe    00000001     main.o (.data.Process_Input.last_s2)

.stack     0    20207e00    00000200     UNINITIALIZED
                  20207e00    00000004     libc.a : boot_cortex_m.c.obj (.stack)
                  20207e04    000001fc     --HOLE--

__llvm_prf_cnts 
*          0    20200000    00000000     UNINITIALIZED

__llvm_prf_bits 
*          0    20200000    00000000     UNINITIALIZED

MODULE SUMMARY

       Module                         code    ro data   rw data
       ------                         ----    -------   -------
    .\
       main.o                         1424    674       51     
       ti_msp_dl_config.o             1360    112       200    
       startup_mspm0g350x_ticlang.o   8       192       512    
    +--+------------------------------+-------+---------+---------+
       Total:                         2792    978       763    
                                                               
    .\lcd\
       lcd_driver.o                   3656    295       0      
    +--+------------------------------+-------+---------+---------+
       Total:                         3656    295       0      
                                                               
    .\ti\driverlib\
       dl_timer.o                     608     0         0      
       dl_spi.o                       86      0         0      
       dl_adc12.o                     64      0         0      
       dl_i2c.o                       38      0         0      
       dl_vref.o                      34      0         0      
       dl_common.o                    10      0         0      
    +--+------------------------------+-------+---------+---------+
       Total:                         840     0         0      
                                                               
    .\ti\driverlib\m0p\sysctl\
       dl_sysctl_mspm0g1x0x_g3x0x.o   288     0         0      
    +--+------------------------------+-------+---------+---------+
       Total:                         288     0         0      
                                                               
    C:\ti\ccs2040\ccs\tools\compiler\ti-cgt-armllvm_4.0.4.LTS\lib\armv6m-ti-none-eabi/c/libc.a
       _printfi.c.obj                 4510    34        0      
       k_rem_pio2.c.obj               1652    344       0      
       s_sinf.c.obj                   810     0         0      
       s_floor.c.obj                  324     0         0      
       aeabi_ctype.S.obj              0       257       0      
       s_scalbn.c.obj                 216     0         0      
       memcpy16.S.obj                 154     0         0      
       snprintf.c.obj                 148     0         0      
       copy_decompress_lzss.c.obj     124     0         0      
       memset16.S.obj                 98      0         0      
       s_frexp.c.obj                  92      0         0      
       _ltoa.c.obj                    88      0         0      
       atoi.c.obj                     64      0         0      
       autoinit.c.obj                 60      0         0      
       boot_cortex_m.c.obj            40      0         0      
       memccpy.c.obj                  34      0         0      
       copy_zero_init.c.obj           22      0         0      
       copy_decompress_none.c.obj     18      0         0      
       wcslen.c.obj                   16      0         0      
       aeabi_portable.c.obj           8       0         4      
       exit.c.obj                     6       0         0      
       pre_init.c.obj                 4       0         0      
    +--+------------------------------+-------+---------+---------+
       Total:                         8488    635       4      
                                                               
    C:\ti\ccs2040\ccs\tools\compiler\ti-cgt-armllvm_4.0.4.LTS\lib\armv6m-ti-none-eabi/c/libsysbm.a
       hostexit.c.obj                 4       0         0      
    +--+------------------------------+-------+---------+---------+
       Total:                         4       0         0      
                                                               
    C:\ti\ccs2040\ccs\tools\compiler\ti-cgt-armllvm_4.0.4.LTS\lib\armv6m-ti-none-eabi/libclang_rt.builtins.a
       adddf3.S.obj                   434     0         0      
       divdf3.S.obj                   268     0         0      
       muldf3.S.obj                   244     0         0      
       comparedf2.c.obj               220     0         0      
       addsf3.S.obj                   216     0         0      
       udivmoddi4.S.obj               162     0         0      
       mulsf3.S.obj                   140     0         0      
       divsf3.S.obj                   130     0         0      
       comparesf2.S.obj               118     0         0      
       truncdfsf2.S.obj               116     0         0      
       aeabi_dcmp.S.obj               98      0         0      
       aeabi_fcmp.S.obj               98      0         0      
       aeabi_idivmod.S.obj            86      0         0      
       fixdfsi.S.obj                  74      0         0      
       fixunsdfsi.S.obj               66      0         0      
       aeabi_uidivmod.S.obj           64      0         0      
       extendsfdf2.S.obj              64      0         0      
       floatsisf.S.obj                60      0         0      
       muldsi3.S.obj                  58      0         0      
       fixsfsi.S.obj                  56      0         0      
       floatsidf.S.obj                44      0         0      
       floatunsisf.S.obj              40      0         0      
       muldi3.S.obj                   36      0         0      
       ashldi3.S.obj                  30      0         0      
       aeabi_uldivmod.S.obj           20      0         0      
       aeabi_memset.S.obj             14      0         0      
       aeabi_memcpy.S.obj             8       0         0      
       aeabi_div0.c.obj               4       0         0      
    +--+------------------------------+-------+---------+---------+
       Total:                         2968    0         0      
                                                               
       Stack:                         0       0         512    
       Linker Generated:              0       59        0      
    +--+------------------------------+-------+---------+---------+
       Grand Total:                   19036   1967      1279   


LINKER GENERATED COPY TABLES

__TI_cinit_table @ 0000522c records: 2, size/record: 8, table size: 16
	.data: load addr=00005200, load size=00000017 bytes, run addr=202002c8, run size=00000037 bytes, compression=lzss
	.bss: load addr=00005224, load size=00000008 bytes, run addr=20200000, run size=000002c8 bytes, compression=zero_init


LINKER GENERATED HANDLER TABLE

__TI_handler_table @ 00005218 records: 3, size/record: 4, table size: 12
	index: 0, handler: __TI_decompress_lzss
	index: 1, handler: __TI_decompress_none
	index: 2, handler: __TI_zero_init


FAR CALL TRAMPOLINES

callee name               trampoline name
   callee addr  tramp addr   call addr  call info
--------------  -----------  ---------  ----------------
__aeabi_dadd              $Tramp$TT$L$PI$$__aeabi_dadd
   00001f9f     000049f4     000049f0   libc.a : k_rem_pio2.c.obj (.text.OUTLINED_FUNCTION_0)
                             00004aea          : k_rem_pio2.c.obj (.text.OUTLINED_FUNCTION_1)
                             00004af4          : s_sinf.c.obj (.text.OUTLINED_FUNCTION_3)
__aeabi_dsub              $Tramp$TT$L$PI$$__aeabi_dsub
   00001f95     00004ac8     00004ac6   libc.a : _printfi.c.obj (.text.OUTLINED_FUNCTION_0)
__aeabi_dmul              $Tramp$TT$L$PI$$__aeabi_dmul
   0000307d     00004b10     00004b0c   libc.a : s_sinf.c.obj (.text.OUTLINED_FUNCTION_0)
                             00004b24          : s_sinf.c.obj (.text.OUTLINED_FUNCTION_1)

[3 trampolines]
[6 trampoline calls]


GLOBAL SYMBOLS: SORTED ALPHABETICALLY BY Name 

address   name                                 
-------   ----                                 
00004599  ADC0_IRQHandler                      
000045d5  ADC1_IRQHandler                      
00002127  AES_IRQHandler                       
00004b32  C$$EXIT                              
00002127  CANFD0_IRQHandler                    
00004499  DL_ADC12_setClockConfig              
00004ab5  DL_Common_delayCycles                
000048a9  DL_I2C_setClockConfig                
000043cd  DL_SPI_init                          
00004a45  DL_SPI_setClockConfig                
00003161  DL_SYSCTL_configSYSPLL               
00004411  DL_SYSCTL_switchMCLKfromSYSOSCtoHSCLK
00002e7d  DL_Timer_initFourCCPWMMode           
00002f81  DL_Timer_initTimerMode               
00004959  DL_Timer_setCaptCompUpdateMethod     
000049ad  DL_Timer_setCaptureCompareOutCtl     
00004a69  DL_Timer_setCaptureCompareValue      
00004975  DL_Timer_setClockConfig              
000048f5  DL_VREF_configReference              
00002127  DMA_IRQHandler                       
00002127  Default_Handler                      
00004205  GPIOA_IRQHandler                     
00002127  GPIOB_IRQHandler                     
00002127  GROUP0_IRQHandler                    
00004b33  HOSTexit                             
00002127  HardFault_Handler                    
00002127  I2C0_IRQHandler                      
00002127  I2C1_IRQHandler                      
00002127  I2C2_IRQHandler                      
00002a2d  LCD_Clear                            
000027dd  LCD_DrawChar                         
0000144d  LCD_DrawLine                         
00003ff9  LCD_DrawRect                         
000047d5  LCD_DrawString                       
000010d5  LCD_DrawWaveform                     
00003589  LCD_FillCircle                       
00002129  LCD_FillRect                         
000022a9  LCD_Init                             
00002127  NMI_Handler                          
00002127  PendSV_Handler                       
00002127  RTC_IRQHandler                       
00004b27  ResetISR                             
00002127  SPI0_IRQHandler                      
00002127  SPI1_IRQHandler                      
00002127  SVC_Handler                          
000038d1  SYSCFG_DL_ADC_ACCEL_init             
00003a6d  SYSCFG_DL_ADC_MIC_JOY_init           
00002c61  SYSCFG_DL_GPIO_init                  
0000415d  SYSCFG_DL_I2C_SENSORS_init           
00003be5  SYSCFG_DL_PWM_AUDIO_init             
00004255  SYSCFG_DL_SPI_LCD_init               
00004831  SYSCFG_DL_SYSCTL_CLK_init            
000034c1  SYSCFG_DL_SYSCTL_init                
000042a1  SYSCFG_DL_TIMER_SAMPLE_init          
00004991  SYSCFG_DL_VREF_init                  
00004385  SYSCFG_DL_init                       
00003aed  SYSCFG_DL_initPower                  
00002127  SysTick_Handler                      
00002127  TIMG0_IRQHandler                     
00002127  TIMG12_IRQHandler                    
00002127  TIMG14_IRQHandler                    
00002127  TIMG4_IRQHandler                     
00002127  TIMG6_IRQHandler                     
000033ed  TIMG7_IRQHandler                     
00002127  TIMG8_IRQHandler                     
00002127  UART0_IRQHandler                     
00002127  UART1_IRQHandler                     
00002127  UART2_IRQHandler                     
00002127  UART3_IRQHandler                     
20208000  __STACK_END                          
00000200  __STACK_SIZE                         
00000000  __TI_ATRegion0_region_sz             
00000000  __TI_ATRegion0_src_addr              
00000000  __TI_ATRegion0_trg_addr              
00000000  __TI_ATRegion1_region_sz             
00000000  __TI_ATRegion1_src_addr              
00000000  __TI_ATRegion1_trg_addr              
00000000  __TI_ATRegion2_region_sz             
00000000  __TI_ATRegion2_src_addr              
00000000  __TI_ATRegion2_trg_addr              
0000522c  __TI_CINIT_Base                      
0000523c  __TI_CINIT_Limit                     
0000523c  __TI_CINIT_Warm                      
00005218  __TI_Handler_Table_Base              
00005224  __TI_Handler_Table_Limit             
00004689  __TI_auto_init_nobinit_nopinit       
00003b69  __TI_decompress_lzss                 
00004a57  __TI_decompress_none                 
00004053  __TI_ltoa                            
ffffffff  __TI_pprof_out_hndl                  
000000c1  __TI_printfi                         
ffffffff  __TI_prof_data_size                  
ffffffff  __TI_prof_data_start                 
00000000  __TI_static_base__                   
00004a05  __TI_zero_init_nomemset              
00001f9f  __adddf3                             
0000331f  __addsf3                             
00004f70  __aeabi_ctype_table_                 
00004f70  __aeabi_ctype_table_C                
00003cd1  __aeabi_d2f                          
00004339  __aeabi_d2iz                         
00004455  __aeabi_d2uiz                        
00001f9f  __aeabi_dadd                         
00003e15  __aeabi_dcmpeq                       
00003e51  __aeabi_dcmpge                       
00003e65  __aeabi_dcmpgt                       
00003e3d  __aeabi_dcmple                       
00003e29  __aeabi_dcmplt                       
00002d71  __aeabi_ddiv                         
0000307d  __aeabi_dmul                         
00001f95  __aeabi_dsub                         
202002ec  __aeabi_errno                        
00004af9  __aeabi_errno_addr                   
00004519  __aeabi_f2d                          
0000473d  __aeabi_f2iz                         
0000331f  __aeabi_fadd                         
00003e79  __aeabi_fcmpeq                       
00003eb5  __aeabi_fcmpge                       
00003ec9  __aeabi_fcmpgt                       
00003ea1  __aeabi_fcmple                       
00003e8d  __aeabi_fcmplt                       
000039e9  __aeabi_fdiv                         
0000395d  __aeabi_fmul                         
00003315  __aeabi_fsub                         
00004805  __aeabi_i2d                          
00004611  __aeabi_i2f                          
00004105  __aeabi_idiv                         
00003797  __aeabi_idiv0                        
00004105  __aeabi_idivmod                      
000038cf  __aeabi_ldiv0                        
00004939  __aeabi_llsl                         
000048d1  __aeabi_lmul                         
00004b01  __aeabi_memcpy                       
00004b01  __aeabi_memcpy4                      
00004b01  __aeabi_memcpy8                      
00004a99  __aeabi_memset                       
00004a99  __aeabi_memset4                      
00004a99  __aeabi_memset8                      
00004859  __aeabi_ui2f                         
000044d9  __aeabi_uidiv                        
000044d9  __aeabi_uidivmod                     
00004a1d  __aeabi_uldivmod                     
00004939  __ashldi3                            
ffffffff  __binit__                            
00003d45  __cmpdf2                             
000046c5  __cmpsf2                             
00002d71  __divdf3                             
000039e9  __divsf3                             
00003d45  __eqdf2                              
000046c5  __eqsf2                              
00004519  __extendsfdf2                        
00004339  __fixdfsi                            
0000473d  __fixsfsi                            
00004455  __fixunsdfsi                         
00004805  __floatsidf                          
00004611  __floatsisf                          
00004859  __floatunsisf                        
00003c5d  __gedf2                              
0000464d  __gesf2                              
00003c5d  __gtdf2                              
0000464d  __gtsf2                              
00000a91  __kernel_rem_pio2                    
00003d45  __ledf2                              
000046c5  __lesf2                              
00003d45  __ltdf2                              
000046c5  __ltsf2                              
UNDEFED   __mpu_init                           
0000307d  __muldf3                             
000048d1  __muldi3                             
00004701  __muldsi3                            
0000395d  __mulsf3                             
00003d45  __nedf2                              
000046c5  __nesf2                              
20207e00  __stack                              
20200000  __start___llvm_prf_bits              
20200000  __start___llvm_prf_cnts              
20200000  __stop___llvm_prf_bits               
20200000  __stop___llvm_prf_cnts               
00001f95  __subdf3                             
00003315  __subsf3                             
00003cd1  __truncdfsf2                         
000036f5  __udivmoddi4                         
00004881  _c_int00_noargs                      
UNDEFED   _system_post_cinit                   
00004b3b  _system_pre_init                     
00004b2d  abort                                
00004559  atoi                                 
ffffffff  binit                                
00003f3d  delay_ms                             
0000255d  floor                                
0000255d  floorl                               
00003f9d  frexp                                
00003f9d  frexpl                               
202002a0  gSPI_LCDBackup                       
20200200  gTIMER_SAMPLEBackup                  
202002c8  g_synthState                         
00000000  interruptVectors                     
0000323d  ldexp                                
0000323d  ldexpl                               
00001785  main                                 
00004917  memccpy                              
00003835  memcpy                               
00003edb  memset                               
0000323d  scalbn                               
0000323d  scalbnl                              
00001dcd  sinf                                 
000042ed  snprintf                             
00004a89  wcslen                               


GLOBAL SYMBOLS: SORTED BY Symbol Address 

address   name                                 
-------   ----                                 
00000000  __TI_ATRegion0_region_sz             
00000000  __TI_ATRegion0_src_addr              
00000000  __TI_ATRegion0_trg_addr              
00000000  __TI_ATRegion1_region_sz             
00000000  __TI_ATRegion1_src_addr              
00000000  __TI_ATRegion1_trg_addr              
00000000  __TI_ATRegion2_region_sz             
00000000  __TI_ATRegion2_src_addr              
00000000  __TI_ATRegion2_trg_addr              
00000000  __TI_static_base__                   
00000000  interruptVectors                     
000000c1  __TI_printfi                         
00000200  __STACK_SIZE                         
00000a91  __kernel_rem_pio2                    
000010d5  LCD_DrawWaveform                     
0000144d  LCD_DrawLine                         
00001785  main                                 
00001dcd  sinf                                 
00001f95  __aeabi_dsub                         
00001f95  __subdf3                             
00001f9f  __adddf3                             
00001f9f  __aeabi_dadd                         
00002127  AES_IRQHandler                       
00002127  CANFD0_IRQHandler                    
00002127  DMA_IRQHandler                       
00002127  Default_Handler                      
00002127  GPIOB_IRQHandler                     
00002127  GROUP0_IRQHandler                    
00002127  HardFault_Handler                    
00002127  I2C0_IRQHandler                      
00002127  I2C1_IRQHandler                      
00002127  I2C2_IRQHandler                      
00002127  NMI_Handler                          
00002127  PendSV_Handler                       
00002127  RTC_IRQHandler                       
00002127  SPI0_IRQHandler                      
00002127  SPI1_IRQHandler                      
00002127  SVC_Handler                          
00002127  SysTick_Handler                      
00002127  TIMG0_IRQHandler                     
00002127  TIMG12_IRQHandler                    
00002127  TIMG14_IRQHandler                    
00002127  TIMG4_IRQHandler                     
00002127  TIMG6_IRQHandler                     
00002127  TIMG8_IRQHandler                     
00002127  UART0_IRQHandler                     
00002127  UART1_IRQHandler                     
00002127  UART2_IRQHandler                     
00002127  UART3_IRQHandler                     
00002129  LCD_FillRect                         
000022a9  LCD_Init                             
0000255d  floor                                
0000255d  floorl                               
000027dd  LCD_DrawChar                         
00002a2d  LCD_Clear                            
00002c61  SYSCFG_DL_GPIO_init                  
00002d71  __aeabi_ddiv                         
00002d71  __divdf3                             
00002e7d  DL_Timer_initFourCCPWMMode           
00002f81  DL_Timer_initTimerMode               
0000307d  __aeabi_dmul                         
0000307d  __muldf3                             
00003161  DL_SYSCTL_configSYSPLL               
0000323d  ldexp                                
0000323d  ldexpl                               
0000323d  scalbn                               
0000323d  scalbnl                              
00003315  __aeabi_fsub                         
00003315  __subsf3                             
0000331f  __addsf3                             
0000331f  __aeabi_fadd                         
000033ed  TIMG7_IRQHandler                     
000034c1  SYSCFG_DL_SYSCTL_init                
00003589  LCD_FillCircle                       
000036f5  __udivmoddi4                         
00003797  __aeabi_idiv0                        
00003835  memcpy                               
000038cf  __aeabi_ldiv0                        
000038d1  SYSCFG_DL_ADC_ACCEL_init             
0000395d  __aeabi_fmul                         
0000395d  __mulsf3                             
000039e9  __aeabi_fdiv                         
000039e9  __divsf3                             
00003a6d  SYSCFG_DL_ADC_MIC_JOY_init           
00003aed  SYSCFG_DL_initPower                  
00003b69  __TI_decompress_lzss                 
00003be5  SYSCFG_DL_PWM_AUDIO_init             
00003c5d  __gedf2                              
00003c5d  __gtdf2                              
00003cd1  __aeabi_d2f                          
00003cd1  __truncdfsf2                         
00003d45  __cmpdf2                             
00003d45  __eqdf2                              
00003d45  __ledf2                              
00003d45  __ltdf2                              
00003d45  __nedf2                              
00003e15  __aeabi_dcmpeq                       
00003e29  __aeabi_dcmplt                       
00003e3d  __aeabi_dcmple                       
00003e51  __aeabi_dcmpge                       
00003e65  __aeabi_dcmpgt                       
00003e79  __aeabi_fcmpeq                       
00003e8d  __aeabi_fcmplt                       
00003ea1  __aeabi_fcmple                       
00003eb5  __aeabi_fcmpge                       
00003ec9  __aeabi_fcmpgt                       
00003edb  memset                               
00003f3d  delay_ms                             
00003f9d  frexp                                
00003f9d  frexpl                               
00003ff9  LCD_DrawRect                         
00004053  __TI_ltoa                            
00004105  __aeabi_idiv                         
00004105  __aeabi_idivmod                      
0000415d  SYSCFG_DL_I2C_SENSORS_init           
00004205  GPIOA_IRQHandler                     
00004255  SYSCFG_DL_SPI_LCD_init               
000042a1  SYSCFG_DL_TIMER_SAMPLE_init          
000042ed  snprintf                             
00004339  __aeabi_d2iz                         
00004339  __fixdfsi                            
00004385  SYSCFG_DL_init                       
000043cd  DL_SPI_init                          
00004411  DL_SYSCTL_switchMCLKfromSYSOSCtoHSCLK
00004455  __aeabi_d2uiz                        
00004455  __fixunsdfsi                         
00004499  DL_ADC12_setClockConfig              
000044d9  __aeabi_uidiv                        
000044d9  __aeabi_uidivmod                     
00004519  __aeabi_f2d                          
00004519  __extendsfdf2                        
00004559  atoi                                 
00004599  ADC0_IRQHandler                      
000045d5  ADC1_IRQHandler                      
00004611  __aeabi_i2f                          
00004611  __floatsisf                          
0000464d  __gesf2                              
0000464d  __gtsf2                              
00004689  __TI_auto_init_nobinit_nopinit       
000046c5  __cmpsf2                             
000046c5  __eqsf2                              
000046c5  __lesf2                              
000046c5  __ltsf2                              
000046c5  __nesf2                              
00004701  __muldsi3                            
0000473d  __aeabi_f2iz                         
0000473d  __fixsfsi                            
000047d5  LCD_DrawString                       
00004805  __aeabi_i2d                          
00004805  __floatsidf                          
00004831  SYSCFG_DL_SYSCTL_CLK_init            
00004859  __aeabi_ui2f                         
00004859  __floatunsisf                        
00004881  _c_int00_noargs                      
000048a9  DL_I2C_setClockConfig                
000048d1  __aeabi_lmul                         
000048d1  __muldi3                             
000048f5  DL_VREF_configReference              
00004917  memccpy                              
00004939  __aeabi_llsl                         
00004939  __ashldi3                            
00004959  DL_Timer_setCaptCompUpdateMethod     
00004975  DL_Timer_setClockConfig              
00004991  SYSCFG_DL_VREF_init                  
000049ad  DL_Timer_setCaptureCompareOutCtl     
00004a05  __TI_zero_init_nomemset              
00004a1d  __aeabi_uldivmod                     
00004a45  DL_SPI_setClockConfig                
00004a57  __TI_decompress_none                 
00004a69  DL_Timer_setCaptureCompareValue      
00004a89  wcslen                               
00004a99  __aeabi_memset                       
00004a99  __aeabi_memset4                      
00004a99  __aeabi_memset8                      
00004ab5  DL_Common_delayCycles                
00004af9  __aeabi_errno_addr                   
00004b01  __aeabi_memcpy                       
00004b01  __aeabi_memcpy4                      
00004b01  __aeabi_memcpy8                      
00004b27  ResetISR                             
00004b2d  abort                                
00004b32  C$$EXIT                              
00004b33  HOSTexit                             
00004b3b  _system_pre_init                     
00004f70  __aeabi_ctype_table_                 
00004f70  __aeabi_ctype_table_C                
00005218  __TI_Handler_Table_Base              
00005224  __TI_Handler_Table_Limit             
0000522c  __TI_CINIT_Base                      
0000523c  __TI_CINIT_Limit                     
0000523c  __TI_CINIT_Warm                      
20200000  __start___llvm_prf_bits              
20200000  __start___llvm_prf_cnts              
20200000  __stop___llvm_prf_bits               
20200000  __stop___llvm_prf_cnts               
20200200  gTIMER_SAMPLEBackup                  
202002a0  gSPI_LCDBackup                       
202002c8  g_synthState                         
202002ec  __aeabi_errno                        
20207e00  __stack                              
20208000  __STACK_END                          
ffffffff  __TI_pprof_out_hndl                  
ffffffff  __TI_prof_data_size                  
ffffffff  __TI_prof_data_start                 
ffffffff  __binit__                            
ffffffff  binit                                
UNDEFED   __mpu_init                           
UNDEFED   _system_post_cinit                   

[208 symbols]
