******************************************************************************
            TI ARM Clang Linker PC v4.0.4                      
******************************************************************************
>> Linked Sat Dec 27 01:59:56 2025

OUTPUT FILE NAME:   <Motion_Music_studio.out>
ENTRY POINT SYMBOL: "_c_int00_noargs"  address: 0000455d


MEMORY CONFIGURATION

         name            origin    length      used     unused   attr    fill
----------------------  --------  ---------  --------  --------  ----  --------
  FLASH                 00000000   00020000  000058b8  0001a748  R  X
  SRAM                  20200000   00008000  000014a5  00006b5b  RW X
  BCR_CONFIG            41c00000   000000ff  00000000  000000ff  R   
  BSL_CONFIG            41c00100   00000080  00000000  00000080  R   


SEGMENT ALLOCATION MAP

run origin  load origin   length   init length attrs members
----------  ----------- ---------- ----------- ----- -------
00000000    00000000    000058b8   000058b8    r-x
  00000000    00000000    000000c0   000000c0    r-- .intvecs
  000000c0    000000c0    00005000   00005000    r-x .text
  000050c0    000050c0    000007b0   000007b0    r-- .rodata
  00005870    00005870    00000048   00000048    r-- .cinit
20200000    20200000    000012a5   00000000    rw-
  20200000    20200000    00001000   00000000    rw- .sysmem
  20201000    20201000    000001c4   00000000    rw- .bss
  202011c4    202011c4    000000e1   00000000    rw- .data
20207e00    20207e00    00000200   00000000    rw-
  20207e00    20207e00    00000200   00000000    rw- .stack


SECTION ALLOCATION MAP

 output                                  attributes/
section   page    origin      length       input sections
--------  ----  ----------  ----------   ----------------
.intvecs   0    00000000    000000c0     
                  00000000    000000c0     startup_mspm0g350x_ticlang.o (.intvecs)

.text      0    000000c0    00005000     
                  000000c0    00000868     libc.a : _printfi.c.obj (.text:__TI_printfi_nofloat)
                  00000928    00000304     main.o (.text.Generate_Audio_Sample)
                  00000c2c    000002e4     main.o (.text.Display_Update)
                  00000f10    00000284     main.o (.text.Update_Phase_Increment)
                  00001194    00000260     lcd_driver.o (.text.LCD_Init)
                  000013f4    00000260     main.o (.text.main)
                  00001654    0000021c     ti_msp_dl_config.o (.text.SYSCFG_DL_GPIO_init)
                  00001870    000001a8     main.o (.text.Process_Envelope)
                  00001a18    00000192     libclang_rt.builtins.a : adddf3.S.obj (.text.adddf3_subdf3)
                  00001baa    00000002                            : aeabi_div0.c.obj (.text.__aeabi_idiv0)
                  00001bac    00000180     lcd_driver.o (.text.LCD_PrintString)
                  00001d2c    00000138     main.o (.text.Display_Waveform)
                  00001e64    00000118     lcd_driver.o (.text.LCD_DrawRect)
                  00001f7c    00000112     lcd_driver.o (.text.LCD_DrawLine)
                  0000208e    00000002     libclang_rt.builtins.a : aeabi_div0.c.obj (.text.__aeabi_ldiv0)
                  00002090    00000110     dl_timer.o (.text.DL_Timer_initTimerMode)
                  000021a0    00000110     dl_timer.o (.text.DL_Timer_initTwoCCPWMMode)
                  000022b0    00000110     main.o (.text.Process_Buttons)
                  000023c0    0000010c     libclang_rt.builtins.a : divdf3.S.obj (.text.__divdf3)
                  000024cc    000000f8     main.o (.text.Generate_Chord_Sample)
                  000025c4    000000ec     dl_timer.o (.text.DL_Timer_initFourCCPWMMode)
                  000026b0    000000ec     main.o (.text.Process_Arpeggiator)
                  0000279c    000000e4     libclang_rt.builtins.a : muldf3.S.obj (.text.__muldf3)
                  00002880    000000e0     dl_sysctl_mspm0g1x0x_g3x0x.o (.text.DL_SYSCTL_configSYSPLL)
                  00002960    000000dc     main.o (.text.Generate_Waveform)
                  00002a3c    000000d8     dl_rtc_common.o (.text.DL_RTC_Common_initCalendar)
                  00002b14    000000d8     main.o (.text.Process_Joystick)
                  00002bec    000000d4     ti_msp_dl_config.o (.text.SYSCFG_DL_ADC_ACCEL_init)
                  00002cc0    000000c0     ti_msp_dl_config.o (.text.SYSCFG_DL_initPower)
                  00002d80    000000b0     main.o (.text.Process_Pitch_Bend)
                  00002e30    000000b0     ti_msp_dl_config.o (.text.SYSCFG_DL_SYSCTL_SYSPLL_init)
                  00002ee0    000000a4     ti_msp_dl_config.o (.text.SYSCFG_DL_SYSCTL_init)
                  00002f84    000000a2     libclang_rt.builtins.a : udivmoddi4.S.obj (.text)
                  00003026    00000002     --HOLE-- [fill = 0]
                  00003028    000000a0     lcd_driver.o (.text.LCD_FillScreen)
                  000030c8    00000090     ti_msp_dl_config.o (.text.SYSCFG_DL_ADC_JOY_init)
                  00003158    00000084     ti_msp_dl_config.o (.text.__NVIC_SetPriority)
                  000031dc    0000007c     main.o (.text.Change_Preset)
                  00003258    0000007c     libc.a : copy_decompress_lzss.c.obj (.text:decompress:lzss)
                  000032d4    00000078     main.o (.text.ADC0_IRQHandler)
                  0000334c    00000074     ti_msp_dl_config.o (.text.SYSCFG_DL_PWM_AUDIO_init)
                  000033c0    00000074     libclang_rt.builtins.a : comparedf2.c.obj (.text.__gedf2)
                  00003434    0000006c     lcd_driver.o (.text.LCD_SetWindow)
                  000034a0    0000006c     main.o (.text.TIMG7_IRQHandler)
                  0000350c    00000068     libclang_rt.builtins.a : comparedf2.c.obj (.text.__ledf2)
                  00003574    00000062                            : aeabi_dcmp.S.obj (.text.__aeabi_dcmp)
                  000035d6    00000002     --HOLE-- [fill = 0]
                  000035d8    00000060     main.o (.text.ADC1_IRQHandler)
                  00003638    00000060     ti_msp_dl_config.o (.text.DL_ADC12_initSeqSample)
                  00003698    00000058     lcd_driver.o (.text.LCD_PrintNumber)
                  000036f0    00000058     ti_msp_dl_config.o (.text.SYSCFG_DL_I2C_0_init)
                  00003748    00000058     ti_msp_dl_config.o (.text.SYSCFG_DL_I2C_1_init)
                  000037a0    00000058     ti_msp_dl_config.o (.text.SYSCFG_DL_init)
                  000037f8    00000056     libclang_rt.builtins.a : aeabi_idivmod.S.obj (.text.__aeabi_idivmod)
                  0000384e    00000054     dl_dma.o (.text.DL_DMA_configTransfer)
                  000038a2    00000002     --HOLE-- [fill = 0]
                  000038a4    00000054     ti_msp_dl_config.o (.text.SYSCFG_DL_TIMER_SAMPLE_init)
                  000038f8    00000050     ti_msp_dl_config.o (.text.DL_GPIO_initPeripheralInputFunctionFeatures)
                  00003948    00000050     lcd_driver.o (.text.LCD_WriteCommand)
                  00003998    00000050     lcd_driver.o (.text.LCD_WriteData)
                  000039e8    0000004e     lcd_driver.o (.text.LCD_DrawPixel)
                  00003a36    00000002     --HOLE-- [fill = 0]
                  00003a38    0000004c     dl_adc12.o (.text.DL_ADC12_setClockConfig)
                  00003a84    0000004c     ti_msp_dl_config.o (.text.DL_GPIO_enableEvents)
                  00003ad0    0000004c     ti_msp_dl_config.o (.text.DL_GPIO_initDigitalInputFeatures)
                  00003b1c    0000004c     dl_sysctl_mspm0g1x0x_g3x0x.o (.text.DL_SYSCTL_switchMCLKfromSYSOSCtoHSCLK)
                  00003b68    0000004c     libc.a : snprintf.c.obj (.text.snprintf)
                  00003bb4    0000004a     ti_msp_dl_config.o (.text.DL_ADC12_configConversionMem)
                  00003bfe    00000002     --HOLE-- [fill = 0]
                  00003c00    00000048     main.o (.text.Change_Instrument)
                  00003c48    00000048     dl_spi.o (.text.DL_SPI_init)
                  00003c90    00000046     dl_dma.o (.text.DL_DMA_initChannel)
                  00003cd6    00000002     --HOLE-- [fill = 0]
                  00003cd8    00000042     libclang_rt.builtins.a : fixunsdfsi.S.obj (.text.__fixunsdfsi)
                  00003d1a    00000002     --HOLE-- [fill = 0]
                  00003d1c    00000040     dl_timer.o (.text.DL_Timer_setCaptureCompareOutCtl)
                  00003d5c    00000040     ti_msp_dl_config.o (.text.SYSCFG_DL_SPI_LCD_init)
                  00003d9c    00000040     libclang_rt.builtins.a : aeabi_uidivmod.S.obj (.text.__aeabi_uidivmod)
                  00003ddc    00000040     libc.a : atoi.c.obj (.text.atoi)
                  00003e1c    0000003c     dl_timer.o (.text.DL_Timer_setCaptureCompareCtl)
                  00003e58    0000003c     dl_timer.o (.text.DL_Timer_setCounterControl)
                  00003e94    0000003c     ti_msp_dl_config.o (.text.DL_Timer_setCounterControl)
                  00003ed0    0000003c     ti_msp_dl_config.o (.text.SYSCFG_DL_DMA_CH1_init)
                  00003f0c    0000003c     libc.a : autoinit.c.obj (.text:__TI_auto_init_nobinit_nopinit)
                  00003f48    0000003a     libclang_rt.builtins.a : muldsi3.S.obj (.text.__muldsi3)
                  00003f82    00000002     --HOLE-- [fill = 0]
                  00003f84    00000038     dl_dma.o (.text.DL_DMA_setTrigger)
                  00003fbc    00000038     ti_msp_dl_config.o (.text.DL_GPIO_setPublisherChanID)
                  00003ff4    00000038     ti_msp_dl_config.o (.text.DL_Timer_setPublisherChanID)
                  0000402c    00000034     ti_msp_dl_config.o (.text.DL_DMA_setPublisherChanID)
                  00004060    00000034     dl_i2c.o (.text.DL_I2C_setClockConfig)
                  00004094    00000034     dl_timer.o (.text.DL_Timer_setCaptCompUpdateMethod)
                  000040c8    00000034     dl_timer.o (.text.DL_Timer_setCaptureCompareAction)
                  000040fc    00000034     dl_timer.o (.text.DL_Timer_setCaptureCompareInput)
                  00004130    00000034     dl_timer.o (.text.DL_Timer_setClockConfig)
                  00004164    00000034     main.o (.text.HardFault_Handler)
                  00004198    00000030     main.o (.text.DL_ADC12_getMemResult)
                  000041c8    00000030     ti_msp_dl_config.o (.text.DL_DMA_setTransferSize)
                  000041f8    00000030     ti_msp_dl_config.o (.text.DL_SPI_setFIFOThreshold)
                  00004228    00000030     libc.a : snprintf.c.obj (.text._outs)
                  00004258    0000002c     dl_timer.o (.text.DL_Timer_setCaptureCompareValue)
                  00004284    0000002c     main.o (.text.__NVIC_EnableIRQ)
                  000042b0    0000002c     libclang_rt.builtins.a : floatsidf.S.obj (.text.__floatsidf)
                  000042dc    00000028     dl_adc12.o (.text.DL_Common_updateReg)
                  00004304    00000028     dl_dma.o (.text.DL_Common_updateReg)
                  0000432c    00000028     dl_i2c.o (.text.DL_Common_updateReg)
                  00004354    00000028     dl_rtc_common.o (.text.DL_Common_updateReg)
                  0000437c    00000028     dl_spi.o (.text.DL_Common_updateReg)
                  000043a4    00000028     dl_sysctl_mspm0g1x0x_g3x0x.o (.text.DL_Common_updateReg)
                  000043cc    00000028     dl_timer.o (.text.DL_Common_updateReg)
                  000043f4    00000028     ti_msp_dl_config.o (.text.DL_Common_updateReg)
                  0000441c    00000028     ti_msp_dl_config.o (.text.DL_I2C_setControllerRXFIFOThreshold)
                  00004444    00000028     ti_msp_dl_config.o (.text.DL_I2C_setControllerTXFIFOThreshold)
                  0000446c    00000028     dl_sysctl_mspm0g1x0x_g3x0x.o (.text.DL_SYSCTL_configFCC)
                  00004494    00000028     ti_msp_dl_config.o (.text.DL_SYSCTL_setPowerPolicySTANDBY0)
                  000044bc    00000028     ti_msp_dl_config.o (.text.DL_Timer_enableEvent)
                  000044e4    00000028     main.o (.text.DMA_IRQHandler)
                  0000450c    00000028     ti_msp_dl_config.o (.text.SYSCFG_DL_RTC_init)
                  00004534    00000028     libclang_rt.builtins.a : floatunsisf.S.obj (.text.__floatunsisf)
                  0000455c    00000028     libc.a : boot_cortex_m.c.obj (.text:_c_int00_noargs)
                  00004584    00000026     main.o (.text.DL_DMA_enableChannel)
                  000045aa    00000026     ti_msp_dl_config.o (.text.DL_I2C_setAnalogGlitchFilterPulseWidth)
                  000045d0    00000024     ti_msp_dl_config.o (.text.DL_SPI_setBitRateSerialClockDivider)
                  000045f4    00000024     dl_spi.o (.text.DL_SPI_setClockConfig)
                  00004618    00000024     libclang_rt.builtins.a : floatunsidf.S.obj (.text.__floatunsidf)
                  0000463c    00000024                            : muldi3.S.obj (.text.__muldi3)
                  00004660    00000022     libc.a : memccpy.c.obj (.text.memccpy)
                  00004682    00000002     --HOLE-- [fill = 0]
                  00004684    00000020     dl_sysctl_mspm0g1x0x_g3x0x.o (.text.DL_CORE_configInstruction)
                  000046a4    00000020     dl_rtc_common.o (.text.DL_RTC_Common_setCalendarYearBinary)
                  000046c4    00000020     ti_msp_dl_config.o (.text.DL_SYSCTL_setFlashWaitState)
                  000046e4    00000020     ti_msp_dl_config.o (.text.DL_SYSCTL_setMFPCLKSource)
                  00004704    00000020     dl_timer.o (.text.DL_Timer_setCounterValueAfterEnable)
                  00004724    0000001e     libclang_rt.builtins.a : ashldi3.S.obj (.text.__ashldi3)
                  00004742    00000002     --HOLE-- [fill = 0]
                  00004744    0000001c     ti_msp_dl_config.o (.text.DL_ADC12_clearInterruptStatus)
                  00004760    0000001c     ti_msp_dl_config.o (.text.DL_ADC12_enableEvent)
                  0000477c    0000001c     ti_msp_dl_config.o (.text.DL_ADC12_enableInterrupt)
                  00004798    0000001c     main.o (.text.DL_ADC12_startConversion)
                  000047b4    0000001c     ti_msp_dl_config.o (.text.DL_DMA_enableInterrupt)
                  000047d0    0000001c     ti_msp_dl_config.o (.text.DL_GPIO_clearInterruptStatus)
                  000047ec    0000001c     ti_msp_dl_config.o (.text.DL_GPIO_enableHiZ)
                  00004808    0000001c     ti_msp_dl_config.o (.text.DL_GPIO_enableInterrupt)
                  00004824    0000001c     ti_msp_dl_config.o (.text.DL_GPIO_initPeripheralOutputFunction)
                  00004840    0000001c     ti_msp_dl_config.o (.text.DL_GPIO_setLowerPinsPolarity)
                  0000485c    0000001c     dl_rtc_common.o (.text.DL_RTC_Common_setCalendarMinutesBCD)
                  00004878    0000001c     dl_rtc_common.o (.text.DL_RTC_Common_setCalendarMinutesBinary)
                  00004894    0000001c     dl_rtc_common.o (.text.DL_RTC_Common_setCalendarMonthBCD)
                  000048b0    0000001c     dl_rtc_common.o (.text.DL_RTC_Common_setCalendarMonthBinary)
                  000048cc    0000001c     dl_rtc_common.o (.text.DL_RTC_Common_setCalendarSecondsBCD)
                  000048e8    0000001c     dl_rtc_common.o (.text.DL_RTC_Common_setCalendarSecondsBinary)
                  00004904    0000001c     dl_rtc_common.o (.text.DL_RTC_Common_setCalendarYearBCD)
                  00004920    0000001c     dl_rtc_common.o (.text.DL_RTC_Common_setClockFormat)
                  0000493c    0000001c     ti_msp_dl_config.o (.text.DL_SYSCTL_setFCCPeriods)
                  00004958    0000001c     ti_msp_dl_config.o (.text.DL_SYSCTL_setMCLKDivider)
                  00004974    0000001c     ti_msp_dl_config.o (.text.DL_SYSCTL_setSYSOSCFreq)
                  00004990    0000001c     ti_msp_dl_config.o (.text.DL_SYSCTL_setULPCLKDivider)
                  000049ac    0000001c     ti_msp_dl_config.o (.text.DL_SYSCTL_setVBOOSTConfig)
                  000049c8    0000001c     ti_msp_dl_config.o (.text.DL_Timer_enableInterrupt)
                  000049e4    0000001c     ti_msp_dl_config.o (.text.SYSCFG_DL_SYSCTL_CLK_init)
                  00004a00    0000001a     ti_msp_dl_config.o (.text.DL_ADC12_setSubscriberChanID)
                  00004a1a    0000001a     dl_rtc_common.o (.text.DL_RTC_Common_setCalendarHoursBCD)
                  00004a34    0000001a     dl_rtc_common.o (.text.DL_RTC_Common_setCalendarHoursBinary)
                  00004a4e    00000002     --HOLE-- [fill = 0]
                  00004a50    00000018     ti_msp_dl_config.o (.text.DL_ADC12_enablePower)
                  00004a68    00000018     ti_msp_dl_config.o (.text.DL_ADC12_reset)
                  00004a80    00000018     ti_msp_dl_config.o (.text.DL_ADC12_setSampleTime0)
                  00004a98    00000018     ti_msp_dl_config.o (.text.DL_DMA_clearInterruptStatus)
                  00004ab0    00000018     ti_msp_dl_config.o (.text.DL_GPIO_enableOutput)
                  00004ac8    00000018     ti_msp_dl_config.o (.text.DL_GPIO_enablePower)
                  00004ae0    00000018     ti_msp_dl_config.o (.text.DL_GPIO_initDigitalOutput)
                  00004af8    00000018     ti_msp_dl_config.o (.text.DL_GPIO_reset)
                  00004b10    00000018     ti_msp_dl_config.o (.text.DL_GPIO_setAnalogInternalResistor)
                  00004b28    00000018     lcd_driver.o (.text.DL_GPIO_setPins)
                  00004b40    00000018     main.o (.text.DL_GPIO_setPins)
                  00004b58    00000018     ti_msp_dl_config.o (.text.DL_GPIO_setPins)
                  00004b70    00000018     ti_msp_dl_config.o (.text.DL_GPIO_setUpperPinsPolarity)
                  00004b88    00000018     main.o (.text.DL_GPIO_togglePins)
                  00004ba0    00000018     ti_msp_dl_config.o (.text.DL_I2C_enableAnalogGlitchFilter)
                  00004bb8    00000018     ti_msp_dl_config.o (.text.DL_I2C_enableController)
                  00004bd0    00000018     ti_msp_dl_config.o (.text.DL_I2C_enableControllerClockStretching)
                  00004be8    00000018     ti_msp_dl_config.o (.text.DL_I2C_enablePower)
                  00004c00    00000018     ti_msp_dl_config.o (.text.DL_I2C_reset)
                  00004c18    00000018     ti_msp_dl_config.o (.text.DL_I2C_setTimerPeriod)
                  00004c30    00000018     ti_msp_dl_config.o (.text.DL_RTC_Common_enablePower)
                  00004c48    00000018     ti_msp_dl_config.o (.text.DL_RTC_Common_reset)
                  00004c60    00000018     ti_msp_dl_config.o (.text.DL_SPI_enable)
                  00004c78    00000018     ti_msp_dl_config.o (.text.DL_SPI_enablePower)
                  00004c90    00000018     lcd_driver.o (.text.DL_SPI_isBusy)
                  00004ca8    00000018     ti_msp_dl_config.o (.text.DL_SPI_reset)
                  00004cc0    00000018     ti_msp_dl_config.o (.text.DL_SYSCTL_enableInterrupt)
                  00004cd8    00000018     ti_msp_dl_config.o (.text.DL_SYSCTL_setBORThreshold)
                  00004cf0    00000018     dl_sysctl_mspm0g1x0x_g3x0x.o (.text.DL_SYSCTL_setHSCLKSource)
                  00004d08    00000018     ti_msp_dl_config.o (.text.DL_Timer_enablePower)
                  00004d20    00000018     ti_msp_dl_config.o (.text.DL_Timer_reset)
                  00004d38    00000018     dl_timer.o (.text.DL_Timer_setLoadValue)
                  00004d50    00000018     main.o (.text.DL_Timer_startCounter)
                  00004d68    00000018     ti_msp_dl_config.o (.text.SYSCFG_DL_DMA_init)
                  00004d80    00000018     libc.a : snprintf.c.obj (.text._outc)
                  00004d98    00000016     main.o (.text.DL_ADC12_enableConversions)
                  00004dae    00000016     ti_msp_dl_config.o (.text.DL_ADC12_enableConversions)
                  00004dc4    00000016     ti_msp_dl_config.o (.text.DL_GPIO_enableGlobalFastWake)
                  00004dda    00000016     main.o (.text.DL_GPIO_readPins)
                  00004df0    00000016     lcd_driver.o (.text.DL_SPI_transmitData8)
                  00004e06    00000016     libc.a : copy_zero_init.c.obj (.text:decompress:ZI:__TI_zero_init_nomemset)
                  00004e1c    00000014     dl_common.o (.text.DL_Common_delayCycles)
                  00004e30    00000014     ti_msp_dl_config.o (.text.DL_FlashCTL_enableInterrupt)
                  00004e44    00000014     lcd_driver.o (.text.DL_GPIO_clearPins)
                  00004e58    00000014     main.o (.text.DL_GPIO_clearPins)
                  00004e6c    00000014     ti_msp_dl_config.o (.text.DL_GPIO_clearPins)
                  00004e80    00000014     ti_msp_dl_config.o (.text.DL_I2C_resetControllerTransfer)
                  00004e94    00000014     dl_sysctl_mspm0g1x0x_g3x0x.o (.text.DL_SYSCTL_disableSYSPLL)
                  00004ea8    00000014     ti_msp_dl_config.o (.text.DL_SYSCTL_disableSYSPLL)
                  00004ebc    00000014     ti_msp_dl_config.o (.text.DL_SYSCTL_enableMFCLK)
                  00004ed0    00000014     dl_sysctl_mspm0g1x0x_g3x0x.o (.text.DL_SYSCTL_enableSYSPLL)
                  00004ee4    00000014     ti_msp_dl_config.o (.text.DL_SYSCTL_enableSYSPLL)
                  00004ef8    00000014     ti_msp_dl_config.o (.text.DL_Timer_enableClock)
                  00004f0c    00000014     ti_msp_dl_config.o (.text.DL_Timer_setCCPDirection)
                  00004f20    00000014     main.o (.text.Trigger_Note_Off)
                  00004f34    00000014     main.o (.text.Trigger_Note_On)
                  00004f48    00000014     libclang_rt.builtins.a : aeabi_uldivmod.S.obj (.text.__aeabi_uldivmod)
                  00004f5c    00000012     main.o (.text.DL_ADC12_getPendingInterrupt)
                  00004f6e    00000012     main.o (.text.DL_DMA_getPendingInterrupt)
                  00004f80    00000012     main.o (.text.DL_Timer_getPendingInterrupt)
                  00004f92    00000012     libc.a : memcpy16.S.obj (.text:TI_memcpy_small)
                  00004fa4    00000012            : copy_decompress_none.c.obj (.text:decompress:none)
                  00004fb6    00000002     --HOLE-- [fill = 0]
                  00004fb8    00000010     dl_sysctl_mspm0g1x0x_g3x0x.o (.text.DL_CORE_getInstructionConfig)
                  00004fc8    00000010     ti_msp_dl_config.o (.text.DL_SYSCTL_disableHFXT)
                  00004fd8    00000010     ti_msp_dl_config.o (.text.DL_SYSCTL_enableMFPCLK)
                  00004fe8    00000010     ti_msp_dl_config.o (.text.DL_SYSCTL_isFCCDone)
                  00004ff8    00000010     ti_msp_dl_config.o (.text.DL_SYSCTL_startFCC)
                  00005008    00000010     main.o (.text.Quantize_Semitones)
                  00005018    00000010     libc.a : wcslen.c.obj (.text.wcslen)
                  00005028    0000000e     libclang_rt.builtins.a : aeabi_memset.S.obj (.text.__aeabi_memset)
                  00005036    0000000e     libc.a : _printfi.c.obj (.text.strlen)
                  00005044    0000000e            : memset16.S.obj (.text:TI_memset_small)
                  00005052    00000002     --HOLE-- [fill = 0]
                  00005054    0000000c     dl_sysctl_mspm0g1x0x_g3x0x.o (.text.DL_SYSCTL_getClockStatus)
                  00005060    0000000c     ti_msp_dl_config.o (.text.DL_SYSCTL_getClockStatus)
                  0000506c    0000000c     ti_msp_dl_config.o (.text.DL_SYSCTL_readFCC)
                  00005078    0000000c     libclang_rt.builtins.a : aeabi_memset.S.obj (.text.__aeabi_memclr)
                  00005084    00000008     libc.a : aeabi_portable.c.obj (.text.__aeabi_errno_addr)
                  0000508c    00000008     libclang_rt.builtins.a : aeabi_memcpy.S.obj (.text.__aeabi_memcpy)
                  00005094    00000006     libc.a : exit.c.obj (.text:abort)
                  0000509a    00000004     startup_mspm0g350x_ticlang.o (.text.Default_Handler)
                  0000509e    00000004     libsysbm.a : hostexit.c.obj (.text.HOSTexit)
                  000050a2    00000004     startup_mspm0g350x_ticlang.o (.text.Reset_Handler)
                  000050a6    00000002     --HOLE-- [fill = 0]
                  000050a8    00000010     libc.a : boot_cortex_m.c.obj (.tramp._c_int00_noargs.1)
                  000050b8    00000004            : pre_init.c.obj (.text._system_pre_init)
                  000050bc    00000004     --HOLE-- [fill = 0]

.cinit     0    00005870    00000048     
                  00005870    0000001f     (.cinit..data.load) [load image, compression = lzss]
                  0000588f    00000001     --HOLE-- [fill = 0]
                  00005890    0000000c     (__TI_handler_table)
                  0000589c    00000008     (.cinit..bss.load) [load image, compression = zero_init]
                  000058a4    00000010     (__TI_cinit_table)
                  000058b4    00000004     --HOLE-- [fill = 0]

.rodata    0    000050c0    000007b0     
                  000050c0    00000222     lcd_driver.o (.rodata.font_6x8)
                  000052e2    00000200     main.o (.rodata.sine_table)
                  000054e2    00000002     ti_msp_dl_config.o (.rodata.gI2C_0ClockConfig)
                  000054e4    0000000c     main.o (.rodata..L__const.Display_Update.chord_names)
                  000054f0    00000101     libc.a : aeabi_ctype.S.obj (.rodata:__aeabi_ctype_table_)
                  000055f1    00000003     ti_msp_dl_config.o (.rodata.gPWM_AUDIOClockConfig)
                  000055f4    00000064     main.o (.rodata.INSTRUMENTS)
                  00005658    00000064     main.o (.rodata.PITCH_BEND_TABLE)
                  000056bc    00000028     ti_msp_dl_config.o (.rodata.gSYSPLLConfig)
                  000056e4    00000022     ti_msp_dl_config.o (.rodata..L__const.SYSCFG_DL_GPIO_init.unusedPinIndexes)
                  00005706    00000002     ti_msp_dl_config.o (.rodata.gI2C_1ClockConfig)
                  00005708    00000018     main.o (.rodata.PRESETS)
                  00005720    00000018     ti_msp_dl_config.o (.rodata.gDMA_CH1Config)
                  00005738    00000014     main.o (.rodata..L__const.Display_Update.arp_names)
                  0000574c    00000014     main.o (.rodata..L__const.Display_Update.env_names)
                  00005760    00000014     ti_msp_dl_config.o (.rodata.gTIMER_SAMPLETimerConfig)
                  00005774    00000011     libc.a : _printfi.c.obj (.rodata.str1.10348868589481759720.1)
                  00005785    00000011            : _printfi.c.obj (.rodata.str1.15363888844622738466.1)
                  00005796    0000000a     ti_msp_dl_config.o (.rodata.gSPI_LCD_config)
                  000057a0    0000000a     main.o (.rodata.str1.15159059442110792349.1)
                  000057aa    0000000a     main.o (.rodata.str1.8154729771448623357.1)
                  000057b4    00000009     main.o (.rodata.CHORD_INTERVALS)
                  000057bd    00000009     main.o (.rodata.str1.16265332423659789559.1)
                  000057c6    00000002     ti_msp_dl_config.o (.rodata.gSPI_LCD_clockConfig)
                  000057c8    00000008     ti_msp_dl_config.o (.rodata.gADC_ACCELClockConfig)
                  000057d0    00000008     ti_msp_dl_config.o (.rodata.gADC_JOYClockConfig)
                  000057d8    00000008     ti_msp_dl_config.o (.rodata.gPWM_AUDIOConfig)
                  000057e0    00000008     ti_msp_dl_config.o (.rodata.gRTCCalendarConfig)
                  000057e8    00000008     main.o (.rodata.str1.1311392489248731986.1)
                  000057f0    00000008     main.o (.rodata.str1.14112174005742061988.1)
                  000057f8    00000008     main.o (.rodata.str1.2846389346932560359.1)
                  00005800    00000008     main.o (.rodata.str1.7702501944640899365.1)
                  00005808    00000008     main.o (.rodata.str1.7784929982665794503.1)
                  00005810    00000006     main.o (.rodata.str1.17100691992556644108.1)
                  00005816    00000006     main.o (.rodata.str1.18227636981041470289.1)
                  0000581c    00000005     main.o (.rodata.str1.12180500075719773345.1)
                  00005821    00000005     main.o (.rodata.str1.16631870348416990953.1)
                  00005826    00000005     main.o (.rodata.str1.288608917962107522.1)
                  0000582b    00000004     main.o (.rodata.str1.10635229749459437609.1)
                  0000582f    00000004     main.o (.rodata.str1.11702106008850790973.1)
                  00005833    00000004     main.o (.rodata.str1.13288086030101331538.1)
                  00005837    00000004     main.o (.rodata.str1.14079361385603432444.1)
                  0000583b    00000004     main.o (.rodata.str1.14402440632258215044.1)
                  0000583f    00000004     main.o (.rodata.str1.17376258722486336754.1)
                  00005843    00000004     main.o (.rodata.str1.2123964117280943167.1)
                  00005847    00000004     main.o (.rodata.str1.2763581881760962609.1)
                  0000584b    00000004     main.o (.rodata.str1.3530083166107438000.1)
                  0000584f    00000004     lcd_driver.o (.rodata.str1.4301156551425074819.1)
                  00005853    00000004     main.o (.rodata.str1.8076846746581808073.1)
                  00005857    00000004     main.o (.rodata.str1.8108965883388295311.1)
                  0000585b    00000003     ti_msp_dl_config.o (.rodata.gTIMER_SAMPLEClockConfig)
                  0000585e    00000003     main.o (.rodata.str1.10313062130652730376.1)
                  00005861    00000003     main.o (.rodata.str1.13782249893155712474.1)
                  00005864    00000003     main.o (.rodata.str1.15996357275703397564.1)
                  00005867    00000003     main.o (.rodata.str1.6891813955777630061.1)
                  0000586a    00000003     main.o (.rodata.str1.9059077390166914652.1)
                  0000586d    00000001     main.o (.rodata.str1.11870794119293528247.1)
                  0000586e    00000002     --HOLE-- [fill = 0]

.init_array 
*          0    00000000    00000000     UNINITIALIZED

.binit     0    00000000    00000000     

.sysmem    0    20200000    00001000     UNINITIALIZED
                  20200000    00000010     libc.a : memory.c.obj (.sysmem)
                  20200010    00000ff0     --HOLE--

.bss       0    20201000    000001c4     UNINITIALIZED
                  20201000    000000bc     ti_msp_dl_config.o (.bss.gPWM_AUDIOBackup)
                  202010bc    000000a0     ti_msp_dl_config.o (.bss.gTIMER_SAMPLEBackup)
                  2020115c    0000003c     main.o (.bss.gSynthState)
                  20201198    00000028     ti_msp_dl_config.o (.bss.gSPI_LCDBackup)
                  202011c0    00000004     main.o (.bss.gADC0_DMA_Buffer)

.data      0    202011c4    000000e1     UNINITIALIZED
                  202011c4    00000080     main.o (.data.waveform_buffer)
                  20201244    00000014     main.o (.data.arpeggiator)
                  20201258    0000000c     main.o (.data.chord_increments)
                  20201264    0000000c     main.o (.data.chord_phases)
                  20201270    0000000c     main.o (.data.envelope)
                  2020127c    00000004     main.o (.data.Process_Buttons.s1_hold_counter)
                  20201280    00000004     main.o (.data.Process_Buttons.s1_prev)
                  20201284    00000004     main.o (.data.Process_Buttons.s2_prev)
                  20201288    00000004     libc.a : aeabi_portable.c.obj (.data.__aeabi_errno)
                  2020128c    00000004     main.o (.data.base_frequency_hz)
                  20201290    00000004     main.o (.data.phase)
                  20201294    00000004     main.o (.data.phase_increment)
                  20201298    00000002     main.o (.data.tremolo_phase)
                  2020129a    00000002     main.o (.data.vibrato_phase)
                  2020129c    00000001     main.o (.data.Generate_Audio_Sample.waveform_decimate_counter)
                  2020129d    00000001     main.o (.data.Process_Pitch_Bend.prev_semitones)
                  2020129e    00000001     main.o (.data.chord_mode)
                  2020129f    00000001     main.o (.data.current_instrument)
                  202012a0    00000001     main.o (.data.current_preset)
                  202012a1    00000001     main.o (.data.effects_enabled)
                  202012a2    00000001     main.o (.data.gADC0_DMA_Complete)
                  202012a3    00000001     main.o (.data.pitch_bend_semitones)
                  202012a4    00000001     main.o (.data.waveform_write_index)

.stack     0    20207e00    00000200     UNINITIALIZED
                  20207e00    00000004     libc.a : boot_cortex_m.c.obj (.stack)
                  20207e04    000001fc     --HOLE--

__llvm_prf_cnts 
*          0    20200000    00000000     UNINITIALIZED

__llvm_prf_bits 
*          0    20200000    00000000     UNINITIALIZED

MODULE SUMMARY

       Module                         code    ro data   rw data
       ------                         ----    -------   -------
    .\
       main.o                         5884    953       285    
       lcd_driver.o                   2230    550       0      
       startup_mspm0g350x_ticlang.o   8       192       0      
    +--+------------------------------+-------+---------+---------+
       Total:                         8122    1695      285    
                                                               
    .\syscfg\
       ti_msp_dl_config.o             4662    172       388    
    +--+------------------------------+-------+---------+---------+
       Total:                         4662    172       388    
                                                               
    .\ti\driverlib\
       dl_timer.o                     1312    0         0      
       dl_rtc_common.o                564     0         0      
       dl_dma.o                       250     0         0      
       dl_spi.o                       148     0         0      
       dl_adc12.o                     116     0         0      
       dl_i2c.o                       92      0         0      
       dl_common.o                    20      0         0      
    +--+------------------------------+-------+---------+---------+
       Total:                         2502    0         0      
                                                               
    .\ti\driverlib\m0p\sysctl\
       dl_sysctl_mspm0g1x0x_g3x0x.o   504     0         0      
    +--+------------------------------+-------+---------+---------+
       Total:                         504     0         0      
                                                               
    C:\ti\ccs2040\ccs\tools\compiler\ti-cgt-armllvm_4.0.4.LTS\lib\armv6m-ti-none-eabi/c/libc.a
       _printfi.c.obj                 2166    34        0      
       aeabi_ctype.S.obj              0       257       0      
       snprintf.c.obj                 148     0         0      
       copy_decompress_lzss.c.obj     124     0         0      
       atoi.c.obj                     64      0         0      
       autoinit.c.obj                 60      0         0      
       boot_cortex_m.c.obj            56      0         0      
       memccpy.c.obj                  34      0         0      
       copy_zero_init.c.obj           22      0         0      
       copy_decompress_none.c.obj     18      0         0      
       memcpy16.S.obj                 18      0         0      
       wcslen.c.obj                   16      0         0      
       memset16.S.obj                 14      0         0      
       aeabi_portable.c.obj           8       0         4      
       exit.c.obj                     6       0         0      
       pre_init.c.obj                 4       0         0      
    +--+------------------------------+-------+---------+---------+
       Total:                         2758    291       4      
                                                               
    C:\ti\ccs2040\ccs\tools\compiler\ti-cgt-armllvm_4.0.4.LTS\lib\armv6m-ti-none-eabi/c/libsysbm.a
       hostexit.c.obj                 4       0         0      
    +--+------------------------------+-------+---------+---------+
       Total:                         4       0         0      
                                                               
    C:\ti\ccs2040\ccs\tools\compiler\ti-cgt-armllvm_4.0.4.LTS\lib\armv6m-ti-none-eabi/libclang_rt.builtins.a
       adddf3.S.obj                   402     0         0      
       divdf3.S.obj                   268     0         0      
       muldf3.S.obj                   228     0         0      
       comparedf2.c.obj               220     0         0      
       udivmoddi4.S.obj               162     0         0      
       aeabi_dcmp.S.obj               98      0         0      
       aeabi_idivmod.S.obj            86      0         0      
       fixunsdfsi.S.obj               66      0         0      
       aeabi_uidivmod.S.obj           64      0         0      
       muldsi3.S.obj                  58      0         0      
       floatsidf.S.obj                44      0         0      
       floatunsisf.S.obj              40      0         0      
       floatunsidf.S.obj              36      0         0      
       muldi3.S.obj                   36      0         0      
       ashldi3.S.obj                  30      0         0      
       aeabi_memset.S.obj             26      0         0      
       aeabi_uldivmod.S.obj           20      0         0      
       aeabi_memcpy.S.obj             8       0         0      
       aeabi_div0.c.obj               4       0         0      
    +--+------------------------------+-------+---------+---------+
       Total:                         1896    0         0      
                                                               
       Heap:                          0       0         4096   
       Stack:                         0       0         512    
       Linker Generated:              0       67        0      
    +--+------------------------------+-------+---------+---------+
       Grand Total:                   20448   2225      5285   


LINKER GENERATED COPY TABLES

__TI_cinit_table @ 000058a4 records: 2, size/record: 8, table size: 16
	.data: load addr=00005870, load size=0000001f bytes, run addr=202011c4, run size=000000e1 bytes, compression=lzss
	.bss: load addr=0000589c, load size=00000008 bytes, run addr=20201000, run size=000001c4 bytes, compression=zero_init


LINKER GENERATED HANDLER TABLE

__TI_handler_table @ 00005890 records: 3, size/record: 4, table size: 12
	index: 0, handler: __TI_decompress_lzss
	index: 1, handler: __TI_decompress_none
	index: 2, handler: __TI_zero_init


FAR CALL TRAMPOLINES

callee name               trampoline name
   callee addr  tramp addr   call addr  call info
--------------  -----------  ---------  ----------------
_c_int00_noargs           $Tramp$TT$L$PI$$_c_int00_noargs
   0000455d     000050a8     000050a2   startup_mspm0g350x_ticlang.o (.text.Reset_Handler)

[1 trampolines]
[1 trampoline calls]


GLOBAL SYMBOLS: SORTED ALPHABETICALLY BY Name 

address   name                                 
-------   ----                                 
000032d5  ADC0_IRQHandler                      
000035d9  ADC1_IRQHandler                      
0000509b  AES_IRQHandler                       
0000509e  C$$EXIT                              
0000509b  CANFD0_IRQHandler                    
0000509b  DAC0_IRQHandler                      
00003a39  DL_ADC12_setClockConfig              
00004e1d  DL_Common_delayCycles                
00003c91  DL_DMA_initChannel                   
00004061  DL_I2C_setClockConfig                
00002a3d  DL_RTC_Common_initCalendar           
00003c49  DL_SPI_init                          
000045f5  DL_SPI_setClockConfig                
0000446d  DL_SYSCTL_configFCC                  
00002881  DL_SYSCTL_configSYSPLL               
00003b1d  DL_SYSCTL_switchMCLKfromSYSOSCtoHSCLK
000025c5  DL_Timer_initFourCCPWMMode           
00002091  DL_Timer_initTimerMode               
00004095  DL_Timer_setCaptCompUpdateMethod     
000040c9  DL_Timer_setCaptureCompareAction     
00003e1d  DL_Timer_setCaptureCompareCtl        
000040fd  DL_Timer_setCaptureCompareInput      
00003d1d  DL_Timer_setCaptureCompareOutCtl     
00004259  DL_Timer_setCaptureCompareValue      
00004131  DL_Timer_setClockConfig              
000044e5  DMA_IRQHandler                       
0000509b  Default_Handler                      
0000509b  GROUP0_IRQHandler                    
0000509b  GROUP1_IRQHandler                    
0000509f  HOSTexit                             
00004165  HardFault_Handler                    
0000509b  I2C0_IRQHandler                      
0000509b  I2C1_IRQHandler                      
00001f7d  LCD_DrawLine                         
000039e9  LCD_DrawPixel                        
00001e65  LCD_DrawRect                         
00003029  LCD_FillScreen                       
00001195  LCD_Init                             
00003699  LCD_PrintNumber                      
00001bad  LCD_PrintString                      
0000509b  NMI_Handler                          
0000509b  PendSV_Handler                       
000022b1  Process_Buttons                      
0000509b  RTC_IRQHandler                       
000050a3  Reset_Handler                        
0000509b  SPI0_IRQHandler                      
0000509b  SPI1_IRQHandler                      
0000509b  SVC_Handler                          
00002bed  SYSCFG_DL_ADC_ACCEL_init             
000030c9  SYSCFG_DL_ADC_JOY_init               
00003ed1  SYSCFG_DL_DMA_CH1_init               
00004d69  SYSCFG_DL_DMA_init                   
00001655  SYSCFG_DL_GPIO_init                  
000036f1  SYSCFG_DL_I2C_0_init                 
00003749  SYSCFG_DL_I2C_1_init                 
0000334d  SYSCFG_DL_PWM_AUDIO_init             
0000450d  SYSCFG_DL_RTC_init                   
00003d5d  SYSCFG_DL_SPI_LCD_init               
000049e5  SYSCFG_DL_SYSCTL_CLK_init            
00002e31  SYSCFG_DL_SYSCTL_SYSPLL_init         
00002ee1  SYSCFG_DL_SYSCTL_init                
000038a5  SYSCFG_DL_TIMER_SAMPLE_init          
000037a1  SYSCFG_DL_init                       
00002cc1  SYSCFG_DL_initPower                  
0000509b  SysTick_Handler                      
0000509b  TIMA0_IRQHandler                     
0000509b  TIMA1_IRQHandler                     
0000509b  TIMG0_IRQHandler                     
0000509b  TIMG12_IRQHandler                    
0000509b  TIMG6_IRQHandler                     
000034a1  TIMG7_IRQHandler                     
0000509b  TIMG8_IRQHandler                     
00004f93  TI_memcpy_small                      
00005045  TI_memset_small                      
0000509b  UART0_IRQHandler                     
0000509b  UART1_IRQHandler                     
0000509b  UART2_IRQHandler                     
0000509b  UART3_IRQHandler                     
20208000  __STACK_END                          
00000200  __STACK_SIZE                         
00001000  __SYSMEM_SIZE                        
00000000  __TI_ATRegion0_region_sz             
00000000  __TI_ATRegion0_src_addr              
00000000  __TI_ATRegion0_trg_addr              
00000000  __TI_ATRegion1_region_sz             
00000000  __TI_ATRegion1_src_addr              
00000000  __TI_ATRegion1_trg_addr              
00000000  __TI_ATRegion2_region_sz             
00000000  __TI_ATRegion2_src_addr              
00000000  __TI_ATRegion2_trg_addr              
000058a4  __TI_CINIT_Base                      
000058b4  __TI_CINIT_Limit                     
000058b4  __TI_CINIT_Warm                      
00005890  __TI_Handler_Table_Base              
0000589c  __TI_Handler_Table_Limit             
00003f0d  __TI_auto_init_nobinit_nopinit       
00003259  __TI_decompress_lzss                 
00004fa5  __TI_decompress_none                 
ffffffff  __TI_pprof_out_hndl                  
000000c1  __TI_printfi_nofloat                 
ffffffff  __TI_prof_data_size                  
ffffffff  __TI_prof_data_start                 
00000000  __TI_static_base__                   
00004e07  __TI_zero_init_nomemset              
00001a23  __adddf3                             
000054f0  __aeabi_ctype_table_                 
000054f0  __aeabi_ctype_table_C                
00003cd9  __aeabi_d2uiz                        
00001a23  __aeabi_dadd                         
00003575  __aeabi_dcmpeq                       
000035b1  __aeabi_dcmpge                       
000035c5  __aeabi_dcmpgt                       
0000359d  __aeabi_dcmple                       
00003589  __aeabi_dcmplt                       
000023c1  __aeabi_ddiv                         
0000279d  __aeabi_dmul                         
00001a19  __aeabi_dsub                         
20201288  __aeabi_errno                        
00005085  __aeabi_errno_addr                   
000042b1  __aeabi_i2d                          
000037f9  __aeabi_idiv                         
00001bab  __aeabi_idiv0                        
000037f9  __aeabi_idivmod                      
0000208f  __aeabi_ldiv0                        
00004725  __aeabi_llsl                         
0000463d  __aeabi_lmul                         
00005079  __aeabi_memclr                       
00005079  __aeabi_memclr4                      
00005079  __aeabi_memclr8                      
0000508d  __aeabi_memcpy                       
0000508d  __aeabi_memcpy4                      
0000508d  __aeabi_memcpy8                      
00005029  __aeabi_memset                       
00005029  __aeabi_memset4                      
00005029  __aeabi_memset8                      
00004619  __aeabi_ui2d                         
00004535  __aeabi_ui2f                         
00003d9d  __aeabi_uidiv                        
00003d9d  __aeabi_uidivmod                     
00004f49  __aeabi_uldivmod                     
00004725  __ashldi3                            
ffffffff  __binit__                            
0000350d  __cmpdf2                             
000023c1  __divdf3                             
0000350d  __eqdf2                              
00003cd9  __fixunsdfsi                         
000042b1  __floatsidf                          
00004619  __floatunsidf                        
00004535  __floatunsisf                        
000033c1  __gedf2                              
000033c1  __gtdf2                              
0000350d  __ledf2                              
0000350d  __ltdf2                              
UNDEFED   __mpu_init                           
0000279d  __muldf3                             
0000463d  __muldi3                             
00003f49  __muldsi3                            
0000350d  __nedf2                              
20207e00  __stack                              
20200000  __start___llvm_prf_bits              
20200000  __start___llvm_prf_cnts              
20200000  __stop___llvm_prf_bits               
20200000  __stop___llvm_prf_cnts               
00001a19  __subdf3                             
00002f85  __udivmoddi4                         
0000455d  _c_int00_noargs                      
20200000  _sys_memory                          
UNDEFED   _system_post_cinit                   
000050b9  _system_pre_init                     
00005095  abort                                
00003ddd  atoi                                 
ffffffff  binit                                
20201000  gPWM_AUDIOBackup                     
20201198  gSPI_LCDBackup                       
2020115c  gSynthState                          
202010bc  gTIMER_SAMPLEBackup                  
00000000  interruptVectors                     
000013f5  main                                 
00004661  memccpy                              
00003b69  snprintf                             
00005019  wcslen                               


GLOBAL SYMBOLS: SORTED BY Symbol Address 

address   name                                 
-------   ----                                 
00000000  __TI_ATRegion0_region_sz             
00000000  __TI_ATRegion0_src_addr              
00000000  __TI_ATRegion0_trg_addr              
00000000  __TI_ATRegion1_region_sz             
00000000  __TI_ATRegion1_src_addr              
00000000  __TI_ATRegion1_trg_addr              
00000000  __TI_ATRegion2_region_sz             
00000000  __TI_ATRegion2_src_addr              
00000000  __TI_ATRegion2_trg_addr              
00000000  __TI_static_base__                   
00000000  interruptVectors                     
000000c1  __TI_printfi_nofloat                 
00000200  __STACK_SIZE                         
00001000  __SYSMEM_SIZE                        
00001195  LCD_Init                             
000013f5  main                                 
00001655  SYSCFG_DL_GPIO_init                  
00001a19  __aeabi_dsub                         
00001a19  __subdf3                             
00001a23  __adddf3                             
00001a23  __aeabi_dadd                         
00001bab  __aeabi_idiv0                        
00001bad  LCD_PrintString                      
00001e65  LCD_DrawRect                         
00001f7d  LCD_DrawLine                         
0000208f  __aeabi_ldiv0                        
00002091  DL_Timer_initTimerMode               
000022b1  Process_Buttons                      
000023c1  __aeabi_ddiv                         
000023c1  __divdf3                             
000025c5  DL_Timer_initFourCCPWMMode           
0000279d  __aeabi_dmul                         
0000279d  __muldf3                             
00002881  DL_SYSCTL_configSYSPLL               
00002a3d  DL_RTC_Common_initCalendar           
00002bed  SYSCFG_DL_ADC_ACCEL_init             
00002cc1  SYSCFG_DL_initPower                  
00002e31  SYSCFG_DL_SYSCTL_SYSPLL_init         
00002ee1  SYSCFG_DL_SYSCTL_init                
00002f85  __udivmoddi4                         
00003029  LCD_FillScreen                       
000030c9  SYSCFG_DL_ADC_JOY_init               
00003259  __TI_decompress_lzss                 
000032d5  ADC0_IRQHandler                      
0000334d  SYSCFG_DL_PWM_AUDIO_init             
000033c1  __gedf2                              
000033c1  __gtdf2                              
000034a1  TIMG7_IRQHandler                     
0000350d  __cmpdf2                             
0000350d  __eqdf2                              
0000350d  __ledf2                              
0000350d  __ltdf2                              
0000350d  __nedf2                              
00003575  __aeabi_dcmpeq                       
00003589  __aeabi_dcmplt                       
0000359d  __aeabi_dcmple                       
000035b1  __aeabi_dcmpge                       
000035c5  __aeabi_dcmpgt                       
000035d9  ADC1_IRQHandler                      
00003699  LCD_PrintNumber                      
000036f1  SYSCFG_DL_I2C_0_init                 
00003749  SYSCFG_DL_I2C_1_init                 
000037a1  SYSCFG_DL_init                       
000037f9  __aeabi_idiv                         
000037f9  __aeabi_idivmod                      
000038a5  SYSCFG_DL_TIMER_SAMPLE_init          
000039e9  LCD_DrawPixel                        
00003a39  DL_ADC12_setClockConfig              
00003b1d  DL_SYSCTL_switchMCLKfromSYSOSCtoHSCLK
00003b69  snprintf                             
00003c49  DL_SPI_init                          
00003c91  DL_DMA_initChannel                   
00003cd9  __aeabi_d2uiz                        
00003cd9  __fixunsdfsi                         
00003d1d  DL_Timer_setCaptureCompareOutCtl     
00003d5d  SYSCFG_DL_SPI_LCD_init               
00003d9d  __aeabi_uidiv                        
00003d9d  __aeabi_uidivmod                     
00003ddd  atoi                                 
00003e1d  DL_Timer_setCaptureCompareCtl        
00003ed1  SYSCFG_DL_DMA_CH1_init               
00003f0d  __TI_auto_init_nobinit_nopinit       
00003f49  __muldsi3                            
00004061  DL_I2C_setClockConfig                
00004095  DL_Timer_setCaptCompUpdateMethod     
000040c9  DL_Timer_setCaptureCompareAction     
000040fd  DL_Timer_setCaptureCompareInput      
00004131  DL_Timer_setClockConfig              
00004165  HardFault_Handler                    
00004259  DL_Timer_setCaptureCompareValue      
000042b1  __aeabi_i2d                          
000042b1  __floatsidf                          
0000446d  DL_SYSCTL_configFCC                  
000044e5  DMA_IRQHandler                       
0000450d  SYSCFG_DL_RTC_init                   
00004535  __aeabi_ui2f                         
00004535  __floatunsisf                        
0000455d  _c_int00_noargs                      
000045f5  DL_SPI_setClockConfig                
00004619  __aeabi_ui2d                         
00004619  __floatunsidf                        
0000463d  __aeabi_lmul                         
0000463d  __muldi3                             
00004661  memccpy                              
00004725  __aeabi_llsl                         
00004725  __ashldi3                            
000049e5  SYSCFG_DL_SYSCTL_CLK_init            
00004d69  SYSCFG_DL_DMA_init                   
00004e07  __TI_zero_init_nomemset              
00004e1d  DL_Common_delayCycles                
00004f49  __aeabi_uldivmod                     
00004f93  TI_memcpy_small                      
00004fa5  __TI_decompress_none                 
00005019  wcslen                               
00005029  __aeabi_memset                       
00005029  __aeabi_memset4                      
00005029  __aeabi_memset8                      
00005045  TI_memset_small                      
00005079  __aeabi_memclr                       
00005079  __aeabi_memclr4                      
00005079  __aeabi_memclr8                      
00005085  __aeabi_errno_addr                   
0000508d  __aeabi_memcpy                       
0000508d  __aeabi_memcpy4                      
0000508d  __aeabi_memcpy8                      
00005095  abort                                
0000509b  AES_IRQHandler                       
0000509b  CANFD0_IRQHandler                    
0000509b  DAC0_IRQHandler                      
0000509b  Default_Handler                      
0000509b  GROUP0_IRQHandler                    
0000509b  GROUP1_IRQHandler                    
0000509b  I2C0_IRQHandler                      
0000509b  I2C1_IRQHandler                      
0000509b  NMI_Handler                          
0000509b  PendSV_Handler                       
0000509b  RTC_IRQHandler                       
0000509b  SPI0_IRQHandler                      
0000509b  SPI1_IRQHandler                      
0000509b  SVC_Handler                          
0000509b  SysTick_Handler                      
0000509b  TIMA0_IRQHandler                     
0000509b  TIMA1_IRQHandler                     
0000509b  TIMG0_IRQHandler                     
0000509b  TIMG12_IRQHandler                    
0000509b  TIMG6_IRQHandler                     
0000509b  TIMG8_IRQHandler                     
0000509b  UART0_IRQHandler                     
0000509b  UART1_IRQHandler                     
0000509b  UART2_IRQHandler                     
0000509b  UART3_IRQHandler                     
0000509e  C$$EXIT                              
0000509f  HOSTexit                             
000050a3  Reset_Handler                        
000050b9  _system_pre_init                     
000054f0  __aeabi_ctype_table_                 
000054f0  __aeabi_ctype_table_C                
00005890  __TI_Handler_Table_Base              
0000589c  __TI_Handler_Table_Limit             
000058a4  __TI_CINIT_Base                      
000058b4  __TI_CINIT_Limit                     
000058b4  __TI_CINIT_Warm                      
20200000  __start___llvm_prf_bits              
20200000  __start___llvm_prf_cnts              
20200000  __stop___llvm_prf_bits               
20200000  __stop___llvm_prf_cnts               
20200000  _sys_memory                          
20201000  gPWM_AUDIOBackup                     
202010bc  gTIMER_SAMPLEBackup                  
2020115c  gSynthState                          
20201198  gSPI_LCDBackup                       
20201288  __aeabi_errno                        
20207e00  __stack                              
20208000  __STACK_END                          
ffffffff  __TI_pprof_out_hndl                  
ffffffff  __TI_prof_data_size                  
ffffffff  __TI_prof_data_start                 
ffffffff  __binit__                            
ffffffff  binit                                
UNDEFED   __mpu_init                           
UNDEFED   _system_post_cinit                   

[181 symbols]
