******************************************************************************
            TI ARM Clang Linker PC v4.0.4                      
******************************************************************************
>> Linked Sun Dec 28 10:49:39 2025

OUTPUT FILE NAME:   <Motion_Music_studio.out>
ENTRY POINT SYMBOL: "_c_int00_noargs"  address: 000047b9


MEMORY CONFIGURATION

         name            origin    length      used     unused   attr    fill
----------------------  --------  ---------  --------  --------  ----  --------
  FLASH                 00000000   00020000  00005bf8  0001a408  R  X
  SRAM                  20200000   00008000  000014fd  00006b03  RW X
  BCR_CONFIG            41c00000   000000ff  00000000  000000ff  R   
  BSL_CONFIG            41c00100   00000080  00000000  00000080  R   


SEGMENT ALLOCATION MAP

run origin  load origin   length   init length attrs members
----------  ----------- ---------- ----------- ----- -------
00000000    00000000    00005328   00005328    r-x
  00000000    00000000    000000c0   000000c0    r-- .intvecs
  000000c0    000000c0    00005268   00005268    r-x .text
00005330    00005330    000008d0   000008d0    r--
  00005330    00005330    00000850   00000850    r-- .rodata
  00005b80    00005b80    00000080   00000080    r-- .cinit
20200000    20200000    000012fd   00000000    rw-
  20200000    20200000    00001000   00000000    rw- .sysmem
  20201000    20201000    000001c4   00000000    rw- .bss
  202011c4    202011c4    00000139   00000000    rw- .data
20207e00    20207e00    00000200   00000000    rw-
  20207e00    20207e00    00000200   00000000    rw- .stack


SECTION ALLOCATION MAP

 output                                  attributes/
section   page    origin      length       input sections
--------  ----  ----------  ----------   ----------------
.intvecs   0    00000000    000000c0     
                  00000000    000000c0     startup_mspm0g350x_ticlang.o (.intvecs)

.text      0    000000c0    00005268     
                  000000c0    00000868     libc.a : _printfi.c.obj (.text:__TI_printfi_nofloat)
                  00000928    000003d0     main.o (.text.main)
                  00000cf8    0000034c     main.o (.text.Display_Update)
                  00001044    00000328     main.o (.text.Generate_Audio_Sample)
                  0000136c    0000028c     main.o (.text.Update_Phase_Increment)
                  000015f8    00000260     lcd_driver.o (.text.LCD_Init)
                  00001858    000001e4     ti_msp_dl_config.o (.text.SYSCFG_DL_GPIO_init)
                  00001a3c    000001a8     main.o (.text.Process_Envelope)
                  00001be4    00000198     main.o (.text.Button_StateMachine_Update)
                  00001d7c    00000180     lcd_driver.o (.text.LCD_PrintString)
                  00001efc    0000016c     main.o (.text.Process_Scale_Position)
                  00002068    00000138     main.o (.text.Display_Waveform)
                  000021a0    00000118     lcd_driver.o (.text.LCD_DrawRect)
                  000022b8    00000112     lcd_driver.o (.text.LCD_DrawLine)
                  000023ca    00000002     libclang_rt.builtins.a : aeabi_div0.c.obj (.text.__aeabi_idiv0)
                  000023cc    00000110     dl_timer.o (.text.DL_Timer_initTimerMode)
                  000024dc    00000110     dl_timer.o (.text.DL_Timer_initTwoCCPWMMode)
                  000025ec    00000100     main.o (.text.Generate_Waveform)
                  000026ec    000000f0     main.o (.text.Generate_Chord_Sample)
                  000027dc    000000ec     dl_timer.o (.text.DL_Timer_initFourCCPWMMode)
                  000028c8    000000e0     dl_sysctl_mspm0g1x0x_g3x0x.o (.text.DL_SYSCTL_configSYSPLL)
                  000029a8    000000d8     dl_rtc_common.o (.text.DL_RTC_Common_initCalendar)
                  00002a80    000000cc     ti_msp_dl_config.o (.text.SYSCFG_DL_ADC_ACCEL_init)
                  00002b4c    000000c8     main.o (.text.Calculate_Scale_Frequency)
                  00002c14    000000c0     ti_msp_dl_config.o (.text.SYSCFG_DL_initPower)
                  00002cd4    000000b8     main.o (.text.Process_Accelerometer)
                  00002d8c    000000b0     ti_msp_dl_config.o (.text.SYSCFG_DL_SYSCTL_SYSPLL_init)
                  00002e3c    000000a4     ti_msp_dl_config.o (.text.SYSCFG_DL_SYSCTL_init)
                  00002ee0    000000a2     libclang_rt.builtins.a : udivmoddi4.S.obj (.text)
                  00002f82    00000002                            : aeabi_div0.c.obj (.text.__aeabi_ldiv0)
                  00002f84    000000a0     lcd_driver.o (.text.LCD_FillScreen)
                  00003024    0000009c     main.o (.text.TIMG7_IRQHandler)
                  000030c0    00000094     main.o (.text.Display_Scale_Info)
                  00003154    00000090     ti_msp_dl_config.o (.text.SYSCFG_DL_ADC_JOY_init)
                  000031e4    0000008c     main.o (.text.Process_Key_Selection)
                  00003270    0000008c     main.o (.text.Process_Portamento)
                  000032fc    00000088     main.o (.text.Process_Musical_Controls)
                  00003384    00000084     main.o (.text.__NVIC_SetPriority)
                  00003408    00000084     ti_msp_dl_config.o (.text.__NVIC_SetPriority)
                  0000348c    0000007c     main.o (.text.Change_Preset)
                  00003508    0000007c     libc.a : copy_decompress_lzss.c.obj (.text:decompress:lzss)
                  00003584    00000074     ti_msp_dl_config.o (.text.SYSCFG_DL_PWM_AUDIO_init)
                  000035f8    00000074     libclang_rt.builtins.a : comparedf2.c.obj (.text.__gedf2)
                  0000366c    0000006c     main.o (.text.Debug_LED_Update)
                  000036d8    0000006c     lcd_driver.o (.text.LCD_SetWindow)
                  00003744    00000068     libclang_rt.builtins.a : comparedf2.c.obj (.text.__ledf2)
                  000037ac    00000062                            : aeabi_dcmp.S.obj (.text.__aeabi_dcmp)
                  0000380e    00000002     --HOLE-- [fill = 0]
                  00003810    00000060     main.o (.text.ADC1_IRQHandler)
                  00003870    00000060     ti_msp_dl_config.o (.text.DL_ADC12_initSeqSample)
                  000038d0    0000005c     ti_msp_dl_config.o (.text.SYSCFG_DL_init)
                  0000392c    00000058     lcd_driver.o (.text.LCD_PrintNumber)
                  00003984    00000058     ti_msp_dl_config.o (.text.SYSCFG_DL_I2C_0_init)
                  000039dc    00000058     ti_msp_dl_config.o (.text.SYSCFG_DL_I2C_1_init)
                  00003a34    00000056     libclang_rt.builtins.a : aeabi_idivmod.S.obj (.text.__aeabi_idivmod)
                  00003a8a    00000054     dl_dma.o (.text.DL_DMA_configTransfer)
                  00003ade    00000002     --HOLE-- [fill = 0]
                  00003ae0    00000050     ti_msp_dl_config.o (.text.DL_GPIO_initPeripheralInputFunctionFeatures)
                  00003b30    00000050     lcd_driver.o (.text.LCD_WriteCommand)
                  00003b80    00000050     lcd_driver.o (.text.LCD_WriteData)
                  00003bd0    00000050     ti_msp_dl_config.o (.text.SysTick_Config)
                  00003c20    0000004e     lcd_driver.o (.text.LCD_DrawPixel)
                  00003c6e    00000002     --HOLE-- [fill = 0]
                  00003c70    0000004c     main.o (.text.ADC0_IRQHandler)
                  00003cbc    0000004c     dl_adc12.o (.text.DL_ADC12_setClockConfig)
                  00003d08    0000004c     ti_msp_dl_config.o (.text.DL_GPIO_initDigitalInputFeatures)
                  00003d54    0000004c     dl_sysctl_mspm0g1x0x_g3x0x.o (.text.DL_SYSCTL_switchMCLKfromSYSOSCtoHSCLK)
                  00003da0    0000004c     libc.a : snprintf.c.obj (.text.snprintf)
                  00003dec    0000004a     ti_msp_dl_config.o (.text.DL_ADC12_configConversionMem)
                  00003e36    00000002     --HOLE-- [fill = 0]
                  00003e38    00000048     dl_spi.o (.text.DL_SPI_init)
                  00003e80    00000046     dl_dma.o (.text.DL_DMA_initChannel)
                  00003ec6    00000002     --HOLE-- [fill = 0]
                  00003ec8    00000044     main.o (.text.Change_Scale_Type)
                  00003f0c    00000044     main.o (.text.Process_Arpeggiator)
                  00003f50    00000040     dl_timer.o (.text.DL_Timer_setCaptureCompareOutCtl)
                  00003f90    00000040     ti_msp_dl_config.o (.text.SYSCFG_DL_SPI_LCD_init)
                  00003fd0    00000040     main.o (.text.SysTick_Handler)
                  00004010    00000040     libclang_rt.builtins.a : aeabi_uidivmod.S.obj (.text.__aeabi_uidivmod)
                  00004050    00000040     libc.a : atoi.c.obj (.text.atoi)
                  00004090    0000003c     main.o (.text.Change_Instrument)
                  000040cc    0000003c     dl_timer.o (.text.DL_Timer_setCaptureCompareCtl)
                  00004108    0000003c     dl_timer.o (.text.DL_Timer_setCounterControl)
                  00004144    0000003c     ti_msp_dl_config.o (.text.DL_Timer_setCounterControl)
                  00004180    0000003c     ti_msp_dl_config.o (.text.SYSCFG_DL_DMA_CH1_init)
                  000041bc    0000003c     ti_msp_dl_config.o (.text.SYSCFG_DL_TIMER_SAMPLE_init)
                  000041f8    0000003c     libc.a : autoinit.c.obj (.text:__TI_auto_init_nobinit_nopinit)
                  00004234    0000003a     libclang_rt.builtins.a : muldsi3.S.obj (.text.__muldsi3)
                  0000426e    00000002     --HOLE-- [fill = 0]
                  00004270    00000038     dl_dma.o (.text.DL_DMA_setTrigger)
                  000042a8    00000034     ti_msp_dl_config.o (.text.DL_DMA_setPublisherChanID)
                  000042dc    00000034     dl_i2c.o (.text.DL_I2C_setClockConfig)
                  00004310    00000034     dl_timer.o (.text.DL_Timer_setCaptCompUpdateMethod)
                  00004344    00000034     dl_timer.o (.text.DL_Timer_setCaptureCompareAction)
                  00004378    00000034     dl_timer.o (.text.DL_Timer_setCaptureCompareInput)
                  000043ac    00000034     dl_timer.o (.text.DL_Timer_setClockConfig)
                  000043e0    00000034     main.o (.text.HardFault_Handler)
                  00004414    00000030     main.o (.text.DL_ADC12_getMemResult)
                  00004444    00000030     ti_msp_dl_config.o (.text.DL_DMA_setTransferSize)
                  00004474    00000030     ti_msp_dl_config.o (.text.DL_SPI_setFIFOThreshold)
                  000044a4    00000030     main.o (.text.Low_Pass_Filter)
                  000044d4    00000030     libc.a : snprintf.c.obj (.text._outs)
                  00004504    0000002c     dl_timer.o (.text.DL_Timer_setCaptureCompareValue)
                  00004530    0000002c     main.o (.text.__NVIC_ClearPendingIRQ)
                  0000455c    0000002c     main.o (.text.__NVIC_EnableIRQ)
                  00004588    00000028     dl_adc12.o (.text.DL_Common_updateReg)
                  000045b0    00000028     dl_dma.o (.text.DL_Common_updateReg)
                  000045d8    00000028     dl_i2c.o (.text.DL_Common_updateReg)
                  00004600    00000028     dl_rtc_common.o (.text.DL_Common_updateReg)
                  00004628    00000028     dl_spi.o (.text.DL_Common_updateReg)
                  00004650    00000028     dl_sysctl_mspm0g1x0x_g3x0x.o (.text.DL_Common_updateReg)
                  00004678    00000028     dl_timer.o (.text.DL_Common_updateReg)
                  000046a0    00000028     ti_msp_dl_config.o (.text.DL_Common_updateReg)
                  000046c8    00000028     ti_msp_dl_config.o (.text.DL_I2C_setControllerRXFIFOThreshold)
                  000046f0    00000028     ti_msp_dl_config.o (.text.DL_I2C_setControllerTXFIFOThreshold)
                  00004718    00000028     dl_sysctl_mspm0g1x0x_g3x0x.o (.text.DL_SYSCTL_configFCC)
                  00004740    00000028     ti_msp_dl_config.o (.text.DL_SYSCTL_setPowerPolicySTANDBY0)
                  00004768    00000028     ti_msp_dl_config.o (.text.SYSCFG_DL_RTC_init)
                  00004790    00000028     libclang_rt.builtins.a : floatunsisf.S.obj (.text.__floatunsisf)
                  000047b8    00000028     libc.a : boot_cortex_m.c.obj (.text:_c_int00_noargs)
                  000047e0    00000026     main.o (.text.DL_DMA_enableChannel)
                  00004806    00000026     ti_msp_dl_config.o (.text.DL_I2C_setAnalogGlitchFilterPulseWidth)
                  0000482c    00000024     ti_msp_dl_config.o (.text.DL_SPI_setBitRateSerialClockDivider)
                  00004850    00000024     dl_spi.o (.text.DL_SPI_setClockConfig)
                  00004874    00000024     main.o (.text.SysTick_Init)
                  00004898    00000024     libclang_rt.builtins.a : floatunsidf.S.obj (.text.__floatunsidf)
                  000048bc    00000024                            : muldi3.S.obj (.text.__muldi3)
                  000048e0    00000022     libc.a : memccpy.c.obj (.text.memccpy)
                  00004902    00000002     --HOLE-- [fill = 0]
                  00004904    00000020     dl_sysctl_mspm0g1x0x_g3x0x.o (.text.DL_CORE_configInstruction)
                  00004924    00000020     dl_rtc_common.o (.text.DL_RTC_Common_setCalendarYearBinary)
                  00004944    00000020     ti_msp_dl_config.o (.text.DL_SYSCTL_setFlashWaitState)
                  00004964    00000020     ti_msp_dl_config.o (.text.DL_SYSCTL_setMFPCLKSource)
                  00004984    00000020     dl_timer.o (.text.DL_Timer_setCounterValueAfterEnable)
                  000049a4    00000020     main.o (.text.DMA_IRQHandler)
                  000049c4    0000001e     libclang_rt.builtins.a : ashldi3.S.obj (.text.__ashldi3)
                  000049e2    00000002     --HOLE-- [fill = 0]
                  000049e4    0000001c     ti_msp_dl_config.o (.text.DL_ADC12_clearInterruptStatus)
                  00004a00    0000001c     ti_msp_dl_config.o (.text.DL_ADC12_enableInterrupt)
                  00004a1c    0000001c     main.o (.text.DL_ADC12_startConversion)
                  00004a38    0000001c     ti_msp_dl_config.o (.text.DL_DMA_enableInterrupt)
                  00004a54    0000001c     ti_msp_dl_config.o (.text.DL_GPIO_enableHiZ)
                  00004a70    0000001c     ti_msp_dl_config.o (.text.DL_GPIO_initPeripheralOutputFunction)
                  00004a8c    0000001c     ti_msp_dl_config.o (.text.DL_GPIO_setLowerPinsInputFilter)
                  00004aa8    0000001c     ti_msp_dl_config.o (.text.DL_GPIO_setLowerPinsPolarity)
                  00004ac4    0000001c     dl_rtc_common.o (.text.DL_RTC_Common_setCalendarMinutesBCD)
                  00004ae0    0000001c     dl_rtc_common.o (.text.DL_RTC_Common_setCalendarMinutesBinary)
                  00004afc    0000001c     dl_rtc_common.o (.text.DL_RTC_Common_setCalendarMonthBCD)
                  00004b18    0000001c     dl_rtc_common.o (.text.DL_RTC_Common_setCalendarMonthBinary)
                  00004b34    0000001c     dl_rtc_common.o (.text.DL_RTC_Common_setCalendarSecondsBCD)
                  00004b50    0000001c     dl_rtc_common.o (.text.DL_RTC_Common_setCalendarSecondsBinary)
                  00004b6c    0000001c     dl_rtc_common.o (.text.DL_RTC_Common_setCalendarYearBCD)
                  00004b88    0000001c     dl_rtc_common.o (.text.DL_RTC_Common_setClockFormat)
                  00004ba4    0000001c     ti_msp_dl_config.o (.text.DL_SYSCTL_setFCCPeriods)
                  00004bc0    0000001c     ti_msp_dl_config.o (.text.DL_SYSCTL_setMCLKDivider)
                  00004bdc    0000001c     ti_msp_dl_config.o (.text.DL_SYSCTL_setSYSOSCFreq)
                  00004bf8    0000001c     ti_msp_dl_config.o (.text.DL_SYSCTL_setULPCLKDivider)
                  00004c14    0000001c     ti_msp_dl_config.o (.text.DL_SYSCTL_setVBOOSTConfig)
                  00004c30    0000001c     ti_msp_dl_config.o (.text.DL_Timer_enableInterrupt)
                  00004c4c    0000001c     ti_msp_dl_config.o (.text.SYSCFG_DL_SYSCTL_CLK_init)
                  00004c68    0000001a     ti_msp_dl_config.o (.text.DL_ADC12_setSubscriberChanID)
                  00004c82    0000001a     dl_rtc_common.o (.text.DL_RTC_Common_setCalendarHoursBCD)
                  00004c9c    0000001a     dl_rtc_common.o (.text.DL_RTC_Common_setCalendarHoursBinary)
                  00004cb6    00000002     --HOLE-- [fill = 0]
                  00004cb8    00000018     ti_msp_dl_config.o (.text.DL_ADC12_enablePower)
                  00004cd0    00000018     ti_msp_dl_config.o (.text.DL_ADC12_reset)
                  00004ce8    00000018     ti_msp_dl_config.o (.text.DL_ADC12_setSampleTime0)
                  00004d00    00000018     ti_msp_dl_config.o (.text.DL_DMA_clearInterruptStatus)
                  00004d18    00000018     ti_msp_dl_config.o (.text.DL_GPIO_enableOutput)
                  00004d30    00000018     ti_msp_dl_config.o (.text.DL_GPIO_enablePower)
                  00004d48    00000018     ti_msp_dl_config.o (.text.DL_GPIO_initDigitalOutput)
                  00004d60    00000018     ti_msp_dl_config.o (.text.DL_GPIO_reset)
                  00004d78    00000018     ti_msp_dl_config.o (.text.DL_GPIO_setAnalogInternalResistor)
                  00004d90    00000018     lcd_driver.o (.text.DL_GPIO_setPins)
                  00004da8    00000018     main.o (.text.DL_GPIO_setPins)
                  00004dc0    00000018     ti_msp_dl_config.o (.text.DL_GPIO_setPins)
                  00004dd8    00000018     ti_msp_dl_config.o (.text.DL_GPIO_setUpperPinsPolarity)
                  00004df0    00000018     main.o (.text.DL_GPIO_togglePins)
                  00004e08    00000018     ti_msp_dl_config.o (.text.DL_I2C_enableAnalogGlitchFilter)
                  00004e20    00000018     ti_msp_dl_config.o (.text.DL_I2C_enableController)
                  00004e38    00000018     ti_msp_dl_config.o (.text.DL_I2C_enableControllerClockStretching)
                  00004e50    00000018     ti_msp_dl_config.o (.text.DL_I2C_enablePower)
                  00004e68    00000018     ti_msp_dl_config.o (.text.DL_I2C_reset)
                  00004e80    00000018     ti_msp_dl_config.o (.text.DL_I2C_setTimerPeriod)
                  00004e98    00000018     ti_msp_dl_config.o (.text.DL_RTC_Common_enablePower)
                  00004eb0    00000018     ti_msp_dl_config.o (.text.DL_RTC_Common_reset)
                  00004ec8    00000018     ti_msp_dl_config.o (.text.DL_SPI_enable)
                  00004ee0    00000018     ti_msp_dl_config.o (.text.DL_SPI_enablePower)
                  00004ef8    00000018     lcd_driver.o (.text.DL_SPI_isBusy)
                  00004f10    00000018     ti_msp_dl_config.o (.text.DL_SPI_reset)
                  00004f28    00000018     ti_msp_dl_config.o (.text.DL_SYSCTL_enableInterrupt)
                  00004f40    00000018     ti_msp_dl_config.o (.text.DL_SYSCTL_setBORThreshold)
                  00004f58    00000018     dl_sysctl_mspm0g1x0x_g3x0x.o (.text.DL_SYSCTL_setHSCLKSource)
                  00004f70    00000018     ti_msp_dl_config.o (.text.DL_Timer_enablePower)
                  00004f88    00000018     ti_msp_dl_config.o (.text.DL_Timer_reset)
                  00004fa0    00000018     dl_timer.o (.text.DL_Timer_setLoadValue)
                  00004fb8    00000018     main.o (.text.DL_Timer_startCounter)
                  00004fd0    00000018     ti_msp_dl_config.o (.text.SYSCFG_DL_DMA_init)
                  00004fe8    00000018     libc.a : snprintf.c.obj (.text._outc)
                  00005000    00000016     main.o (.text.DL_ADC12_enableConversions)
                  00005016    00000016     ti_msp_dl_config.o (.text.DL_ADC12_enableConversions)
                  0000502c    00000016     ti_msp_dl_config.o (.text.DL_GPIO_enableGlobalFastWake)
                  00005042    00000016     main.o (.text.DL_GPIO_readPins)
                  00005058    00000016     lcd_driver.o (.text.DL_SPI_transmitData8)
                  0000506e    00000016     libc.a : copy_zero_init.c.obj (.text:decompress:ZI:__TI_zero_init_nomemset)
                  00005084    00000014     dl_common.o (.text.DL_Common_delayCycles)
                  00005098    00000014     ti_msp_dl_config.o (.text.DL_FlashCTL_enableInterrupt)
                  000050ac    00000014     lcd_driver.o (.text.DL_GPIO_clearPins)
                  000050c0    00000014     main.o (.text.DL_GPIO_clearPins)
                  000050d4    00000014     ti_msp_dl_config.o (.text.DL_GPIO_clearPins)
                  000050e8    00000014     ti_msp_dl_config.o (.text.DL_I2C_resetControllerTransfer)
                  000050fc    00000014     dl_sysctl_mspm0g1x0x_g3x0x.o (.text.DL_SYSCTL_disableSYSPLL)
                  00005110    00000014     ti_msp_dl_config.o (.text.DL_SYSCTL_disableSYSPLL)
                  00005124    00000014     ti_msp_dl_config.o (.text.DL_SYSCTL_enableMFCLK)
                  00005138    00000014     dl_sysctl_mspm0g1x0x_g3x0x.o (.text.DL_SYSCTL_enableSYSPLL)
                  0000514c    00000014     ti_msp_dl_config.o (.text.DL_SYSCTL_enableSYSPLL)
                  00005160    00000014     ti_msp_dl_config.o (.text.DL_Timer_enableClock)
                  00005174    00000014     ti_msp_dl_config.o (.text.DL_Timer_setCCPDirection)
                  00005188    00000014     main.o (.text.Trigger_Note_Off)
                  0000519c    00000014     main.o (.text.Trigger_Note_On)
                  000051b0    00000014     libclang_rt.builtins.a : aeabi_uldivmod.S.obj (.text.__aeabi_uldivmod)
                  000051c4    00000012     main.o (.text.DL_ADC12_getPendingInterrupt)
                  000051d6    00000012     main.o (.text.DL_DMA_getPendingInterrupt)
                  000051e8    00000012     main.o (.text.DL_Timer_getPendingInterrupt)
                  000051fa    00000012     libc.a : memcpy16.S.obj (.text:TI_memcpy_small)
                  0000520c    00000012            : copy_decompress_none.c.obj (.text:decompress:none)
                  0000521e    00000002     --HOLE-- [fill = 0]
                  00005220    00000010     dl_sysctl_mspm0g1x0x_g3x0x.o (.text.DL_CORE_getInstructionConfig)
                  00005230    00000010     ti_msp_dl_config.o (.text.DL_SYSCTL_disableHFXT)
                  00005240    00000010     ti_msp_dl_config.o (.text.DL_SYSCTL_enableMFPCLK)
                  00005250    00000010     ti_msp_dl_config.o (.text.DL_SYSCTL_isFCCDone)
                  00005260    00000010     ti_msp_dl_config.o (.text.DL_SYSCTL_startFCC)
                  00005270    00000010     ti_msp_dl_config.o (.text.SYSCFG_DL_SYSTICK_init)
                  00005280    00000010     libc.a : wcslen.c.obj (.text.wcslen)
                  00005290    0000000e     libclang_rt.builtins.a : aeabi_memset.S.obj (.text.__aeabi_memset)
                  0000529e    0000000e     libc.a : _printfi.c.obj (.text.strlen)
                  000052ac    0000000e            : memset16.S.obj (.text:TI_memset_small)
                  000052ba    00000002     --HOLE-- [fill = 0]
                  000052bc    0000000c     dl_sysctl_mspm0g1x0x_g3x0x.o (.text.DL_SYSCTL_getClockStatus)
                  000052c8    0000000c     ti_msp_dl_config.o (.text.DL_SYSCTL_getClockStatus)
                  000052d4    0000000c     ti_msp_dl_config.o (.text.DL_SYSCTL_readFCC)
                  000052e0    0000000c     libclang_rt.builtins.a : aeabi_memset.S.obj (.text.__aeabi_memclr)
                  000052ec    00000008     libc.a : aeabi_portable.c.obj (.text.__aeabi_errno_addr)
                  000052f4    00000008     libclang_rt.builtins.a : aeabi_memcpy.S.obj (.text.__aeabi_memcpy)
                  000052fc    00000006     libc.a : exit.c.obj (.text:abort)
                  00005302    00000004     startup_mspm0g350x_ticlang.o (.text.Default_Handler)
                  00005306    00000004     libsysbm.a : hostexit.c.obj (.text.HOSTexit)
                  0000530a    00000004     startup_mspm0g350x_ticlang.o (.text.Reset_Handler)
                  0000530e    00000002     --HOLE-- [fill = 0]
                  00005310    00000010     libc.a : boot_cortex_m.c.obj (.tramp._c_int00_noargs.1)
                  00005320    00000004            : pre_init.c.obj (.text._system_pre_init)
                  00005324    00000004     --HOLE-- [fill = 0]

.cinit     0    00005b80    00000080     
                  00005b80    00000058     (.cinit..data.load) [load image, compression = lzss]
                  00005bd8    0000000c     (__TI_handler_table)
                  00005be4    00000008     (.cinit..bss.load) [load image, compression = zero_init]
                  00005bec    00000010     (__TI_cinit_table)
                  00005bfc    00000004     --HOLE-- [fill = 0]

.rodata    0    00005330    00000850     
                  00005330    00000222     lcd_driver.o (.rodata.font_6x8)
                  00005552    00000200     main.o (.rodata.sine_table)
                  00005752    0000000e     main.o (.rodata.ROOT_FREQUENCIES)
                  00005760    00000101     libc.a : aeabi_ctype.S.obj (.rodata:__aeabi_ctype_table_)
                  00005861    00000003     ti_msp_dl_config.o (.rodata.gPWM_AUDIOClockConfig)
                  00005864    00000064     main.o (.rodata.INSTRUMENTS)
                  000058c8    00000064     main.o (.rodata.PITCH_BEND_TABLE)
                  0000592c    00000032     main.o (.rodata..L__const.Calculate_Scale_Frequency.semitone_ratio)
                  0000595e    00000030     main.o (.rodata.SCALE_INTERVALS)
                  0000598e    00000002     ti_msp_dl_config.o (.rodata.gI2C_0ClockConfig)
                  00005990    00000028     ti_msp_dl_config.o (.rodata.gSYSPLLConfig)
                  000059b8    00000022     ti_msp_dl_config.o (.rodata..L__const.SYSCFG_DL_GPIO_init.unusedPinIndexes)
                  000059da    00000002     ti_msp_dl_config.o (.rodata.gI2C_1ClockConfig)
                  000059dc    00000018     main.o (.rodata.PRESETS)
                  000059f4    00000018     ti_msp_dl_config.o (.rodata.gDMA_CH1Config)
                  00005a0c    00000014     main.o (.rodata..L__const.Display_Update.env_names)
                  00005a20    00000014     ti_msp_dl_config.o (.rodata.gTIMER_SAMPLETimerConfig)
                  00005a34    00000011     libc.a : _printfi.c.obj (.rodata.str1.10348868589481759720.1)
                  00005a45    00000011            : _printfi.c.obj (.rodata.str1.15363888844622738466.1)
                  00005a56    00000002     ti_msp_dl_config.o (.rodata.gSPI_LCD_clockConfig)
                  00005a58    0000000c     main.o (.rodata..L__const.Display_Update.chord_names)
                  00005a64    0000000c     main.o (.rodata.str1.17100691992556644108.1)
                  00005a70    0000000a     ti_msp_dl_config.o (.rodata.gSPI_LCD_config)
                  00005a7a    0000000a     main.o (.rodata.str1.18227636981041470289.1)
                  00005a84    00000009     main.o (.rodata.CHORD_INTERVALS)
                  00005a8d    00000009     main.o (.rodata.str1.14402440632258215044.1)
                  00005a96    00000002     main.o (.rodata.str1.11321157723316767883.1)
                  00005a98    00000008     ti_msp_dl_config.o (.rodata.gADC_ACCELClockConfig)
                  00005aa0    00000008     ti_msp_dl_config.o (.rodata.gADC_JOYClockConfig)
                  00005aa8    00000008     ti_msp_dl_config.o (.rodata.gPWM_AUDIOConfig)
                  00005ab0    00000008     ti_msp_dl_config.o (.rodata.gRTCCalendarConfig)
                  00005ab8    00000008     main.o (.rodata.str1.1311392489248731986.1)
                  00005ac0    00000008     main.o (.rodata.str1.15996357275703397564.1)
                  00005ac8    00000008     main.o (.rodata.str1.16265332423659789559.1)
                  00005ad0    00000008     main.o (.rodata.str1.288608917962107522.1)
                  00005ad8    00000008     main.o (.rodata.str1.7784929982665794503.1)
                  00005ae0    00000006     main.o (.rodata.str1.12180500075719773345.1)
                  00005ae6    00000006     main.o (.rodata.str1.15159059442110792349.1)
                  00005aec    00000006     main.o (.rodata.str1.2846389346932560359.1)
                  00005af2    00000006     main.o (.rodata.str1.7996925722583989644.1)
                  00005af8    00000006     main.o (.rodata.str1.8154729771448623357.1)
                  00005afe    00000005     main.o (.rodata.str1.13030671760666898970.1)
                  00005b03    00000005     main.o (.rodata.str1.14112174005742061988.1)
                  00005b08    00000005     main.o (.rodata.str1.16302215771116645891.1)
                  00005b0d    00000005     main.o (.rodata.str1.16631870348416990953.1)
                  00005b12    00000005     main.o (.rodata.str1.39260288392874984.1)
                  00005b17    00000005     main.o (.rodata.str1.6554448696319176064.1)
                  00005b1c    00000005     main.o (.rodata.str1.7702501944640899365.1)
                  00005b21    00000005     main.o (.rodata.str1.8096991282711418442.1)
                  00005b26    00000004     main.o (.rodata.str1.10635229749459437609.1)
                  00005b2a    00000004     main.o (.rodata.str1.11702106008850790973.1)
                  00005b2e    00000004     main.o (.rodata.str1.11870794119293528247.1)
                  00005b32    00000004     main.o (.rodata.str1.13288086030101331538.1)
                  00005b36    00000004     main.o (.rodata.str1.13782249893155712474.1)
                  00005b3a    00000004     main.o (.rodata.str1.17376258722486336754.1)
                  00005b3e    00000004     main.o (.rodata.str1.2763581881760962609.1)
                  00005b42    00000004     main.o (.rodata.str1.3530083166107438000.1)
                  00005b46    00000004     main.o (.rodata.str1.403738606202455663.1)
                  00005b4a    00000004     lcd_driver.o (.rodata.str1.4301156551425074819.1)
                  00005b4e    00000004     main.o (.rodata.str1.6891813955777630061.1)
                  00005b52    00000004     main.o (.rodata.str1.8076846746581808073.1)
                  00005b56    00000004     main.o (.rodata.str1.9059077390166914652.1)
                  00005b5a    00000003     ti_msp_dl_config.o (.rodata.gTIMER_SAMPLEClockConfig)
                  00005b5d    00000003     main.o (.rodata.str1.14079361385603432444.1)
                  00005b60    00000003     main.o (.rodata.str1.2123964117280943167.1)
                  00005b63    00000003     main.o (.rodata.str1.8108965883388295311.1)
                  00005b66    00000002     main.o (.rodata.str1.14466178792657420020.1)
                  00005b68    00000002     main.o (.rodata.str1.17045314124001216156.1)
                  00005b6a    00000002     main.o (.rodata.str1.18092426736022315238.1)
                  00005b6c    00000002     main.o (.rodata.str1.2563708670032483588.1)
                  00005b6e    00000002     main.o (.rodata.str1.5043408953494467246.1)
                  00005b70    00000002     main.o (.rodata.str1.8320541211001259012.1)
                  00005b72    00000001     main.o (.rodata.str1.10313062130652730376.1)
                  00005b73    0000000d     --HOLE-- [fill = 0]

.init_array 
*          0    00000000    00000000     UNINITIALIZED

.binit     0    00000000    00000000     

.sysmem    0    20200000    00001000     UNINITIALIZED
                  20200000    00000010     libc.a : memory.c.obj (.sysmem)
                  20200010    00000ff0     --HOLE--

.bss       0    20201000    000001c4     UNINITIALIZED
                  20201000    000000bc     ti_msp_dl_config.o (.bss.gPWM_AUDIOBackup)
                  202010bc    000000a0     ti_msp_dl_config.o (.bss.gTIMER_SAMPLEBackup)
                  2020115c    0000003c     main.o (.bss.gSynthState)
                  20201198    00000028     ti_msp_dl_config.o (.bss.gSPI_LCDBackup)
                  202011c0    00000004     main.o (.bss.gADC0_DMA_Buffer)

.data      0    202011c4    00000139     UNINITIALIZED
                  202011c4    00000080     main.o (.data.waveform_buffer)
                  20201244    0000001c     main.o (.data.KEY_NAMES)
                  20201260    00000018     main.o (.data.SCALE_NAMES)
                  20201278    00000014     main.o (.data.arpeggiator)
                  2020128c    0000000c     main.o (.data.envelope)
                  20201298    0000000c     main.o (.data.g_chord_increments)
                  202012a4    0000000c     main.o (.data.g_chord_phases)
                  202012b0    00000006     main.o (.data.btn_joy_sel_sm)
                  202012b6    00000006     main.o (.data.btn_s1_sm)
                  202012bc    00000006     main.o (.data.btn_s2_sm)
                  202012c2    00000006     main.o (.data.scale_state)
                  202012c8    00000004     main.o (.data.DEBUG_main_loop_count)
                  202012cc    00000004     main.o (.data.DEBUG_timer_irq_count)
                  202012d0    00000004     libc.a : aeabi_portable.c.obj (.data.__aeabi_errno)
                  202012d4    00000004     main.o (.data.base_frequency_hz)
                  202012d8    00000004     main.o (.data.current_frequency_hz)
                  202012dc    00000004     main.o (.data.g_phase)
                  202012e0    00000004     main.o (.data.g_phase_increment)
                  202012e4    00000004     main.o (.data.g_systick_count)
                  202012e8    00000004     main.o (.data.target_frequency_hz)
                  202012ec    00000002     main.o (.data.Low_Pass_Filter.prev_sample)
                  202012ee    00000002     main.o (.data.Process_Scale_Position.last_deviation)
                  202012f0    00000002     main.o (.data.tremolo_phase)
                  202012f2    00000002     main.o (.data.vibrato_phase)
                  202012f4    00000001     main.o (.data.Generate_Audio_Sample.waveform_decimate_counter)
                  202012f5    00000001     main.o (.data.Process_Scale_Position.last_position)
                  202012f6    00000001     main.o (.data.chord_mode)
                  202012f7    00000001     main.o (.data.current_instrument)
                  202012f8    00000001     main.o (.data.current_octave_shift)
                  202012f9    00000001     main.o (.data.current_preset)
                  202012fa    00000001     main.o (.data.effects_enabled)
                  202012fb    00000001     main.o (.data.gADC0_DMA_Complete)
                  202012fc    00000001     main.o (.data.waveform_write_index)

.stack     0    20207e00    00000200     UNINITIALIZED
                  20207e00    00000004     libc.a : boot_cortex_m.c.obj (.stack)
                  20207e04    000001fc     --HOLE--

__llvm_prf_cnts 
*          0    20200000    00000000     UNINITIALIZED

__llvm_prf_bits 
*          0    20200000    00000000     UNINITIALIZED

MODULE SUMMARY

       Module                         code    ro data   rw data
       ------                         ----    -------   -------
    .\
       main.o                         7784    1102      373    
       lcd_driver.o                   2230    550       0      
       startup_mspm0g350x_ticlang.o   8       192       0      
    +--+------------------------------+-------+---------+---------+
       Total:                         10022   1844      373    
                                                               
    .\syscfg\
       ti_msp_dl_config.o             4390    172       388    
    +--+------------------------------+-------+---------+---------+
       Total:                         4390    172       388    
                                                               
    .\ti\driverlib\
       dl_timer.o                     1312    0         0      
       dl_rtc_common.o                564     0         0      
       dl_dma.o                       250     0         0      
       dl_spi.o                       148     0         0      
       dl_adc12.o                     116     0         0      
       dl_i2c.o                       92      0         0      
       dl_common.o                    20      0         0      
    +--+------------------------------+-------+---------+---------+
       Total:                         2502    0         0      
                                                               
    .\ti\driverlib\m0p\sysctl\
       dl_sysctl_mspm0g1x0x_g3x0x.o   504     0         0      
    +--+------------------------------+-------+---------+---------+
       Total:                         504     0         0      
                                                               
    C:\ti\ccs2040\ccs\tools\compiler\ti-cgt-armllvm_4.0.4.LTS\lib\armv6m-ti-none-eabi/c/libc.a
       _printfi.c.obj                 2166    34        0      
       aeabi_ctype.S.obj              0       257       0      
       snprintf.c.obj                 148     0         0      
       copy_decompress_lzss.c.obj     124     0         0      
       atoi.c.obj                     64      0         0      
       autoinit.c.obj                 60      0         0      
       boot_cortex_m.c.obj            56      0         0      
       memccpy.c.obj                  34      0         0      
       copy_zero_init.c.obj           22      0         0      
       copy_decompress_none.c.obj     18      0         0      
       memcpy16.S.obj                 18      0         0      
       wcslen.c.obj                   16      0         0      
       memset16.S.obj                 14      0         0      
       aeabi_portable.c.obj           8       0         4      
       exit.c.obj                     6       0         0      
       pre_init.c.obj                 4       0         0      
    +--+------------------------------+-------+---------+---------+
       Total:                         2758    291       4      
                                                               
    C:\ti\ccs2040\ccs\tools\compiler\ti-cgt-armllvm_4.0.4.LTS\lib\armv6m-ti-none-eabi/c/libsysbm.a
       hostexit.c.obj                 4       0         0      
    +--+------------------------------+-------+---------+---------+
       Total:                         4       0         0      
                                                               
    C:\ti\ccs2040\ccs\tools\compiler\ti-cgt-armllvm_4.0.4.LTS\lib\armv6m-ti-none-eabi/libclang_rt.builtins.a
       comparedf2.c.obj               220     0         0      
       udivmoddi4.S.obj               162     0         0      
       aeabi_dcmp.S.obj               98      0         0      
       aeabi_idivmod.S.obj            86      0         0      
       aeabi_uidivmod.S.obj           64      0         0      
       muldsi3.S.obj                  58      0         0      
       floatunsisf.S.obj              40      0         0      
       floatunsidf.S.obj              36      0         0      
       muldi3.S.obj                   36      0         0      
       ashldi3.S.obj                  30      0         0      
       aeabi_memset.S.obj             26      0         0      
       aeabi_uldivmod.S.obj           20      0         0      
       aeabi_memcpy.S.obj             8       0         0      
       aeabi_div0.c.obj               4       0         0      
    +--+------------------------------+-------+---------+---------+
       Total:                         888     0         0      
                                                               
       Heap:                          0       0         4096   
       Stack:                         0       0         512    
       Linker Generated:              0       124       0      
    +--+------------------------------+-------+---------+---------+
       Grand Total:                   21068   2431      5373   


LINKER GENERATED COPY TABLES

__TI_cinit_table @ 00005bec records: 2, size/record: 8, table size: 16
	.data: load addr=00005b80, load size=00000058 bytes, run addr=202011c4, run size=00000139 bytes, compression=lzss
	.bss: load addr=00005be4, load size=00000008 bytes, run addr=20201000, run size=000001c4 bytes, compression=zero_init


LINKER GENERATED HANDLER TABLE

__TI_handler_table @ 00005bd8 records: 3, size/record: 4, table size: 12
	index: 0, handler: __TI_decompress_lzss
	index: 1, handler: __TI_decompress_none
	index: 2, handler: __TI_zero_init


FAR CALL TRAMPOLINES

callee name               trampoline name
   callee addr  tramp addr   call addr  call info
--------------  -----------  ---------  ----------------
_c_int00_noargs           $Tramp$TT$L$PI$$_c_int00_noargs
   000047b9     00005310     0000530a   startup_mspm0g350x_ticlang.o (.text.Reset_Handler)

[1 trampolines]
[1 trampoline calls]


GLOBAL SYMBOLS: SORTED ALPHABETICALLY BY Name 

address   name                                 
-------   ----                                 
00003c71  ADC0_IRQHandler                      
00003811  ADC1_IRQHandler                      
00005303  AES_IRQHandler                       
00005306  C$$EXIT                              
00005303  CANFD0_IRQHandler                    
00004091  Change_Instrument                    
0000348d  Change_Preset                        
00005303  DAC0_IRQHandler                      
202012c8  DEBUG_main_loop_count                
202012cc  DEBUG_timer_irq_count                
00003cbd  DL_ADC12_setClockConfig              
00005085  DL_Common_delayCycles                
00003e81  DL_DMA_initChannel                   
000042dd  DL_I2C_setClockConfig                
000029a9  DL_RTC_Common_initCalendar           
00003e39  DL_SPI_init                          
00004851  DL_SPI_setClockConfig                
00004719  DL_SYSCTL_configFCC                  
000028c9  DL_SYSCTL_configSYSPLL               
00003d55  DL_SYSCTL_switchMCLKfromSYSOSCtoHSCLK
000027dd  DL_Timer_initFourCCPWMMode           
000023cd  DL_Timer_initTimerMode               
00004311  DL_Timer_setCaptCompUpdateMethod     
00004345  DL_Timer_setCaptureCompareAction     
000040cd  DL_Timer_setCaptureCompareCtl        
00004379  DL_Timer_setCaptureCompareInput      
00003f51  DL_Timer_setCaptureCompareOutCtl     
00004505  DL_Timer_setCaptureCompareValue      
000043ad  DL_Timer_setClockConfig              
000049a5  DMA_IRQHandler                       
00005303  Default_Handler                      
00005303  GROUP0_IRQHandler                    
00005303  GROUP1_IRQHandler                    
00005307  HOSTexit                             
000043e1  HardFault_Handler                    
00005303  I2C0_IRQHandler                      
00005303  I2C1_IRQHandler                      
000022b9  LCD_DrawLine                         
00003c21  LCD_DrawPixel                        
000021a1  LCD_DrawRect                         
00002f85  LCD_FillScreen                       
000015f9  LCD_Init                             
0000392d  LCD_PrintNumber                      
00001d7d  LCD_PrintString                      
00005303  NMI_Handler                          
00005303  PendSV_Handler                       
00005303  RTC_IRQHandler                       
0000530b  Reset_Handler                        
00005303  SPI0_IRQHandler                      
00005303  SPI1_IRQHandler                      
00005303  SVC_Handler                          
00002a81  SYSCFG_DL_ADC_ACCEL_init             
00003155  SYSCFG_DL_ADC_JOY_init               
00004181  SYSCFG_DL_DMA_CH1_init               
00004fd1  SYSCFG_DL_DMA_init                   
00001859  SYSCFG_DL_GPIO_init                  
00003985  SYSCFG_DL_I2C_0_init                 
000039dd  SYSCFG_DL_I2C_1_init                 
00003585  SYSCFG_DL_PWM_AUDIO_init             
00004769  SYSCFG_DL_RTC_init                   
00003f91  SYSCFG_DL_SPI_LCD_init               
00004c4d  SYSCFG_DL_SYSCTL_CLK_init            
00002d8d  SYSCFG_DL_SYSCTL_SYSPLL_init         
00002e3d  SYSCFG_DL_SYSCTL_init                
00005271  SYSCFG_DL_SYSTICK_init               
000041bd  SYSCFG_DL_TIMER_SAMPLE_init          
000038d1  SYSCFG_DL_init                       
00002c15  SYSCFG_DL_initPower                  
00003fd1  SysTick_Handler                      
00005303  TIMA0_IRQHandler                     
00005303  TIMA1_IRQHandler                     
00005303  TIMG0_IRQHandler                     
00005303  TIMG12_IRQHandler                    
00005303  TIMG6_IRQHandler                     
00003025  TIMG7_IRQHandler                     
00005303  TIMG8_IRQHandler                     
000051fb  TI_memcpy_small                      
000052ad  TI_memset_small                      
00005189  Trigger_Note_Off                     
0000519d  Trigger_Note_On                      
00005303  UART0_IRQHandler                     
00005303  UART1_IRQHandler                     
00005303  UART2_IRQHandler                     
00005303  UART3_IRQHandler                     
20208000  __STACK_END                          
00000200  __STACK_SIZE                         
00001000  __SYSMEM_SIZE                        
00000000  __TI_ATRegion0_region_sz             
00000000  __TI_ATRegion0_src_addr              
00000000  __TI_ATRegion0_trg_addr              
00000000  __TI_ATRegion1_region_sz             
00000000  __TI_ATRegion1_src_addr              
00000000  __TI_ATRegion1_trg_addr              
00000000  __TI_ATRegion2_region_sz             
00000000  __TI_ATRegion2_src_addr              
00000000  __TI_ATRegion2_trg_addr              
00005bec  __TI_CINIT_Base                      
00005bfc  __TI_CINIT_Limit                     
00005bfc  __TI_CINIT_Warm                      
00005bd8  __TI_Handler_Table_Base              
00005be4  __TI_Handler_Table_Limit             
000041f9  __TI_auto_init_nobinit_nopinit       
00003509  __TI_decompress_lzss                 
0000520d  __TI_decompress_none                 
ffffffff  __TI_pprof_out_hndl                  
000000c1  __TI_printfi_nofloat                 
ffffffff  __TI_prof_data_size                  
ffffffff  __TI_prof_data_start                 
00000000  __TI_static_base__                   
0000506f  __TI_zero_init_nomemset              
00005760  __aeabi_ctype_table_                 
00005760  __aeabi_ctype_table_C                
000037ad  __aeabi_dcmpeq                       
000037e9  __aeabi_dcmpge                       
000037fd  __aeabi_dcmpgt                       
000037d5  __aeabi_dcmple                       
000037c1  __aeabi_dcmplt                       
202012d0  __aeabi_errno                        
000052ed  __aeabi_errno_addr                   
00003a35  __aeabi_idiv                         
000023cb  __aeabi_idiv0                        
00003a35  __aeabi_idivmod                      
00002f83  __aeabi_ldiv0                        
000049c5  __aeabi_llsl                         
000048bd  __aeabi_lmul                         
000052e1  __aeabi_memclr                       
000052e1  __aeabi_memclr4                      
000052e1  __aeabi_memclr8                      
000052f5  __aeabi_memcpy                       
000052f5  __aeabi_memcpy4                      
000052f5  __aeabi_memcpy8                      
00005291  __aeabi_memset                       
00005291  __aeabi_memset4                      
00005291  __aeabi_memset8                      
00004899  __aeabi_ui2d                         
00004791  __aeabi_ui2f                         
00004011  __aeabi_uidiv                        
00004011  __aeabi_uidivmod                     
000051b1  __aeabi_uldivmod                     
000049c5  __ashldi3                            
ffffffff  __binit__                            
00003745  __cmpdf2                             
00003745  __eqdf2                              
00004899  __floatunsidf                        
00004791  __floatunsisf                        
000035f9  __gedf2                              
000035f9  __gtdf2                              
00003745  __ledf2                              
00003745  __ltdf2                              
UNDEFED   __mpu_init                           
000048bd  __muldi3                             
00004235  __muldsi3                            
00003745  __nedf2                              
20207e00  __stack                              
20200000  __start___llvm_prf_bits              
20200000  __start___llvm_prf_cnts              
20200000  __stop___llvm_prf_bits               
20200000  __stop___llvm_prf_cnts               
00002ee1  __udivmoddi4                         
000047b9  _c_int00_noargs                      
20200000  _sys_memory                          
UNDEFED   _system_post_cinit                   
00005321  _system_pre_init                     
000052fd  abort                                
00004051  atoi                                 
ffffffff  binit                                
20201000  gPWM_AUDIOBackup                     
20201198  gSPI_LCDBackup                       
2020115c  gSynthState                          
202010bc  gTIMER_SAMPLEBackup                  
20201298  g_chord_increments                   
202012a4  g_chord_phases                       
202012dc  g_phase                              
202012e0  g_phase_increment                    
202012e4  g_systick_count                      
00000000  interruptVectors                     
00000929  main                                 
000048e1  memccpy                              
00003da1  snprintf                             
00005281  wcslen                               


GLOBAL SYMBOLS: SORTED BY Symbol Address 

address   name                                 
-------   ----                                 
00000000  __TI_ATRegion0_region_sz             
00000000  __TI_ATRegion0_src_addr              
00000000  __TI_ATRegion0_trg_addr              
00000000  __TI_ATRegion1_region_sz             
00000000  __TI_ATRegion1_src_addr              
00000000  __TI_ATRegion1_trg_addr              
00000000  __TI_ATRegion2_region_sz             
00000000  __TI_ATRegion2_src_addr              
00000000  __TI_ATRegion2_trg_addr              
00000000  __TI_static_base__                   
00000000  interruptVectors                     
000000c1  __TI_printfi_nofloat                 
00000200  __STACK_SIZE                         
00000929  main                                 
00001000  __SYSMEM_SIZE                        
000015f9  LCD_Init                             
00001859  SYSCFG_DL_GPIO_init                  
00001d7d  LCD_PrintString                      
000021a1  LCD_DrawRect                         
000022b9  LCD_DrawLine                         
000023cb  __aeabi_idiv0                        
000023cd  DL_Timer_initTimerMode               
000027dd  DL_Timer_initFourCCPWMMode           
000028c9  DL_SYSCTL_configSYSPLL               
000029a9  DL_RTC_Common_initCalendar           
00002a81  SYSCFG_DL_ADC_ACCEL_init             
00002c15  SYSCFG_DL_initPower                  
00002d8d  SYSCFG_DL_SYSCTL_SYSPLL_init         
00002e3d  SYSCFG_DL_SYSCTL_init                
00002ee1  __udivmoddi4                         
00002f83  __aeabi_ldiv0                        
00002f85  LCD_FillScreen                       
00003025  TIMG7_IRQHandler                     
00003155  SYSCFG_DL_ADC_JOY_init               
0000348d  Change_Preset                        
00003509  __TI_decompress_lzss                 
00003585  SYSCFG_DL_PWM_AUDIO_init             
000035f9  __gedf2                              
000035f9  __gtdf2                              
00003745  __cmpdf2                             
00003745  __eqdf2                              
00003745  __ledf2                              
00003745  __ltdf2                              
00003745  __nedf2                              
000037ad  __aeabi_dcmpeq                       
000037c1  __aeabi_dcmplt                       
000037d5  __aeabi_dcmple                       
000037e9  __aeabi_dcmpge                       
000037fd  __aeabi_dcmpgt                       
00003811  ADC1_IRQHandler                      
000038d1  SYSCFG_DL_init                       
0000392d  LCD_PrintNumber                      
00003985  SYSCFG_DL_I2C_0_init                 
000039dd  SYSCFG_DL_I2C_1_init                 
00003a35  __aeabi_idiv                         
00003a35  __aeabi_idivmod                      
00003c21  LCD_DrawPixel                        
00003c71  ADC0_IRQHandler                      
00003cbd  DL_ADC12_setClockConfig              
00003d55  DL_SYSCTL_switchMCLKfromSYSOSCtoHSCLK
00003da1  snprintf                             
00003e39  DL_SPI_init                          
00003e81  DL_DMA_initChannel                   
00003f51  DL_Timer_setCaptureCompareOutCtl     
00003f91  SYSCFG_DL_SPI_LCD_init               
00003fd1  SysTick_Handler                      
00004011  __aeabi_uidiv                        
00004011  __aeabi_uidivmod                     
00004051  atoi                                 
00004091  Change_Instrument                    
000040cd  DL_Timer_setCaptureCompareCtl        
00004181  SYSCFG_DL_DMA_CH1_init               
000041bd  SYSCFG_DL_TIMER_SAMPLE_init          
000041f9  __TI_auto_init_nobinit_nopinit       
00004235  __muldsi3                            
000042dd  DL_I2C_setClockConfig                
00004311  DL_Timer_setCaptCompUpdateMethod     
00004345  DL_Timer_setCaptureCompareAction     
00004379  DL_Timer_setCaptureCompareInput      
000043ad  DL_Timer_setClockConfig              
000043e1  HardFault_Handler                    
00004505  DL_Timer_setCaptureCompareValue      
00004719  DL_SYSCTL_configFCC                  
00004769  SYSCFG_DL_RTC_init                   
00004791  __aeabi_ui2f                         
00004791  __floatunsisf                        
000047b9  _c_int00_noargs                      
00004851  DL_SPI_setClockConfig                
00004899  __aeabi_ui2d                         
00004899  __floatunsidf                        
000048bd  __aeabi_lmul                         
000048bd  __muldi3                             
000048e1  memccpy                              
000049a5  DMA_IRQHandler                       
000049c5  __aeabi_llsl                         
000049c5  __ashldi3                            
00004c4d  SYSCFG_DL_SYSCTL_CLK_init            
00004fd1  SYSCFG_DL_DMA_init                   
0000506f  __TI_zero_init_nomemset              
00005085  DL_Common_delayCycles                
00005189  Trigger_Note_Off                     
0000519d  Trigger_Note_On                      
000051b1  __aeabi_uldivmod                     
000051fb  TI_memcpy_small                      
0000520d  __TI_decompress_none                 
00005271  SYSCFG_DL_SYSTICK_init               
00005281  wcslen                               
00005291  __aeabi_memset                       
00005291  __aeabi_memset4                      
00005291  __aeabi_memset8                      
000052ad  TI_memset_small                      
000052e1  __aeabi_memclr                       
000052e1  __aeabi_memclr4                      
000052e1  __aeabi_memclr8                      
000052ed  __aeabi_errno_addr                   
000052f5  __aeabi_memcpy                       
000052f5  __aeabi_memcpy4                      
000052f5  __aeabi_memcpy8                      
000052fd  abort                                
00005303  AES_IRQHandler                       
00005303  CANFD0_IRQHandler                    
00005303  DAC0_IRQHandler                      
00005303  Default_Handler                      
00005303  GROUP0_IRQHandler                    
00005303  GROUP1_IRQHandler                    
00005303  I2C0_IRQHandler                      
00005303  I2C1_IRQHandler                      
00005303  NMI_Handler                          
00005303  PendSV_Handler                       
00005303  RTC_IRQHandler                       
00005303  SPI0_IRQHandler                      
00005303  SPI1_IRQHandler                      
00005303  SVC_Handler                          
00005303  TIMA0_IRQHandler                     
00005303  TIMA1_IRQHandler                     
00005303  TIMG0_IRQHandler                     
00005303  TIMG12_IRQHandler                    
00005303  TIMG6_IRQHandler                     
00005303  TIMG8_IRQHandler                     
00005303  UART0_IRQHandler                     
00005303  UART1_IRQHandler                     
00005303  UART2_IRQHandler                     
00005303  UART3_IRQHandler                     
00005306  C$$EXIT                              
00005307  HOSTexit                             
0000530b  Reset_Handler                        
00005321  _system_pre_init                     
00005760  __aeabi_ctype_table_                 
00005760  __aeabi_ctype_table_C                
00005bd8  __TI_Handler_Table_Base              
00005be4  __TI_Handler_Table_Limit             
00005bec  __TI_CINIT_Base                      
00005bfc  __TI_CINIT_Limit                     
00005bfc  __TI_CINIT_Warm                      
20200000  __start___llvm_prf_bits              
20200000  __start___llvm_prf_cnts              
20200000  __stop___llvm_prf_bits               
20200000  __stop___llvm_prf_cnts               
20200000  _sys_memory                          
20201000  gPWM_AUDIOBackup                     
202010bc  gTIMER_SAMPLEBackup                  
2020115c  gSynthState                          
20201198  gSPI_LCDBackup                       
20201298  g_chord_increments                   
202012a4  g_chord_phases                       
202012c8  DEBUG_main_loop_count                
202012cc  DEBUG_timer_irq_count                
202012d0  __aeabi_errno                        
202012dc  g_phase                              
202012e0  g_phase_increment                    
202012e4  g_systick_count                      
20207e00  __stack                              
20208000  __STACK_END                          
ffffffff  __TI_pprof_out_hndl                  
ffffffff  __TI_prof_data_size                  
ffffffff  __TI_prof_data_start                 
ffffffff  __binit__                            
ffffffff  binit                                
UNDEFED   __mpu_init                           
UNDEFED   _system_post_cinit                   

[180 symbols]
