******************************************************************************
            TI ARM Clang Linker PC v4.0.4                      
******************************************************************************
>> Linked Fri Dec 26 06:19:05 2025

OUTPUT FILE NAME:   <Motion_Music_studio.out>
ENTRY POINT SYMBOL: "_c_int00_noargs"  address: 00004305


MEMORY CONFIGURATION

         name            origin    length      used     unused   attr    fill
----------------------  --------  ---------  --------  --------  ----  --------
  FLASH                 00000000   00020000  00005540  0001aac0  R  X
  SRAM                  20200000   00008000  000014a8  00006b58  RW X
  BCR_CONFIG            41c00000   000000ff  00000000  000000ff  R   
  BSL_CONFIG            41c00100   00000080  00000000  00000080  R   


SEGMENT ALLOCATION MAP

run origin  load origin   length   init length attrs members
----------  ----------- ---------- ----------- ----- -------
00000000    00000000    00004d58   00004d58    r-x
  00000000    00000000    000000c0   000000c0    r-- .intvecs
  000000c0    000000c0    00004c98   00004c98    r-x .text
00004d60    00004d60    000007e8   000007e8    r--
  00004d60    00004d60    000007b0   000007b0    r-- .rodata
  00005510    00005510    00000038   00000038    r-- .cinit
20200000    20200000    000012a8   00000000    rw-
  20200000    20200000    00001000   00000000    rw- .sysmem
  20201000    20201000    000001c0   00000000    rw- .bss
  202011c0    202011c0    000000e8   00000000    rw- .data
20207e00    20207e00    00000200   00000000    rw-
  20207e00    20207e00    00000200   00000000    rw- .stack


SECTION ALLOCATION MAP

 output                                  attributes/
section   page    origin      length       input sections
--------  ----  ----------  ----------   ----------------
.intvecs   0    00000000    000000c0     
                  00000000    000000c0     startup_mspm0g350x_ticlang.o (.intvecs)

.text      0    000000c0    00004c98     
                  000000c0    00000868     libc.a : _printfi.c.obj (.text:__TI_printfi_nofloat)
                  00000928    00000304     main.o (.text.Generate_Audio_Sample)
                  00000c2c    000002e4     main.o (.text.Display_Update)
                  00000f10    00000270     main.o (.text.Update_Phase_Increment)
                  00001180    00000260     lcd_driver.o (.text.LCD_Init)
                  000013e0    00000254     main.o (.text.main)
                  00001634    000001c0     main.o (.text.Process_Buttons)
                  000017f4    000001b0     ti_msp_dl_config.o (.text.SYSCFG_DL_GPIO_init)
                  000019a4    000001a8     main.o (.text.Process_Envelope)
                  00001b4c    00000192     libclang_rt.builtins.a : adddf3.S.obj (.text.adddf3_subdf3)
                  00001cde    00000002                            : aeabi_div0.c.obj (.text.__aeabi_idiv0)
                  00001ce0    00000180     lcd_driver.o (.text.LCD_PrintString)
                  00001e60    00000144     main.o (.text.Display_Waveform)
                  00001fa4    00000118     lcd_driver.o (.text.LCD_DrawRect)
                  000020bc    00000112     lcd_driver.o (.text.LCD_DrawLine)
                  000021ce    00000002     libclang_rt.builtins.a : aeabi_div0.c.obj (.text.__aeabi_ldiv0)
                  000021d0    00000110     dl_timer.o (.text.DL_Timer_initTimerMode)
                  000022e0    00000110     dl_timer.o (.text.DL_Timer_initTwoCCPWMMode)
                  000023f0    0000010c     libclang_rt.builtins.a : divdf3.S.obj (.text.__divdf3)
                  000024fc    000000f8     main.o (.text.Generate_Chord_Sample)
                  000025f4    000000ec     dl_timer.o (.text.DL_Timer_initFourCCPWMMode)
                  000026e0    000000ec     main.o (.text.Process_Arpeggiator)
                  000027cc    000000e4     libclang_rt.builtins.a : muldf3.S.obj (.text.__muldf3)
                  000028b0    000000e0     dl_sysctl_mspm0g1x0x_g3x0x.o (.text.DL_SYSCTL_configSYSPLL)
                  00002990    000000dc     main.o (.text.Generate_Waveform)
                  00002a6c    000000d8     dl_rtc_common.o (.text.DL_RTC_Common_initCalendar)
                  00002b44    000000d8     main.o (.text.Process_Joystick)
                  00002c1c    000000c4     ti_msp_dl_config.o (.text.SYSCFG_DL_ADC_ACCEL_init)
                  00002ce0    000000c0     ti_msp_dl_config.o (.text.SYSCFG_DL_initPower)
                  00002da0    000000b0     main.o (.text.Process_Pitch_Bend)
                  00002e50    000000b0     ti_msp_dl_config.o (.text.SYSCFG_DL_SYSCTL_SYSPLL_init)
                  00002f00    000000a4     ti_msp_dl_config.o (.text.SYSCFG_DL_SYSCTL_init)
                  00002fa4    000000a2     libclang_rt.builtins.a : udivmoddi4.S.obj (.text)
                  00003046    00000002     --HOLE-- [fill = 0]
                  00003048    000000a0     lcd_driver.o (.text.LCD_FillScreen)
                  000030e8    0000008c     ti_msp_dl_config.o (.text.SYSCFG_DL_ADC_JOY_init)
                  00003174    00000084     ti_msp_dl_config.o (.text.__NVIC_SetPriority)
                  000031f8    0000007c     main.o (.text.Change_Preset)
                  00003274    0000007c     libc.a : copy_decompress_lzss.c.obj (.text:decompress:lzss)
                  000032f0    00000074     ti_msp_dl_config.o (.text.SYSCFG_DL_PWM_AUDIO_init)
                  00003364    00000074     libclang_rt.builtins.a : comparedf2.c.obj (.text.__gedf2)
                  000033d8    0000006c     lcd_driver.o (.text.LCD_SetWindow)
                  00003444    0000006c     main.o (.text.TIMG7_IRQHandler)
                  000034b0    00000068     libclang_rt.builtins.a : comparedf2.c.obj (.text.__ledf2)
                  00003518    00000062                            : aeabi_dcmp.S.obj (.text.__aeabi_dcmp)
                  0000357a    00000002     --HOLE-- [fill = 0]
                  0000357c    00000060     main.o (.text.ADC1_IRQHandler)
                  000035dc    00000060     ti_msp_dl_config.o (.text.DL_ADC12_initSeqSample)
                  0000363c    00000058     lcd_driver.o (.text.LCD_PrintNumber)
                  00003694    00000058     ti_msp_dl_config.o (.text.SYSCFG_DL_I2C_0_init)
                  000036ec    00000058     ti_msp_dl_config.o (.text.SYSCFG_DL_I2C_1_init)
                  00003744    00000056     libclang_rt.builtins.a : aeabi_idivmod.S.obj (.text.__aeabi_idivmod)
                  0000379a    00000002     --HOLE-- [fill = 0]
                  0000379c    00000054     ti_msp_dl_config.o (.text.SYSCFG_DL_TIMER_SAMPLE_init)
                  000037f0    00000054     ti_msp_dl_config.o (.text.SYSCFG_DL_init)
                  00003844    00000050     main.o (.text.ADC0_IRQHandler)
                  00003894    00000050     ti_msp_dl_config.o (.text.DL_GPIO_initPeripheralInputFunctionFeatures)
                  000038e4    00000050     lcd_driver.o (.text.LCD_WriteCommand)
                  00003934    00000050     lcd_driver.o (.text.LCD_WriteData)
                  00003984    0000004e     lcd_driver.o (.text.LCD_DrawPixel)
                  000039d2    00000002     --HOLE-- [fill = 0]
                  000039d4    0000004c     dl_adc12.o (.text.DL_ADC12_setClockConfig)
                  00003a20    0000004c     ti_msp_dl_config.o (.text.DL_GPIO_initDigitalInputFeatures)
                  00003a6c    0000004c     dl_sysctl_mspm0g1x0x_g3x0x.o (.text.DL_SYSCTL_switchMCLKfromSYSOSCtoHSCLK)
                  00003ab8    0000004c     libc.a : snprintf.c.obj (.text.snprintf)
                  00003b04    0000004a     ti_msp_dl_config.o (.text.DL_ADC12_configConversionMem)
                  00003b4e    00000002     --HOLE-- [fill = 0]
                  00003b50    00000048     main.o (.text.Change_Instrument)
                  00003b98    00000048     dl_spi.o (.text.DL_SPI_init)
                  00003be0    00000042     libclang_rt.builtins.a : fixunsdfsi.S.obj (.text.__fixunsdfsi)
                  00003c22    00000002     --HOLE-- [fill = 0]
                  00003c24    00000040     dl_timer.o (.text.DL_Timer_setCaptureCompareOutCtl)
                  00003c64    00000040     ti_msp_dl_config.o (.text.SYSCFG_DL_SPI_LCD_init)
                  00003ca4    00000040     libclang_rt.builtins.a : aeabi_uidivmod.S.obj (.text.__aeabi_uidivmod)
                  00003ce4    00000040     libc.a : atoi.c.obj (.text.atoi)
                  00003d24    0000003c     dl_timer.o (.text.DL_Timer_setCaptureCompareCtl)
                  00003d60    0000003c     dl_timer.o (.text.DL_Timer_setCounterControl)
                  00003d9c    0000003c     ti_msp_dl_config.o (.text.DL_Timer_setCounterControl)
                  00003dd8    0000003c     libc.a : autoinit.c.obj (.text:__TI_auto_init_nobinit_nopinit)
                  00003e14    0000003a     libclang_rt.builtins.a : muldsi3.S.obj (.text.__muldsi3)
                  00003e4e    00000002     --HOLE-- [fill = 0]
                  00003e50    00000038     ti_msp_dl_config.o (.text.DL_Timer_setPublisherChanID)
                  00003e88    00000034     dl_i2c.o (.text.DL_I2C_setClockConfig)
                  00003ebc    00000034     dl_timer.o (.text.DL_Timer_setCaptCompUpdateMethod)
                  00003ef0    00000034     dl_timer.o (.text.DL_Timer_setCaptureCompareAction)
                  00003f24    00000034     dl_timer.o (.text.DL_Timer_setCaptureCompareInput)
                  00003f58    00000034     dl_timer.o (.text.DL_Timer_setClockConfig)
                  00003f8c    00000034     main.o (.text.HardFault_Handler)
                  00003fc0    00000030     main.o (.text.DL_ADC12_getMemResult)
                  00003ff0    00000030     ti_msp_dl_config.o (.text.DL_SPI_setFIFOThreshold)
                  00004020    00000030     libc.a : snprintf.c.obj (.text._outs)
                  00004050    0000002c     dl_timer.o (.text.DL_Timer_setCaptureCompareValue)
                  0000407c    0000002c     main.o (.text.__NVIC_EnableIRQ)
                  000040a8    0000002c     libclang_rt.builtins.a : floatsidf.S.obj (.text.__floatsidf)
                  000040d4    00000028     dl_adc12.o (.text.DL_Common_updateReg)
                  000040fc    00000028     dl_i2c.o (.text.DL_Common_updateReg)
                  00004124    00000028     dl_rtc_common.o (.text.DL_Common_updateReg)
                  0000414c    00000028     dl_spi.o (.text.DL_Common_updateReg)
                  00004174    00000028     dl_sysctl_mspm0g1x0x_g3x0x.o (.text.DL_Common_updateReg)
                  0000419c    00000028     dl_timer.o (.text.DL_Common_updateReg)
                  000041c4    00000028     ti_msp_dl_config.o (.text.DL_Common_updateReg)
                  000041ec    00000028     ti_msp_dl_config.o (.text.DL_I2C_setControllerRXFIFOThreshold)
                  00004214    00000028     ti_msp_dl_config.o (.text.DL_I2C_setControllerTXFIFOThreshold)
                  0000423c    00000028     dl_sysctl_mspm0g1x0x_g3x0x.o (.text.DL_SYSCTL_configFCC)
                  00004264    00000028     ti_msp_dl_config.o (.text.DL_SYSCTL_setPowerPolicySTANDBY0)
                  0000428c    00000028     ti_msp_dl_config.o (.text.DL_Timer_enableEvent)
                  000042b4    00000028     ti_msp_dl_config.o (.text.SYSCFG_DL_RTC_init)
                  000042dc    00000028     libclang_rt.builtins.a : floatunsisf.S.obj (.text.__floatunsisf)
                  00004304    00000028     libc.a : boot_cortex_m.c.obj (.text:_c_int00_noargs)
                  0000432c    00000026     ti_msp_dl_config.o (.text.DL_I2C_setAnalogGlitchFilterPulseWidth)
                  00004352    00000002     --HOLE-- [fill = 0]
                  00004354    00000024     ti_msp_dl_config.o (.text.DL_SPI_setBitRateSerialClockDivider)
                  00004378    00000024     dl_spi.o (.text.DL_SPI_setClockConfig)
                  0000439c    00000024     libclang_rt.builtins.a : floatunsidf.S.obj (.text.__floatunsidf)
                  000043c0    00000024                            : muldi3.S.obj (.text.__muldi3)
                  000043e4    00000022     libc.a : memccpy.c.obj (.text.memccpy)
                  00004406    00000002     --HOLE-- [fill = 0]
                  00004408    00000020     dl_sysctl_mspm0g1x0x_g3x0x.o (.text.DL_CORE_configInstruction)
                  00004428    00000020     dl_rtc_common.o (.text.DL_RTC_Common_setCalendarYearBinary)
                  00004448    00000020     ti_msp_dl_config.o (.text.DL_SYSCTL_setFlashWaitState)
                  00004468    00000020     ti_msp_dl_config.o (.text.DL_SYSCTL_setMFPCLKSource)
                  00004488    00000020     dl_timer.o (.text.DL_Timer_setCounterValueAfterEnable)
                  000044a8    0000001e     libclang_rt.builtins.a : ashldi3.S.obj (.text.__ashldi3)
                  000044c6    00000002     --HOLE-- [fill = 0]
                  000044c8    0000001c     ti_msp_dl_config.o (.text.DL_ADC12_clearInterruptStatus)
                  000044e4    0000001c     ti_msp_dl_config.o (.text.DL_ADC12_enableInterrupt)
                  00004500    0000001c     main.o (.text.DL_ADC12_startConversion)
                  0000451c    0000001c     ti_msp_dl_config.o (.text.DL_GPIO_enableHiZ)
                  00004538    0000001c     ti_msp_dl_config.o (.text.DL_GPIO_initPeripheralOutputFunction)
                  00004554    0000001c     dl_rtc_common.o (.text.DL_RTC_Common_setCalendarMinutesBCD)
                  00004570    0000001c     dl_rtc_common.o (.text.DL_RTC_Common_setCalendarMinutesBinary)
                  0000458c    0000001c     dl_rtc_common.o (.text.DL_RTC_Common_setCalendarMonthBCD)
                  000045a8    0000001c     dl_rtc_common.o (.text.DL_RTC_Common_setCalendarMonthBinary)
                  000045c4    0000001c     dl_rtc_common.o (.text.DL_RTC_Common_setCalendarSecondsBCD)
                  000045e0    0000001c     dl_rtc_common.o (.text.DL_RTC_Common_setCalendarSecondsBinary)
                  000045fc    0000001c     dl_rtc_common.o (.text.DL_RTC_Common_setCalendarYearBCD)
                  00004618    0000001c     dl_rtc_common.o (.text.DL_RTC_Common_setClockFormat)
                  00004634    0000001c     ti_msp_dl_config.o (.text.DL_SYSCTL_setFCCPeriods)
                  00004650    0000001c     ti_msp_dl_config.o (.text.DL_SYSCTL_setMCLKDivider)
                  0000466c    0000001c     ti_msp_dl_config.o (.text.DL_SYSCTL_setSYSOSCFreq)
                  00004688    0000001c     ti_msp_dl_config.o (.text.DL_SYSCTL_setULPCLKDivider)
                  000046a4    0000001c     ti_msp_dl_config.o (.text.DL_SYSCTL_setVBOOSTConfig)
                  000046c0    0000001c     ti_msp_dl_config.o (.text.DL_Timer_enableInterrupt)
                  000046dc    0000001c     ti_msp_dl_config.o (.text.SYSCFG_DL_SYSCTL_CLK_init)
                  000046f8    0000001a     ti_msp_dl_config.o (.text.DL_ADC12_setSubscriberChanID)
                  00004712    0000001a     dl_rtc_common.o (.text.DL_RTC_Common_setCalendarHoursBCD)
                  0000472c    0000001a     dl_rtc_common.o (.text.DL_RTC_Common_setCalendarHoursBinary)
                  00004746    00000002     --HOLE-- [fill = 0]
                  00004748    00000018     ti_msp_dl_config.o (.text.DL_ADC12_enablePower)
                  00004760    00000018     ti_msp_dl_config.o (.text.DL_ADC12_reset)
                  00004778    00000018     ti_msp_dl_config.o (.text.DL_ADC12_setSampleTime0)
                  00004790    00000018     ti_msp_dl_config.o (.text.DL_GPIO_enableOutput)
                  000047a8    00000018     ti_msp_dl_config.o (.text.DL_GPIO_enablePower)
                  000047c0    00000018     ti_msp_dl_config.o (.text.DL_GPIO_initDigitalOutput)
                  000047d8    00000018     ti_msp_dl_config.o (.text.DL_GPIO_reset)
                  000047f0    00000018     ti_msp_dl_config.o (.text.DL_GPIO_setAnalogInternalResistor)
                  00004808    00000018     lcd_driver.o (.text.DL_GPIO_setPins)
                  00004820    00000018     main.o (.text.DL_GPIO_setPins)
                  00004838    00000018     ti_msp_dl_config.o (.text.DL_GPIO_setPins)
                  00004850    00000018     main.o (.text.DL_GPIO_togglePins)
                  00004868    00000018     ti_msp_dl_config.o (.text.DL_I2C_enableAnalogGlitchFilter)
                  00004880    00000018     ti_msp_dl_config.o (.text.DL_I2C_enableController)
                  00004898    00000018     ti_msp_dl_config.o (.text.DL_I2C_enableControllerClockStretching)
                  000048b0    00000018     ti_msp_dl_config.o (.text.DL_I2C_enablePower)
                  000048c8    00000018     ti_msp_dl_config.o (.text.DL_I2C_reset)
                  000048e0    00000018     ti_msp_dl_config.o (.text.DL_I2C_setTimerPeriod)
                  000048f8    00000018     ti_msp_dl_config.o (.text.DL_RTC_Common_enablePower)
                  00004910    00000018     ti_msp_dl_config.o (.text.DL_RTC_Common_reset)
                  00004928    00000018     ti_msp_dl_config.o (.text.DL_SPI_enable)
                  00004940    00000018     ti_msp_dl_config.o (.text.DL_SPI_enablePower)
                  00004958    00000018     lcd_driver.o (.text.DL_SPI_isBusy)
                  00004970    00000018     ti_msp_dl_config.o (.text.DL_SPI_reset)
                  00004988    00000018     ti_msp_dl_config.o (.text.DL_SYSCTL_enableInterrupt)
                  000049a0    00000018     ti_msp_dl_config.o (.text.DL_SYSCTL_setBORThreshold)
                  000049b8    00000018     dl_sysctl_mspm0g1x0x_g3x0x.o (.text.DL_SYSCTL_setHSCLKSource)
                  000049d0    00000018     ti_msp_dl_config.o (.text.DL_Timer_enablePower)
                  000049e8    00000018     ti_msp_dl_config.o (.text.DL_Timer_reset)
                  00004a00    00000018     dl_timer.o (.text.DL_Timer_setLoadValue)
                  00004a18    00000018     main.o (.text.DL_Timer_startCounter)
                  00004a30    00000018     libc.a : snprintf.c.obj (.text._outc)
                  00004a48    00000016     main.o (.text.DL_ADC12_enableConversions)
                  00004a5e    00000016     ti_msp_dl_config.o (.text.DL_ADC12_enableConversions)
                  00004a74    00000016     ti_msp_dl_config.o (.text.DL_GPIO_enableGlobalFastWake)
                  00004a8a    00000016     main.o (.text.DL_GPIO_readPins)
                  00004aa0    00000016     lcd_driver.o (.text.DL_SPI_transmitData8)
                  00004ab6    00000016     libc.a : copy_zero_init.c.obj (.text:decompress:ZI:__TI_zero_init_nomemset)
                  00004acc    00000014     dl_common.o (.text.DL_Common_delayCycles)
                  00004ae0    00000014     ti_msp_dl_config.o (.text.DL_FlashCTL_enableInterrupt)
                  00004af4    00000014     lcd_driver.o (.text.DL_GPIO_clearPins)
                  00004b08    00000014     main.o (.text.DL_GPIO_clearPins)
                  00004b1c    00000014     ti_msp_dl_config.o (.text.DL_GPIO_clearPins)
                  00004b30    00000014     ti_msp_dl_config.o (.text.DL_I2C_resetControllerTransfer)
                  00004b44    00000014     dl_sysctl_mspm0g1x0x_g3x0x.o (.text.DL_SYSCTL_disableSYSPLL)
                  00004b58    00000014     ti_msp_dl_config.o (.text.DL_SYSCTL_disableSYSPLL)
                  00004b6c    00000014     ti_msp_dl_config.o (.text.DL_SYSCTL_enableMFCLK)
                  00004b80    00000014     dl_sysctl_mspm0g1x0x_g3x0x.o (.text.DL_SYSCTL_enableSYSPLL)
                  00004b94    00000014     ti_msp_dl_config.o (.text.DL_SYSCTL_enableSYSPLL)
                  00004ba8    00000014     ti_msp_dl_config.o (.text.DL_Timer_enableClock)
                  00004bbc    00000014     ti_msp_dl_config.o (.text.DL_Timer_setCCPDirection)
                  00004bd0    00000014     main.o (.text.Trigger_Note_Off)
                  00004be4    00000014     main.o (.text.Trigger_Note_On)
                  00004bf8    00000014     libclang_rt.builtins.a : aeabi_uldivmod.S.obj (.text.__aeabi_uldivmod)
                  00004c0c    00000012     main.o (.text.DL_ADC12_getPendingInterrupt)
                  00004c1e    00000012     main.o (.text.DL_Timer_getPendingInterrupt)
                  00004c30    00000012     libc.a : memcpy16.S.obj (.text:TI_memcpy_small)
                  00004c42    00000012            : copy_decompress_none.c.obj (.text:decompress:none)
                  00004c54    00000010     dl_sysctl_mspm0g1x0x_g3x0x.o (.text.DL_CORE_getInstructionConfig)
                  00004c64    00000010     ti_msp_dl_config.o (.text.DL_SYSCTL_disableHFXT)
                  00004c74    00000010     ti_msp_dl_config.o (.text.DL_SYSCTL_enableMFPCLK)
                  00004c84    00000010     ti_msp_dl_config.o (.text.DL_SYSCTL_isFCCDone)
                  00004c94    00000010     ti_msp_dl_config.o (.text.DL_SYSCTL_startFCC)
                  00004ca4    00000010     main.o (.text.Quantize_Semitones)
                  00004cb4    00000010     libc.a : wcslen.c.obj (.text.wcslen)
                  00004cc4    0000000e     libclang_rt.builtins.a : aeabi_memset.S.obj (.text.__aeabi_memset)
                  00004cd2    0000000e     libc.a : _printfi.c.obj (.text.strlen)
                  00004ce0    0000000e            : memset16.S.obj (.text:TI_memset_small)
                  00004cee    00000002     --HOLE-- [fill = 0]
                  00004cf0    0000000c     dl_sysctl_mspm0g1x0x_g3x0x.o (.text.DL_SYSCTL_getClockStatus)
                  00004cfc    0000000c     ti_msp_dl_config.o (.text.DL_SYSCTL_getClockStatus)
                  00004d08    0000000c     ti_msp_dl_config.o (.text.DL_SYSCTL_readFCC)
                  00004d14    0000000c     libclang_rt.builtins.a : aeabi_memset.S.obj (.text.__aeabi_memclr)
                  00004d20    00000008     libc.a : aeabi_portable.c.obj (.text.__aeabi_errno_addr)
                  00004d28    00000008     libclang_rt.builtins.a : aeabi_memcpy.S.obj (.text.__aeabi_memcpy)
                  00004d30    00000006     libc.a : exit.c.obj (.text:abort)
                  00004d36    00000004     startup_mspm0g350x_ticlang.o (.text.Default_Handler)
                  00004d3a    00000004     libsysbm.a : hostexit.c.obj (.text.HOSTexit)
                  00004d3e    00000004     startup_mspm0g350x_ticlang.o (.text.Reset_Handler)
                  00004d42    00000002     --HOLE-- [fill = 0]
                  00004d44    00000010     libc.a : boot_cortex_m.c.obj (.tramp._c_int00_noargs.1)
                  00004d54    00000004            : pre_init.c.obj (.text._system_pre_init)

.cinit     0    00005510    00000038     
                  00005510    00000014     (.cinit..data.load) [load image, compression = lzss]
                  00005524    0000000c     (__TI_handler_table)
                  00005530    00000008     (.cinit..bss.load) [load image, compression = zero_init]
                  00005538    00000010     (__TI_cinit_table)

.rodata    0    00004d60    000007b0     
                  00004d60    00000222     lcd_driver.o (.rodata.font_6x8)
                  00004f82    00000200     main.o (.rodata.sine_table)
                  00005182    00000002     ti_msp_dl_config.o (.rodata.gI2C_0ClockConfig)
                  00005184    0000000c     main.o (.rodata..L__const.Display_Update.chord_names)
                  00005190    00000101     libc.a : aeabi_ctype.S.obj (.rodata:__aeabi_ctype_table_)
                  00005291    00000003     ti_msp_dl_config.o (.rodata.gPWM_AUDIOClockConfig)
                  00005294    00000064     main.o (.rodata.INSTRUMENTS)
                  000052f8    00000064     main.o (.rodata.PITCH_BEND_TABLE)
                  0000535c    00000028     ti_msp_dl_config.o (.rodata.gSYSPLLConfig)
                  00005384    00000022     ti_msp_dl_config.o (.rodata..L__const.SYSCFG_DL_GPIO_init.unusedPinIndexes)
                  000053a6    00000002     ti_msp_dl_config.o (.rodata.gI2C_1ClockConfig)
                  000053a8    00000018     main.o (.rodata.PRESETS)
                  000053c0    00000014     main.o (.rodata..L__const.Display_Update.arp_names)
                  000053d4    00000014     main.o (.rodata..L__const.Display_Update.env_names)
                  000053e8    00000014     ti_msp_dl_config.o (.rodata.gTIMER_SAMPLETimerConfig)
                  000053fc    00000011     libc.a : _printfi.c.obj (.rodata.str1.10348868589481759720.1)
                  0000540d    00000011            : _printfi.c.obj (.rodata.str1.15363888844622738466.1)
                  0000541e    0000000c     main.o (.rodata.str1.15159059442110792349.1)
                  0000542a    0000000c     main.o (.rodata.str1.17100691992556644108.1)
                  00005436    0000000a     ti_msp_dl_config.o (.rodata.gSPI_LCD_config)
                  00005440    0000000a     main.o (.rodata.str1.8154729771448623357.1)
                  0000544a    00000009     main.o (.rodata.CHORD_INTERVALS)
                  00005453    00000009     main.o (.rodata.str1.14402440632258215044.1)
                  0000545c    00000009     main.o (.rodata.str1.18227636981041470289.1)
                  00005465    00000003     ti_msp_dl_config.o (.rodata.gTIMER_SAMPLEClockConfig)
                  00005468    00000008     ti_msp_dl_config.o (.rodata.gADC_ACCELClockConfig)
                  00005470    00000008     ti_msp_dl_config.o (.rodata.gADC_JOYClockConfig)
                  00005478    00000008     ti_msp_dl_config.o (.rodata.gPWM_AUDIOConfig)
                  00005480    00000008     ti_msp_dl_config.o (.rodata.gRTCCalendarConfig)
                  00005488    00000008     main.o (.rodata.str1.15996357275703397564.1)
                  00005490    00000008     main.o (.rodata.str1.16265332423659789559.1)
                  00005498    00000008     main.o (.rodata.str1.16302215771116645891.1)
                  000054a0    00000008     main.o (.rodata.str1.288608917962107522.1)
                  000054a8    00000008     main.o (.rodata.str1.7996925722583989644.1)
                  000054b0    00000006     main.o (.rodata.str1.12180500075719773345.1)
                  000054b6    00000006     main.o (.rodata.str1.2846389346932560359.1)
                  000054bc    00000005     main.o (.rodata.str1.11702106008850790973.1)
                  000054c1    00000005     main.o (.rodata.str1.14112174005742061988.1)
                  000054c6    00000005     main.o (.rodata.str1.7702501944640899365.1)
                  000054cb    00000004     main.o (.rodata.str1.10313062130652730376.1)
                  000054cf    00000004     main.o (.rodata.str1.10635229749459437609.1)
                  000054d3    00000004     main.o (.rodata.str1.1311392489248731986.1)
                  000054d7    00000004     main.o (.rodata.str1.13288086030101331538.1)
                  000054db    00000004     main.o (.rodata.str1.2763581881760962609.1)
                  000054df    00000004     main.o (.rodata.str1.3530083166107438000.1)
                  000054e3    00000004     lcd_driver.o (.rodata.str1.4301156551425074819.1)
                  000054e7    00000004     main.o (.rodata.str1.6891813955777630061.1)
                  000054eb    00000004     main.o (.rodata.str1.7784929982665794503.1)
                  000054ef    00000004     main.o (.rodata.str1.8076846746581808073.1)
                  000054f3    00000004     main.o (.rodata.str1.8108965883388295311.1)
                  000054f7    00000004     main.o (.rodata.str1.9059077390166914652.1)
                  000054fb    00000003     main.o (.rodata.str1.11870794119293528247.1)
                  000054fe    00000003     main.o (.rodata.str1.13782249893155712474.1)
                  00005501    00000003     main.o (.rodata.str1.16631870348416990953.1)
                  00005504    00000003     main.o (.rodata.str1.17376258722486336754.1)
                  00005507    00000003     main.o (.rodata.str1.2123964117280943167.1)
                  0000550a    00000002     ti_msp_dl_config.o (.rodata.gSPI_LCD_clockConfig)
                  0000550c    00000001     main.o (.rodata.str1.14079361385603432444.1)
                  0000550d    00000003     --HOLE-- [fill = 0]

.init_array 
*          0    00000000    00000000     UNINITIALIZED

.binit     0    00000000    00000000     

.sysmem    0    20200000    00001000     UNINITIALIZED
                  20200000    00000010     libc.a : memory.c.obj (.sysmem)
                  20200010    00000ff0     --HOLE--

.bss       0    20201000    000001c0     UNINITIALIZED
                  20201000    000000bc     ti_msp_dl_config.o (.bss.gPWM_AUDIOBackup)
                  202010bc    000000a0     ti_msp_dl_config.o (.bss.gTIMER_SAMPLEBackup)
                  2020115c    0000003c     main.o (.bss.gSynthState)
                  20201198    00000028     ti_msp_dl_config.o (.bss.gSPI_LCDBackup)

.data      0    202011c0    000000e8     UNINITIALIZED
                  202011c0    00000080     main.o (.data.waveform_buffer)
                  20201240    00000014     main.o (.data.arpeggiator)
                  20201254    0000000c     main.o (.data.chord_increments)
                  20201260    0000000c     main.o (.data.chord_phases)
                  2020126c    0000000c     main.o (.data.envelope)
                  20201278    00000004     main.o (.data.Process_Buttons.joy_hold_counter)
                  2020127c    00000004     main.o (.data.Process_Buttons.joy_prev)
                  20201280    00000004     main.o (.data.Process_Buttons.s1_hold_counter)
                  20201284    00000004     main.o (.data.Process_Buttons.s1_prev)
                  20201288    00000004     main.o (.data.Process_Buttons.s2_prev)
                  2020128c    00000004     libc.a : aeabi_portable.c.obj (.data.__aeabi_errno)
                  20201290    00000004     main.o (.data.base_frequency_hz)
                  20201294    00000004     main.o (.data.phase)
                  20201298    00000004     main.o (.data.phase_increment)
                  2020129c    00000002     main.o (.data.tremolo_phase)
                  2020129e    00000002     main.o (.data.vibrato_phase)
                  202012a0    00000001     main.o (.data.Generate_Audio_Sample.waveform_decimate_counter)
                  202012a1    00000001     main.o (.data.Process_Pitch_Bend.prev_semitones)
                  202012a2    00000001     main.o (.data.chord_mode)
                  202012a3    00000001     main.o (.data.current_instrument)
                  202012a4    00000001     main.o (.data.current_preset)
                  202012a5    00000001     main.o (.data.effects_enabled)
                  202012a6    00000001     main.o (.data.pitch_bend_semitones)
                  202012a7    00000001     main.o (.data.waveform_write_index)

.stack     0    20207e00    00000200     UNINITIALIZED
                  20207e00    00000004     libc.a : boot_cortex_m.c.obj (.stack)
                  20207e04    000001fc     --HOLE--

__llvm_prf_cnts 
*          0    20200000    00000000     UNINITIALIZED

__llvm_prf_bits 
*          0    20200000    00000000     UNINITIALIZED

MODULE SUMMARY

       Module                         code    ro data   rw data
       ------                         ----    -------   -------
    .\
       main.o                         5904    976       288    
       lcd_driver.o                   2230    550       0      
       startup_mspm0g350x_ticlang.o   8       192       0      
    +--+------------------------------+-------+---------+---------+
       Total:                         8142    1718      288    
                                                               
    .\syscfg\
       ti_msp_dl_config.o             4026    148       388    
    +--+------------------------------+-------+---------+---------+
       Total:                         4026    148       388    
                                                               
    .\ti\driverlib\
       dl_timer.o                     1312    0         0      
       dl_rtc_common.o                564     0         0      
       dl_spi.o                       148     0         0      
       dl_adc12.o                     116     0         0      
       dl_i2c.o                       92      0         0      
       dl_common.o                    20      0         0      
    +--+------------------------------+-------+---------+---------+
       Total:                         2252    0         0      
                                                               
    .\ti\driverlib\m0p\sysctl\
       dl_sysctl_mspm0g1x0x_g3x0x.o   504     0         0      
    +--+------------------------------+-------+---------+---------+
       Total:                         504     0         0      
                                                               
    C:\ti\ccs2040\ccs\tools\compiler\ti-cgt-armllvm_4.0.4.LTS\lib\armv6m-ti-none-eabi/c/libc.a
       _printfi.c.obj                 2166    34        0      
       aeabi_ctype.S.obj              0       257       0      
       snprintf.c.obj                 148     0         0      
       copy_decompress_lzss.c.obj     124     0         0      
       atoi.c.obj                     64      0         0      
       autoinit.c.obj                 60      0         0      
       boot_cortex_m.c.obj            56      0         0      
       memccpy.c.obj                  34      0         0      
       copy_zero_init.c.obj           22      0         0      
       copy_decompress_none.c.obj     18      0         0      
       memcpy16.S.obj                 18      0         0      
       wcslen.c.obj                   16      0         0      
       memset16.S.obj                 14      0         0      
       aeabi_portable.c.obj           8       0         4      
       exit.c.obj                     6       0         0      
       pre_init.c.obj                 4       0         0      
    +--+------------------------------+-------+---------+---------+
       Total:                         2758    291       4      
                                                               
    C:\ti\ccs2040\ccs\tools\compiler\ti-cgt-armllvm_4.0.4.LTS\lib\armv6m-ti-none-eabi/c/libsysbm.a
       hostexit.c.obj                 4       0         0      
    +--+------------------------------+-------+---------+---------+
       Total:                         4       0         0      
                                                               
    C:\ti\ccs2040\ccs\tools\compiler\ti-cgt-armllvm_4.0.4.LTS\lib\armv6m-ti-none-eabi/libclang_rt.builtins.a
       adddf3.S.obj                   402     0         0      
       divdf3.S.obj                   268     0         0      
       muldf3.S.obj                   228     0         0      
       comparedf2.c.obj               220     0         0      
       udivmoddi4.S.obj               162     0         0      
       aeabi_dcmp.S.obj               98      0         0      
       aeabi_idivmod.S.obj            86      0         0      
       fixunsdfsi.S.obj               66      0         0      
       aeabi_uidivmod.S.obj           64      0         0      
       muldsi3.S.obj                  58      0         0      
       floatsidf.S.obj                44      0         0      
       floatunsisf.S.obj              40      0         0      
       floatunsidf.S.obj              36      0         0      
       muldi3.S.obj                   36      0         0      
       ashldi3.S.obj                  30      0         0      
       aeabi_memset.S.obj             26      0         0      
       aeabi_uldivmod.S.obj           20      0         0      
       aeabi_memcpy.S.obj             8       0         0      
       aeabi_div0.c.obj               4       0         0      
    +--+------------------------------+-------+---------+---------+
       Total:                         1896    0         0      
                                                               
       Heap:                          0       0         4096   
       Stack:                         0       0         512    
       Linker Generated:              0       56        0      
    +--+------------------------------+-------+---------+---------+
       Grand Total:                   19582   2213      5288   


LINKER GENERATED COPY TABLES

__TI_cinit_table @ 00005538 records: 2, size/record: 8, table size: 16
	.data: load addr=00005510, load size=00000014 bytes, run addr=202011c0, run size=000000e8 bytes, compression=lzss
	.bss: load addr=00005530, load size=00000008 bytes, run addr=20201000, run size=000001c0 bytes, compression=zero_init


LINKER GENERATED HANDLER TABLE

__TI_handler_table @ 00005524 records: 3, size/record: 4, table size: 12
	index: 0, handler: __TI_decompress_lzss
	index: 1, handler: __TI_decompress_none
	index: 2, handler: __TI_zero_init


FAR CALL TRAMPOLINES

callee name               trampoline name
   callee addr  tramp addr   call addr  call info
--------------  -----------  ---------  ----------------
_c_int00_noargs           $Tramp$TT$L$PI$$_c_int00_noargs
   00004305     00004d44     00004d3e   startup_mspm0g350x_ticlang.o (.text.Reset_Handler)

[1 trampolines]
[1 trampoline calls]


GLOBAL SYMBOLS: SORTED ALPHABETICALLY BY Name 

address   name                                 
-------   ----                                 
00003845  ADC0_IRQHandler                      
0000357d  ADC1_IRQHandler                      
00004d37  AES_IRQHandler                       
00004d3a  C$$EXIT                              
00004d37  CANFD0_IRQHandler                    
00004d37  DAC0_IRQHandler                      
000039d5  DL_ADC12_setClockConfig              
00004acd  DL_Common_delayCycles                
00003e89  DL_I2C_setClockConfig                
00002a6d  DL_RTC_Common_initCalendar           
00003b99  DL_SPI_init                          
00004379  DL_SPI_setClockConfig                
0000423d  DL_SYSCTL_configFCC                  
000028b1  DL_SYSCTL_configSYSPLL               
00003a6d  DL_SYSCTL_switchMCLKfromSYSOSCtoHSCLK
000025f5  DL_Timer_initFourCCPWMMode           
000021d1  DL_Timer_initTimerMode               
00003ebd  DL_Timer_setCaptCompUpdateMethod     
00003ef1  DL_Timer_setCaptureCompareAction     
00003d25  DL_Timer_setCaptureCompareCtl        
00003f25  DL_Timer_setCaptureCompareInput      
00003c25  DL_Timer_setCaptureCompareOutCtl     
00004051  DL_Timer_setCaptureCompareValue      
00003f59  DL_Timer_setClockConfig              
00004d37  DMA_IRQHandler                       
00004d37  Default_Handler                      
00004d37  GROUP0_IRQHandler                    
00004d37  GROUP1_IRQHandler                    
00004d3b  HOSTexit                             
00003f8d  HardFault_Handler                    
00004d37  I2C0_IRQHandler                      
00004d37  I2C1_IRQHandler                      
000020bd  LCD_DrawLine                         
00003985  LCD_DrawPixel                        
00001fa5  LCD_DrawRect                         
00003049  LCD_FillScreen                       
00001181  LCD_Init                             
0000363d  LCD_PrintNumber                      
00001ce1  LCD_PrintString                      
00004d37  NMI_Handler                          
00004d37  PendSV_Handler                       
00001635  Process_Buttons                      
00004d37  RTC_IRQHandler                       
00004d3f  Reset_Handler                        
00004d37  SPI0_IRQHandler                      
00004d37  SPI1_IRQHandler                      
00004d37  SVC_Handler                          
00002c1d  SYSCFG_DL_ADC_ACCEL_init             
000030e9  SYSCFG_DL_ADC_JOY_init               
000017f5  SYSCFG_DL_GPIO_init                  
00003695  SYSCFG_DL_I2C_0_init                 
000036ed  SYSCFG_DL_I2C_1_init                 
000032f1  SYSCFG_DL_PWM_AUDIO_init             
000042b5  SYSCFG_DL_RTC_init                   
00003c65  SYSCFG_DL_SPI_LCD_init               
000046dd  SYSCFG_DL_SYSCTL_CLK_init            
00002e51  SYSCFG_DL_SYSCTL_SYSPLL_init         
00002f01  SYSCFG_DL_SYSCTL_init                
0000379d  SYSCFG_DL_TIMER_SAMPLE_init          
000037f1  SYSCFG_DL_init                       
00002ce1  SYSCFG_DL_initPower                  
00004d37  SysTick_Handler                      
00004d37  TIMA0_IRQHandler                     
00004d37  TIMA1_IRQHandler                     
00004d37  TIMG0_IRQHandler                     
00004d37  TIMG12_IRQHandler                    
00004d37  TIMG6_IRQHandler                     
00003445  TIMG7_IRQHandler                     
00004d37  TIMG8_IRQHandler                     
00004c31  TI_memcpy_small                      
00004ce1  TI_memset_small                      
00004d37  UART0_IRQHandler                     
00004d37  UART1_IRQHandler                     
00004d37  UART2_IRQHandler                     
00004d37  UART3_IRQHandler                     
20208000  __STACK_END                          
00000200  __STACK_SIZE                         
00001000  __SYSMEM_SIZE                        
00000000  __TI_ATRegion0_region_sz             
00000000  __TI_ATRegion0_src_addr              
00000000  __TI_ATRegion0_trg_addr              
00000000  __TI_ATRegion1_region_sz             
00000000  __TI_ATRegion1_src_addr              
00000000  __TI_ATRegion1_trg_addr              
00000000  __TI_ATRegion2_region_sz             
00000000  __TI_ATRegion2_src_addr              
00000000  __TI_ATRegion2_trg_addr              
00005538  __TI_CINIT_Base                      
00005548  __TI_CINIT_Limit                     
00005548  __TI_CINIT_Warm                      
00005524  __TI_Handler_Table_Base              
00005530  __TI_Handler_Table_Limit             
00003dd9  __TI_auto_init_nobinit_nopinit       
00003275  __TI_decompress_lzss                 
00004c43  __TI_decompress_none                 
ffffffff  __TI_pprof_out_hndl                  
000000c1  __TI_printfi_nofloat                 
ffffffff  __TI_prof_data_size                  
ffffffff  __TI_prof_data_start                 
00000000  __TI_static_base__                   
00004ab7  __TI_zero_init_nomemset              
00001b57  __adddf3                             
00005190  __aeabi_ctype_table_                 
00005190  __aeabi_ctype_table_C                
00003be1  __aeabi_d2uiz                        
00001b57  __aeabi_dadd                         
00003519  __aeabi_dcmpeq                       
00003555  __aeabi_dcmpge                       
00003569  __aeabi_dcmpgt                       
00003541  __aeabi_dcmple                       
0000352d  __aeabi_dcmplt                       
000023f1  __aeabi_ddiv                         
000027cd  __aeabi_dmul                         
00001b4d  __aeabi_dsub                         
2020128c  __aeabi_errno                        
00004d21  __aeabi_errno_addr                   
000040a9  __aeabi_i2d                          
00003745  __aeabi_idiv                         
00001cdf  __aeabi_idiv0                        
00003745  __aeabi_idivmod                      
000021cf  __aeabi_ldiv0                        
000044a9  __aeabi_llsl                         
000043c1  __aeabi_lmul                         
00004d15  __aeabi_memclr                       
00004d15  __aeabi_memclr4                      
00004d15  __aeabi_memclr8                      
00004d29  __aeabi_memcpy                       
00004d29  __aeabi_memcpy4                      
00004d29  __aeabi_memcpy8                      
00004cc5  __aeabi_memset                       
00004cc5  __aeabi_memset4                      
00004cc5  __aeabi_memset8                      
0000439d  __aeabi_ui2d                         
000042dd  __aeabi_ui2f                         
00003ca5  __aeabi_uidiv                        
00003ca5  __aeabi_uidivmod                     
00004bf9  __aeabi_uldivmod                     
000044a9  __ashldi3                            
ffffffff  __binit__                            
000034b1  __cmpdf2                             
000023f1  __divdf3                             
000034b1  __eqdf2                              
00003be1  __fixunsdfsi                         
000040a9  __floatsidf                          
0000439d  __floatunsidf                        
000042dd  __floatunsisf                        
00003365  __gedf2                              
00003365  __gtdf2                              
000034b1  __ledf2                              
000034b1  __ltdf2                              
UNDEFED   __mpu_init                           
000027cd  __muldf3                             
000043c1  __muldi3                             
00003e15  __muldsi3                            
000034b1  __nedf2                              
20207e00  __stack                              
20200000  __start___llvm_prf_bits              
20200000  __start___llvm_prf_cnts              
20200000  __stop___llvm_prf_bits               
20200000  __stop___llvm_prf_cnts               
00001b4d  __subdf3                             
00002fa5  __udivmoddi4                         
00004305  _c_int00_noargs                      
20200000  _sys_memory                          
UNDEFED   _system_post_cinit                   
00004d55  _system_pre_init                     
00004d31  abort                                
00003ce5  atoi                                 
ffffffff  binit                                
20201000  gPWM_AUDIOBackup                     
20201198  gSPI_LCDBackup                       
2020115c  gSynthState                          
202010bc  gTIMER_SAMPLEBackup                  
00000000  interruptVectors                     
000013e1  main                                 
000043e5  memccpy                              
00003ab9  snprintf                             
00004cb5  wcslen                               


GLOBAL SYMBOLS: SORTED BY Symbol Address 

address   name                                 
-------   ----                                 
00000000  __TI_ATRegion0_region_sz             
00000000  __TI_ATRegion0_src_addr              
00000000  __TI_ATRegion0_trg_addr              
00000000  __TI_ATRegion1_region_sz             
00000000  __TI_ATRegion1_src_addr              
00000000  __TI_ATRegion1_trg_addr              
00000000  __TI_ATRegion2_region_sz             
00000000  __TI_ATRegion2_src_addr              
00000000  __TI_ATRegion2_trg_addr              
00000000  __TI_static_base__                   
00000000  interruptVectors                     
000000c1  __TI_printfi_nofloat                 
00000200  __STACK_SIZE                         
00001000  __SYSMEM_SIZE                        
00001181  LCD_Init                             
000013e1  main                                 
00001635  Process_Buttons                      
000017f5  SYSCFG_DL_GPIO_init                  
00001b4d  __aeabi_dsub                         
00001b4d  __subdf3                             
00001b57  __adddf3                             
00001b57  __aeabi_dadd                         
00001cdf  __aeabi_idiv0                        
00001ce1  LCD_PrintString                      
00001fa5  LCD_DrawRect                         
000020bd  LCD_DrawLine                         
000021cf  __aeabi_ldiv0                        
000021d1  DL_Timer_initTimerMode               
000023f1  __aeabi_ddiv                         
000023f1  __divdf3                             
000025f5  DL_Timer_initFourCCPWMMode           
000027cd  __aeabi_dmul                         
000027cd  __muldf3                             
000028b1  DL_SYSCTL_configSYSPLL               
00002a6d  DL_RTC_Common_initCalendar           
00002c1d  SYSCFG_DL_ADC_ACCEL_init             
00002ce1  SYSCFG_DL_initPower                  
00002e51  SYSCFG_DL_SYSCTL_SYSPLL_init         
00002f01  SYSCFG_DL_SYSCTL_init                
00002fa5  __udivmoddi4                         
00003049  LCD_FillScreen                       
000030e9  SYSCFG_DL_ADC_JOY_init               
00003275  __TI_decompress_lzss                 
000032f1  SYSCFG_DL_PWM_AUDIO_init             
00003365  __gedf2                              
00003365  __gtdf2                              
00003445  TIMG7_IRQHandler                     
000034b1  __cmpdf2                             
000034b1  __eqdf2                              
000034b1  __ledf2                              
000034b1  __ltdf2                              
000034b1  __nedf2                              
00003519  __aeabi_dcmpeq                       
0000352d  __aeabi_dcmplt                       
00003541  __aeabi_dcmple                       
00003555  __aeabi_dcmpge                       
00003569  __aeabi_dcmpgt                       
0000357d  ADC1_IRQHandler                      
0000363d  LCD_PrintNumber                      
00003695  SYSCFG_DL_I2C_0_init                 
000036ed  SYSCFG_DL_I2C_1_init                 
00003745  __aeabi_idiv                         
00003745  __aeabi_idivmod                      
0000379d  SYSCFG_DL_TIMER_SAMPLE_init          
000037f1  SYSCFG_DL_init                       
00003845  ADC0_IRQHandler                      
00003985  LCD_DrawPixel                        
000039d5  DL_ADC12_setClockConfig              
00003a6d  DL_SYSCTL_switchMCLKfromSYSOSCtoHSCLK
00003ab9  snprintf                             
00003b99  DL_SPI_init                          
00003be1  __aeabi_d2uiz                        
00003be1  __fixunsdfsi                         
00003c25  DL_Timer_setCaptureCompareOutCtl     
00003c65  SYSCFG_DL_SPI_LCD_init               
00003ca5  __aeabi_uidiv                        
00003ca5  __aeabi_uidivmod                     
00003ce5  atoi                                 
00003d25  DL_Timer_setCaptureCompareCtl        
00003dd9  __TI_auto_init_nobinit_nopinit       
00003e15  __muldsi3                            
00003e89  DL_I2C_setClockConfig                
00003ebd  DL_Timer_setCaptCompUpdateMethod     
00003ef1  DL_Timer_setCaptureCompareAction     
00003f25  DL_Timer_setCaptureCompareInput      
00003f59  DL_Timer_setClockConfig              
00003f8d  HardFault_Handler                    
00004051  DL_Timer_setCaptureCompareValue      
000040a9  __aeabi_i2d                          
000040a9  __floatsidf                          
0000423d  DL_SYSCTL_configFCC                  
000042b5  SYSCFG_DL_RTC_init                   
000042dd  __aeabi_ui2f                         
000042dd  __floatunsisf                        
00004305  _c_int00_noargs                      
00004379  DL_SPI_setClockConfig                
0000439d  __aeabi_ui2d                         
0000439d  __floatunsidf                        
000043c1  __aeabi_lmul                         
000043c1  __muldi3                             
000043e5  memccpy                              
000044a9  __aeabi_llsl                         
000044a9  __ashldi3                            
000046dd  SYSCFG_DL_SYSCTL_CLK_init            
00004ab7  __TI_zero_init_nomemset              
00004acd  DL_Common_delayCycles                
00004bf9  __aeabi_uldivmod                     
00004c31  TI_memcpy_small                      
00004c43  __TI_decompress_none                 
00004cb5  wcslen                               
00004cc5  __aeabi_memset                       
00004cc5  __aeabi_memset4                      
00004cc5  __aeabi_memset8                      
00004ce1  TI_memset_small                      
00004d15  __aeabi_memclr                       
00004d15  __aeabi_memclr4                      
00004d15  __aeabi_memclr8                      
00004d21  __aeabi_errno_addr                   
00004d29  __aeabi_memcpy                       
00004d29  __aeabi_memcpy4                      
00004d29  __aeabi_memcpy8                      
00004d31  abort                                
00004d37  AES_IRQHandler                       
00004d37  CANFD0_IRQHandler                    
00004d37  DAC0_IRQHandler                      
00004d37  DMA_IRQHandler                       
00004d37  Default_Handler                      
00004d37  GROUP0_IRQHandler                    
00004d37  GROUP1_IRQHandler                    
00004d37  I2C0_IRQHandler                      
00004d37  I2C1_IRQHandler                      
00004d37  NMI_Handler                          
00004d37  PendSV_Handler                       
00004d37  RTC_IRQHandler                       
00004d37  SPI0_IRQHandler                      
00004d37  SPI1_IRQHandler                      
00004d37  SVC_Handler                          
00004d37  SysTick_Handler                      
00004d37  TIMA0_IRQHandler                     
00004d37  TIMA1_IRQHandler                     
00004d37  TIMG0_IRQHandler                     
00004d37  TIMG12_IRQHandler                    
00004d37  TIMG6_IRQHandler                     
00004d37  TIMG8_IRQHandler                     
00004d37  UART0_IRQHandler                     
00004d37  UART1_IRQHandler                     
00004d37  UART2_IRQHandler                     
00004d37  UART3_IRQHandler                     
00004d3a  C$$EXIT                              
00004d3b  HOSTexit                             
00004d3f  Reset_Handler                        
00004d55  _system_pre_init                     
00005190  __aeabi_ctype_table_                 
00005190  __aeabi_ctype_table_C                
00005524  __TI_Handler_Table_Base              
00005530  __TI_Handler_Table_Limit             
00005538  __TI_CINIT_Base                      
00005548  __TI_CINIT_Limit                     
00005548  __TI_CINIT_Warm                      
20200000  __start___llvm_prf_bits              
20200000  __start___llvm_prf_cnts              
20200000  __stop___llvm_prf_bits               
20200000  __stop___llvm_prf_cnts               
20200000  _sys_memory                          
20201000  gPWM_AUDIOBackup                     
202010bc  gTIMER_SAMPLEBackup                  
2020115c  gSynthState                          
20201198  gSPI_LCDBackup                       
2020128c  __aeabi_errno                        
20207e00  __stack                              
20208000  __STACK_END                          
ffffffff  __TI_pprof_out_hndl                  
ffffffff  __TI_prof_data_size                  
ffffffff  __TI_prof_data_start                 
ffffffff  __binit__                            
ffffffff  binit                                
UNDEFED   __mpu_init                           
UNDEFED   _system_post_cinit                   

[178 symbols]
