******************************************************************************
            TI ARM Clang Linker PC v4.0.4                      
******************************************************************************
>> Linked Sun Dec 28 11:53:45 2025

OUTPUT FILE NAME:   <Motion_Music_studio.out>
ENTRY POINT SYMBOL: "_c_int00_noargs"  address: 0000489d


MEMORY CONFIGURATION

         name            origin    length      used     unused   attr    fill
----------------------  --------  ---------  --------  --------  ----  --------
  FLASH                 00000000   00020000  00005da8  0001a258  R  X
  SRAM                  20200000   00008000  000014fd  00006b03  RW X
  BCR_CONFIG            41c00000   000000ff  00000000  000000ff  R   
  BSL_CONFIG            41c00100   00000080  00000000  00000080  R   


SEGMENT ALLOCATION MAP

run origin  load origin   length   init length attrs members
----------  ----------- ---------- ----------- ----- -------
00000000    00000000    000054c8   000054c8    r-x
  00000000    00000000    000000c0   000000c0    r-- .intvecs
  000000c0    000000c0    00005408   00005408    r-x .text
000054d0    000054d0    000008e0   000008e0    r--
  000054d0    000054d0    00000860   00000860    r-- .rodata
  00005d30    00005d30    00000080   00000080    r-- .cinit
20200000    20200000    000012fd   00000000    rw-
  20200000    20200000    00001000   00000000    rw- .sysmem
  20201000    20201000    000001c4   00000000    rw- .bss
  202011c4    202011c4    00000139   00000000    rw- .data
20207e00    20207e00    00000200   00000000    rw-
  20207e00    20207e00    00000200   00000000    rw- .stack


SECTION ALLOCATION MAP

 output                                  attributes/
section   page    origin      length       input sections
--------  ----  ----------  ----------   ----------------
.intvecs   0    00000000    000000c0     
                  00000000    000000c0     startup_mspm0g350x_ticlang.o (.intvecs)

.text      0    000000c0    00005408     
                  000000c0    00000868     libc.a : _printfi.c.obj (.text:__TI_printfi_nofloat)
                  00000928    000003d0     main.o (.text.main)
                  00000cf8    0000034c     main.o (.text.Display_Update)
                  00001044    00000328     main.o (.text.Generate_Audio_Sample)
                  0000136c    0000028c     main.o (.text.Update_Phase_Increment)
                  000015f8    00000260     lcd_driver.o (.text.LCD_Init)
                  00001858    000001e4     ti_msp_dl_config.o (.text.SYSCFG_DL_GPIO_init)
                  00001a3c    000001a8     main.o (.text.Process_Envelope)
                  00001be4    00000198     main.o (.text.Button_StateMachine_Update)
                  00001d7c    00000180     lcd_driver.o (.text.LCD_PrintString)
                  00001efc    0000016c     main.o (.text.Process_Scale_Position)
                  00002068    00000138     main.o (.text.Display_Waveform)
                  000021a0    00000118     lcd_driver.o (.text.LCD_DrawRect)
                  000022b8    00000112     lcd_driver.o (.text.LCD_DrawLine)
                  000023ca    00000002     libclang_rt.builtins.a : aeabi_div0.c.obj (.text.__aeabi_idiv0)
                  000023cc    00000110     dl_timer.o (.text.DL_Timer_initTimerMode)
                  000024dc    00000110     dl_timer.o (.text.DL_Timer_initTwoCCPWMMode)
                  000025ec    00000100     main.o (.text.Generate_Waveform)
                  000026ec    000000f0     main.o (.text.Generate_Chord_Sample)
                  000027dc    000000ec     dl_timer.o (.text.DL_Timer_initFourCCPWMMode)
                  000028c8    000000e0     dl_sysctl_mspm0g1x0x_g3x0x.o (.text.DL_SYSCTL_configSYSPLL)
                  000029a8    000000d8     dl_rtc_common.o (.text.DL_RTC_Common_initCalendar)
                  00002a80    000000d4     ti_msp_dl_config.o (.text.SYSCFG_DL_ADC_ACCEL_init)
                  00002b54    000000d4     ti_msp_dl_config.o (.text.SYSCFG_DL_initPower)
                  00002c28    000000c8     main.o (.text.Calculate_Scale_Frequency)
                  00002cf0    000000b8     main.o (.text.Process_Accelerometer)
                  00002da8    000000b0     ti_msp_dl_config.o (.text.SYSCFG_DL_SYSCTL_SYSPLL_init)
                  00002e58    000000a4     ti_msp_dl_config.o (.text.SYSCFG_DL_SYSCTL_init)
                  00002efc    000000a2     libclang_rt.builtins.a : udivmoddi4.S.obj (.text)
                  00002f9e    00000002                            : aeabi_div0.c.obj (.text.__aeabi_ldiv0)
                  00002fa0    000000a0     lcd_driver.o (.text.LCD_FillScreen)
                  00003040    0000009c     main.o (.text.TIMG7_IRQHandler)
                  000030dc    00000094     main.o (.text.Display_Scale_Info)
                  00003170    00000090     ti_msp_dl_config.o (.text.SYSCFG_DL_ADC_JOY_init)
                  00003200    0000008c     main.o (.text.Process_Key_Selection)
                  0000328c    0000008c     main.o (.text.Process_Portamento)
                  00003318    00000088     main.o (.text.Process_Musical_Controls)
                  000033a0    00000084     main.o (.text.__NVIC_SetPriority)
                  00003424    00000084     ti_msp_dl_config.o (.text.__NVIC_SetPriority)
                  000034a8    0000007c     main.o (.text.Change_Preset)
                  00003524    0000007c     libc.a : copy_decompress_lzss.c.obj (.text:decompress:lzss)
                  000035a0    00000074     ti_msp_dl_config.o (.text.SYSCFG_DL_PWM_AUDIO_init)
                  00003614    00000074     libclang_rt.builtins.a : comparedf2.c.obj (.text.__gedf2)
                  00003688    0000006c     main.o (.text.Debug_LED_Update)
                  000036f4    0000006c     lcd_driver.o (.text.LCD_SetWindow)
                  00003760    00000068     libclang_rt.builtins.a : comparedf2.c.obj (.text.__ledf2)
                  000037c8    00000064     ti_msp_dl_config.o (.text.SYSCFG_DL_init)
                  0000382c    00000062     libclang_rt.builtins.a : aeabi_dcmp.S.obj (.text.__aeabi_dcmp)
                  0000388e    00000002     --HOLE-- [fill = 0]
                  00003890    00000060     main.o (.text.ADC1_IRQHandler)
                  000038f0    00000060     ti_msp_dl_config.o (.text.DL_ADC12_initSeqSample)
                  00003950    00000058     lcd_driver.o (.text.LCD_PrintNumber)
                  000039a8    00000058     ti_msp_dl_config.o (.text.SYSCFG_DL_I2C_0_init)
                  00003a00    00000058     ti_msp_dl_config.o (.text.SYSCFG_DL_I2C_1_init)
                  00003a58    00000056     libclang_rt.builtins.a : aeabi_idivmod.S.obj (.text.__aeabi_idivmod)
                  00003aae    00000054     dl_dma.o (.text.DL_DMA_configTransfer)
                  00003b02    00000002     --HOLE-- [fill = 0]
                  00003b04    00000050     ti_msp_dl_config.o (.text.DL_GPIO_initPeripheralInputFunctionFeatures)
                  00003b54    00000050     lcd_driver.o (.text.LCD_WriteCommand)
                  00003ba4    00000050     lcd_driver.o (.text.LCD_WriteData)
                  00003bf4    00000050     ti_msp_dl_config.o (.text.SysTick_Config)
                  00003c44    0000004e     lcd_driver.o (.text.LCD_DrawPixel)
                  00003c92    00000002     --HOLE-- [fill = 0]
                  00003c94    0000004c     main.o (.text.ADC0_IRQHandler)
                  00003ce0    0000004c     dl_adc12.o (.text.DL_ADC12_setClockConfig)
                  00003d2c    0000004c     ti_msp_dl_config.o (.text.DL_GPIO_initDigitalInputFeatures)
                  00003d78    0000004c     dl_sysctl_mspm0g1x0x_g3x0x.o (.text.DL_SYSCTL_switchMCLKfromSYSOSCtoHSCLK)
                  00003dc4    0000004c     libc.a : snprintf.c.obj (.text.snprintf)
                  00003e10    0000004a     ti_msp_dl_config.o (.text.DL_ADC12_configConversionMem)
                  00003e5a    00000002     --HOLE-- [fill = 0]
                  00003e5c    00000048     dl_spi.o (.text.DL_SPI_init)
                  00003ea4    00000046     dl_dma.o (.text.DL_DMA_initChannel)
                  00003eea    00000002     --HOLE-- [fill = 0]
                  00003eec    00000044     main.o (.text.Change_Scale_Type)
                  00003f30    00000044     main.o (.text.Process_Arpeggiator)
                  00003f74    00000040     dl_timer.o (.text.DL_Timer_setCaptureCompareOutCtl)
                  00003fb4    00000040     ti_msp_dl_config.o (.text.SYSCFG_DL_SPI_LCD_init)
                  00003ff4    00000040     main.o (.text.SysTick_Handler)
                  00004034    00000040     libclang_rt.builtins.a : aeabi_uidivmod.S.obj (.text.__aeabi_uidivmod)
                  00004074    00000040     libc.a : atoi.c.obj (.text.atoi)
                  000040b4    0000003c     main.o (.text.Change_Instrument)
                  000040f0    0000003c     dl_timer.o (.text.DL_Timer_setCaptureCompareCtl)
                  0000412c    0000003c     dl_timer.o (.text.DL_Timer_setCounterControl)
                  00004168    0000003c     ti_msp_dl_config.o (.text.DL_Timer_setCounterControl)
                  000041a4    0000003c     ti_msp_dl_config.o (.text.SYSCFG_DL_DMA_CH1_init)
                  000041e0    0000003c     ti_msp_dl_config.o (.text.SYSCFG_DL_TIMER_SAMPLE_init)
                  0000421c    0000003c     libc.a : autoinit.c.obj (.text:__TI_auto_init_nobinit_nopinit)
                  00004258    0000003a     libclang_rt.builtins.a : muldsi3.S.obj (.text.__muldsi3)
                  00004292    00000002     --HOLE-- [fill = 0]
                  00004294    00000038     dl_dma.o (.text.DL_DMA_setTrigger)
                  000042cc    00000038     ti_msp_dl_config.o (.text.DL_OPA_init)
                  00004304    00000034     ti_msp_dl_config.o (.text.DL_DMA_setPublisherChanID)
                  00004338    00000034     dl_i2c.o (.text.DL_I2C_setClockConfig)
                  0000436c    00000034     dl_timer.o (.text.DL_Timer_setCaptCompUpdateMethod)
                  000043a0    00000034     dl_timer.o (.text.DL_Timer_setCaptureCompareAction)
                  000043d4    00000034     dl_timer.o (.text.DL_Timer_setCaptureCompareInput)
                  00004408    00000034     dl_timer.o (.text.DL_Timer_setClockConfig)
                  0000443c    00000034     main.o (.text.HardFault_Handler)
                  00004470    00000030     main.o (.text.DL_ADC12_getMemResult)
                  000044a0    00000030     ti_msp_dl_config.o (.text.DL_DMA_setTransferSize)
                  000044d0    00000030     ti_msp_dl_config.o (.text.DL_GPAMP_init)
                  00004500    00000030     ti_msp_dl_config.o (.text.DL_SPI_setFIFOThreshold)
                  00004530    00000030     main.o (.text.Low_Pass_Filter)
                  00004560    00000030     ti_msp_dl_config.o (.text.SYSCFG_DL_OPA_0_init)
                  00004590    00000030     libc.a : snprintf.c.obj (.text._outs)
                  000045c0    0000002c     dl_timer.o (.text.DL_Timer_setCaptureCompareValue)
                  000045ec    0000002c     main.o (.text.__NVIC_ClearPendingIRQ)
                  00004618    0000002c     main.o (.text.__NVIC_EnableIRQ)
                  00004644    00000028     dl_adc12.o (.text.DL_Common_updateReg)
                  0000466c    00000028     dl_dma.o (.text.DL_Common_updateReg)
                  00004694    00000028     dl_i2c.o (.text.DL_Common_updateReg)
                  000046bc    00000028     dl_rtc_common.o (.text.DL_Common_updateReg)
                  000046e4    00000028     dl_spi.o (.text.DL_Common_updateReg)
                  0000470c    00000028     dl_sysctl_mspm0g1x0x_g3x0x.o (.text.DL_Common_updateReg)
                  00004734    00000028     dl_timer.o (.text.DL_Common_updateReg)
                  0000475c    00000028     ti_msp_dl_config.o (.text.DL_Common_updateReg)
                  00004784    00000028     ti_msp_dl_config.o (.text.DL_I2C_setControllerRXFIFOThreshold)
                  000047ac    00000028     ti_msp_dl_config.o (.text.DL_I2C_setControllerTXFIFOThreshold)
                  000047d4    00000028     ti_msp_dl_config.o (.text.DL_OPA_setGainBandwidth)
                  000047fc    00000028     dl_sysctl_mspm0g1x0x_g3x0x.o (.text.DL_SYSCTL_configFCC)
                  00004824    00000028     ti_msp_dl_config.o (.text.DL_SYSCTL_setPowerPolicySTANDBY0)
                  0000484c    00000028     ti_msp_dl_config.o (.text.SYSCFG_DL_RTC_init)
                  00004874    00000028     libclang_rt.builtins.a : floatunsisf.S.obj (.text.__floatunsisf)
                  0000489c    00000028     libc.a : boot_cortex_m.c.obj (.text:_c_int00_noargs)
                  000048c4    00000026     main.o (.text.DL_DMA_enableChannel)
                  000048ea    00000026     ti_msp_dl_config.o (.text.DL_I2C_setAnalogGlitchFilterPulseWidth)
                  00004910    00000024     ti_msp_dl_config.o (.text.DL_SPI_setBitRateSerialClockDivider)
                  00004934    00000024     dl_spi.o (.text.DL_SPI_setClockConfig)
                  00004958    00000024     main.o (.text.SysTick_Init)
                  0000497c    00000024     libclang_rt.builtins.a : floatunsidf.S.obj (.text.__floatunsidf)
                  000049a0    00000024                            : muldi3.S.obj (.text.__muldi3)
                  000049c4    00000022     libc.a : memccpy.c.obj (.text.memccpy)
                  000049e6    00000002     --HOLE-- [fill = 0]
                  000049e8    00000020     dl_sysctl_mspm0g1x0x_g3x0x.o (.text.DL_CORE_configInstruction)
                  00004a08    00000020     dl_rtc_common.o (.text.DL_RTC_Common_setCalendarYearBinary)
                  00004a28    00000020     ti_msp_dl_config.o (.text.DL_SYSCTL_setFlashWaitState)
                  00004a48    00000020     ti_msp_dl_config.o (.text.DL_SYSCTL_setMFPCLKSource)
                  00004a68    00000020     dl_timer.o (.text.DL_Timer_setCounterValueAfterEnable)
                  00004a88    00000020     main.o (.text.DMA_IRQHandler)
                  00004aa8    0000001e     libclang_rt.builtins.a : ashldi3.S.obj (.text.__ashldi3)
                  00004ac6    00000002     --HOLE-- [fill = 0]
                  00004ac8    0000001c     ti_msp_dl_config.o (.text.DL_ADC12_clearInterruptStatus)
                  00004ae4    0000001c     ti_msp_dl_config.o (.text.DL_ADC12_enableEvent)
                  00004b00    0000001c     ti_msp_dl_config.o (.text.DL_ADC12_enableInterrupt)
                  00004b1c    0000001c     main.o (.text.DL_ADC12_startConversion)
                  00004b38    0000001c     ti_msp_dl_config.o (.text.DL_DMA_enableInterrupt)
                  00004b54    0000001c     ti_msp_dl_config.o (.text.DL_GPAMP_setRailToRailInputMode)
                  00004b70    0000001c     ti_msp_dl_config.o (.text.DL_GPIO_enableHiZ)
                  00004b8c    0000001c     ti_msp_dl_config.o (.text.DL_GPIO_initPeripheralOutputFunction)
                  00004ba8    0000001c     ti_msp_dl_config.o (.text.DL_GPIO_setLowerPinsInputFilter)
                  00004bc4    0000001c     ti_msp_dl_config.o (.text.DL_GPIO_setLowerPinsPolarity)
                  00004be0    0000001c     dl_rtc_common.o (.text.DL_RTC_Common_setCalendarMinutesBCD)
                  00004bfc    0000001c     dl_rtc_common.o (.text.DL_RTC_Common_setCalendarMinutesBinary)
                  00004c18    0000001c     dl_rtc_common.o (.text.DL_RTC_Common_setCalendarMonthBCD)
                  00004c34    0000001c     dl_rtc_common.o (.text.DL_RTC_Common_setCalendarMonthBinary)
                  00004c50    0000001c     dl_rtc_common.o (.text.DL_RTC_Common_setCalendarSecondsBCD)
                  00004c6c    0000001c     dl_rtc_common.o (.text.DL_RTC_Common_setCalendarSecondsBinary)
                  00004c88    0000001c     dl_rtc_common.o (.text.DL_RTC_Common_setCalendarYearBCD)
                  00004ca4    0000001c     dl_rtc_common.o (.text.DL_RTC_Common_setClockFormat)
                  00004cc0    0000001c     ti_msp_dl_config.o (.text.DL_SYSCTL_setFCCPeriods)
                  00004cdc    0000001c     ti_msp_dl_config.o (.text.DL_SYSCTL_setMCLKDivider)
                  00004cf8    0000001c     ti_msp_dl_config.o (.text.DL_SYSCTL_setSYSOSCFreq)
                  00004d14    0000001c     ti_msp_dl_config.o (.text.DL_SYSCTL_setULPCLKDivider)
                  00004d30    0000001c     ti_msp_dl_config.o (.text.DL_SYSCTL_setVBOOSTConfig)
                  00004d4c    0000001c     ti_msp_dl_config.o (.text.DL_Timer_enableInterrupt)
                  00004d68    0000001c     ti_msp_dl_config.o (.text.SYSCFG_DL_SYSCTL_CLK_init)
                  00004d84    0000001a     ti_msp_dl_config.o (.text.DL_ADC12_setSubscriberChanID)
                  00004d9e    0000001a     dl_rtc_common.o (.text.DL_RTC_Common_setCalendarHoursBCD)
                  00004db8    0000001a     dl_rtc_common.o (.text.DL_RTC_Common_setCalendarHoursBinary)
                  00004dd2    00000002     --HOLE-- [fill = 0]
                  00004dd4    00000018     ti_msp_dl_config.o (.text.DL_ADC12_enablePower)
                  00004dec    00000018     ti_msp_dl_config.o (.text.DL_ADC12_reset)
                  00004e04    00000018     ti_msp_dl_config.o (.text.DL_ADC12_setSampleTime0)
                  00004e1c    00000018     ti_msp_dl_config.o (.text.DL_DMA_clearInterruptStatus)
                  00004e34    00000018     ti_msp_dl_config.o (.text.DL_GPIO_enableOutput)
                  00004e4c    00000018     ti_msp_dl_config.o (.text.DL_GPIO_enablePower)
                  00004e64    00000018     ti_msp_dl_config.o (.text.DL_GPIO_initDigitalOutput)
                  00004e7c    00000018     ti_msp_dl_config.o (.text.DL_GPIO_reset)
                  00004e94    00000018     ti_msp_dl_config.o (.text.DL_GPIO_setAnalogInternalResistor)
                  00004eac    00000018     lcd_driver.o (.text.DL_GPIO_setPins)
                  00004ec4    00000018     main.o (.text.DL_GPIO_setPins)
                  00004edc    00000018     ti_msp_dl_config.o (.text.DL_GPIO_setPins)
                  00004ef4    00000018     ti_msp_dl_config.o (.text.DL_GPIO_setUpperPinsPolarity)
                  00004f0c    00000018     main.o (.text.DL_GPIO_togglePins)
                  00004f24    00000018     ti_msp_dl_config.o (.text.DL_I2C_enableAnalogGlitchFilter)
                  00004f3c    00000018     ti_msp_dl_config.o (.text.DL_I2C_enableController)
                  00004f54    00000018     ti_msp_dl_config.o (.text.DL_I2C_enableControllerClockStretching)
                  00004f6c    00000018     ti_msp_dl_config.o (.text.DL_I2C_enablePower)
                  00004f84    00000018     ti_msp_dl_config.o (.text.DL_I2C_reset)
                  00004f9c    00000018     ti_msp_dl_config.o (.text.DL_I2C_setTimerPeriod)
                  00004fb4    00000018     ti_msp_dl_config.o (.text.DL_OPA_enablePower)
                  00004fcc    00000018     ti_msp_dl_config.o (.text.DL_OPA_enableRailToRailInput)
                  00004fe4    00000018     ti_msp_dl_config.o (.text.DL_OPA_reset)
                  00004ffc    00000018     ti_msp_dl_config.o (.text.DL_RTC_Common_enablePower)
                  00005014    00000018     ti_msp_dl_config.o (.text.DL_RTC_Common_reset)
                  0000502c    00000018     ti_msp_dl_config.o (.text.DL_SPI_enable)
                  00005044    00000018     ti_msp_dl_config.o (.text.DL_SPI_enablePower)
                  0000505c    00000018     lcd_driver.o (.text.DL_SPI_isBusy)
                  00005074    00000018     ti_msp_dl_config.o (.text.DL_SPI_reset)
                  0000508c    00000018     ti_msp_dl_config.o (.text.DL_SYSCTL_enableInterrupt)
                  000050a4    00000018     ti_msp_dl_config.o (.text.DL_SYSCTL_setBORThreshold)
                  000050bc    00000018     dl_sysctl_mspm0g1x0x_g3x0x.o (.text.DL_SYSCTL_setHSCLKSource)
                  000050d4    00000018     ti_msp_dl_config.o (.text.DL_Timer_enablePower)
                  000050ec    00000018     ti_msp_dl_config.o (.text.DL_Timer_reset)
                  00005104    00000018     dl_timer.o (.text.DL_Timer_setLoadValue)
                  0000511c    00000018     main.o (.text.DL_Timer_startCounter)
                  00005134    00000018     ti_msp_dl_config.o (.text.SYSCFG_DL_DMA_init)
                  0000514c    00000018     ti_msp_dl_config.o (.text.SYSCFG_DL_GPAMP_0_init)
                  00005164    00000018     libc.a : snprintf.c.obj (.text._outc)
                  0000517c    00000016     main.o (.text.DL_ADC12_enableConversions)
                  00005192    00000016     ti_msp_dl_config.o (.text.DL_ADC12_enableConversions)
                  000051a8    00000016     ti_msp_dl_config.o (.text.DL_GPIO_enableGlobalFastWake)
                  000051be    00000016     main.o (.text.DL_GPIO_readPins)
                  000051d4    00000016     ti_msp_dl_config.o (.text.DL_OPA_enable)
                  000051ea    00000016     lcd_driver.o (.text.DL_SPI_transmitData8)
                  00005200    00000016     libc.a : copy_zero_init.c.obj (.text:decompress:ZI:__TI_zero_init_nomemset)
                  00005216    00000014     dl_common.o (.text.DL_Common_delayCycles)
                  0000522a    00000002     --HOLE-- [fill = 0]
                  0000522c    00000014     ti_msp_dl_config.o (.text.DL_FlashCTL_enableInterrupt)
                  00005240    00000014     lcd_driver.o (.text.DL_GPIO_clearPins)
                  00005254    00000014     main.o (.text.DL_GPIO_clearPins)
                  00005268    00000014     ti_msp_dl_config.o (.text.DL_GPIO_clearPins)
                  0000527c    00000014     ti_msp_dl_config.o (.text.DL_I2C_resetControllerTransfer)
                  00005290    00000014     dl_sysctl_mspm0g1x0x_g3x0x.o (.text.DL_SYSCTL_disableSYSPLL)
                  000052a4    00000014     ti_msp_dl_config.o (.text.DL_SYSCTL_disableSYSPLL)
                  000052b8    00000014     ti_msp_dl_config.o (.text.DL_SYSCTL_enableMFCLK)
                  000052cc    00000014     dl_sysctl_mspm0g1x0x_g3x0x.o (.text.DL_SYSCTL_enableSYSPLL)
                  000052e0    00000014     ti_msp_dl_config.o (.text.DL_SYSCTL_enableSYSPLL)
                  000052f4    00000014     ti_msp_dl_config.o (.text.DL_Timer_enableClock)
                  00005308    00000014     ti_msp_dl_config.o (.text.DL_Timer_setCCPDirection)
                  0000531c    00000014     main.o (.text.Trigger_Note_Off)
                  00005330    00000014     main.o (.text.Trigger_Note_On)
                  00005344    00000014     libclang_rt.builtins.a : aeabi_uldivmod.S.obj (.text.__aeabi_uldivmod)
                  00005358    00000012     main.o (.text.DL_ADC12_getPendingInterrupt)
                  0000536a    00000012     main.o (.text.DL_DMA_getPendingInterrupt)
                  0000537c    00000012     main.o (.text.DL_Timer_getPendingInterrupt)
                  0000538e    00000012     libc.a : memcpy16.S.obj (.text:TI_memcpy_small)
                  000053a0    00000012            : copy_decompress_none.c.obj (.text:decompress:none)
                  000053b2    00000002     --HOLE-- [fill = 0]
                  000053b4    00000010     dl_sysctl_mspm0g1x0x_g3x0x.o (.text.DL_CORE_getInstructionConfig)
                  000053c4    00000010     ti_msp_dl_config.o (.text.DL_GPAMP_enable)
                  000053d4    00000010     ti_msp_dl_config.o (.text.DL_SYSCTL_disableHFXT)
                  000053e4    00000010     ti_msp_dl_config.o (.text.DL_SYSCTL_enableMFPCLK)
                  000053f4    00000010     ti_msp_dl_config.o (.text.DL_SYSCTL_isFCCDone)
                  00005404    00000010     ti_msp_dl_config.o (.text.DL_SYSCTL_startFCC)
                  00005414    00000010     ti_msp_dl_config.o (.text.SYSCFG_DL_SYSTICK_init)
                  00005424    00000010     libc.a : wcslen.c.obj (.text.wcslen)
                  00005434    0000000e     libclang_rt.builtins.a : aeabi_memset.S.obj (.text.__aeabi_memset)
                  00005442    0000000e     libc.a : _printfi.c.obj (.text.strlen)
                  00005450    0000000e            : memset16.S.obj (.text:TI_memset_small)
                  0000545e    00000002     --HOLE-- [fill = 0]
                  00005460    0000000c     dl_sysctl_mspm0g1x0x_g3x0x.o (.text.DL_SYSCTL_getClockStatus)
                  0000546c    0000000c     ti_msp_dl_config.o (.text.DL_SYSCTL_getClockStatus)
                  00005478    0000000c     ti_msp_dl_config.o (.text.DL_SYSCTL_readFCC)
                  00005484    0000000c     libclang_rt.builtins.a : aeabi_memset.S.obj (.text.__aeabi_memclr)
                  00005490    00000008     libc.a : aeabi_portable.c.obj (.text.__aeabi_errno_addr)
                  00005498    00000008     libclang_rt.builtins.a : aeabi_memcpy.S.obj (.text.__aeabi_memcpy)
                  000054a0    00000006     libc.a : exit.c.obj (.text:abort)
                  000054a6    00000004     startup_mspm0g350x_ticlang.o (.text.Default_Handler)
                  000054aa    00000004     libsysbm.a : hostexit.c.obj (.text.HOSTexit)
                  000054ae    00000004     startup_mspm0g350x_ticlang.o (.text.Reset_Handler)
                  000054b2    00000002     --HOLE-- [fill = 0]
                  000054b4    00000010     libc.a : boot_cortex_m.c.obj (.tramp._c_int00_noargs.1)
                  000054c4    00000004            : pre_init.c.obj (.text._system_pre_init)

.cinit     0    00005d30    00000080     
                  00005d30    00000058     (.cinit..data.load) [load image, compression = lzss]
                  00005d88    0000000c     (__TI_handler_table)
                  00005d94    00000008     (.cinit..bss.load) [load image, compression = zero_init]
                  00005d9c    00000010     (__TI_cinit_table)
                  00005dac    00000004     --HOLE-- [fill = 0]

.rodata    0    000054d0    00000860     
                  000054d0    00000222     lcd_driver.o (.rodata.font_6x8)
                  000056f2    00000200     main.o (.rodata.sine_table)
                  000058f2    0000000e     main.o (.rodata.ROOT_FREQUENCIES)
                  00005900    00000101     libc.a : aeabi_ctype.S.obj (.rodata:__aeabi_ctype_table_)
                  00005a01    00000003     ti_msp_dl_config.o (.rodata.gPWM_AUDIOClockConfig)
                  00005a04    00000064     main.o (.rodata.INSTRUMENTS)
                  00005a68    00000064     main.o (.rodata.PITCH_BEND_TABLE)
                  00005acc    00000032     main.o (.rodata..L__const.Calculate_Scale_Frequency.semitone_ratio)
                  00005afe    00000030     main.o (.rodata.SCALE_INTERVALS)
                  00005b2e    00000002     ti_msp_dl_config.o (.rodata.gI2C_0ClockConfig)
                  00005b30    00000028     ti_msp_dl_config.o (.rodata.gSYSPLLConfig)
                  00005b58    00000022     ti_msp_dl_config.o (.rodata..L__const.SYSCFG_DL_GPIO_init.unusedPinIndexes)
                  00005b7a    00000002     ti_msp_dl_config.o (.rodata.gI2C_1ClockConfig)
                  00005b7c    00000018     main.o (.rodata.PRESETS)
                  00005b94    00000018     ti_msp_dl_config.o (.rodata.gDMA_CH1Config)
                  00005bac    00000014     main.o (.rodata..L__const.Display_Update.env_names)
                  00005bc0    00000014     ti_msp_dl_config.o (.rodata.gTIMER_SAMPLETimerConfig)
                  00005bd4    00000011     libc.a : _printfi.c.obj (.rodata.str1.10348868589481759720.1)
                  00005be5    00000011            : _printfi.c.obj (.rodata.str1.15363888844622738466.1)
                  00005bf6    00000002     ti_msp_dl_config.o (.rodata.gSPI_LCD_clockConfig)
                  00005bf8    0000000c     main.o (.rodata..L__const.Display_Update.chord_names)
                  00005c04    0000000c     main.o (.rodata.str1.17100691992556644108.1)
                  00005c10    0000000a     ti_msp_dl_config.o (.rodata.gOPA_0Config0)
                  00005c1a    0000000a     ti_msp_dl_config.o (.rodata.gSPI_LCD_config)
                  00005c24    0000000a     main.o (.rodata.str1.18227636981041470289.1)
                  00005c2e    00000009     main.o (.rodata.CHORD_INTERVALS)
                  00005c37    00000009     main.o (.rodata.str1.14402440632258215044.1)
                  00005c40    00000008     ti_msp_dl_config.o (.rodata.gADC_ACCELClockConfig)
                  00005c48    00000008     ti_msp_dl_config.o (.rodata.gADC_JOYClockConfig)
                  00005c50    00000008     ti_msp_dl_config.o (.rodata.gGPAMP_0Config)
                  00005c58    00000008     ti_msp_dl_config.o (.rodata.gPWM_AUDIOConfig)
                  00005c60    00000008     ti_msp_dl_config.o (.rodata.gRTCCalendarConfig)
                  00005c68    00000008     main.o (.rodata.str1.1311392489248731986.1)
                  00005c70    00000008     main.o (.rodata.str1.15996357275703397564.1)
                  00005c78    00000008     main.o (.rodata.str1.16265332423659789559.1)
                  00005c80    00000008     main.o (.rodata.str1.288608917962107522.1)
                  00005c88    00000008     main.o (.rodata.str1.7784929982665794503.1)
                  00005c90    00000006     main.o (.rodata.str1.12180500075719773345.1)
                  00005c96    00000006     main.o (.rodata.str1.15159059442110792349.1)
                  00005c9c    00000006     main.o (.rodata.str1.2846389346932560359.1)
                  00005ca2    00000006     main.o (.rodata.str1.7996925722583989644.1)
                  00005ca8    00000006     main.o (.rodata.str1.8154729771448623357.1)
                  00005cae    00000005     main.o (.rodata.str1.13030671760666898970.1)
                  00005cb3    00000005     main.o (.rodata.str1.14112174005742061988.1)
                  00005cb8    00000005     main.o (.rodata.str1.16302215771116645891.1)
                  00005cbd    00000005     main.o (.rodata.str1.16631870348416990953.1)
                  00005cc2    00000005     main.o (.rodata.str1.39260288392874984.1)
                  00005cc7    00000005     main.o (.rodata.str1.6554448696319176064.1)
                  00005ccc    00000005     main.o (.rodata.str1.7702501944640899365.1)
                  00005cd1    00000005     main.o (.rodata.str1.8096991282711418442.1)
                  00005cd6    00000004     main.o (.rodata.str1.10635229749459437609.1)
                  00005cda    00000004     main.o (.rodata.str1.11702106008850790973.1)
                  00005cde    00000004     main.o (.rodata.str1.11870794119293528247.1)
                  00005ce2    00000004     main.o (.rodata.str1.13288086030101331538.1)
                  00005ce6    00000004     main.o (.rodata.str1.13782249893155712474.1)
                  00005cea    00000004     main.o (.rodata.str1.17376258722486336754.1)
                  00005cee    00000004     main.o (.rodata.str1.2763581881760962609.1)
                  00005cf2    00000004     main.o (.rodata.str1.3530083166107438000.1)
                  00005cf6    00000004     main.o (.rodata.str1.403738606202455663.1)
                  00005cfa    00000004     lcd_driver.o (.rodata.str1.4301156551425074819.1)
                  00005cfe    00000004     main.o (.rodata.str1.6891813955777630061.1)
                  00005d02    00000004     main.o (.rodata.str1.8076846746581808073.1)
                  00005d06    00000004     main.o (.rodata.str1.9059077390166914652.1)
                  00005d0a    00000003     ti_msp_dl_config.o (.rodata.gTIMER_SAMPLEClockConfig)
                  00005d0d    00000003     main.o (.rodata.str1.14079361385603432444.1)
                  00005d10    00000003     main.o (.rodata.str1.2123964117280943167.1)
                  00005d13    00000003     main.o (.rodata.str1.8108965883388295311.1)
                  00005d16    00000002     main.o (.rodata.str1.11321157723316767883.1)
                  00005d18    00000002     main.o (.rodata.str1.14466178792657420020.1)
                  00005d1a    00000002     main.o (.rodata.str1.17045314124001216156.1)
                  00005d1c    00000002     main.o (.rodata.str1.18092426736022315238.1)
                  00005d1e    00000002     main.o (.rodata.str1.2563708670032483588.1)
                  00005d20    00000002     main.o (.rodata.str1.5043408953494467246.1)
                  00005d22    00000002     main.o (.rodata.str1.8320541211001259012.1)
                  00005d24    00000001     main.o (.rodata.str1.10313062130652730376.1)
                  00005d25    0000000b     --HOLE-- [fill = 0]

.init_array 
*          0    00000000    00000000     UNINITIALIZED

.binit     0    00000000    00000000     

.sysmem    0    20200000    00001000     UNINITIALIZED
                  20200000    00000010     libc.a : memory.c.obj (.sysmem)
                  20200010    00000ff0     --HOLE--

.bss       0    20201000    000001c4     UNINITIALIZED
                  20201000    000000bc     ti_msp_dl_config.o (.bss.gPWM_AUDIOBackup)
                  202010bc    000000a0     ti_msp_dl_config.o (.bss.gTIMER_SAMPLEBackup)
                  2020115c    0000003c     main.o (.bss.gSynthState)
                  20201198    00000028     ti_msp_dl_config.o (.bss.gSPI_LCDBackup)
                  202011c0    00000004     main.o (.bss.gADC0_DMA_Buffer)

.data      0    202011c4    00000139     UNINITIALIZED
                  202011c4    00000080     main.o (.data.waveform_buffer)
                  20201244    0000001c     main.o (.data.KEY_NAMES)
                  20201260    00000018     main.o (.data.SCALE_NAMES)
                  20201278    00000014     main.o (.data.arpeggiator)
                  2020128c    0000000c     main.o (.data.envelope)
                  20201298    0000000c     main.o (.data.g_chord_increments)
                  202012a4    0000000c     main.o (.data.g_chord_phases)
                  202012b0    00000006     main.o (.data.btn_joy_sel_sm)
                  202012b6    00000006     main.o (.data.btn_s1_sm)
                  202012bc    00000006     main.o (.data.btn_s2_sm)
                  202012c2    00000006     main.o (.data.scale_state)
                  202012c8    00000004     main.o (.data.DEBUG_main_loop_count)
                  202012cc    00000004     main.o (.data.DEBUG_timer_irq_count)
                  202012d0    00000004     libc.a : aeabi_portable.c.obj (.data.__aeabi_errno)
                  202012d4    00000004     main.o (.data.base_frequency_hz)
                  202012d8    00000004     main.o (.data.current_frequency_hz)
                  202012dc    00000004     main.o (.data.g_phase)
                  202012e0    00000004     main.o (.data.g_phase_increment)
                  202012e4    00000004     main.o (.data.g_systick_count)
                  202012e8    00000004     main.o (.data.target_frequency_hz)
                  202012ec    00000002     main.o (.data.Low_Pass_Filter.prev_sample)
                  202012ee    00000002     main.o (.data.Process_Scale_Position.last_deviation)
                  202012f0    00000002     main.o (.data.tremolo_phase)
                  202012f2    00000002     main.o (.data.vibrato_phase)
                  202012f4    00000001     main.o (.data.Generate_Audio_Sample.waveform_decimate_counter)
                  202012f5    00000001     main.o (.data.Process_Scale_Position.last_position)
                  202012f6    00000001     main.o (.data.chord_mode)
                  202012f7    00000001     main.o (.data.current_instrument)
                  202012f8    00000001     main.o (.data.current_octave_shift)
                  202012f9    00000001     main.o (.data.current_preset)
                  202012fa    00000001     main.o (.data.effects_enabled)
                  202012fb    00000001     main.o (.data.gADC0_DMA_Complete)
                  202012fc    00000001     main.o (.data.waveform_write_index)

.stack     0    20207e00    00000200     UNINITIALIZED
                  20207e00    00000004     libc.a : boot_cortex_m.c.obj (.stack)
                  20207e04    000001fc     --HOLE--

__llvm_prf_cnts 
*          0    20200000    00000000     UNINITIALIZED

__llvm_prf_bits 
*          0    20200000    00000000     UNINITIALIZED

MODULE SUMMARY

       Module                         code    ro data   rw data
       ------                         ----    -------   -------
    .\
       main.o                         7784    1102      373    
       lcd_driver.o                   2230    550       0      
       startup_mspm0g350x_ticlang.o   8       192       0      
    +--+------------------------------+-------+---------+---------+
       Total:                         10022   1844      373    
                                                               
    .\syscfg\
       ti_msp_dl_config.o             4808    190       388    
    +--+------------------------------+-------+---------+---------+
       Total:                         4808    190       388    
                                                               
    .\ti\driverlib\
       dl_timer.o                     1312    0         0      
       dl_rtc_common.o                564     0         0      
       dl_dma.o                       250     0         0      
       dl_spi.o                       148     0         0      
       dl_adc12.o                     116     0         0      
       dl_i2c.o                       92      0         0      
       dl_common.o                    20      0         0      
    +--+------------------------------+-------+---------+---------+
       Total:                         2502    0         0      
                                                               
    .\ti\driverlib\m0p\sysctl\
       dl_sysctl_mspm0g1x0x_g3x0x.o   504     0         0      
    +--+------------------------------+-------+---------+---------+
       Total:                         504     0         0      
                                                               
    C:\ti\ccs2040\ccs\tools\compiler\ti-cgt-armllvm_4.0.4.LTS\lib\armv6m-ti-none-eabi/c/libc.a
       _printfi.c.obj                 2166    34        0      
       aeabi_ctype.S.obj              0       257       0      
       snprintf.c.obj                 148     0         0      
       copy_decompress_lzss.c.obj     124     0         0      
       atoi.c.obj                     64      0         0      
       autoinit.c.obj                 60      0         0      
       boot_cortex_m.c.obj            56      0         0      
       memccpy.c.obj                  34      0         0      
       copy_zero_init.c.obj           22      0         0      
       copy_decompress_none.c.obj     18      0         0      
       memcpy16.S.obj                 18      0         0      
       wcslen.c.obj                   16      0         0      
       memset16.S.obj                 14      0         0      
       aeabi_portable.c.obj           8       0         4      
       exit.c.obj                     6       0         0      
       pre_init.c.obj                 4       0         0      
    +--+------------------------------+-------+---------+---------+
       Total:                         2758    291       4      
                                                               
    C:\ti\ccs2040\ccs\tools\compiler\ti-cgt-armllvm_4.0.4.LTS\lib\armv6m-ti-none-eabi/c/libsysbm.a
       hostexit.c.obj                 4       0         0      
    +--+------------------------------+-------+---------+---------+
       Total:                         4       0         0      
                                                               
    C:\ti\ccs2040\ccs\tools\compiler\ti-cgt-armllvm_4.0.4.LTS\lib\armv6m-ti-none-eabi/libclang_rt.builtins.a
       comparedf2.c.obj               220     0         0      
       udivmoddi4.S.obj               162     0         0      
       aeabi_dcmp.S.obj               98      0         0      
       aeabi_idivmod.S.obj            86      0         0      
       aeabi_uidivmod.S.obj           64      0         0      
       muldsi3.S.obj                  58      0         0      
       floatunsisf.S.obj              40      0         0      
       floatunsidf.S.obj              36      0         0      
       muldi3.S.obj                   36      0         0      
       ashldi3.S.obj                  30      0         0      
       aeabi_memset.S.obj             26      0         0      
       aeabi_uldivmod.S.obj           20      0         0      
       aeabi_memcpy.S.obj             8       0         0      
       aeabi_div0.c.obj               4       0         0      
    +--+------------------------------+-------+---------+---------+
       Total:                         888     0         0      
                                                               
       Heap:                          0       0         4096   
       Stack:                         0       0         512    
       Linker Generated:              0       124       0      
    +--+------------------------------+-------+---------+---------+
       Grand Total:                   21486   2449      5373   


LINKER GENERATED COPY TABLES

__TI_cinit_table @ 00005d9c records: 2, size/record: 8, table size: 16
	.data: load addr=00005d30, load size=00000058 bytes, run addr=202011c4, run size=00000139 bytes, compression=lzss
	.bss: load addr=00005d94, load size=00000008 bytes, run addr=20201000, run size=000001c4 bytes, compression=zero_init


LINKER GENERATED HANDLER TABLE

__TI_handler_table @ 00005d88 records: 3, size/record: 4, table size: 12
	index: 0, handler: __TI_decompress_lzss
	index: 1, handler: __TI_decompress_none
	index: 2, handler: __TI_zero_init


FAR CALL TRAMPOLINES

callee name               trampoline name
   callee addr  tramp addr   call addr  call info
--------------  -----------  ---------  ----------------
_c_int00_noargs           $Tramp$TT$L$PI$$_c_int00_noargs
   0000489d     000054b4     000054ae   startup_mspm0g350x_ticlang.o (.text.Reset_Handler)

[1 trampolines]
[1 trampoline calls]


GLOBAL SYMBOLS: SORTED ALPHABETICALLY BY Name 

address   name                                 
-------   ----                                 
00003c95  ADC0_IRQHandler                      
00003891  ADC1_IRQHandler                      
000054a7  AES_IRQHandler                       
000054aa  C$$EXIT                              
000054a7  CANFD0_IRQHandler                    
000040b5  Change_Instrument                    
000034a9  Change_Preset                        
000054a7  DAC0_IRQHandler                      
202012c8  DEBUG_main_loop_count                
202012cc  DEBUG_timer_irq_count                
00003ce1  DL_ADC12_setClockConfig              
00005217  DL_Common_delayCycles                
00003ea5  DL_DMA_initChannel                   
00004339  DL_I2C_setClockConfig                
000029a9  DL_RTC_Common_initCalendar           
00003e5d  DL_SPI_init                          
00004935  DL_SPI_setClockConfig                
000047fd  DL_SYSCTL_configFCC                  
000028c9  DL_SYSCTL_configSYSPLL               
00003d79  DL_SYSCTL_switchMCLKfromSYSOSCtoHSCLK
000027dd  DL_Timer_initFourCCPWMMode           
000023cd  DL_Timer_initTimerMode               
0000436d  DL_Timer_setCaptCompUpdateMethod     
000043a1  DL_Timer_setCaptureCompareAction     
000040f1  DL_Timer_setCaptureCompareCtl        
000043d5  DL_Timer_setCaptureCompareInput      
00003f75  DL_Timer_setCaptureCompareOutCtl     
000045c1  DL_Timer_setCaptureCompareValue      
00004409  DL_Timer_setClockConfig              
00004a89  DMA_IRQHandler                       
000054a7  Default_Handler                      
000054a7  GROUP0_IRQHandler                    
000054a7  GROUP1_IRQHandler                    
000054ab  HOSTexit                             
0000443d  HardFault_Handler                    
000054a7  I2C0_IRQHandler                      
000054a7  I2C1_IRQHandler                      
000022b9  LCD_DrawLine                         
00003c45  LCD_DrawPixel                        
000021a1  LCD_DrawRect                         
00002fa1  LCD_FillScreen                       
000015f9  LCD_Init                             
00003951  LCD_PrintNumber                      
00001d7d  LCD_PrintString                      
000054a7  NMI_Handler                          
000054a7  PendSV_Handler                       
000054a7  RTC_IRQHandler                       
000054af  Reset_Handler                        
000054a7  SPI0_IRQHandler                      
000054a7  SPI1_IRQHandler                      
000054a7  SVC_Handler                          
00002a81  SYSCFG_DL_ADC_ACCEL_init             
00003171  SYSCFG_DL_ADC_JOY_init               
000041a5  SYSCFG_DL_DMA_CH1_init               
00005135  SYSCFG_DL_DMA_init                   
0000514d  SYSCFG_DL_GPAMP_0_init               
00001859  SYSCFG_DL_GPIO_init                  
000039a9  SYSCFG_DL_I2C_0_init                 
00003a01  SYSCFG_DL_I2C_1_init                 
00004561  SYSCFG_DL_OPA_0_init                 
000035a1  SYSCFG_DL_PWM_AUDIO_init             
0000484d  SYSCFG_DL_RTC_init                   
00003fb5  SYSCFG_DL_SPI_LCD_init               
00004d69  SYSCFG_DL_SYSCTL_CLK_init            
00002da9  SYSCFG_DL_SYSCTL_SYSPLL_init         
00002e59  SYSCFG_DL_SYSCTL_init                
00005415  SYSCFG_DL_SYSTICK_init               
000041e1  SYSCFG_DL_TIMER_SAMPLE_init          
000037c9  SYSCFG_DL_init                       
00002b55  SYSCFG_DL_initPower                  
00003ff5  SysTick_Handler                      
000054a7  TIMA0_IRQHandler                     
000054a7  TIMA1_IRQHandler                     
000054a7  TIMG0_IRQHandler                     
000054a7  TIMG12_IRQHandler                    
000054a7  TIMG6_IRQHandler                     
00003041  TIMG7_IRQHandler                     
000054a7  TIMG8_IRQHandler                     
0000538f  TI_memcpy_small                      
00005451  TI_memset_small                      
0000531d  Trigger_Note_Off                     
00005331  Trigger_Note_On                      
000054a7  UART0_IRQHandler                     
000054a7  UART1_IRQHandler                     
000054a7  UART2_IRQHandler                     
000054a7  UART3_IRQHandler                     
20208000  __STACK_END                          
00000200  __STACK_SIZE                         
00001000  __SYSMEM_SIZE                        
00000000  __TI_ATRegion0_region_sz             
00000000  __TI_ATRegion0_src_addr              
00000000  __TI_ATRegion0_trg_addr              
00000000  __TI_ATRegion1_region_sz             
00000000  __TI_ATRegion1_src_addr              
00000000  __TI_ATRegion1_trg_addr              
00000000  __TI_ATRegion2_region_sz             
00000000  __TI_ATRegion2_src_addr              
00000000  __TI_ATRegion2_trg_addr              
00005d9c  __TI_CINIT_Base                      
00005dac  __TI_CINIT_Limit                     
00005dac  __TI_CINIT_Warm                      
00005d88  __TI_Handler_Table_Base              
00005d94  __TI_Handler_Table_Limit             
0000421d  __TI_auto_init_nobinit_nopinit       
00003525  __TI_decompress_lzss                 
000053a1  __TI_decompress_none                 
ffffffff  __TI_pprof_out_hndl                  
000000c1  __TI_printfi_nofloat                 
ffffffff  __TI_prof_data_size                  
ffffffff  __TI_prof_data_start                 
00000000  __TI_static_base__                   
00005201  __TI_zero_init_nomemset              
00005900  __aeabi_ctype_table_                 
00005900  __aeabi_ctype_table_C                
0000382d  __aeabi_dcmpeq                       
00003869  __aeabi_dcmpge                       
0000387d  __aeabi_dcmpgt                       
00003855  __aeabi_dcmple                       
00003841  __aeabi_dcmplt                       
202012d0  __aeabi_errno                        
00005491  __aeabi_errno_addr                   
00003a59  __aeabi_idiv                         
000023cb  __aeabi_idiv0                        
00003a59  __aeabi_idivmod                      
00002f9f  __aeabi_ldiv0                        
00004aa9  __aeabi_llsl                         
000049a1  __aeabi_lmul                         
00005485  __aeabi_memclr                       
00005485  __aeabi_memclr4                      
00005485  __aeabi_memclr8                      
00005499  __aeabi_memcpy                       
00005499  __aeabi_memcpy4                      
00005499  __aeabi_memcpy8                      
00005435  __aeabi_memset                       
00005435  __aeabi_memset4                      
00005435  __aeabi_memset8                      
0000497d  __aeabi_ui2d                         
00004875  __aeabi_ui2f                         
00004035  __aeabi_uidiv                        
00004035  __aeabi_uidivmod                     
00005345  __aeabi_uldivmod                     
00004aa9  __ashldi3                            
ffffffff  __binit__                            
00003761  __cmpdf2                             
00003761  __eqdf2                              
0000497d  __floatunsidf                        
00004875  __floatunsisf                        
00003615  __gedf2                              
00003615  __gtdf2                              
00003761  __ledf2                              
00003761  __ltdf2                              
UNDEFED   __mpu_init                           
000049a1  __muldi3                             
00004259  __muldsi3                            
00003761  __nedf2                              
20207e00  __stack                              
20200000  __start___llvm_prf_bits              
20200000  __start___llvm_prf_cnts              
20200000  __stop___llvm_prf_bits               
20200000  __stop___llvm_prf_cnts               
00002efd  __udivmoddi4                         
0000489d  _c_int00_noargs                      
20200000  _sys_memory                          
UNDEFED   _system_post_cinit                   
000054c5  _system_pre_init                     
000054a1  abort                                
00004075  atoi                                 
ffffffff  binit                                
20201000  gPWM_AUDIOBackup                     
20201198  gSPI_LCDBackup                       
2020115c  gSynthState                          
202010bc  gTIMER_SAMPLEBackup                  
20201298  g_chord_increments                   
202012a4  g_chord_phases                       
202012dc  g_phase                              
202012e0  g_phase_increment                    
202012e4  g_systick_count                      
00000000  interruptVectors                     
00000929  main                                 
000049c5  memccpy                              
00003dc5  snprintf                             
00005425  wcslen                               


GLOBAL SYMBOLS: SORTED BY Symbol Address 

address   name                                 
-------   ----                                 
00000000  __TI_ATRegion0_region_sz             
00000000  __TI_ATRegion0_src_addr              
00000000  __TI_ATRegion0_trg_addr              
00000000  __TI_ATRegion1_region_sz             
00000000  __TI_ATRegion1_src_addr              
00000000  __TI_ATRegion1_trg_addr              
00000000  __TI_ATRegion2_region_sz             
00000000  __TI_ATRegion2_src_addr              
00000000  __TI_ATRegion2_trg_addr              
00000000  __TI_static_base__                   
00000000  interruptVectors                     
000000c1  __TI_printfi_nofloat                 
00000200  __STACK_SIZE                         
00000929  main                                 
00001000  __SYSMEM_SIZE                        
000015f9  LCD_Init                             
00001859  SYSCFG_DL_GPIO_init                  
00001d7d  LCD_PrintString                      
000021a1  LCD_DrawRect                         
000022b9  LCD_DrawLine                         
000023cb  __aeabi_idiv0                        
000023cd  DL_Timer_initTimerMode               
000027dd  DL_Timer_initFourCCPWMMode           
000028c9  DL_SYSCTL_configSYSPLL               
000029a9  DL_RTC_Common_initCalendar           
00002a81  SYSCFG_DL_ADC_ACCEL_init             
00002b55  SYSCFG_DL_initPower                  
00002da9  SYSCFG_DL_SYSCTL_SYSPLL_init         
00002e59  SYSCFG_DL_SYSCTL_init                
00002efd  __udivmoddi4                         
00002f9f  __aeabi_ldiv0                        
00002fa1  LCD_FillScreen                       
00003041  TIMG7_IRQHandler                     
00003171  SYSCFG_DL_ADC_JOY_init               
000034a9  Change_Preset                        
00003525  __TI_decompress_lzss                 
000035a1  SYSCFG_DL_PWM_AUDIO_init             
00003615  __gedf2                              
00003615  __gtdf2                              
00003761  __cmpdf2                             
00003761  __eqdf2                              
00003761  __ledf2                              
00003761  __ltdf2                              
00003761  __nedf2                              
000037c9  SYSCFG_DL_init                       
0000382d  __aeabi_dcmpeq                       
00003841  __aeabi_dcmplt                       
00003855  __aeabi_dcmple                       
00003869  __aeabi_dcmpge                       
0000387d  __aeabi_dcmpgt                       
00003891  ADC1_IRQHandler                      
00003951  LCD_PrintNumber                      
000039a9  SYSCFG_DL_I2C_0_init                 
00003a01  SYSCFG_DL_I2C_1_init                 
00003a59  __aeabi_idiv                         
00003a59  __aeabi_idivmod                      
00003c45  LCD_DrawPixel                        
00003c95  ADC0_IRQHandler                      
00003ce1  DL_ADC12_setClockConfig              
00003d79  DL_SYSCTL_switchMCLKfromSYSOSCtoHSCLK
00003dc5  snprintf                             
00003e5d  DL_SPI_init                          
00003ea5  DL_DMA_initChannel                   
00003f75  DL_Timer_setCaptureCompareOutCtl     
00003fb5  SYSCFG_DL_SPI_LCD_init               
00003ff5  SysTick_Handler                      
00004035  __aeabi_uidiv                        
00004035  __aeabi_uidivmod                     
00004075  atoi                                 
000040b5  Change_Instrument                    
000040f1  DL_Timer_setCaptureCompareCtl        
000041a5  SYSCFG_DL_DMA_CH1_init               
000041e1  SYSCFG_DL_TIMER_SAMPLE_init          
0000421d  __TI_auto_init_nobinit_nopinit       
00004259  __muldsi3                            
00004339  DL_I2C_setClockConfig                
0000436d  DL_Timer_setCaptCompUpdateMethod     
000043a1  DL_Timer_setCaptureCompareAction     
000043d5  DL_Timer_setCaptureCompareInput      
00004409  DL_Timer_setClockConfig              
0000443d  HardFault_Handler                    
00004561  SYSCFG_DL_OPA_0_init                 
000045c1  DL_Timer_setCaptureCompareValue      
000047fd  DL_SYSCTL_configFCC                  
0000484d  SYSCFG_DL_RTC_init                   
00004875  __aeabi_ui2f                         
00004875  __floatunsisf                        
0000489d  _c_int00_noargs                      
00004935  DL_SPI_setClockConfig                
0000497d  __aeabi_ui2d                         
0000497d  __floatunsidf                        
000049a1  __aeabi_lmul                         
000049a1  __muldi3                             
000049c5  memccpy                              
00004a89  DMA_IRQHandler                       
00004aa9  __aeabi_llsl                         
00004aa9  __ashldi3                            
00004d69  SYSCFG_DL_SYSCTL_CLK_init            
00005135  SYSCFG_DL_DMA_init                   
0000514d  SYSCFG_DL_GPAMP_0_init               
00005201  __TI_zero_init_nomemset              
00005217  DL_Common_delayCycles                
0000531d  Trigger_Note_Off                     
00005331  Trigger_Note_On                      
00005345  __aeabi_uldivmod                     
0000538f  TI_memcpy_small                      
000053a1  __TI_decompress_none                 
00005415  SYSCFG_DL_SYSTICK_init               
00005425  wcslen                               
00005435  __aeabi_memset                       
00005435  __aeabi_memset4                      
00005435  __aeabi_memset8                      
00005451  TI_memset_small                      
00005485  __aeabi_memclr                       
00005485  __aeabi_memclr4                      
00005485  __aeabi_memclr8                      
00005491  __aeabi_errno_addr                   
00005499  __aeabi_memcpy                       
00005499  __aeabi_memcpy4                      
00005499  __aeabi_memcpy8                      
000054a1  abort                                
000054a7  AES_IRQHandler                       
000054a7  CANFD0_IRQHandler                    
000054a7  DAC0_IRQHandler                      
000054a7  Default_Handler                      
000054a7  GROUP0_IRQHandler                    
000054a7  GROUP1_IRQHandler                    
000054a7  I2C0_IRQHandler                      
000054a7  I2C1_IRQHandler                      
000054a7  NMI_Handler                          
000054a7  PendSV_Handler                       
000054a7  RTC_IRQHandler                       
000054a7  SPI0_IRQHandler                      
000054a7  SPI1_IRQHandler                      
000054a7  SVC_Handler                          
000054a7  TIMA0_IRQHandler                     
000054a7  TIMA1_IRQHandler                     
000054a7  TIMG0_IRQHandler                     
000054a7  TIMG12_IRQHandler                    
000054a7  TIMG6_IRQHandler                     
000054a7  TIMG8_IRQHandler                     
000054a7  UART0_IRQHandler                     
000054a7  UART1_IRQHandler                     
000054a7  UART2_IRQHandler                     
000054a7  UART3_IRQHandler                     
000054aa  C$$EXIT                              
000054ab  HOSTexit                             
000054af  Reset_Handler                        
000054c5  _system_pre_init                     
00005900  __aeabi_ctype_table_                 
00005900  __aeabi_ctype_table_C                
00005d88  __TI_Handler_Table_Base              
00005d94  __TI_Handler_Table_Limit             
00005d9c  __TI_CINIT_Base                      
00005dac  __TI_CINIT_Limit                     
00005dac  __TI_CINIT_Warm                      
20200000  __start___llvm_prf_bits              
20200000  __start___llvm_prf_cnts              
20200000  __stop___llvm_prf_bits               
20200000  __stop___llvm_prf_cnts               
20200000  _sys_memory                          
20201000  gPWM_AUDIOBackup                     
202010bc  gTIMER_SAMPLEBackup                  
2020115c  gSynthState                          
20201198  gSPI_LCDBackup                       
20201298  g_chord_increments                   
202012a4  g_chord_phases                       
202012c8  DEBUG_main_loop_count                
202012cc  DEBUG_timer_irq_count                
202012d0  __aeabi_errno                        
202012dc  g_phase                              
202012e0  g_phase_increment                    
202012e4  g_systick_count                      
20207e00  __stack                              
20208000  __STACK_END                          
ffffffff  __TI_pprof_out_hndl                  
ffffffff  __TI_prof_data_size                  
ffffffff  __TI_prof_data_start                 
ffffffff  __binit__                            
ffffffff  binit                                
UNDEFED   __mpu_init                           
UNDEFED   _system_post_cinit                   

[182 symbols]
