******************************************************************************
            TI ARM Clang Linker PC v4.0.4                      
******************************************************************************
>> Linked Wed Dec 24 11:54:00 2025

OUTPUT FILE NAME:   <Motion_Music_studio.out>
ENTRY POINT SYMBOL: "_c_int00_noargs"  address: 00003c6d


MEMORY CONFIGURATION

         name            origin    length      used     unused   attr    fill
----------------------  --------  ---------  --------  --------  ----  --------
  FLASH                 00000000   00020000  00004e98  0001b168  R  X
  SRAM                  20200000   00008000  00001468  00006b98  RW X
  BCR_CONFIG            41c00000   000000ff  00000000  000000ff  R   
  BSL_CONFIG            41c00100   00000080  00000000  00000080  R   


SEGMENT ALLOCATION MAP

run origin  load origin   length   init length attrs members
----------  ----------- ---------- ----------- ----- -------
00000000    00000000    00004e98   00004e98    r-x
  00000000    00000000    000000c0   000000c0    r-- .intvecs
  000000c0    000000c0    00004690   00004690    r-x .text
  00004750    00004750    00000710   00000710    r-- .rodata
  00004e60    00004e60    00000038   00000038    r-- .cinit
20200000    20200000    00001268   00000000    rw-
  20200000    20200000    00001000   00000000    rw- .sysmem
  20201000    20201000    000001c0   00000000    rw- .bss
  202011c0    202011c0    000000a8   00000000    rw- .data
20207e00    20207e00    00000200   00000000    rw-
  20207e00    20207e00    00000200   00000000    rw- .stack


SECTION ALLOCATION MAP

 output                                  attributes/
section   page    origin      length       input sections
--------  ----  ----------  ----------   ----------------
.intvecs   0    00000000    000000c0     
                  00000000    000000c0     startup_mspm0g350x_ticlang.o (.intvecs)

.text      0    000000c0    00004690     
                  000000c0    00000868     libc.a : _printfi.c.obj (.text:__TI_printfi_nofloat)
                  00000928    00000260     lcd_driver.o (.text.LCD_Init)
                  00000b88    00000230     main.o (.text.main)
                  00000db8    00000200     ti_msp_dl_config.o (.text.SYSCFG_DL_GPIO_init)
                  00000fb8    000001c0     main.o (.text.Draw_VU_Meter)
                  00001178    00000184     main.o (.text.Generate_Audio_Sample)
                  000012fc    00000180     main.o (.text.Display_Update)
                  0000147c    00000180     lcd_driver.o (.text.LCD_PrintString)
                  000015fc    00000178     main.o (.text.Draw_Waveform)
                  00001774    0000014c     main.o (.text.Draw_Pitch_Bend_Indicator)
                  000018c0    00000112     lcd_driver.o (.text.LCD_DrawLine)
                  000019d2    00000002     main.o (.text.Init_Envelope_Tables)
                  000019d4    00000110     dl_timer.o (.text.DL_Timer_initTimerMode)
                  00001ae4    00000110     dl_timer.o (.text.DL_Timer_initTwoCCPWMMode)
                  00001bf4    00000100     lcd_driver.o (.text.LCD_DrawRect)
                  00001cf4    000000f0     main.o (.text.Update_Phase_Increment)
                  00001de4    000000ec     dl_timer.o (.text.DL_Timer_initFourCCPWMMode)
                  00001ed0    000000e0     dl_sysctl_mspm0g1x0x_g3x0x.o (.text.DL_SYSCTL_configSYSPLL)
                  00001fb0    000000dc     main.o (.text.Generate_Waveform)
                  0000208c    000000d8     dl_rtc_common.o (.text.DL_RTC_Common_initCalendar)
                  00002164    000000d8     libclang_rt.builtins.a : addsf3.S.obj (.text)
                  0000223c    000000d0     main.o (.text.Process_Joystick)
                  0000230c    000000d0     main.o (.text.TIMG7_IRQHandler)
                  000023dc    000000cc     main.o (.text.Process_Buttons)
                  000024a8    000000c0     ti_msp_dl_config.o (.text.SYSCFG_DL_initPower)
                  00002568    000000b8     ti_msp_dl_config.o (.text.SYSCFG_DL_ADC_ACCEL_init)
                  00002620    000000b0     ti_msp_dl_config.o (.text.SYSCFG_DL_SYSCTL_SYSPLL_init)
                  000026d0    000000a4     ti_msp_dl_config.o (.text.SYSCFG_DL_SYSCTL_init)
                  00002774    000000a2     libclang_rt.builtins.a : udivmoddi4.S.obj (.text)
                  00002816    00000002                            : aeabi_div0.c.obj (.text.__aeabi_idiv0)
                  00002818    000000a0     main.o (.text.Process_Pitch_Bend)
                  000028b8    0000008c     ti_msp_dl_config.o (.text.SYSCFG_DL_ADC_MIC_JOY_init)
                  00002944    0000008c     libclang_rt.builtins.a : mulsf3.S.obj (.text.__mulsf3)
                  000029d0    00000084     ti_msp_dl_config.o (.text.__NVIC_SetPriority)
                  00002a54    00000082     libclang_rt.builtins.a : divsf3.S.obj (.text.__divsf3)
                  00002ad6    00000002                            : aeabi_div0.c.obj (.text.__aeabi_ldiv0)
                  00002ad8    00000080     main.o (.text.Draw_Header)
                  00002b58    0000007c     libc.a : copy_decompress_lzss.c.obj (.text:decompress:lzss)
                  00002bd4    00000074     ti_msp_dl_config.o (.text.SYSCFG_DL_PWM_AUDIO_init)
                  00002c48    00000074     libclang_rt.builtins.a : comparedf2.c.obj (.text.__gedf2)
                  00002cbc    0000006c     lcd_driver.o (.text.LCD_SetWindow)
                  00002d28    00000068     libclang_rt.builtins.a : comparedf2.c.obj (.text.__ledf2)
                  00002d90    00000062                            : aeabi_dcmp.S.obj (.text.__aeabi_dcmp)
                  00002df2    00000002     --HOLE-- [fill = 0]
                  00002df4    00000062                            : aeabi_fcmp.S.obj (.text.__aeabi_fcmp)
                  00002e56    00000002     --HOLE-- [fill = 0]
                  00002e58    00000060     main.o (.text.ADC1_IRQHandler)
                  00002eb8    00000060     ti_msp_dl_config.o (.text.DL_ADC12_initSeqSample)
                  00002f18    00000058     lcd_driver.o (.text.LCD_PrintNumber)
                  00002f70    00000058     ti_msp_dl_config.o (.text.SYSCFG_DL_I2C_0_init)
                  00002fc8    00000058     ti_msp_dl_config.o (.text.SYSCFG_DL_I2C_1_init)
                  00003020    00000056     libclang_rt.builtins.a : aeabi_idivmod.S.obj (.text.__aeabi_idivmod)
                  00003076    00000002     --HOLE-- [fill = 0]
                  00003078    00000054     ti_msp_dl_config.o (.text.SYSCFG_DL_TIMER_SAMPLE_init)
                  000030cc    00000054     ti_msp_dl_config.o (.text.SYSCFG_DL_init)
                  00003120    00000050     main.o (.text.ADC0_IRQHandler)
                  00003170    00000050     ti_msp_dl_config.o (.text.DL_GPIO_initPeripheralInputFunctionFeatures)
                  000031c0    0000004e     lcd_driver.o (.text.LCD_DrawPixel)
                  0000320e    00000002     --HOLE-- [fill = 0]
                  00003210    0000004c     dl_adc12.o (.text.DL_ADC12_setClockConfig)
                  0000325c    0000004c     ti_msp_dl_config.o (.text.DL_GPIO_initDigitalInputFeatures)
                  000032a8    0000004c     dl_sysctl_mspm0g1x0x_g3x0x.o (.text.DL_SYSCTL_switchMCLKfromSYSOSCtoHSCLK)
                  000032f4    0000004c     libc.a : snprintf.c.obj (.text.snprintf)
                  00003340    0000004a     ti_msp_dl_config.o (.text.DL_ADC12_configConversionMem)
                  0000338a    00000002     --HOLE-- [fill = 0]
                  0000338c    00000048     main.o (.text.Change_Instrument)
                  000033d4    00000048     dl_spi.o (.text.DL_SPI_init)
                  0000341c    00000044     ti_msp_dl_config.o (.text.SYSCFG_DL_SPI_LCD_init)
                  00003460    00000040     dl_timer.o (.text.DL_Timer_setCaptureCompareOutCtl)
                  000034a0    00000040     libclang_rt.builtins.a : aeabi_uidivmod.S.obj (.text.__aeabi_uidivmod)
                  000034e0    00000040     libc.a : atoi.c.obj (.text.atoi)
                  00003520    0000003c     dl_timer.o (.text.DL_Timer_setCaptureCompareCtl)
                  0000355c    0000003c     dl_timer.o (.text.DL_Timer_setCounterControl)
                  00003598    0000003c     ti_msp_dl_config.o (.text.DL_Timer_setCounterControl)
                  000035d4    0000003c     lcd_driver.o (.text.LCD_WriteCommand)
                  00003610    0000003c     lcd_driver.o (.text.LCD_WriteData)
                  0000364c    0000003c     libclang_rt.builtins.a : floatsisf.S.obj (.text.__floatsisf)
                  00003688    0000003c                            : comparesf2.S.obj (.text.__gtsf2)
                  000036c4    0000003c     libc.a : autoinit.c.obj (.text:__TI_auto_init_nobinit_nopinit)
                  00003700    0000003a     libclang_rt.builtins.a : comparesf2.S.obj (.text.__eqsf2)
                  0000373a    00000002     --HOLE-- [fill = 0]
                  0000373c    0000003a                            : muldsi3.S.obj (.text.__muldsi3)
                  00003776    00000002     --HOLE-- [fill = 0]
                  00003778    00000038     ti_msp_dl_config.o (.text.DL_Timer_setPublisherChanID)
                  000037b0    00000038     libclang_rt.builtins.a : fixsfsi.S.obj (.text.__fixsfsi)
                  000037e8    00000034     dl_i2c.o (.text.DL_I2C_setClockConfig)
                  0000381c    00000034     dl_timer.o (.text.DL_Timer_setCaptCompUpdateMethod)
                  00003850    00000034     dl_timer.o (.text.DL_Timer_setCaptureCompareAction)
                  00003884    00000034     dl_timer.o (.text.DL_Timer_setCaptureCompareInput)
                  000038b8    00000034     dl_timer.o (.text.DL_Timer_setClockConfig)
                  000038ec    00000034     main.o (.text.HardFault_Handler)
                  00003920    00000032     libclang_rt.builtins.a : fixunssfsi.S.obj (.text.__fixunssfsi)
                  00003952    00000002     --HOLE-- [fill = 0]
                  00003954    00000030     main.o (.text.DL_ADC12_getMemResult)
                  00003984    00000030     ti_msp_dl_config.o (.text.DL_SPI_setFIFOThreshold)
                  000039b4    00000030     libc.a : snprintf.c.obj (.text._outs)
                  000039e4    0000002c     dl_timer.o (.text.DL_Timer_setCaptureCompareValue)
                  00003a10    0000002c     main.o (.text.__NVIC_EnableIRQ)
                  00003a3c    00000028     dl_adc12.o (.text.DL_Common_updateReg)
                  00003a64    00000028     dl_i2c.o (.text.DL_Common_updateReg)
                  00003a8c    00000028     dl_rtc_common.o (.text.DL_Common_updateReg)
                  00003ab4    00000028     dl_spi.o (.text.DL_Common_updateReg)
                  00003adc    00000028     dl_sysctl_mspm0g1x0x_g3x0x.o (.text.DL_Common_updateReg)
                  00003b04    00000028     dl_timer.o (.text.DL_Common_updateReg)
                  00003b2c    00000028     ti_msp_dl_config.o (.text.DL_Common_updateReg)
                  00003b54    00000028     ti_msp_dl_config.o (.text.DL_I2C_setControllerRXFIFOThreshold)
                  00003b7c    00000028     ti_msp_dl_config.o (.text.DL_I2C_setControllerTXFIFOThreshold)
                  00003ba4    00000028     dl_sysctl_mspm0g1x0x_g3x0x.o (.text.DL_SYSCTL_configFCC)
                  00003bcc    00000028     ti_msp_dl_config.o (.text.DL_SYSCTL_setPowerPolicySTANDBY0)
                  00003bf4    00000028     ti_msp_dl_config.o (.text.DL_Timer_enableEvent)
                  00003c1c    00000028     ti_msp_dl_config.o (.text.SYSCFG_DL_RTC_init)
                  00003c44    00000028     libclang_rt.builtins.a : floatunsisf.S.obj (.text.__floatunsisf)
                  00003c6c    00000028     libc.a : boot_cortex_m.c.obj (.text:_c_int00_noargs)
                  00003c94    00000026     ti_msp_dl_config.o (.text.DL_I2C_setAnalogGlitchFilterPulseWidth)
                  00003cba    00000002     --HOLE-- [fill = 0]
                  00003cbc    00000024     ti_msp_dl_config.o (.text.DL_SPI_setBitRateSerialClockDivider)
                  00003ce0    00000024     dl_spi.o (.text.DL_SPI_setClockConfig)
                  00003d04    00000024     libclang_rt.builtins.a : floatunsidf.S.obj (.text.__floatunsidf)
                  00003d28    00000024                            : muldi3.S.obj (.text.__muldi3)
                  00003d4c    00000022     libc.a : memccpy.c.obj (.text.memccpy)
                  00003d6e    00000002     --HOLE-- [fill = 0]
                  00003d70    00000020     dl_sysctl_mspm0g1x0x_g3x0x.o (.text.DL_CORE_configInstruction)
                  00003d90    00000020     dl_rtc_common.o (.text.DL_RTC_Common_setCalendarYearBinary)
                  00003db0    00000020     ti_msp_dl_config.o (.text.DL_SYSCTL_setFlashWaitState)
                  00003dd0    00000020     ti_msp_dl_config.o (.text.DL_SYSCTL_setMFPCLKSource)
                  00003df0    00000020     dl_timer.o (.text.DL_Timer_setCounterValueAfterEnable)
                  00003e10    0000001e     lcd_driver.o (.text.LCD_FillScreen)
                  00003e2e    00000002     --HOLE-- [fill = 0]
                  00003e30    0000001e     libclang_rt.builtins.a : ashldi3.S.obj (.text.__ashldi3)
                  00003e4e    00000002     --HOLE-- [fill = 0]
                  00003e50    0000001c     ti_msp_dl_config.o (.text.DL_ADC12_clearInterruptStatus)
                  00003e6c    0000001c     ti_msp_dl_config.o (.text.DL_ADC12_enableInterrupt)
                  00003e88    0000001c     main.o (.text.DL_ADC12_startConversion)
                  00003ea4    0000001c     ti_msp_dl_config.o (.text.DL_GPIO_clearInterruptStatus)
                  00003ec0    0000001c     ti_msp_dl_config.o (.text.DL_GPIO_enableHiZ)
                  00003edc    0000001c     ti_msp_dl_config.o (.text.DL_GPIO_enableInterrupt)
                  00003ef8    0000001c     ti_msp_dl_config.o (.text.DL_GPIO_initPeripheralOutputFunction)
                  00003f14    0000001c     ti_msp_dl_config.o (.text.DL_GPIO_setLowerPinsPolarity)
                  00003f30    0000001c     dl_rtc_common.o (.text.DL_RTC_Common_setCalendarMinutesBCD)
                  00003f4c    0000001c     dl_rtc_common.o (.text.DL_RTC_Common_setCalendarMinutesBinary)
                  00003f68    0000001c     dl_rtc_common.o (.text.DL_RTC_Common_setCalendarMonthBCD)
                  00003f84    0000001c     dl_rtc_common.o (.text.DL_RTC_Common_setCalendarMonthBinary)
                  00003fa0    0000001c     dl_rtc_common.o (.text.DL_RTC_Common_setCalendarSecondsBCD)
                  00003fbc    0000001c     dl_rtc_common.o (.text.DL_RTC_Common_setCalendarSecondsBinary)
                  00003fd8    0000001c     dl_rtc_common.o (.text.DL_RTC_Common_setCalendarYearBCD)
                  00003ff4    0000001c     dl_rtc_common.o (.text.DL_RTC_Common_setClockFormat)
                  00004010    0000001c     ti_msp_dl_config.o (.text.DL_SYSCTL_setFCCPeriods)
                  0000402c    0000001c     ti_msp_dl_config.o (.text.DL_SYSCTL_setMCLKDivider)
                  00004048    0000001c     ti_msp_dl_config.o (.text.DL_SYSCTL_setSYSOSCFreq)
                  00004064    0000001c     ti_msp_dl_config.o (.text.DL_SYSCTL_setULPCLKDivider)
                  00004080    0000001c     ti_msp_dl_config.o (.text.DL_SYSCTL_setVBOOSTConfig)
                  0000409c    0000001c     ti_msp_dl_config.o (.text.DL_Timer_enableInterrupt)
                  000040b8    0000001c     ti_msp_dl_config.o (.text.SYSCFG_DL_SYSCTL_CLK_init)
                  000040d4    0000001a     ti_msp_dl_config.o (.text.DL_ADC12_setSubscriberChanID)
                  000040ee    0000001a     dl_rtc_common.o (.text.DL_RTC_Common_setCalendarHoursBCD)
                  00004108    0000001a     dl_rtc_common.o (.text.DL_RTC_Common_setCalendarHoursBinary)
                  00004122    00000002     --HOLE-- [fill = 0]
                  00004124    00000018     ti_msp_dl_config.o (.text.DL_ADC12_enablePower)
                  0000413c    00000018     ti_msp_dl_config.o (.text.DL_ADC12_reset)
                  00004154    00000018     ti_msp_dl_config.o (.text.DL_ADC12_setSampleTime0)
                  0000416c    00000018     ti_msp_dl_config.o (.text.DL_GPIO_enableOutput)
                  00004184    00000018     ti_msp_dl_config.o (.text.DL_GPIO_enablePower)
                  0000419c    00000018     ti_msp_dl_config.o (.text.DL_GPIO_initDigitalOutput)
                  000041b4    00000018     ti_msp_dl_config.o (.text.DL_GPIO_reset)
                  000041cc    00000018     ti_msp_dl_config.o (.text.DL_GPIO_setAnalogInternalResistor)
                  000041e4    00000018     lcd_driver.o (.text.DL_GPIO_setPins)
                  000041fc    00000018     main.o (.text.DL_GPIO_setPins)
                  00004214    00000018     ti_msp_dl_config.o (.text.DL_GPIO_setPins)
                  0000422c    00000018     ti_msp_dl_config.o (.text.DL_GPIO_setUpperPinsPolarity)
                  00004244    00000018     main.o (.text.DL_GPIO_togglePins)
                  0000425c    00000018     ti_msp_dl_config.o (.text.DL_I2C_enableAnalogGlitchFilter)
                  00004274    00000018     ti_msp_dl_config.o (.text.DL_I2C_enableController)
                  0000428c    00000018     ti_msp_dl_config.o (.text.DL_I2C_enableControllerClockStretching)
                  000042a4    00000018     ti_msp_dl_config.o (.text.DL_I2C_enablePower)
                  000042bc    00000018     ti_msp_dl_config.o (.text.DL_I2C_reset)
                  000042d4    00000018     ti_msp_dl_config.o (.text.DL_I2C_setTimerPeriod)
                  000042ec    00000018     ti_msp_dl_config.o (.text.DL_RTC_Common_enablePower)
                  00004304    00000018     ti_msp_dl_config.o (.text.DL_RTC_Common_reset)
                  0000431c    00000018     ti_msp_dl_config.o (.text.DL_SPI_enable)
                  00004334    00000018     ti_msp_dl_config.o (.text.DL_SPI_enableLoopbackMode)
                  0000434c    00000018     ti_msp_dl_config.o (.text.DL_SPI_enablePower)
                  00004364    00000018     lcd_driver.o (.text.DL_SPI_isBusy)
                  0000437c    00000018     ti_msp_dl_config.o (.text.DL_SPI_reset)
                  00004394    00000018     ti_msp_dl_config.o (.text.DL_SYSCTL_enableInterrupt)
                  000043ac    00000018     ti_msp_dl_config.o (.text.DL_SYSCTL_setBORThreshold)
                  000043c4    00000018     dl_sysctl_mspm0g1x0x_g3x0x.o (.text.DL_SYSCTL_setHSCLKSource)
                  000043dc    00000018     ti_msp_dl_config.o (.text.DL_Timer_enablePower)
                  000043f4    00000018     ti_msp_dl_config.o (.text.DL_Timer_reset)
                  0000440c    00000018     dl_timer.o (.text.DL_Timer_setLoadValue)
                  00004424    00000018     main.o (.text.DL_Timer_startCounter)
                  0000443c    00000018     libc.a : snprintf.c.obj (.text._outc)
                  00004454    00000016     main.o (.text.DL_ADC12_enableConversions)
                  0000446a    00000016     ti_msp_dl_config.o (.text.DL_ADC12_enableConversions)
                  00004480    00000016     ti_msp_dl_config.o (.text.DL_GPIO_enableGlobalFastWake)
                  00004496    00000016     main.o (.text.DL_GPIO_readPins)
                  000044ac    00000016     lcd_driver.o (.text.DL_SPI_transmitData8)
                  000044c2    00000016     libc.a : copy_zero_init.c.obj (.text:decompress:ZI:__TI_zero_init_nomemset)
                  000044d8    00000014     dl_common.o (.text.DL_Common_delayCycles)
                  000044ec    00000014     ti_msp_dl_config.o (.text.DL_FlashCTL_enableInterrupt)
                  00004500    00000014     lcd_driver.o (.text.DL_GPIO_clearPins)
                  00004514    00000014     main.o (.text.DL_GPIO_clearPins)
                  00004528    00000014     ti_msp_dl_config.o (.text.DL_GPIO_clearPins)
                  0000453c    00000014     ti_msp_dl_config.o (.text.DL_I2C_resetControllerTransfer)
                  00004550    00000014     dl_sysctl_mspm0g1x0x_g3x0x.o (.text.DL_SYSCTL_disableSYSPLL)
                  00004564    00000014     ti_msp_dl_config.o (.text.DL_SYSCTL_disableSYSPLL)
                  00004578    00000014     ti_msp_dl_config.o (.text.DL_SYSCTL_enableMFCLK)
                  0000458c    00000014     dl_sysctl_mspm0g1x0x_g3x0x.o (.text.DL_SYSCTL_enableSYSPLL)
                  000045a0    00000014     ti_msp_dl_config.o (.text.DL_SYSCTL_enableSYSPLL)
                  000045b4    00000014     ti_msp_dl_config.o (.text.DL_Timer_enableClock)
                  000045c8    00000014     ti_msp_dl_config.o (.text.DL_Timer_setCCPDirection)
                  000045dc    00000014     main.o (.text.Trigger_Note_On)
                  000045f0    00000014     libclang_rt.builtins.a : aeabi_uldivmod.S.obj (.text.__aeabi_uldivmod)
                  00004604    00000012     main.o (.text.DL_ADC12_getPendingInterrupt)
                  00004616    00000012     main.o (.text.DL_Timer_getPendingInterrupt)
                  00004628    00000012     libc.a : memcpy16.S.obj (.text:TI_memcpy_small)
                  0000463a    00000012            : copy_decompress_none.c.obj (.text:decompress:none)
                  0000464c    00000010     dl_sysctl_mspm0g1x0x_g3x0x.o (.text.DL_CORE_getInstructionConfig)
                  0000465c    00000010     ti_msp_dl_config.o (.text.DL_SYSCTL_disableHFXT)
                  0000466c    00000010     ti_msp_dl_config.o (.text.DL_SYSCTL_enableMFPCLK)
                  0000467c    00000010     ti_msp_dl_config.o (.text.DL_SYSCTL_isFCCDone)
                  0000468c    00000010     ti_msp_dl_config.o (.text.DL_SYSCTL_startFCC)
                  0000469c    00000010     libc.a : wcslen.c.obj (.text.wcslen)
                  000046ac    0000000e     libclang_rt.builtins.a : aeabi_memset.S.obj (.text.__aeabi_memset)
                  000046ba    0000000e     libc.a : _printfi.c.obj (.text.strlen)
                  000046c8    0000000e            : strlen.c.obj (.text.strlen)
                  000046d6    0000000e            : memset16.S.obj (.text:TI_memset_small)
                  000046e4    0000000c     dl_sysctl_mspm0g1x0x_g3x0x.o (.text.DL_SYSCTL_getClockStatus)
                  000046f0    0000000c     ti_msp_dl_config.o (.text.DL_SYSCTL_getClockStatus)
                  000046fc    0000000c     ti_msp_dl_config.o (.text.DL_SYSCTL_readFCC)
                  00004708    0000000c     libclang_rt.builtins.a : aeabi_memset.S.obj (.text.__aeabi_memclr)
                  00004714    00000008     libc.a : aeabi_portable.c.obj (.text.__aeabi_errno_addr)
                  0000471c    00000008     libclang_rt.builtins.a : aeabi_memcpy.S.obj (.text.__aeabi_memcpy)
                  00004724    00000006     libc.a : exit.c.obj (.text:abort)
                  0000472a    00000004     startup_mspm0g350x_ticlang.o (.text.Default_Handler)
                  0000472e    00000004     libsysbm.a : hostexit.c.obj (.text.HOSTexit)
                  00004732    00000004     startup_mspm0g350x_ticlang.o (.text.Reset_Handler)
                  00004736    00000002     --HOLE-- [fill = 0]
                  00004738    00000010     libc.a : boot_cortex_m.c.obj (.tramp._c_int00_noargs.1)
                  00004748    00000004            : pre_init.c.obj (.text._system_pre_init)
                  0000474c    00000004     --HOLE-- [fill = 0]

.cinit     0    00004e60    00000038     
                  00004e60    00000014     (.cinit..data.load) [load image, compression = lzss]
                  00004e74    0000000c     (__TI_handler_table)
                  00004e80    00000008     (.cinit..bss.load) [load image, compression = zero_init]
                  00004e88    00000010     (__TI_cinit_table)

.rodata    0    00004750    00000710     
                  00004750    00000222     lcd_driver.o (.rodata.font_6x8)
                  00004972    00000200     main.o (.rodata.sine_table)
                  00004b72    0000000c     main.o (.rodata.str1.8154729771448623357.1)
                  00004b7e    00000002     ti_msp_dl_config.o (.rodata.gI2C_0ClockConfig)
                  00004b80    00000101     libc.a : aeabi_ctype.S.obj (.rodata:__aeabi_ctype_table_)
                  00004c81    00000003     ti_msp_dl_config.o (.rodata.gPWM_AUDIOClockConfig)
                  00004c84    00000064     main.o (.rodata.PITCH_BEND_TABLE)
                  00004ce8    00000050     main.o (.rodata.INSTRUMENTS)
                  00004d38    00000028     ti_msp_dl_config.o (.rodata.gSYSPLLConfig)
                  00004d60    00000021     ti_msp_dl_config.o (.rodata..L__const.SYSCFG_DL_GPIO_init.unusedPinIndexes)
                  00004d81    00000003     ti_msp_dl_config.o (.rodata.gTIMER_SAMPLEClockConfig)
                  00004d84    00000014     ti_msp_dl_config.o (.rodata.gTIMER_SAMPLETimerConfig)
                  00004d98    00000011     libc.a : _printfi.c.obj (.rodata.str1.10348868589481759720.1)
                  00004da9    00000011            : _printfi.c.obj (.rodata.str1.15363888844622738466.1)
                  00004dba    00000002     ti_msp_dl_config.o (.rodata.gI2C_1ClockConfig)
                  00004dbc    00000010     main.o (.rodata..L__const.Display_Update.wave_names)
                  00004dcc    0000000a     ti_msp_dl_config.o (.rodata.gSPI_LCD_config)
                  00004dd6    0000000a     main.o (.rodata.str1.18227636981041470289.1)
                  00004de0    00000008     ti_msp_dl_config.o (.rodata.gADC_ACCELClockConfig)
                  00004de8    00000008     ti_msp_dl_config.o (.rodata.gADC_MIC_JOYClockConfig)
                  00004df0    00000008     ti_msp_dl_config.o (.rodata.gPWM_AUDIOConfig)
                  00004df8    00000008     ti_msp_dl_config.o (.rodata.gRTCCalendarConfig)
                  00004e00    00000008     main.o (.rodata.str1.288608917962107522.1)
                  00004e08    00000007     main.o (.rodata.str1.15159059442110792349.1)
                  00004e0f    00000007     main.o (.rodata.str1.17100691992556644108.1)
                  00004e16    00000006     main.o (.rodata.str1.12180500075719773345.1)
                  00004e1c    00000006     main.o (.rodata.str1.2846389346932560359.1)
                  00004e22    00000005     main.o (.rodata.str1.10313062130652730376.1)
                  00004e27    00000005     main.o (.rodata.str1.14112174005742061988.1)
                  00004e2c    00000005     main.o (.rodata.str1.7702501944640899365.1)
                  00004e31    00000001     --HOLE-- [fill = 0]
                  00004e32    00000004     main.o (.rodata.ENV_INSTANT)
                  00004e36    00000004     main.o (.rodata.str1.11870794119293528247.1)
                  00004e3a    00000004     main.o (.rodata.str1.14079361385603432444.1)
                  00004e3e    00000004     main.o (.rodata.str1.2763581881760962609.1)
                  00004e42    00000004     main.o (.rodata.str1.8076846746581808073.1)
                  00004e46    00000004     main.o (.rodata.str1.8108965883388295311.1)
                  00004e4a    00000003     main.o (.rodata.str1.14402440632258215044.1)
                  00004e4d    00000003     main.o (.rodata.str1.15996357275703397564.1)
                  00004e50    00000003     main.o (.rodata.str1.16265332423659789559.1)
                  00004e53    00000003     lcd_driver.o (.rodata.str1.4301156551425074819.1)
                  00004e56    00000003     main.o (.rodata.str1.9059077390166914652.1)
                  00004e59    00000002     ti_msp_dl_config.o (.rodata.gSPI_LCD_clockConfig)
                  00004e5b    00000002     main.o (.rodata.str1.2123964117280943167.1)
                  00004e5d    00000003     --HOLE-- [fill = 0]

.init_array 
*          0    00000000    00000000     UNINITIALIZED

.binit     0    00000000    00000000     

.sysmem    0    20200000    00001000     UNINITIALIZED
                  20200000    00000010     libc.a : memory.c.obj (.sysmem)
                  20200010    00000ff0     --HOLE--

.bss       0    20201000    000001c0     UNINITIALIZED
                  20201000    000000bc     ti_msp_dl_config.o (.bss.gPWM_AUDIOBackup)
                  202010bc    000000a0     ti_msp_dl_config.o (.bss.gTIMER_SAMPLEBackup)
                  2020115c    0000003c     main.o (.bss.gSynthState)
                  20201198    00000028     ti_msp_dl_config.o (.bss.gSPI_LCDBackup)

.data      0    202011c0    000000a8     UNINITIALIZED
                  202011c0    00000080     main.o (.data.waveform_buffer)
                  20201240    00000004     main.o (.data.Process_Buttons.s1_prev)
                  20201244    00000004     main.o (.data.Process_Buttons.s2_prev)
                  20201248    00000004     libc.a : aeabi_portable.c.obj (.data.__aeabi_errno)
                  2020124c    00000004     main.o (.data.base_frequency_hz)
                  20201250    00000004     main.o (.data.envelope_phase)
                  20201254    00000004     main.o (.data.phase)
                  20201258    00000004     main.o (.data.phase_increment)
                  2020125c    00000002     main.o (.data.envelope_amplitude)
                  2020125e    00000002     main.o (.data.peak_level)
                  20201260    00000002     main.o (.data.vu_level)
                  20201262    00000001     main.o (.data.Process_Pitch_Bend.prev_semitones)
                  20201263    00000001     main.o (.data.current_instrument)
                  20201264    00000001     main.o (.data.peak_hold_counter)
                  20201265    00000001     main.o (.data.pitch_bend_semitones)
                  20201266    00000001     main.o (.data.waveform_decimate)
                  20201267    00000001     main.o (.data.waveform_write_idx)

.stack     0    20207e00    00000200     UNINITIALIZED
                  20207e00    00000004     libc.a : boot_cortex_m.c.obj (.stack)
                  20207e04    000001fc     --HOLE--

__llvm_prf_cnts 
*          0    20200000    00000000     UNINITIALIZED

__llvm_prf_bits 
*          0    20200000    00000000     UNINITIALIZED

MODULE SUMMARY

       Module                         code    ro data   rw data
       ------                         ----    -------   -------
    .\
       main.o                         4470    817       224    
       lcd_driver.o                   2036    549       0      
       startup_mspm0g350x_ticlang.o   8       192       0      
    +--+------------------------------+-------+---------+---------+
       Total:                         6514    1558      224    
                                                               
    .\syscfg\
       ti_msp_dl_config.o             4230    147       388    
    +--+------------------------------+-------+---------+---------+
       Total:                         4230    147       388    
                                                               
    .\ti\driverlib\
       dl_timer.o                     1312    0         0      
       dl_rtc_common.o                564     0         0      
       dl_spi.o                       148     0         0      
       dl_adc12.o                     116     0         0      
       dl_i2c.o                       92      0         0      
       dl_common.o                    20      0         0      
    +--+------------------------------+-------+---------+---------+
       Total:                         2252    0         0      
                                                               
    .\ti\driverlib\m0p\sysctl\
       dl_sysctl_mspm0g1x0x_g3x0x.o   504     0         0      
    +--+------------------------------+-------+---------+---------+
       Total:                         504     0         0      
                                                               
    C:\ti\ccs2040\ccs\tools\compiler\ti-cgt-armllvm_4.0.4.LTS\lib\armv6m-ti-none-eabi/c/libc.a
       _printfi.c.obj                 2166    34        0      
       aeabi_ctype.S.obj              0       257       0      
       snprintf.c.obj                 148     0         0      
       copy_decompress_lzss.c.obj     124     0         0      
       atoi.c.obj                     64      0         0      
       autoinit.c.obj                 60      0         0      
       boot_cortex_m.c.obj            56      0         0      
       memccpy.c.obj                  34      0         0      
       copy_zero_init.c.obj           22      0         0      
       copy_decompress_none.c.obj     18      0         0      
       memcpy16.S.obj                 18      0         0      
       wcslen.c.obj                   16      0         0      
       memset16.S.obj                 14      0         0      
       strlen.c.obj                   14      0         0      
       aeabi_portable.c.obj           8       0         4      
       exit.c.obj                     6       0         0      
       pre_init.c.obj                 4       0         0      
    +--+------------------------------+-------+---------+---------+
       Total:                         2772    291       4      
                                                               
    C:\ti\ccs2040\ccs\tools\compiler\ti-cgt-armllvm_4.0.4.LTS\lib\armv6m-ti-none-eabi/c/libsysbm.a
       hostexit.c.obj                 4       0         0      
    +--+------------------------------+-------+---------+---------+
       Total:                         4       0         0      
                                                               
    C:\ti\ccs2040\ccs\tools\compiler\ti-cgt-armllvm_4.0.4.LTS\lib\armv6m-ti-none-eabi/libclang_rt.builtins.a
       comparedf2.c.obj               220     0         0      
       addsf3.S.obj                   216     0         0      
       udivmoddi4.S.obj               162     0         0      
       mulsf3.S.obj                   140     0         0      
       divsf3.S.obj                   130     0         0      
       comparesf2.S.obj               118     0         0      
       aeabi_dcmp.S.obj               98      0         0      
       aeabi_fcmp.S.obj               98      0         0      
       aeabi_idivmod.S.obj            86      0         0      
       aeabi_uidivmod.S.obj           64      0         0      
       floatsisf.S.obj                60      0         0      
       muldsi3.S.obj                  58      0         0      
       fixsfsi.S.obj                  56      0         0      
       fixunssfsi.S.obj               50      0         0      
       floatunsisf.S.obj              40      0         0      
       floatunsidf.S.obj              36      0         0      
       muldi3.S.obj                   36      0         0      
       ashldi3.S.obj                  30      0         0      
       aeabi_memset.S.obj             26      0         0      
       aeabi_uldivmod.S.obj           20      0         0      
       aeabi_memcpy.S.obj             8       0         0      
       aeabi_div0.c.obj               4       0         0      
    +--+------------------------------+-------+---------+---------+
       Total:                         1756    0         0      
                                                               
       Heap:                          0       0         4096   
       Stack:                         0       0         512    
       Linker Generated:              0       56        0      
    +--+------------------------------+-------+---------+---------+
       Grand Total:                   18032   2052      5224   


LINKER GENERATED COPY TABLES

__TI_cinit_table @ 00004e88 records: 2, size/record: 8, table size: 16
	.data: load addr=00004e60, load size=00000014 bytes, run addr=202011c0, run size=000000a8 bytes, compression=lzss
	.bss: load addr=00004e80, load size=00000008 bytes, run addr=20201000, run size=000001c0 bytes, compression=zero_init


LINKER GENERATED HANDLER TABLE

__TI_handler_table @ 00004e74 records: 3, size/record: 4, table size: 12
	index: 0, handler: __TI_decompress_lzss
	index: 1, handler: __TI_decompress_none
	index: 2, handler: __TI_zero_init


FAR CALL TRAMPOLINES

callee name               trampoline name
   callee addr  tramp addr   call addr  call info
--------------  -----------  ---------  ----------------
_c_int00_noargs           $Tramp$TT$L$PI$$_c_int00_noargs
   00003c6d     00004738     00004732   startup_mspm0g350x_ticlang.o (.text.Reset_Handler)

[1 trampolines]
[1 trampoline calls]


GLOBAL SYMBOLS: SORTED ALPHABETICALLY BY Name 

address   name                                 
-------   ----                                 
00003121  ADC0_IRQHandler                      
00002e59  ADC1_IRQHandler                      
0000472b  AES_IRQHandler                       
0000472e  C$$EXIT                              
0000472b  CANFD0_IRQHandler                    
0000472b  DAC0_IRQHandler                      
00003211  DL_ADC12_setClockConfig              
000044d9  DL_Common_delayCycles                
000037e9  DL_I2C_setClockConfig                
0000208d  DL_RTC_Common_initCalendar           
000033d5  DL_SPI_init                          
00003ce1  DL_SPI_setClockConfig                
00003ba5  DL_SYSCTL_configFCC                  
00001ed1  DL_SYSCTL_configSYSPLL               
000032a9  DL_SYSCTL_switchMCLKfromSYSOSCtoHSCLK
00001de5  DL_Timer_initFourCCPWMMode           
000019d5  DL_Timer_initTimerMode               
0000381d  DL_Timer_setCaptCompUpdateMethod     
00003851  DL_Timer_setCaptureCompareAction     
00003521  DL_Timer_setCaptureCompareCtl        
00003885  DL_Timer_setCaptureCompareInput      
00003461  DL_Timer_setCaptureCompareOutCtl     
000039e5  DL_Timer_setCaptureCompareValue      
000038b9  DL_Timer_setClockConfig              
0000472b  DMA_IRQHandler                       
0000472b  Default_Handler                      
0000472b  GROUP0_IRQHandler                    
0000472b  GROUP1_IRQHandler                    
0000472f  HOSTexit                             
000038ed  HardFault_Handler                    
0000472b  I2C0_IRQHandler                      
0000472b  I2C1_IRQHandler                      
000018c1  LCD_DrawLine                         
000031c1  LCD_DrawPixel                        
00001bf5  LCD_DrawRect                         
00003e11  LCD_FillScreen                       
00000929  LCD_Init                             
00002f19  LCD_PrintNumber                      
0000147d  LCD_PrintString                      
0000472b  NMI_Handler                          
0000472b  PendSV_Handler                       
000023dd  Process_Buttons                      
0000472b  RTC_IRQHandler                       
00004733  Reset_Handler                        
0000472b  SPI0_IRQHandler                      
0000472b  SPI1_IRQHandler                      
0000472b  SVC_Handler                          
00002569  SYSCFG_DL_ADC_ACCEL_init             
000028b9  SYSCFG_DL_ADC_MIC_JOY_init           
00000db9  SYSCFG_DL_GPIO_init                  
00002f71  SYSCFG_DL_I2C_0_init                 
00002fc9  SYSCFG_DL_I2C_1_init                 
00002bd5  SYSCFG_DL_PWM_AUDIO_init             
00003c1d  SYSCFG_DL_RTC_init                   
0000341d  SYSCFG_DL_SPI_LCD_init               
000040b9  SYSCFG_DL_SYSCTL_CLK_init            
00002621  SYSCFG_DL_SYSCTL_SYSPLL_init         
000026d1  SYSCFG_DL_SYSCTL_init                
00003079  SYSCFG_DL_TIMER_SAMPLE_init          
000030cd  SYSCFG_DL_init                       
000024a9  SYSCFG_DL_initPower                  
0000472b  SysTick_Handler                      
0000472b  TIMA0_IRQHandler                     
0000472b  TIMA1_IRQHandler                     
0000472b  TIMG0_IRQHandler                     
0000472b  TIMG12_IRQHandler                    
0000472b  TIMG6_IRQHandler                     
0000230d  TIMG7_IRQHandler                     
0000472b  TIMG8_IRQHandler                     
00004629  TI_memcpy_small                      
000046d7  TI_memset_small                      
0000472b  UART0_IRQHandler                     
0000472b  UART1_IRQHandler                     
0000472b  UART2_IRQHandler                     
0000472b  UART3_IRQHandler                     
20208000  __STACK_END                          
00000200  __STACK_SIZE                         
00001000  __SYSMEM_SIZE                        
00000000  __TI_ATRegion0_region_sz             
00000000  __TI_ATRegion0_src_addr              
00000000  __TI_ATRegion0_trg_addr              
00000000  __TI_ATRegion1_region_sz             
00000000  __TI_ATRegion1_src_addr              
00000000  __TI_ATRegion1_trg_addr              
00000000  __TI_ATRegion2_region_sz             
00000000  __TI_ATRegion2_src_addr              
00000000  __TI_ATRegion2_trg_addr              
00004e88  __TI_CINIT_Base                      
00004e98  __TI_CINIT_Limit                     
00004e98  __TI_CINIT_Warm                      
00004e74  __TI_Handler_Table_Base              
00004e80  __TI_Handler_Table_Limit             
000036c5  __TI_auto_init_nobinit_nopinit       
00002b59  __TI_decompress_lzss                 
0000463b  __TI_decompress_none                 
ffffffff  __TI_pprof_out_hndl                  
000000c1  __TI_printfi_nofloat                 
ffffffff  __TI_prof_data_size                  
ffffffff  __TI_prof_data_start                 
00000000  __TI_static_base__                   
000044c3  __TI_zero_init_nomemset              
0000216f  __addsf3                             
00004b80  __aeabi_ctype_table_                 
00004b80  __aeabi_ctype_table_C                
00002d91  __aeabi_dcmpeq                       
00002dcd  __aeabi_dcmpge                       
00002de1  __aeabi_dcmpgt                       
00002db9  __aeabi_dcmple                       
00002da5  __aeabi_dcmplt                       
20201248  __aeabi_errno                        
00004715  __aeabi_errno_addr                   
000037b1  __aeabi_f2iz                         
00003921  __aeabi_f2uiz                        
0000216f  __aeabi_fadd                         
00002df5  __aeabi_fcmpeq                       
00002e31  __aeabi_fcmpge                       
00002e45  __aeabi_fcmpgt                       
00002e1d  __aeabi_fcmple                       
00002e09  __aeabi_fcmplt                       
00002a55  __aeabi_fdiv                         
00002945  __aeabi_fmul                         
00002165  __aeabi_fsub                         
0000364d  __aeabi_i2f                          
00003021  __aeabi_idiv                         
00002817  __aeabi_idiv0                        
00003021  __aeabi_idivmod                      
00002ad7  __aeabi_ldiv0                        
00003e31  __aeabi_llsl                         
00003d29  __aeabi_lmul                         
00004709  __aeabi_memclr                       
00004709  __aeabi_memclr4                      
00004709  __aeabi_memclr8                      
0000471d  __aeabi_memcpy                       
0000471d  __aeabi_memcpy4                      
0000471d  __aeabi_memcpy8                      
000046ad  __aeabi_memset                       
000046ad  __aeabi_memset4                      
000046ad  __aeabi_memset8                      
00003d05  __aeabi_ui2d                         
00003c45  __aeabi_ui2f                         
000034a1  __aeabi_uidiv                        
000034a1  __aeabi_uidivmod                     
000045f1  __aeabi_uldivmod                     
00003e31  __ashldi3                            
ffffffff  __binit__                            
00002d29  __cmpdf2                             
00003701  __cmpsf2                             
00002a55  __divsf3                             
00002d29  __eqdf2                              
00003701  __eqsf2                              
000037b1  __fixsfsi                            
00003921  __fixunssfsi                         
0000364d  __floatsisf                          
00003d05  __floatunsidf                        
00003c45  __floatunsisf                        
00002c49  __gedf2                              
00003689  __gesf2                              
00002c49  __gtdf2                              
00003689  __gtsf2                              
00002d29  __ledf2                              
00003701  __lesf2                              
00002d29  __ltdf2                              
00003701  __ltsf2                              
UNDEFED   __mpu_init                           
00003d29  __muldi3                             
0000373d  __muldsi3                            
00002945  __mulsf3                             
00002d29  __nedf2                              
00003701  __nesf2                              
20207e00  __stack                              
20200000  __start___llvm_prf_bits              
20200000  __start___llvm_prf_cnts              
20200000  __stop___llvm_prf_bits               
20200000  __stop___llvm_prf_cnts               
00002165  __subsf3                             
00002775  __udivmoddi4                         
00003c6d  _c_int00_noargs                      
20200000  _sys_memory                          
UNDEFED   _system_post_cinit                   
00004749  _system_pre_init                     
00004725  abort                                
000034e1  atoi                                 
ffffffff  binit                                
20201000  gPWM_AUDIOBackup                     
20201198  gSPI_LCDBackup                       
2020115c  gSynthState                          
202010bc  gTIMER_SAMPLEBackup                  
00000000  interruptVectors                     
00000b89  main                                 
00003d4d  memccpy                              
000032f5  snprintf                             
000046c9  strlen                               
0000469d  wcslen                               


GLOBAL SYMBOLS: SORTED BY Symbol Address 

address   name                                 
-------   ----                                 
00000000  __TI_ATRegion0_region_sz             
00000000  __TI_ATRegion0_src_addr              
00000000  __TI_ATRegion0_trg_addr              
00000000  __TI_ATRegion1_region_sz             
00000000  __TI_ATRegion1_src_addr              
00000000  __TI_ATRegion1_trg_addr              
00000000  __TI_ATRegion2_region_sz             
00000000  __TI_ATRegion2_src_addr              
00000000  __TI_ATRegion2_trg_addr              
00000000  __TI_static_base__                   
00000000  interruptVectors                     
000000c1  __TI_printfi_nofloat                 
00000200  __STACK_SIZE                         
00000929  LCD_Init                             
00000b89  main                                 
00000db9  SYSCFG_DL_GPIO_init                  
00001000  __SYSMEM_SIZE                        
0000147d  LCD_PrintString                      
000018c1  LCD_DrawLine                         
000019d5  DL_Timer_initTimerMode               
00001bf5  LCD_DrawRect                         
00001de5  DL_Timer_initFourCCPWMMode           
00001ed1  DL_SYSCTL_configSYSPLL               
0000208d  DL_RTC_Common_initCalendar           
00002165  __aeabi_fsub                         
00002165  __subsf3                             
0000216f  __addsf3                             
0000216f  __aeabi_fadd                         
0000230d  TIMG7_IRQHandler                     
000023dd  Process_Buttons                      
000024a9  SYSCFG_DL_initPower                  
00002569  SYSCFG_DL_ADC_ACCEL_init             
00002621  SYSCFG_DL_SYSCTL_SYSPLL_init         
000026d1  SYSCFG_DL_SYSCTL_init                
00002775  __udivmoddi4                         
00002817  __aeabi_idiv0                        
000028b9  SYSCFG_DL_ADC_MIC_JOY_init           
00002945  __aeabi_fmul                         
00002945  __mulsf3                             
00002a55  __aeabi_fdiv                         
00002a55  __divsf3                             
00002ad7  __aeabi_ldiv0                        
00002b59  __TI_decompress_lzss                 
00002bd5  SYSCFG_DL_PWM_AUDIO_init             
00002c49  __gedf2                              
00002c49  __gtdf2                              
00002d29  __cmpdf2                             
00002d29  __eqdf2                              
00002d29  __ledf2                              
00002d29  __ltdf2                              
00002d29  __nedf2                              
00002d91  __aeabi_dcmpeq                       
00002da5  __aeabi_dcmplt                       
00002db9  __aeabi_dcmple                       
00002dcd  __aeabi_dcmpge                       
00002de1  __aeabi_dcmpgt                       
00002df5  __aeabi_fcmpeq                       
00002e09  __aeabi_fcmplt                       
00002e1d  __aeabi_fcmple                       
00002e31  __aeabi_fcmpge                       
00002e45  __aeabi_fcmpgt                       
00002e59  ADC1_IRQHandler                      
00002f19  LCD_PrintNumber                      
00002f71  SYSCFG_DL_I2C_0_init                 
00002fc9  SYSCFG_DL_I2C_1_init                 
00003021  __aeabi_idiv                         
00003021  __aeabi_idivmod                      
00003079  SYSCFG_DL_TIMER_SAMPLE_init          
000030cd  SYSCFG_DL_init                       
00003121  ADC0_IRQHandler                      
000031c1  LCD_DrawPixel                        
00003211  DL_ADC12_setClockConfig              
000032a9  DL_SYSCTL_switchMCLKfromSYSOSCtoHSCLK
000032f5  snprintf                             
000033d5  DL_SPI_init                          
0000341d  SYSCFG_DL_SPI_LCD_init               
00003461  DL_Timer_setCaptureCompareOutCtl     
000034a1  __aeabi_uidiv                        
000034a1  __aeabi_uidivmod                     
000034e1  atoi                                 
00003521  DL_Timer_setCaptureCompareCtl        
0000364d  __aeabi_i2f                          
0000364d  __floatsisf                          
00003689  __gesf2                              
00003689  __gtsf2                              
000036c5  __TI_auto_init_nobinit_nopinit       
00003701  __cmpsf2                             
00003701  __eqsf2                              
00003701  __lesf2                              
00003701  __ltsf2                              
00003701  __nesf2                              
0000373d  __muldsi3                            
000037b1  __aeabi_f2iz                         
000037b1  __fixsfsi                            
000037e9  DL_I2C_setClockConfig                
0000381d  DL_Timer_setCaptCompUpdateMethod     
00003851  DL_Timer_setCaptureCompareAction     
00003885  DL_Timer_setCaptureCompareInput      
000038b9  DL_Timer_setClockConfig              
000038ed  HardFault_Handler                    
00003921  __aeabi_f2uiz                        
00003921  __fixunssfsi                         
000039e5  DL_Timer_setCaptureCompareValue      
00003ba5  DL_SYSCTL_configFCC                  
00003c1d  SYSCFG_DL_RTC_init                   
00003c45  __aeabi_ui2f                         
00003c45  __floatunsisf                        
00003c6d  _c_int00_noargs                      
00003ce1  DL_SPI_setClockConfig                
00003d05  __aeabi_ui2d                         
00003d05  __floatunsidf                        
00003d29  __aeabi_lmul                         
00003d29  __muldi3                             
00003d4d  memccpy                              
00003e11  LCD_FillScreen                       
00003e31  __aeabi_llsl                         
00003e31  __ashldi3                            
000040b9  SYSCFG_DL_SYSCTL_CLK_init            
000044c3  __TI_zero_init_nomemset              
000044d9  DL_Common_delayCycles                
000045f1  __aeabi_uldivmod                     
00004629  TI_memcpy_small                      
0000463b  __TI_decompress_none                 
0000469d  wcslen                               
000046ad  __aeabi_memset                       
000046ad  __aeabi_memset4                      
000046ad  __aeabi_memset8                      
000046c9  strlen                               
000046d7  TI_memset_small                      
00004709  __aeabi_memclr                       
00004709  __aeabi_memclr4                      
00004709  __aeabi_memclr8                      
00004715  __aeabi_errno_addr                   
0000471d  __aeabi_memcpy                       
0000471d  __aeabi_memcpy4                      
0000471d  __aeabi_memcpy8                      
00004725  abort                                
0000472b  AES_IRQHandler                       
0000472b  CANFD0_IRQHandler                    
0000472b  DAC0_IRQHandler                      
0000472b  DMA_IRQHandler                       
0000472b  Default_Handler                      
0000472b  GROUP0_IRQHandler                    
0000472b  GROUP1_IRQHandler                    
0000472b  I2C0_IRQHandler                      
0000472b  I2C1_IRQHandler                      
0000472b  NMI_Handler                          
0000472b  PendSV_Handler                       
0000472b  RTC_IRQHandler                       
0000472b  SPI0_IRQHandler                      
0000472b  SPI1_IRQHandler                      
0000472b  SVC_Handler                          
0000472b  SysTick_Handler                      
0000472b  TIMA0_IRQHandler                     
0000472b  TIMA1_IRQHandler                     
0000472b  TIMG0_IRQHandler                     
0000472b  TIMG12_IRQHandler                    
0000472b  TIMG6_IRQHandler                     
0000472b  TIMG8_IRQHandler                     
0000472b  UART0_IRQHandler                     
0000472b  UART1_IRQHandler                     
0000472b  UART2_IRQHandler                     
0000472b  UART3_IRQHandler                     
0000472e  C$$EXIT                              
0000472f  HOSTexit                             
00004733  Reset_Handler                        
00004749  _system_pre_init                     
00004b80  __aeabi_ctype_table_                 
00004b80  __aeabi_ctype_table_C                
00004e74  __TI_Handler_Table_Base              
00004e80  __TI_Handler_Table_Limit             
00004e88  __TI_CINIT_Base                      
00004e98  __TI_CINIT_Limit                     
00004e98  __TI_CINIT_Warm                      
20200000  __start___llvm_prf_bits              
20200000  __start___llvm_prf_cnts              
20200000  __stop___llvm_prf_bits               
20200000  __stop___llvm_prf_cnts               
20200000  _sys_memory                          
20201000  gPWM_AUDIOBackup                     
202010bc  gTIMER_SAMPLEBackup                  
2020115c  gSynthState                          
20201198  gSPI_LCDBackup                       
20201248  __aeabi_errno                        
20207e00  __stack                              
20208000  __STACK_END                          
ffffffff  __TI_pprof_out_hndl                  
ffffffff  __TI_prof_data_size                  
ffffffff  __TI_prof_data_start                 
ffffffff  __binit__                            
ffffffff  binit                                
UNDEFED   __mpu_init                           
UNDEFED   _system_post_cinit                   

[193 symbols]
