<?xml version="1.0" encoding="ISO-8859-1" ?>
<link_info>
   <banner>TI ARM Clang Linker PC v4.0.4.LTS</banner>
   <copyright>Copyright (c) 1996-2018 Texas Instruments Incorporated</copyright>
   <command_line>C:\ti\ccs2040\ccs\tools\compiler\ti-cgt-armllvm_4.0.4.LTS\bin\tiarmlnk -IC:\ti\ccs2040\ccs\tools\compiler\ti-cgt-armllvm_4.0.4.LTS\lib -o Motion_Music_studio.out -mMotion_Music_studio.map --heap_size=0x1000 --stack_size=0x2000 -iC:/ti/mspm0_sdk_2_09_00_01/source/ti/driverlib/lib/ticlang/m0p/mspm0g1x0x_g3x0x -iC:/ti/mspm0_sdk_2_09_00_01/source/ti/iqmath/lib/ticlang/m0p/mathacl/mspm0g1x0x_g3x0x -iC:/Users/obsfe/workspace_ccstheia/Motion_Music_studio -iC:/Users/obsfe/workspace_ccstheia/Motion_Music_studio/Debug/syscfg -iC:/ti/ccs2040/ccs/tools/compiler/ti-cgt-armllvm_4.0.4.LTS/lib --reread_libs --diag_wrap=off --display_error_number --warn_sections --xml_link_info=Motion_Music_studio_linkInfo.xml --rom_model ./lcd_driver.o ./main.o ./syscfg/ti_msp_dl_config.o ./startup_mspm0g350x_ticlang.o ./ti/driverlib/dl_adc12.o ./ti/driverlib/dl_aes.o ./ti/driverlib/dl_aesadv.o ./ti/driverlib/dl_common.o ./ti/driverlib/dl_comp.o ./ti/driverlib/dl_crc.o ./ti/driverlib/dl_crcp.o ./ti/driverlib/dl_dac12.o ./ti/driverlib/dl_dma.o ./ti/driverlib/dl_flashctl.o ./ti/driverlib/dl_gpamp.o ./ti/driverlib/dl_gpio.o ./ti/driverlib/dl_i2c.o ./ti/driverlib/dl_i2s.o ./ti/driverlib/dl_iwdt.o ./ti/driverlib/dl_keystorectl.o ./ti/driverlib/dl_lcd.o ./ti/driverlib/dl_lfss.o ./ti/driverlib/dl_mathacl.o ./ti/driverlib/dl_mcan.o ./ti/driverlib/dl_npu.o ./ti/driverlib/dl_opa.o ./ti/driverlib/dl_rtc.o ./ti/driverlib/dl_rtc_a.o ./ti/driverlib/dl_rtc_b.o ./ti/driverlib/dl_rtc_common.o ./ti/driverlib/dl_scratchpad.o ./ti/driverlib/dl_spgss.o ./ti/driverlib/dl_spi.o ./ti/driverlib/dl_tamperio.o ./ti/driverlib/dl_timer.o ./ti/driverlib/dl_timera.o ./ti/driverlib/dl_timerb.o ./ti/driverlib/dl_timerg.o ./ti/driverlib/dl_trng.o ./ti/driverlib/dl_uart.o ./ti/driverlib/dl_unicomm.o ./ti/driverlib/dl_unicommi2cc.o ./ti/driverlib/dl_unicommi2ct.o ./ti/driverlib/dl_unicommspi.o ./ti/driverlib/dl_unicommuart.o ./ti/driverlib/dl_vref.o ./ti/driverlib/dl_wwdt.o ./ti/driverlib/m0p/dl_factoryregion.o ./ti/driverlib/m0p/dl_interrupt.o ./ti/driverlib/m0p/sysctl/dl_sysctl_mspm0c1105_c1106.o ./ti/driverlib/m0p/sysctl/dl_sysctl_mspm0c110x.o ./ti/driverlib/m0p/sysctl/dl_sysctl_mspm0g1x0x_g3x0x.o ./ti/driverlib/m0p/sysctl/dl_sysctl_mspm0g352x.o ./ti/driverlib/m0p/sysctl/dl_sysctl_mspm0g511x.o ./ti/driverlib/m0p/sysctl/dl_sysctl_mspm0g518x.o ./ti/driverlib/m0p/sysctl/dl_sysctl_mspm0gx218_gx207.o ./ti/driverlib/m0p/sysctl/dl_sysctl_mspm0gx51x.o ./ti/driverlib/m0p/sysctl/dl_sysctl_mspm0h321x.o ./ti/driverlib/m0p/sysctl/dl_sysctl_mspm0l111x.o ./ti/driverlib/m0p/sysctl/dl_sysctl_mspm0l11xx_l13xx.o ./ti/driverlib/m0p/sysctl/dl_sysctl_mspm0l122x_l222x.o ./ti/driverlib/m0p/sysctl/dl_sysctl_mspm0l211x_l112x.o -lsyscfg/device_linker.cmd -lC:/ti/mspm0_sdk_2_09_00_01/source/ti/driverlib/lib/ticlang/m0p/mspm0g1x0x_g3x0x/driverlib.a -lC:/ti/mspm0_sdk_2_09_00_01/source/ti/iqmath/lib/ticlang/m0p/mathacl/mspm0g1x0x_g3x0x/iqmath.a -llibc.a --start-group -llibc++.a -llibc++abi.a -llibc.a -llibsys.a -llibsysbm.a -llibclang_rt.builtins.a -llibclang_rt.profile.a --end-group --cg_opt_level=0</command_line>
   <link_time>0x694e862d</link_time>
   <link_errors>0x0</link_errors>
   <output_file>C:\Users\obsfe\workspace_ccstheia\Motion_Music_studio\Debug\Motion_Music_studio.out</output_file>
   <entry_point>
      <name>_c_int00_noargs</name>
      <address>0x41b9</address>
   </entry_point>
   <input_file_list>
      <input_file id="fl-1">
         <path>C:\Users\obsfe\workspace_ccstheia\Motion_Music_studio\Debug\.\</path>
         <kind>object</kind>
         <file>lcd_driver.o</file>
         <name>lcd_driver.o</name>
      </input_file>
      <input_file id="fl-2">
         <path>C:\Users\obsfe\workspace_ccstheia\Motion_Music_studio\Debug\.\</path>
         <kind>object</kind>
         <file>main.o</file>
         <name>main.o</name>
      </input_file>
      <input_file id="fl-3">
         <path>C:\Users\obsfe\workspace_ccstheia\Motion_Music_studio\Debug\.\syscfg\</path>
         <kind>object</kind>
         <file>ti_msp_dl_config.o</file>
         <name>ti_msp_dl_config.o</name>
      </input_file>
      <input_file id="fl-4">
         <path>C:\Users\obsfe\workspace_ccstheia\Motion_Music_studio\Debug\.\</path>
         <kind>object</kind>
         <file>startup_mspm0g350x_ticlang.o</file>
         <name>startup_mspm0g350x_ticlang.o</name>
      </input_file>
      <input_file id="fl-5">
         <path>C:\Users\obsfe\workspace_ccstheia\Motion_Music_studio\Debug\.\ti\driverlib\</path>
         <kind>object</kind>
         <file>dl_adc12.o</file>
         <name>dl_adc12.o</name>
      </input_file>
      <input_file id="fl-6">
         <path>C:\Users\obsfe\workspace_ccstheia\Motion_Music_studio\Debug\.\ti\driverlib\</path>
         <kind>object</kind>
         <file>dl_aes.o</file>
         <name>dl_aes.o</name>
      </input_file>
      <input_file id="fl-7">
         <path>C:\Users\obsfe\workspace_ccstheia\Motion_Music_studio\Debug\.\ti\driverlib\</path>
         <kind>object</kind>
         <file>dl_aesadv.o</file>
         <name>dl_aesadv.o</name>
      </input_file>
      <input_file id="fl-8">
         <path>C:\Users\obsfe\workspace_ccstheia\Motion_Music_studio\Debug\.\ti\driverlib\</path>
         <kind>object</kind>
         <file>dl_common.o</file>
         <name>dl_common.o</name>
      </input_file>
      <input_file id="fl-9">
         <path>C:\Users\obsfe\workspace_ccstheia\Motion_Music_studio\Debug\.\ti\driverlib\</path>
         <kind>object</kind>
         <file>dl_comp.o</file>
         <name>dl_comp.o</name>
      </input_file>
      <input_file id="fl-a">
         <path>C:\Users\obsfe\workspace_ccstheia\Motion_Music_studio\Debug\.\ti\driverlib\</path>
         <kind>object</kind>
         <file>dl_crc.o</file>
         <name>dl_crc.o</name>
      </input_file>
      <input_file id="fl-b">
         <path>C:\Users\obsfe\workspace_ccstheia\Motion_Music_studio\Debug\.\ti\driverlib\</path>
         <kind>object</kind>
         <file>dl_crcp.o</file>
         <name>dl_crcp.o</name>
      </input_file>
      <input_file id="fl-c">
         <path>C:\Users\obsfe\workspace_ccstheia\Motion_Music_studio\Debug\.\ti\driverlib\</path>
         <kind>object</kind>
         <file>dl_dac12.o</file>
         <name>dl_dac12.o</name>
      </input_file>
      <input_file id="fl-d">
         <path>C:\Users\obsfe\workspace_ccstheia\Motion_Music_studio\Debug\.\ti\driverlib\</path>
         <kind>object</kind>
         <file>dl_dma.o</file>
         <name>dl_dma.o</name>
      </input_file>
      <input_file id="fl-e">
         <path>C:\Users\obsfe\workspace_ccstheia\Motion_Music_studio\Debug\.\ti\driverlib\</path>
         <kind>object</kind>
         <file>dl_flashctl.o</file>
         <name>dl_flashctl.o</name>
      </input_file>
      <input_file id="fl-f">
         <path>C:\Users\obsfe\workspace_ccstheia\Motion_Music_studio\Debug\.\ti\driverlib\</path>
         <kind>object</kind>
         <file>dl_gpamp.o</file>
         <name>dl_gpamp.o</name>
      </input_file>
      <input_file id="fl-10">
         <path>C:\Users\obsfe\workspace_ccstheia\Motion_Music_studio\Debug\.\ti\driverlib\</path>
         <kind>object</kind>
         <file>dl_gpio.o</file>
         <name>dl_gpio.o</name>
      </input_file>
      <input_file id="fl-11">
         <path>C:\Users\obsfe\workspace_ccstheia\Motion_Music_studio\Debug\.\ti\driverlib\</path>
         <kind>object</kind>
         <file>dl_i2c.o</file>
         <name>dl_i2c.o</name>
      </input_file>
      <input_file id="fl-12">
         <path>C:\Users\obsfe\workspace_ccstheia\Motion_Music_studio\Debug\.\ti\driverlib\</path>
         <kind>object</kind>
         <file>dl_i2s.o</file>
         <name>dl_i2s.o</name>
      </input_file>
      <input_file id="fl-13">
         <path>C:\Users\obsfe\workspace_ccstheia\Motion_Music_studio\Debug\.\ti\driverlib\</path>
         <kind>object</kind>
         <file>dl_iwdt.o</file>
         <name>dl_iwdt.o</name>
      </input_file>
      <input_file id="fl-14">
         <path>C:\Users\obsfe\workspace_ccstheia\Motion_Music_studio\Debug\.\ti\driverlib\</path>
         <kind>object</kind>
         <file>dl_keystorectl.o</file>
         <name>dl_keystorectl.o</name>
      </input_file>
      <input_file id="fl-15">
         <path>C:\Users\obsfe\workspace_ccstheia\Motion_Music_studio\Debug\.\ti\driverlib\</path>
         <kind>object</kind>
         <file>dl_lcd.o</file>
         <name>dl_lcd.o</name>
      </input_file>
      <input_file id="fl-16">
         <path>C:\Users\obsfe\workspace_ccstheia\Motion_Music_studio\Debug\.\ti\driverlib\</path>
         <kind>object</kind>
         <file>dl_lfss.o</file>
         <name>dl_lfss.o</name>
      </input_file>
      <input_file id="fl-17">
         <path>C:\Users\obsfe\workspace_ccstheia\Motion_Music_studio\Debug\.\ti\driverlib\</path>
         <kind>object</kind>
         <file>dl_mathacl.o</file>
         <name>dl_mathacl.o</name>
      </input_file>
      <input_file id="fl-18">
         <path>C:\Users\obsfe\workspace_ccstheia\Motion_Music_studio\Debug\.\ti\driverlib\</path>
         <kind>object</kind>
         <file>dl_mcan.o</file>
         <name>dl_mcan.o</name>
      </input_file>
      <input_file id="fl-19">
         <path>C:\Users\obsfe\workspace_ccstheia\Motion_Music_studio\Debug\.\ti\driverlib\</path>
         <kind>object</kind>
         <file>dl_npu.o</file>
         <name>dl_npu.o</name>
      </input_file>
      <input_file id="fl-1a">
         <path>C:\Users\obsfe\workspace_ccstheia\Motion_Music_studio\Debug\.\ti\driverlib\</path>
         <kind>object</kind>
         <file>dl_opa.o</file>
         <name>dl_opa.o</name>
      </input_file>
      <input_file id="fl-1b">
         <path>C:\Users\obsfe\workspace_ccstheia\Motion_Music_studio\Debug\.\ti\driverlib\</path>
         <kind>object</kind>
         <file>dl_rtc.o</file>
         <name>dl_rtc.o</name>
      </input_file>
      <input_file id="fl-1c">
         <path>C:\Users\obsfe\workspace_ccstheia\Motion_Music_studio\Debug\.\ti\driverlib\</path>
         <kind>object</kind>
         <file>dl_rtc_a.o</file>
         <name>dl_rtc_a.o</name>
      </input_file>
      <input_file id="fl-1d">
         <path>C:\Users\obsfe\workspace_ccstheia\Motion_Music_studio\Debug\.\ti\driverlib\</path>
         <kind>object</kind>
         <file>dl_rtc_b.o</file>
         <name>dl_rtc_b.o</name>
      </input_file>
      <input_file id="fl-1e">
         <path>C:\Users\obsfe\workspace_ccstheia\Motion_Music_studio\Debug\.\ti\driverlib\</path>
         <kind>object</kind>
         <file>dl_rtc_common.o</file>
         <name>dl_rtc_common.o</name>
      </input_file>
      <input_file id="fl-1f">
         <path>C:\Users\obsfe\workspace_ccstheia\Motion_Music_studio\Debug\.\ti\driverlib\</path>
         <kind>object</kind>
         <file>dl_scratchpad.o</file>
         <name>dl_scratchpad.o</name>
      </input_file>
      <input_file id="fl-20">
         <path>C:\Users\obsfe\workspace_ccstheia\Motion_Music_studio\Debug\.\ti\driverlib\</path>
         <kind>object</kind>
         <file>dl_spgss.o</file>
         <name>dl_spgss.o</name>
      </input_file>
      <input_file id="fl-21">
         <path>C:\Users\obsfe\workspace_ccstheia\Motion_Music_studio\Debug\.\ti\driverlib\</path>
         <kind>object</kind>
         <file>dl_spi.o</file>
         <name>dl_spi.o</name>
      </input_file>
      <input_file id="fl-22">
         <path>C:\Users\obsfe\workspace_ccstheia\Motion_Music_studio\Debug\.\ti\driverlib\</path>
         <kind>object</kind>
         <file>dl_tamperio.o</file>
         <name>dl_tamperio.o</name>
      </input_file>
      <input_file id="fl-23">
         <path>C:\Users\obsfe\workspace_ccstheia\Motion_Music_studio\Debug\.\ti\driverlib\</path>
         <kind>object</kind>
         <file>dl_timer.o</file>
         <name>dl_timer.o</name>
      </input_file>
      <input_file id="fl-24">
         <path>C:\Users\obsfe\workspace_ccstheia\Motion_Music_studio\Debug\.\ti\driverlib\</path>
         <kind>object</kind>
         <file>dl_timera.o</file>
         <name>dl_timera.o</name>
      </input_file>
      <input_file id="fl-25">
         <path>C:\Users\obsfe\workspace_ccstheia\Motion_Music_studio\Debug\.\ti\driverlib\</path>
         <kind>object</kind>
         <file>dl_timerb.o</file>
         <name>dl_timerb.o</name>
      </input_file>
      <input_file id="fl-26">
         <path>C:\Users\obsfe\workspace_ccstheia\Motion_Music_studio\Debug\.\ti\driverlib\</path>
         <kind>object</kind>
         <file>dl_timerg.o</file>
         <name>dl_timerg.o</name>
      </input_file>
      <input_file id="fl-27">
         <path>C:\Users\obsfe\workspace_ccstheia\Motion_Music_studio\Debug\.\ti\driverlib\</path>
         <kind>object</kind>
         <file>dl_trng.o</file>
         <name>dl_trng.o</name>
      </input_file>
      <input_file id="fl-28">
         <path>C:\Users\obsfe\workspace_ccstheia\Motion_Music_studio\Debug\.\ti\driverlib\</path>
         <kind>object</kind>
         <file>dl_uart.o</file>
         <name>dl_uart.o</name>
      </input_file>
      <input_file id="fl-29">
         <path>C:\Users\obsfe\workspace_ccstheia\Motion_Music_studio\Debug\.\ti\driverlib\</path>
         <kind>object</kind>
         <file>dl_unicomm.o</file>
         <name>dl_unicomm.o</name>
      </input_file>
      <input_file id="fl-2a">
         <path>C:\Users\obsfe\workspace_ccstheia\Motion_Music_studio\Debug\.\ti\driverlib\</path>
         <kind>object</kind>
         <file>dl_unicommi2cc.o</file>
         <name>dl_unicommi2cc.o</name>
      </input_file>
      <input_file id="fl-2b">
         <path>C:\Users\obsfe\workspace_ccstheia\Motion_Music_studio\Debug\.\ti\driverlib\</path>
         <kind>object</kind>
         <file>dl_unicommi2ct.o</file>
         <name>dl_unicommi2ct.o</name>
      </input_file>
      <input_file id="fl-2c">
         <path>C:\Users\obsfe\workspace_ccstheia\Motion_Music_studio\Debug\.\ti\driverlib\</path>
         <kind>object</kind>
         <file>dl_unicommspi.o</file>
         <name>dl_unicommspi.o</name>
      </input_file>
      <input_file id="fl-2d">
         <path>C:\Users\obsfe\workspace_ccstheia\Motion_Music_studio\Debug\.\ti\driverlib\</path>
         <kind>object</kind>
         <file>dl_unicommuart.o</file>
         <name>dl_unicommuart.o</name>
      </input_file>
      <input_file id="fl-2e">
         <path>C:\Users\obsfe\workspace_ccstheia\Motion_Music_studio\Debug\.\ti\driverlib\</path>
         <kind>object</kind>
         <file>dl_vref.o</file>
         <name>dl_vref.o</name>
      </input_file>
      <input_file id="fl-2f">
         <path>C:\Users\obsfe\workspace_ccstheia\Motion_Music_studio\Debug\.\ti\driverlib\</path>
         <kind>object</kind>
         <file>dl_wwdt.o</file>
         <name>dl_wwdt.o</name>
      </input_file>
      <input_file id="fl-30">
         <path>C:\Users\obsfe\workspace_ccstheia\Motion_Music_studio\Debug\.\ti\driverlib\m0p\</path>
         <kind>object</kind>
         <file>dl_factoryregion.o</file>
         <name>dl_factoryregion.o</name>
      </input_file>
      <input_file id="fl-31">
         <path>C:\Users\obsfe\workspace_ccstheia\Motion_Music_studio\Debug\.\ti\driverlib\m0p\</path>
         <kind>object</kind>
         <file>dl_interrupt.o</file>
         <name>dl_interrupt.o</name>
      </input_file>
      <input_file id="fl-32">
         <path>C:\Users\obsfe\workspace_ccstheia\Motion_Music_studio\Debug\.\ti\driverlib\m0p\sysctl\</path>
         <kind>object</kind>
         <file>dl_sysctl_mspm0c1105_c1106.o</file>
         <name>dl_sysctl_mspm0c1105_c1106.o</name>
      </input_file>
      <input_file id="fl-33">
         <path>C:\Users\obsfe\workspace_ccstheia\Motion_Music_studio\Debug\.\ti\driverlib\m0p\sysctl\</path>
         <kind>object</kind>
         <file>dl_sysctl_mspm0c110x.o</file>
         <name>dl_sysctl_mspm0c110x.o</name>
      </input_file>
      <input_file id="fl-34">
         <path>C:\Users\obsfe\workspace_ccstheia\Motion_Music_studio\Debug\.\ti\driverlib\m0p\sysctl\</path>
         <kind>object</kind>
         <file>dl_sysctl_mspm0g1x0x_g3x0x.o</file>
         <name>dl_sysctl_mspm0g1x0x_g3x0x.o</name>
      </input_file>
      <input_file id="fl-35">
         <path>C:\Users\obsfe\workspace_ccstheia\Motion_Music_studio\Debug\.\ti\driverlib\m0p\sysctl\</path>
         <kind>object</kind>
         <file>dl_sysctl_mspm0g352x.o</file>
         <name>dl_sysctl_mspm0g352x.o</name>
      </input_file>
      <input_file id="fl-36">
         <path>C:\Users\obsfe\workspace_ccstheia\Motion_Music_studio\Debug\.\ti\driverlib\m0p\sysctl\</path>
         <kind>object</kind>
         <file>dl_sysctl_mspm0g511x.o</file>
         <name>dl_sysctl_mspm0g511x.o</name>
      </input_file>
      <input_file id="fl-37">
         <path>C:\Users\obsfe\workspace_ccstheia\Motion_Music_studio\Debug\.\ti\driverlib\m0p\sysctl\</path>
         <kind>object</kind>
         <file>dl_sysctl_mspm0g518x.o</file>
         <name>dl_sysctl_mspm0g518x.o</name>
      </input_file>
      <input_file id="fl-38">
         <path>C:\Users\obsfe\workspace_ccstheia\Motion_Music_studio\Debug\.\ti\driverlib\m0p\sysctl\</path>
         <kind>object</kind>
         <file>dl_sysctl_mspm0gx218_gx207.o</file>
         <name>dl_sysctl_mspm0gx218_gx207.o</name>
      </input_file>
      <input_file id="fl-39">
         <path>C:\Users\obsfe\workspace_ccstheia\Motion_Music_studio\Debug\.\ti\driverlib\m0p\sysctl\</path>
         <kind>object</kind>
         <file>dl_sysctl_mspm0gx51x.o</file>
         <name>dl_sysctl_mspm0gx51x.o</name>
      </input_file>
      <input_file id="fl-3a">
         <path>C:\Users\obsfe\workspace_ccstheia\Motion_Music_studio\Debug\.\ti\driverlib\m0p\sysctl\</path>
         <kind>object</kind>
         <file>dl_sysctl_mspm0h321x.o</file>
         <name>dl_sysctl_mspm0h321x.o</name>
      </input_file>
      <input_file id="fl-3b">
         <path>C:\Users\obsfe\workspace_ccstheia\Motion_Music_studio\Debug\.\ti\driverlib\m0p\sysctl\</path>
         <kind>object</kind>
         <file>dl_sysctl_mspm0l111x.o</file>
         <name>dl_sysctl_mspm0l111x.o</name>
      </input_file>
      <input_file id="fl-3c">
         <path>C:\Users\obsfe\workspace_ccstheia\Motion_Music_studio\Debug\.\ti\driverlib\m0p\sysctl\</path>
         <kind>object</kind>
         <file>dl_sysctl_mspm0l11xx_l13xx.o</file>
         <name>dl_sysctl_mspm0l11xx_l13xx.o</name>
      </input_file>
      <input_file id="fl-3d">
         <path>C:\Users\obsfe\workspace_ccstheia\Motion_Music_studio\Debug\.\ti\driverlib\m0p\sysctl\</path>
         <kind>object</kind>
         <file>dl_sysctl_mspm0l122x_l222x.o</file>
         <name>dl_sysctl_mspm0l122x_l222x.o</name>
      </input_file>
      <input_file id="fl-3e">
         <path>C:\Users\obsfe\workspace_ccstheia\Motion_Music_studio\Debug\.\ti\driverlib\m0p\sysctl\</path>
         <kind>object</kind>
         <file>dl_sysctl_mspm0l211x_l112x.o</file>
         <name>dl_sysctl_mspm0l211x_l112x.o</name>
      </input_file>
      <input_file id="fl-4b">
         <path>C:\Users\obsfe\workspace_ccstheia\Motion_Music_studio\Debug\</path>
         <kind>object</kind>
         <file>&lt;internal&gt;</file>
         <name>&lt;internal&gt;</name>
      </input_file>
      <input_file id="fl-62">
         <path>C:\ti\ccs2040\ccs\tools\compiler\ti-cgt-armllvm_4.0.4.LTS\lib\armv6m-ti-none-eabi\c\</path>
         <kind>archive</kind>
         <file>libc.a</file>
         <name>snprintf.c.obj</name>
      </input_file>
      <input_file id="fl-63">
         <path>C:\ti\ccs2040\ccs\tools\compiler\ti-cgt-armllvm_4.0.4.LTS\lib\armv6m-ti-none-eabi\c\</path>
         <kind>archive</kind>
         <file>libc.a</file>
         <name>boot_cortex_m.c.obj</name>
      </input_file>
      <input_file id="fl-64">
         <path>C:\ti\ccs2040\ccs\tools\compiler\ti-cgt-armllvm_4.0.4.LTS\lib\armv6m-ti-none-eabi\c\</path>
         <kind>archive</kind>
         <file>libc.a</file>
         <name>mathacl_init.c.obj</name>
      </input_file>
      <input_file id="fl-65">
         <path>C:\ti\ccs2040\ccs\tools\compiler\ti-cgt-armllvm_4.0.4.LTS\lib\armv6m-ti-none-eabi\c\</path>
         <kind>archive</kind>
         <file>libc.a</file>
         <name>autoinit.c.obj</name>
      </input_file>
      <input_file id="fl-66">
         <path>C:\ti\ccs2040\ccs\tools\compiler\ti-cgt-armllvm_4.0.4.LTS\lib\armv6m-ti-none-eabi\c\</path>
         <kind>archive</kind>
         <file>libc.a</file>
         <name>pre_init.c.obj</name>
      </input_file>
      <input_file id="fl-67">
         <path>C:\ti\ccs2040\ccs\tools\compiler\ti-cgt-armllvm_4.0.4.LTS\lib\armv6m-ti-none-eabi\c\</path>
         <kind>archive</kind>
         <file>libc.a</file>
         <name>cpy_tbl.c.obj</name>
      </input_file>
      <input_file id="fl-68">
         <path>C:\ti\ccs2040\ccs\tools\compiler\ti-cgt-armllvm_4.0.4.LTS\lib\armv6m-ti-none-eabi\c\</path>
         <kind>archive</kind>
         <file>libc.a</file>
         <name>copy_zero_init.c.obj</name>
      </input_file>
      <input_file id="fl-69">
         <path>C:\ti\ccs2040\ccs\tools\compiler\ti-cgt-armllvm_4.0.4.LTS\lib\armv6m-ti-none-eabi\c\</path>
         <kind>archive</kind>
         <file>libc.a</file>
         <name>copy_decompress_none.c.obj</name>
      </input_file>
      <input_file id="fl-6a">
         <path>C:\ti\ccs2040\ccs\tools\compiler\ti-cgt-armllvm_4.0.4.LTS\lib\armv6m-ti-none-eabi\c\</path>
         <kind>archive</kind>
         <file>libc.a</file>
         <name>copy_decompress_lzss.c.obj</name>
      </input_file>
      <input_file id="fl-6b">
         <path>C:\ti\ccs2040\ccs\tools\compiler\ti-cgt-armllvm_4.0.4.LTS\lib\armv6m-ti-none-eabi\c\</path>
         <kind>archive</kind>
         <file>libc.a</file>
         <name>_printfi.c.obj</name>
      </input_file>
      <input_file id="fl-6c">
         <path>C:\ti\ccs2040\ccs\tools\compiler\ti-cgt-armllvm_4.0.4.LTS\lib\armv6m-ti-none-eabi\c\</path>
         <kind>archive</kind>
         <file>libc.a</file>
         <name>aeabi_portable.c.obj</name>
      </input_file>
      <input_file id="fl-6d">
         <path>C:\ti\ccs2040\ccs\tools\compiler\ti-cgt-armllvm_4.0.4.LTS\lib\armv6m-ti-none-eabi\c\</path>
         <kind>archive</kind>
         <file>libc.a</file>
         <name>exit.c.obj</name>
      </input_file>
      <input_file id="fl-6e">
         <path>C:\ti\ccs2040\ccs\tools\compiler\ti-cgt-armllvm_4.0.4.LTS\lib\armv6m-ti-none-eabi\c\</path>
         <kind>archive</kind>
         <file>libc.a</file>
         <name>_lock.c.obj</name>
      </input_file>
      <input_file id="fl-6f">
         <path>C:\ti\ccs2040\ccs\tools\compiler\ti-cgt-armllvm_4.0.4.LTS\lib\armv6m-ti-none-eabi\c\</path>
         <kind>archive</kind>
         <file>libc.a</file>
         <name>_ltoa.c.obj</name>
      </input_file>
      <input_file id="fl-70">
         <path>C:\ti\ccs2040\ccs\tools\compiler\ti-cgt-armllvm_4.0.4.LTS\lib\armv6m-ti-none-eabi\c\</path>
         <kind>archive</kind>
         <file>libc.a</file>
         <name>args_main.c.obj</name>
      </input_file>
      <input_file id="fl-71">
         <path>C:\ti\ccs2040\ccs\tools\compiler\ti-cgt-armllvm_4.0.4.LTS\lib\armv6m-ti-none-eabi\c\</path>
         <kind>archive</kind>
         <file>libc.a</file>
         <name>assert.c.obj</name>
      </input_file>
      <input_file id="fl-72">
         <path>C:\ti\ccs2040\ccs\tools\compiler\ti-cgt-armllvm_4.0.4.LTS\lib\armv6m-ti-none-eabi\c\</path>
         <kind>archive</kind>
         <file>libc.a</file>
         <name>atoi.c.obj</name>
      </input_file>
      <input_file id="fl-73">
         <path>C:\ti\ccs2040\ccs\tools\compiler\ti-cgt-armllvm_4.0.4.LTS\lib\armv6m-ti-none-eabi\c\</path>
         <kind>archive</kind>
         <file>libc.a</file>
         <name>defs.c.obj</name>
      </input_file>
      <input_file id="fl-74">
         <path>C:\ti\ccs2040\ccs\tools\compiler\ti-cgt-armllvm_4.0.4.LTS\lib\armv6m-ti-none-eabi\c\</path>
         <kind>archive</kind>
         <file>libc.a</file>
         <name>memccpy.c.obj</name>
      </input_file>
      <input_file id="fl-75">
         <path>C:\ti\ccs2040\ccs\tools\compiler\ti-cgt-armllvm_4.0.4.LTS\lib\armv6m-ti-none-eabi\c\</path>
         <kind>archive</kind>
         <file>libc.a</file>
         <name>memory.c.obj</name>
      </input_file>
      <input_file id="fl-76">
         <path>C:\ti\ccs2040\ccs\tools\compiler\ti-cgt-armllvm_4.0.4.LTS\lib\armv6m-ti-none-eabi\c\</path>
         <kind>archive</kind>
         <file>libc.a</file>
         <name>s_frexp.c.obj</name>
      </input_file>
      <input_file id="fl-77">
         <path>C:\ti\ccs2040\ccs\tools\compiler\ti-cgt-armllvm_4.0.4.LTS\lib\armv6m-ti-none-eabi\c\</path>
         <kind>archive</kind>
         <file>libc.a</file>
         <name>s_scalbn.c.obj</name>
      </input_file>
      <input_file id="fl-78">
         <path>C:\ti\ccs2040\ccs\tools\compiler\ti-cgt-armllvm_4.0.4.LTS\lib\armv6m-ti-none-eabi\c\</path>
         <kind>archive</kind>
         <file>libc.a</file>
         <name>wcslen.c.obj</name>
      </input_file>
      <input_file id="fl-79">
         <path>C:\ti\ccs2040\ccs\tools\compiler\ti-cgt-armllvm_4.0.4.LTS\lib\armv6m-ti-none-eabi\c\</path>
         <kind>archive</kind>
         <file>libc.a</file>
         <name>sprintf.c.obj</name>
      </input_file>
      <input_file id="fl-7a">
         <path>C:\ti\ccs2040\ccs\tools\compiler\ti-cgt-armllvm_4.0.4.LTS\lib\armv6m-ti-none-eabi\c\</path>
         <kind>archive</kind>
         <file>libc.a</file>
         <name>fflush.c.obj</name>
      </input_file>
      <input_file id="fl-7b">
         <path>C:\ti\ccs2040\ccs\tools\compiler\ti-cgt-armllvm_4.0.4.LTS\lib\armv6m-ti-none-eabi\c\</path>
         <kind>archive</kind>
         <file>libc.a</file>
         <name>fputs.c.obj</name>
      </input_file>
      <input_file id="fl-7c">
         <path>C:\ti\ccs2040\ccs\tools\compiler\ti-cgt-armllvm_4.0.4.LTS\lib\armv6m-ti-none-eabi\c\</path>
         <kind>archive</kind>
         <file>libc.a</file>
         <name>_io_perm.c.obj</name>
      </input_file>
      <input_file id="fl-7d">
         <path>C:\ti\ccs2040\ccs\tools\compiler\ti-cgt-armllvm_4.0.4.LTS\lib\armv6m-ti-none-eabi\c\</path>
         <kind>archive</kind>
         <file>libc.a</file>
         <name>setvbuf.c.obj</name>
      </input_file>
      <input_file id="fl-7e">
         <path>C:\ti\ccs2040\ccs\tools\compiler\ti-cgt-armllvm_4.0.4.LTS\lib\armv6m-ti-none-eabi\c\</path>
         <kind>archive</kind>
         <file>libc.a</file>
         <name>aeabi_ctype.S.obj</name>
      </input_file>
      <input_file id="fl-7f">
         <path>C:\ti\ccs2040\ccs\tools\compiler\ti-cgt-armllvm_4.0.4.LTS\lib\armv6m-ti-none-eabi\c\</path>
         <kind>archive</kind>
         <file>libc.a</file>
         <name>fopen.c.obj</name>
      </input_file>
      <input_file id="fl-80">
         <path>C:\ti\ccs2040\ccs\tools\compiler\ti-cgt-armllvm_4.0.4.LTS\lib\armv6m-ti-none-eabi\c\</path>
         <kind>archive</kind>
         <file>libc.a</file>
         <name>fseek.c.obj</name>
      </input_file>
      <input_file id="fl-81">
         <path>C:\ti\ccs2040\ccs\tools\compiler\ti-cgt-armllvm_4.0.4.LTS\lib\armv6m-ti-none-eabi\c\</path>
         <kind>archive</kind>
         <file>libc.a</file>
         <name>fclose.c.obj</name>
      </input_file>
      <input_file id="fl-121">
         <path>C:\ti\ccs2040\ccs\tools\compiler\ti-cgt-armllvm_4.0.4.LTS\lib\armv6m-ti-none-eabi\c\</path>
         <kind>archive</kind>
         <file>libsysbm.a</file>
         <name>hostexit.c.obj</name>
      </input_file>
      <input_file id="fl-122">
         <path>C:\ti\ccs2040\ccs\tools\compiler\ti-cgt-armllvm_4.0.4.LTS\lib\armv6m-ti-none-eabi\c\</path>
         <kind>archive</kind>
         <file>libsysbm.a</file>
         <name>write.c.obj</name>
      </input_file>
      <input_file id="fl-123">
         <path>C:\ti\ccs2040\ccs\tools\compiler\ti-cgt-armllvm_4.0.4.LTS\lib\armv6m-ti-none-eabi\c\</path>
         <kind>archive</kind>
         <file>libsysbm.a</file>
         <name>host_device.c.obj</name>
      </input_file>
      <input_file id="fl-124">
         <path>C:\ti\ccs2040\ccs\tools\compiler\ti-cgt-armllvm_4.0.4.LTS\lib\armv6m-ti-none-eabi\c\</path>
         <kind>archive</kind>
         <file>libsysbm.a</file>
         <name>remove.c.obj</name>
      </input_file>
      <input_file id="fl-125">
         <path>C:\ti\ccs2040\ccs\tools\compiler\ti-cgt-armllvm_4.0.4.LTS\lib\armv6m-ti-none-eabi\c\</path>
         <kind>archive</kind>
         <file>libsysbm.a</file>
         <name>open.c.obj</name>
      </input_file>
      <input_file id="fl-126">
         <path>C:\ti\ccs2040\ccs\tools\compiler\ti-cgt-armllvm_4.0.4.LTS\lib\armv6m-ti-none-eabi\c\</path>
         <kind>archive</kind>
         <file>libsysbm.a</file>
         <name>lseek.c.obj</name>
      </input_file>
      <input_file id="fl-127">
         <path>C:\ti\ccs2040\ccs\tools\compiler\ti-cgt-armllvm_4.0.4.LTS\lib\armv6m-ti-none-eabi\c\</path>
         <kind>archive</kind>
         <file>libsysbm.a</file>
         <name>close.c.obj</name>
      </input_file>
      <input_file id="fl-128">
         <path>C:\ti\ccs2040\ccs\tools\compiler\ti-cgt-armllvm_4.0.4.LTS\lib\armv6m-ti-none-eabi\c\</path>
         <kind>archive</kind>
         <file>libsysbm.a</file>
         <name>unlink.c.obj</name>
      </input_file>
      <input_file id="fl-129">
         <path>C:\ti\ccs2040\ccs\tools\compiler\ti-cgt-armllvm_4.0.4.LTS\lib\armv6m-ti-none-eabi\c\</path>
         <kind>archive</kind>
         <file>libsysbm.a</file>
         <name>hostclose.c.obj</name>
      </input_file>
      <input_file id="fl-12a">
         <path>C:\ti\ccs2040\ccs\tools\compiler\ti-cgt-armllvm_4.0.4.LTS\lib\armv6m-ti-none-eabi\c\</path>
         <kind>archive</kind>
         <file>libsysbm.a</file>
         <name>hostlseek.c.obj</name>
      </input_file>
      <input_file id="fl-12b">
         <path>C:\ti\ccs2040\ccs\tools\compiler\ti-cgt-armllvm_4.0.4.LTS\lib\armv6m-ti-none-eabi\c\</path>
         <kind>archive</kind>
         <file>libsysbm.a</file>
         <name>hostopen.c.obj</name>
      </input_file>
      <input_file id="fl-12c">
         <path>C:\ti\ccs2040\ccs\tools\compiler\ti-cgt-armllvm_4.0.4.LTS\lib\armv6m-ti-none-eabi\c\</path>
         <kind>archive</kind>
         <file>libsysbm.a</file>
         <name>hostread.c.obj</name>
      </input_file>
      <input_file id="fl-12d">
         <path>C:\ti\ccs2040\ccs\tools\compiler\ti-cgt-armllvm_4.0.4.LTS\lib\armv6m-ti-none-eabi\c\</path>
         <kind>archive</kind>
         <file>libsysbm.a</file>
         <name>hostrename.c.obj</name>
      </input_file>
      <input_file id="fl-12e">
         <path>C:\ti\ccs2040\ccs\tools\compiler\ti-cgt-armllvm_4.0.4.LTS\lib\armv6m-ti-none-eabi\c\</path>
         <kind>archive</kind>
         <file>libsysbm.a</file>
         <name>hostunlink.c.obj</name>
      </input_file>
      <input_file id="fl-12f">
         <path>C:\ti\ccs2040\ccs\tools\compiler\ti-cgt-armllvm_4.0.4.LTS\lib\armv6m-ti-none-eabi\c\</path>
         <kind>archive</kind>
         <file>libsysbm.a</file>
         <name>hostwrite.c.obj</name>
      </input_file>
      <input_file id="fl-130">
         <path>C:\ti\ccs2040\ccs\tools\compiler\ti-cgt-armllvm_4.0.4.LTS\lib\armv6m-ti-none-eabi\c\</path>
         <kind>archive</kind>
         <file>libsysbm.a</file>
         <name>trgmsg.c.obj</name>
      </input_file>
      <input_file id="fl-131">
         <path>C:\ti\ccs2040\ccs\tools\compiler\ti-cgt-armllvm_4.0.4.LTS\lib\armv6m-ti-none-eabi\</path>
         <kind>archive</kind>
         <file>libclang_rt.builtins.a</file>
         <name>adddf3.S.obj</name>
      </input_file>
      <input_file id="fl-132">
         <path>C:\ti\ccs2040\ccs\tools\compiler\ti-cgt-armllvm_4.0.4.LTS\lib\armv6m-ti-none-eabi\</path>
         <kind>archive</kind>
         <file>libclang_rt.builtins.a</file>
         <name>muldf3.S.obj</name>
      </input_file>
      <input_file id="fl-133">
         <path>C:\ti\ccs2040\ccs\tools\compiler\ti-cgt-armllvm_4.0.4.LTS\lib\armv6m-ti-none-eabi\</path>
         <kind>archive</kind>
         <file>libclang_rt.builtins.a</file>
         <name>muldsi3.S.obj</name>
      </input_file>
      <input_file id="fl-134">
         <path>C:\ti\ccs2040\ccs\tools\compiler\ti-cgt-armllvm_4.0.4.LTS\lib\armv6m-ti-none-eabi\</path>
         <kind>archive</kind>
         <file>libclang_rt.builtins.a</file>
         <name>divdf3.S.obj</name>
      </input_file>
      <input_file id="fl-135">
         <path>C:\ti\ccs2040\ccs\tools\compiler\ti-cgt-armllvm_4.0.4.LTS\lib\armv6m-ti-none-eabi\</path>
         <kind>archive</kind>
         <file>libclang_rt.builtins.a</file>
         <name>fixdfsi.S.obj</name>
      </input_file>
      <input_file id="fl-136">
         <path>C:\ti\ccs2040\ccs\tools\compiler\ti-cgt-armllvm_4.0.4.LTS\lib\armv6m-ti-none-eabi\</path>
         <kind>archive</kind>
         <file>libclang_rt.builtins.a</file>
         <name>fixsfsi.S.obj</name>
      </input_file>
      <input_file id="fl-137">
         <path>C:\ti\ccs2040\ccs\tools\compiler\ti-cgt-armllvm_4.0.4.LTS\lib\armv6m-ti-none-eabi\</path>
         <kind>archive</kind>
         <file>libclang_rt.builtins.a</file>
         <name>fixunsdfsi.S.obj</name>
      </input_file>
      <input_file id="fl-138">
         <path>C:\ti\ccs2040\ccs\tools\compiler\ti-cgt-armllvm_4.0.4.LTS\lib\armv6m-ti-none-eabi\</path>
         <kind>archive</kind>
         <file>libclang_rt.builtins.a</file>
         <name>floatsidf.S.obj</name>
      </input_file>
      <input_file id="fl-139">
         <path>C:\ti\ccs2040\ccs\tools\compiler\ti-cgt-armllvm_4.0.4.LTS\lib\armv6m-ti-none-eabi\</path>
         <kind>archive</kind>
         <file>libclang_rt.builtins.a</file>
         <name>floatunsidf.S.obj</name>
      </input_file>
      <input_file id="fl-13a">
         <path>C:\ti\ccs2040\ccs\tools\compiler\ti-cgt-armllvm_4.0.4.LTS\lib\armv6m-ti-none-eabi\</path>
         <kind>archive</kind>
         <file>libclang_rt.builtins.a</file>
         <name>floatunsisf.S.obj</name>
      </input_file>
      <input_file id="fl-13b">
         <path>C:\ti\ccs2040\ccs\tools\compiler\ti-cgt-armllvm_4.0.4.LTS\lib\armv6m-ti-none-eabi\</path>
         <kind>archive</kind>
         <file>libclang_rt.builtins.a</file>
         <name>muldi3.S.obj</name>
      </input_file>
      <input_file id="fl-13c">
         <path>C:\ti\ccs2040\ccs\tools\compiler\ti-cgt-armllvm_4.0.4.LTS\lib\armv6m-ti-none-eabi\</path>
         <kind>archive</kind>
         <file>libclang_rt.builtins.a</file>
         <name>aeabi_dcmp.S.obj</name>
      </input_file>
      <input_file id="fl-13d">
         <path>C:\ti\ccs2040\ccs\tools\compiler\ti-cgt-armllvm_4.0.4.LTS\lib\armv6m-ti-none-eabi\</path>
         <kind>archive</kind>
         <file>libclang_rt.builtins.a</file>
         <name>aeabi_idivmod.S.obj</name>
      </input_file>
      <input_file id="fl-13e">
         <path>C:\ti\ccs2040\ccs\tools\compiler\ti-cgt-armllvm_4.0.4.LTS\lib\armv6m-ti-none-eabi\</path>
         <kind>archive</kind>
         <file>libclang_rt.builtins.a</file>
         <name>aeabi_memcpy.S.obj</name>
      </input_file>
      <input_file id="fl-13f">
         <path>C:\ti\ccs2040\ccs\tools\compiler\ti-cgt-armllvm_4.0.4.LTS\lib\armv6m-ti-none-eabi\</path>
         <kind>archive</kind>
         <file>libclang_rt.builtins.a</file>
         <name>aeabi_memset.S.obj</name>
      </input_file>
      <input_file id="fl-140">
         <path>C:\ti\ccs2040\ccs\tools\compiler\ti-cgt-armllvm_4.0.4.LTS\lib\armv6m-ti-none-eabi\</path>
         <kind>archive</kind>
         <file>libclang_rt.builtins.a</file>
         <name>aeabi_uidivmod.S.obj</name>
      </input_file>
      <input_file id="fl-141">
         <path>C:\ti\ccs2040\ccs\tools\compiler\ti-cgt-armllvm_4.0.4.LTS\lib\armv6m-ti-none-eabi\</path>
         <kind>archive</kind>
         <file>libclang_rt.builtins.a</file>
         <name>aeabi_uldivmod.S.obj</name>
      </input_file>
      <input_file id="fl-142">
         <path>C:\ti\ccs2040\ccs\tools\compiler\ti-cgt-armllvm_4.0.4.LTS\lib\armv6m-ti-none-eabi\</path>
         <kind>archive</kind>
         <file>libclang_rt.builtins.a</file>
         <name>udivmoddi4.S.obj</name>
      </input_file>
      <input_file id="fl-143">
         <path>C:\ti\ccs2040\ccs\tools\compiler\ti-cgt-armllvm_4.0.4.LTS\lib\armv6m-ti-none-eabi\</path>
         <kind>archive</kind>
         <file>libclang_rt.builtins.a</file>
         <name>ashldi3.S.obj</name>
      </input_file>
      <input_file id="fl-144">
         <path>C:\ti\ccs2040\ccs\tools\compiler\ti-cgt-armllvm_4.0.4.LTS\lib\armv6m-ti-none-eabi\</path>
         <kind>archive</kind>
         <file>libclang_rt.builtins.a</file>
         <name>comparedf2.c.obj</name>
      </input_file>
      <input_file id="fl-145">
         <path>C:\ti\ccs2040\ccs\tools\compiler\ti-cgt-armllvm_4.0.4.LTS\lib\armv6m-ti-none-eabi\</path>
         <kind>archive</kind>
         <file>libclang_rt.builtins.a</file>
         <name>aeabi_div0.c.obj</name>
      </input_file>
      <input_file id="fl-146">
         <path>C:\ti\ccs2040\ccs\tools\compiler\ti-cgt-armllvm_4.0.4.LTS\lib\armv6m-ti-none-eabi\c\</path>
         <kind>archive</kind>
         <file>libc.a</file>
         <name>getdevice.c.obj</name>
      </input_file>
      <input_file id="fl-147">
         <path>C:\ti\ccs2040\ccs\tools\compiler\ti-cgt-armllvm_4.0.4.LTS\lib\armv6m-ti-none-eabi\c\</path>
         <kind>archive</kind>
         <file>libc.a</file>
         <name>memcpy16.S.obj</name>
      </input_file>
      <input_file id="fl-148">
         <path>C:\ti\ccs2040\ccs\tools\compiler\ti-cgt-armllvm_4.0.4.LTS\lib\armv6m-ti-none-eabi\c\</path>
         <kind>archive</kind>
         <file>libc.a</file>
         <name>memset16.S.obj</name>
      </input_file>
      <input_file id="fl-149">
         <path>C:\ti\ccs2040\ccs\tools\compiler\ti-cgt-armllvm_4.0.4.LTS\lib\armv6m-ti-none-eabi\c\</path>
         <kind>archive</kind>
         <file>libc.a</file>
         <name>strcmp-armv6m.S.obj</name>
      </input_file>
   </input_file_list>
   <object_component_list>
      <object_component id="oc-18">
         <name>.intvecs</name>
         <load_address>0x0</load_address>
         <readonly>true</readonly>
         <run_address>0x0</run_address>
         <size>0xc0</size>
         <alignment>0x4</alignment>
         <input_file_ref idref="fl-4"/>
      </object_component>
      <object_component id="oc-257">
         <name>.text:__TI_printfi_nofloat</name>
         <load_address>0xc0</load_address>
         <readonly>true</readonly>
         <executable>true</executable>
         <run_address>0xc0</run_address>
         <size>0x868</size>
         <alignment>0x4</alignment>
         <input_file_ref idref="fl-6b"/>
      </object_component>
      <object_component id="oc-cd">
         <name>.text.Display_Update</name>
         <load_address>0x928</load_address>
         <readonly>true</readonly>
         <executable>true</executable>
         <run_address>0x928</run_address>
         <size>0x3e0</size>
         <alignment>0x4</alignment>
         <input_file_ref idref="fl-2"/>
      </object_component>
      <object_component id="oc-6e">
         <name>.text.Generate_Audio_Sample</name>
         <load_address>0xd08</load_address>
         <readonly>true</readonly>
         <executable>true</executable>
         <run_address>0xd08</run_address>
         <size>0x304</size>
         <alignment>0x4</alignment>
         <input_file_ref idref="fl-2"/>
      </object_component>
      <object_component id="oc-133">
         <name>.text.Update_Phase_Increment</name>
         <load_address>0x100c</load_address>
         <readonly>true</readonly>
         <executable>true</executable>
         <run_address>0x100c</run_address>
         <size>0x270</size>
         <alignment>0x4</alignment>
         <input_file_ref idref="fl-2"/>
      </object_component>
      <object_component id="oc-83">
         <name>.text.main</name>
         <load_address>0x127c</load_address>
         <readonly>true</readonly>
         <executable>true</executable>
         <run_address>0x127c</run_address>
         <size>0x268</size>
         <alignment>0x4</alignment>
         <input_file_ref idref="fl-2"/>
      </object_component>
      <object_component id="oc-b9">
         <name>.text.LCD_Init</name>
         <load_address>0x14e4</load_address>
         <readonly>true</readonly>
         <executable>true</executable>
         <run_address>0x14e4</run_address>
         <size>0x260</size>
         <alignment>0x4</alignment>
         <input_file_ref idref="fl-1"/>
      </object_component>
      <object_component id="oc-102">
         <name>.text.SYSCFG_DL_GPIO_init</name>
         <load_address>0x1744</load_address>
         <readonly>true</readonly>
         <executable>true</executable>
         <run_address>0x1744</run_address>
         <size>0x1b0</size>
         <alignment>0x4</alignment>
         <input_file_ref idref="fl-3"/>
      </object_component>
      <object_component id="oc-6c">
         <name>.text.Process_Envelope</name>
         <load_address>0x18f4</load_address>
         <readonly>true</readonly>
         <executable>true</executable>
         <run_address>0x18f4</run_address>
         <size>0x1a8</size>
         <alignment>0x4</alignment>
         <input_file_ref idref="fl-2"/>
      </object_component>
      <object_component id="oc-12b">
         <name>.text.adddf3_subdf3</name>
         <load_address>0x1a9c</load_address>
         <readonly>true</readonly>
         <executable>true</executable>
         <run_address>0x1a9c</run_address>
         <size>0x192</size>
         <alignment>0x4</alignment>
         <input_file_ref idref="fl-131"/>
      </object_component>
      <object_component id="oc-cc">
         <name>.text.Process_Buttons</name>
         <load_address>0x1c2e</load_address>
         <readonly>true</readonly>
         <executable>true</executable>
         <run_address>0x1c2e</run_address>
         <size>0x2</size>
         <alignment>0x2</alignment>
         <input_file_ref idref="fl-2"/>
      </object_component>
      <object_component id="oc-c0">
         <name>.text.LCD_PrintString</name>
         <load_address>0x1c30</load_address>
         <readonly>true</readonly>
         <executable>true</executable>
         <run_address>0x1c30</run_address>
         <size>0x180</size>
         <alignment>0x4</alignment>
         <input_file_ref idref="fl-1"/>
      </object_component>
      <object_component id="oc-13e">
         <name>.text.Display_Waveform</name>
         <load_address>0x1db0</load_address>
         <readonly>true</readonly>
         <executable>true</executable>
         <run_address>0x1db0</run_address>
         <size>0x144</size>
         <alignment>0x4</alignment>
         <input_file_ref idref="fl-2"/>
      </object_component>
      <object_component id="oc-136">
         <name>.text.LCD_DrawRect</name>
         <load_address>0x1ef4</load_address>
         <readonly>true</readonly>
         <executable>true</executable>
         <run_address>0x1ef4</run_address>
         <size>0x118</size>
         <alignment>0x4</alignment>
         <input_file_ref idref="fl-1"/>
      </object_component>
      <object_component id="oc-1f6">
         <name>.text.LCD_DrawLine</name>
         <load_address>0x200c</load_address>
         <readonly>true</readonly>
         <executable>true</executable>
         <run_address>0x200c</run_address>
         <size>0x112</size>
         <alignment>0x2</alignment>
         <input_file_ref idref="fl-1"/>
      </object_component>
      <object_component id="oc-ee">
         <name>.text.__aeabi_idiv0</name>
         <load_address>0x211e</load_address>
         <readonly>true</readonly>
         <executable>true</executable>
         <run_address>0x211e</run_address>
         <size>0x2</size>
         <alignment>0x2</alignment>
         <input_file_ref idref="fl-145"/>
      </object_component>
      <object_component id="oc-19f">
         <name>.text.DL_Timer_initTimerMode</name>
         <load_address>0x2120</load_address>
         <readonly>true</readonly>
         <executable>true</executable>
         <run_address>0x2120</run_address>
         <size>0x110</size>
         <alignment>0x4</alignment>
         <input_file_ref idref="fl-23"/>
      </object_component>
      <object_component id="oc-223">
         <name>.text.DL_Timer_initTwoCCPWMMode</name>
         <load_address>0x2230</load_address>
         <readonly>true</readonly>
         <executable>true</executable>
         <run_address>0x2230</run_address>
         <size>0x110</size>
         <alignment>0x4</alignment>
         <input_file_ref idref="fl-23"/>
      </object_component>
      <object_component id="oc-127">
         <name>.text.__divdf3</name>
         <load_address>0x2340</load_address>
         <readonly>true</readonly>
         <executable>true</executable>
         <run_address>0x2340</run_address>
         <size>0x10c</size>
         <alignment>0x4</alignment>
         <input_file_ref idref="fl-134"/>
      </object_component>
      <object_component id="oc-99">
         <name>.text.Generate_Chord_Sample</name>
         <load_address>0x244c</load_address>
         <readonly>true</readonly>
         <executable>true</executable>
         <run_address>0x244c</run_address>
         <size>0xf8</size>
         <alignment>0x4</alignment>
         <input_file_ref idref="fl-2"/>
      </object_component>
      <object_component id="oc-196">
         <name>.text.DL_Timer_initFourCCPWMMode</name>
         <load_address>0x2544</load_address>
         <readonly>true</readonly>
         <executable>true</executable>
         <run_address>0x2544</run_address>
         <size>0xec</size>
         <alignment>0x4</alignment>
         <input_file_ref idref="fl-23"/>
      </object_component>
      <object_component id="oc-6d">
         <name>.text.Process_Arpeggiator</name>
         <load_address>0x2630</load_address>
         <readonly>true</readonly>
         <executable>true</executable>
         <run_address>0x2630</run_address>
         <size>0xec</size>
         <alignment>0x4</alignment>
         <input_file_ref idref="fl-2"/>
      </object_component>
      <object_component id="oc-123">
         <name>.text.__muldf3</name>
         <load_address>0x271c</load_address>
         <readonly>true</readonly>
         <executable>true</executable>
         <run_address>0x271c</run_address>
         <size>0xe4</size>
         <alignment>0x4</alignment>
         <input_file_ref idref="fl-132"/>
      </object_component>
      <object_component id="oc-183">
         <name>.text.DL_SYSCTL_configSYSPLL</name>
         <load_address>0x2800</load_address>
         <readonly>true</readonly>
         <executable>true</executable>
         <run_address>0x2800</run_address>
         <size>0xe0</size>
         <alignment>0x4</alignment>
         <input_file_ref idref="fl-34"/>
      </object_component>
      <object_component id="oc-9e">
         <name>.text.Generate_Waveform</name>
         <load_address>0x28e0</load_address>
         <readonly>true</readonly>
         <executable>true</executable>
         <run_address>0x28e0</run_address>
         <size>0xdc</size>
         <alignment>0x4</alignment>
         <input_file_ref idref="fl-2"/>
      </object_component>
      <object_component id="oc-1cc">
         <name>.text.DL_RTC_Common_initCalendar</name>
         <load_address>0x29bc</load_address>
         <readonly>true</readonly>
         <executable>true</executable>
         <run_address>0x29bc</run_address>
         <size>0xd8</size>
         <alignment>0x4</alignment>
         <input_file_ref idref="fl-1e"/>
      </object_component>
      <object_component id="oc-ca">
         <name>.text.Process_Joystick</name>
         <load_address>0x2a94</load_address>
         <readonly>true</readonly>
         <executable>true</executable>
         <run_address>0x2a94</run_address>
         <size>0xd8</size>
         <alignment>0x4</alignment>
         <input_file_ref idref="fl-2"/>
      </object_component>
      <object_component id="oc-cb">
         <name>.text.Process_Pitch_Bend</name>
         <load_address>0x2b6c</load_address>
         <readonly>true</readonly>
         <executable>true</executable>
         <run_address>0x2b6c</run_address>
         <size>0xd8</size>
         <alignment>0x4</alignment>
         <input_file_ref idref="fl-2"/>
      </object_component>
      <object_component id="oc-10a">
         <name>.text.SYSCFG_DL_ADC_ACCEL_init</name>
         <load_address>0x2c44</load_address>
         <readonly>true</readonly>
         <executable>true</executable>
         <run_address>0x2c44</run_address>
         <size>0xc4</size>
         <alignment>0x4</alignment>
         <input_file_ref idref="fl-3"/>
      </object_component>
      <object_component id="oc-101">
         <name>.text.SYSCFG_DL_initPower</name>
         <load_address>0x2d08</load_address>
         <readonly>true</readonly>
         <executable>true</executable>
         <run_address>0x2d08</run_address>
         <size>0xc0</size>
         <alignment>0x4</alignment>
         <input_file_ref idref="fl-3"/>
      </object_component>
      <object_component id="oc-188">
         <name>.text.SYSCFG_DL_SYSCTL_SYSPLL_init</name>
         <load_address>0x2dc8</load_address>
         <readonly>true</readonly>
         <executable>true</executable>
         <run_address>0x2dc8</run_address>
         <size>0xb0</size>
         <alignment>0x4</alignment>
         <input_file_ref idref="fl-3"/>
      </object_component>
      <object_component id="oc-103">
         <name>.text.SYSCFG_DL_SYSCTL_init</name>
         <load_address>0x2e78</load_address>
         <readonly>true</readonly>
         <executable>true</executable>
         <run_address>0x2e78</run_address>
         <size>0xa4</size>
         <alignment>0x4</alignment>
         <input_file_ref idref="fl-3"/>
      </object_component>
      <object_component id="oc-24b">
         <name>.text</name>
         <load_address>0x2f1c</load_address>
         <readonly>true</readonly>
         <executable>true</executable>
         <run_address>0x2f1c</run_address>
         <size>0xa2</size>
         <alignment>0x4</alignment>
         <input_file_ref idref="fl-142"/>
      </object_component>
      <object_component id="oc-25b">
         <name>.text.__aeabi_ldiv0</name>
         <load_address>0x2fbe</load_address>
         <readonly>true</readonly>
         <executable>true</executable>
         <run_address>0x2fbe</run_address>
         <size>0x2</size>
         <alignment>0x2</alignment>
         <input_file_ref idref="fl-145"/>
      </object_component>
      <object_component id="oc-bf">
         <name>.text.LCD_FillScreen</name>
         <load_address>0x2fc0</load_address>
         <readonly>true</readonly>
         <executable>true</executable>
         <run_address>0x2fc0</run_address>
         <size>0xa0</size>
         <alignment>0x4</alignment>
         <input_file_ref idref="fl-1"/>
      </object_component>
      <object_component id="oc-109">
         <name>.text.SYSCFG_DL_ADC_JOY_init</name>
         <load_address>0x3060</load_address>
         <readonly>true</readonly>
         <executable>true</executable>
         <run_address>0x3060</run_address>
         <size>0x8c</size>
         <alignment>0x4</alignment>
         <input_file_ref idref="fl-3"/>
      </object_component>
      <object_component id="oc-193">
         <name>.text.__NVIC_SetPriority</name>
         <load_address>0x30ec</load_address>
         <readonly>true</readonly>
         <executable>true</executable>
         <run_address>0x30ec</run_address>
         <size>0x84</size>
         <alignment>0x4</alignment>
         <input_file_ref idref="fl-3"/>
      </object_component>
      <object_component id="oc-1c">
         <name>.text:decompress:lzss</name>
         <load_address>0x3170</load_address>
         <readonly>true</readonly>
         <executable>true</executable>
         <run_address>0x3170</run_address>
         <size>0x7c</size>
         <alignment>0x4</alignment>
         <input_file_ref idref="fl-6a"/>
      </object_component>
      <object_component id="oc-104">
         <name>.text.SYSCFG_DL_PWM_AUDIO_init</name>
         <load_address>0x31ec</load_address>
         <readonly>true</readonly>
         <executable>true</executable>
         <run_address>0x31ec</run_address>
         <size>0x74</size>
         <alignment>0x4</alignment>
         <input_file_ref idref="fl-3"/>
      </object_component>
      <object_component id="oc-249">
         <name>.text.__gedf2</name>
         <load_address>0x3260</load_address>
         <readonly>true</readonly>
         <executable>true</executable>
         <run_address>0x3260</run_address>
         <size>0x74</size>
         <alignment>0x4</alignment>
         <input_file_ref idref="fl-144"/>
      </object_component>
      <object_component id="oc-118">
         <name>.text.LCD_SetWindow</name>
         <load_address>0x32d4</load_address>
         <readonly>true</readonly>
         <executable>true</executable>
         <run_address>0x32d4</run_address>
         <size>0x6c</size>
         <alignment>0x2</alignment>
         <input_file_ref idref="fl-1"/>
      </object_component>
      <object_component id="oc-3d">
         <name>.text.TIMG7_IRQHandler</name>
         <load_address>0x3340</load_address>
         <readonly>true</readonly>
         <executable>true</executable>
         <run_address>0x3340</run_address>
         <size>0x6c</size>
         <alignment>0x4</alignment>
         <input_file_ref idref="fl-2"/>
      </object_component>
      <object_component id="oc-243">
         <name>.text.__ledf2</name>
         <load_address>0x33ac</load_address>
         <readonly>true</readonly>
         <executable>true</executable>
         <run_address>0x33ac</run_address>
         <size>0x68</size>
         <alignment>0x4</alignment>
         <input_file_ref idref="fl-144"/>
      </object_component>
      <object_component id="oc-1e3">
         <name>.text.__aeabi_dcmp</name>
         <load_address>0x3414</load_address>
         <readonly>true</readonly>
         <executable>true</executable>
         <run_address>0x3414</run_address>
         <size>0x62</size>
         <alignment>0x4</alignment>
         <input_file_ref idref="fl-13c"/>
      </object_component>
      <object_component id="oc-3c">
         <name>.text.ADC1_IRQHandler</name>
         <load_address>0x3478</load_address>
         <readonly>true</readonly>
         <executable>true</executable>
         <run_address>0x3478</run_address>
         <size>0x60</size>
         <alignment>0x4</alignment>
         <input_file_ref idref="fl-2"/>
      </object_component>
      <object_component id="oc-1c3">
         <name>.text.DL_ADC12_initSeqSample</name>
         <load_address>0x34d8</load_address>
         <readonly>true</readonly>
         <executable>true</executable>
         <run_address>0x34d8</run_address>
         <size>0x60</size>
         <alignment>0x4</alignment>
         <input_file_ref idref="fl-3"/>
      </object_component>
      <object_component id="oc-137">
         <name>.text.LCD_PrintNumber</name>
         <load_address>0x3538</load_address>
         <readonly>true</readonly>
         <executable>true</executable>
         <run_address>0x3538</run_address>
         <size>0x58</size>
         <alignment>0x4</alignment>
         <input_file_ref idref="fl-1"/>
      </object_component>
      <object_component id="oc-106">
         <name>.text.SYSCFG_DL_I2C_0_init</name>
         <load_address>0x3590</load_address>
         <readonly>true</readonly>
         <executable>true</executable>
         <run_address>0x3590</run_address>
         <size>0x58</size>
         <alignment>0x4</alignment>
         <input_file_ref idref="fl-3"/>
      </object_component>
      <object_component id="oc-107">
         <name>.text.SYSCFG_DL_I2C_1_init</name>
         <load_address>0x35e8</load_address>
         <readonly>true</readonly>
         <executable>true</executable>
         <run_address>0x35e8</run_address>
         <size>0x58</size>
         <alignment>0x4</alignment>
         <input_file_ref idref="fl-3"/>
      </object_component>
      <object_component id="oc-9a">
         <name>.text.__aeabi_idivmod</name>
         <load_address>0x3640</load_address>
         <readonly>true</readonly>
         <executable>true</executable>
         <run_address>0x3640</run_address>
         <size>0x56</size>
         <alignment>0x4</alignment>
         <input_file_ref idref="fl-13d"/>
      </object_component>
      <object_component id="oc-105">
         <name>.text.SYSCFG_DL_TIMER_SAMPLE_init</name>
         <load_address>0x3698</load_address>
         <readonly>true</readonly>
         <executable>true</executable>
         <run_address>0x3698</run_address>
         <size>0x54</size>
         <alignment>0x4</alignment>
         <input_file_ref idref="fl-3"/>
      </object_component>
      <object_component id="oc-b4">
         <name>.text.SYSCFG_DL_init</name>
         <load_address>0x36ec</load_address>
         <readonly>true</readonly>
         <executable>true</executable>
         <run_address>0x36ec</run_address>
         <size>0x54</size>
         <alignment>0x4</alignment>
         <input_file_ref idref="fl-3"/>
      </object_component>
      <object_component id="oc-3b">
         <name>.text.ADC0_IRQHandler</name>
         <load_address>0x3740</load_address>
         <readonly>true</readonly>
         <executable>true</executable>
         <run_address>0x3740</run_address>
         <size>0x50</size>
         <alignment>0x4</alignment>
         <input_file_ref idref="fl-2"/>
      </object_component>
      <object_component id="oc-176">
         <name>.text.DL_GPIO_initPeripheralInputFunctionFeatures</name>
         <load_address>0x3790</load_address>
         <readonly>true</readonly>
         <executable>true</executable>
         <run_address>0x3790</run_address>
         <size>0x50</size>
         <alignment>0x4</alignment>
         <input_file_ref idref="fl-3"/>
      </object_component>
      <object_component id="oc-114">
         <name>.text.LCD_WriteCommand</name>
         <load_address>0x37e0</load_address>
         <readonly>true</readonly>
         <executable>true</executable>
         <run_address>0x37e0</run_address>
         <size>0x50</size>
         <alignment>0x4</alignment>
         <input_file_ref idref="fl-1"/>
      </object_component>
      <object_component id="oc-115">
         <name>.text.LCD_WriteData</name>
         <load_address>0x3830</load_address>
         <readonly>true</readonly>
         <executable>true</executable>
         <run_address>0x3830</run_address>
         <size>0x50</size>
         <alignment>0x4</alignment>
         <input_file_ref idref="fl-1"/>
      </object_component>
      <object_component id="oc-11b">
         <name>.text.LCD_DrawPixel</name>
         <load_address>0x3880</load_address>
         <readonly>true</readonly>
         <executable>true</executable>
         <run_address>0x3880</run_address>
         <size>0x4e</size>
         <alignment>0x2</alignment>
         <input_file_ref idref="fl-1"/>
      </object_component>
      <object_component id="oc-1be">
         <name>.text.DL_ADC12_setClockConfig</name>
         <load_address>0x38d0</load_address>
         <readonly>true</readonly>
         <executable>true</executable>
         <run_address>0x38d0</run_address>
         <size>0x4c</size>
         <alignment>0x4</alignment>
         <input_file_ref idref="fl-5"/>
      </object_component>
      <object_component id="oc-179">
         <name>.text.DL_GPIO_initDigitalInputFeatures</name>
         <load_address>0x391c</load_address>
         <readonly>true</readonly>
         <executable>true</executable>
         <run_address>0x391c</run_address>
         <size>0x4c</size>
         <alignment>0x4</alignment>
         <input_file_ref idref="fl-3"/>
      </object_component>
      <object_component id="oc-18d">
         <name>.text.DL_SYSCTL_switchMCLKfromSYSOSCtoHSCLK</name>
         <load_address>0x3968</load_address>
         <readonly>true</readonly>
         <executable>true</executable>
         <run_address>0x3968</run_address>
         <size>0x4c</size>
         <alignment>0x4</alignment>
         <input_file_ref idref="fl-34"/>
      </object_component>
      <object_component id="oc-138">
         <name>.text.snprintf</name>
         <load_address>0x39b4</load_address>
         <readonly>true</readonly>
         <executable>true</executable>
         <run_address>0x39b4</run_address>
         <size>0x4c</size>
         <alignment>0x4</alignment>
         <input_file_ref idref="fl-62"/>
      </object_component>
      <object_component id="oc-1c4">
         <name>.text.DL_ADC12_configConversionMem</name>
         <load_address>0x3a00</load_address>
         <readonly>true</readonly>
         <executable>true</executable>
         <run_address>0x3a00</run_address>
         <size>0x4a</size>
         <alignment>0x2</alignment>
         <input_file_ref idref="fl-3"/>
      </object_component>
      <object_component id="oc-1b8">
         <name>.text.DL_SPI_init</name>
         <load_address>0x3a4c</load_address>
         <readonly>true</readonly>
         <executable>true</executable>
         <run_address>0x3a4c</run_address>
         <size>0x48</size>
         <alignment>0x4</alignment>
         <input_file_ref idref="fl-21"/>
      </object_component>
      <object_component id="oc-12f">
         <name>.text.__fixunsdfsi</name>
         <load_address>0x3a94</load_address>
         <readonly>true</readonly>
         <executable>true</executable>
         <run_address>0x3a94</run_address>
         <size>0x42</size>
         <alignment>0x4</alignment>
         <input_file_ref idref="fl-137"/>
      </object_component>
      <object_component id="oc-198">
         <name>.text.DL_Timer_setCaptureCompareOutCtl</name>
         <load_address>0x3ad8</load_address>
         <readonly>true</readonly>
         <executable>true</executable>
         <run_address>0x3ad8</run_address>
         <size>0x40</size>
         <alignment>0x4</alignment>
         <input_file_ref idref="fl-23"/>
      </object_component>
      <object_component id="oc-108">
         <name>.text.SYSCFG_DL_SPI_LCD_init</name>
         <load_address>0x3b18</load_address>
         <readonly>true</readonly>
         <executable>true</executable>
         <run_address>0x3b18</run_address>
         <size>0x40</size>
         <alignment>0x4</alignment>
         <input_file_ref idref="fl-3"/>
      </object_component>
      <object_component id="oc-8e">
         <name>.text.__aeabi_uidivmod</name>
         <load_address>0x3b58</load_address>
         <readonly>true</readonly>
         <executable>true</executable>
         <run_address>0x3b58</run_address>
         <size>0x40</size>
         <alignment>0x4</alignment>
         <input_file_ref idref="fl-140"/>
      </object_component>
      <object_component id="oc-26a">
         <name>.text.atoi</name>
         <load_address>0x3b98</load_address>
         <readonly>true</readonly>
         <executable>true</executable>
         <run_address>0x3b98</run_address>
         <size>0x40</size>
         <alignment>0x4</alignment>
         <input_file_ref idref="fl-72"/>
      </object_component>
      <object_component id="oc-221">
         <name>.text.DL_Timer_setCaptureCompareCtl</name>
         <load_address>0x3bd8</load_address>
         <readonly>true</readonly>
         <executable>true</executable>
         <run_address>0x3bd8</run_address>
         <size>0x3c</size>
         <alignment>0x4</alignment>
         <input_file_ref idref="fl-23"/>
      </object_component>
      <object_component id="oc-227">
         <name>.text.DL_Timer_setCounterControl</name>
         <load_address>0x3c14</load_address>
         <readonly>true</readonly>
         <executable>true</executable>
         <run_address>0x3c14</run_address>
         <size>0x3c</size>
         <alignment>0x4</alignment>
         <input_file_ref idref="fl-23"/>
      </object_component>
      <object_component id="oc-197">
         <name>.text.DL_Timer_setCounterControl</name>
         <load_address>0x3c50</load_address>
         <readonly>true</readonly>
         <executable>true</executable>
         <run_address>0x3c50</run_address>
         <size>0x3c</size>
         <alignment>0x4</alignment>
         <input_file_ref idref="fl-3"/>
      </object_component>
      <object_component id="oc-dc">
         <name>.text:__TI_auto_init_nobinit_nopinit</name>
         <load_address>0x3c8c</load_address>
         <readonly>true</readonly>
         <executable>true</executable>
         <run_address>0x3c8c</run_address>
         <size>0x3c</size>
         <alignment>0x4</alignment>
         <input_file_ref idref="fl-65"/>
      </object_component>
      <object_component id="oc-1d3">
         <name>.text.__muldsi3</name>
         <load_address>0x3cc8</load_address>
         <readonly>true</readonly>
         <executable>true</executable>
         <run_address>0x3cc8</run_address>
         <size>0x3a</size>
         <alignment>0x4</alignment>
         <input_file_ref idref="fl-133"/>
      </object_component>
      <object_component id="oc-1a1">
         <name>.text.DL_Timer_setPublisherChanID</name>
         <load_address>0x3d04</load_address>
         <readonly>true</readonly>
         <executable>true</executable>
         <run_address>0x3d04</run_address>
         <size>0x38</size>
         <alignment>0x4</alignment>
         <input_file_ref idref="fl-3"/>
      </object_component>
      <object_component id="oc-1a4">
         <name>.text.DL_I2C_setClockConfig</name>
         <load_address>0x3d3c</load_address>
         <readonly>true</readonly>
         <executable>true</executable>
         <run_address>0x3d3c</run_address>
         <size>0x34</size>
         <alignment>0x4</alignment>
         <input_file_ref idref="fl-11"/>
      </object_component>
      <object_component id="oc-199">
         <name>.text.DL_Timer_setCaptCompUpdateMethod</name>
         <load_address>0x3d70</load_address>
         <readonly>true</readonly>
         <executable>true</executable>
         <run_address>0x3d70</run_address>
         <size>0x34</size>
         <alignment>0x4</alignment>
         <input_file_ref idref="fl-23"/>
      </object_component>
      <object_component id="oc-220">
         <name>.text.DL_Timer_setCaptureCompareAction</name>
         <load_address>0x3da4</load_address>
         <readonly>true</readonly>
         <executable>true</executable>
         <run_address>0x3da4</run_address>
         <size>0x34</size>
         <alignment>0x4</alignment>
         <input_file_ref idref="fl-23"/>
      </object_component>
      <object_component id="oc-222">
         <name>.text.DL_Timer_setCaptureCompareInput</name>
         <load_address>0x3dd8</load_address>
         <readonly>true</readonly>
         <executable>true</executable>
         <run_address>0x3dd8</run_address>
         <size>0x34</size>
         <alignment>0x2</alignment>
         <input_file_ref idref="fl-23"/>
      </object_component>
      <object_component id="oc-195">
         <name>.text.DL_Timer_setClockConfig</name>
         <load_address>0x3e0c</load_address>
         <readonly>true</readonly>
         <executable>true</executable>
         <run_address>0x3e0c</run_address>
         <size>0x34</size>
         <alignment>0x4</alignment>
         <input_file_ref idref="fl-23"/>
      </object_component>
      <object_component id="oc-36">
         <name>.text.HardFault_Handler</name>
         <load_address>0x3e40</load_address>
         <readonly>true</readonly>
         <executable>true</executable>
         <run_address>0x3e40</run_address>
         <size>0x34</size>
         <alignment>0x4</alignment>
         <input_file_ref idref="fl-2"/>
      </object_component>
      <object_component id="oc-69">
         <name>.text.DL_ADC12_getMemResult</name>
         <load_address>0x3e74</load_address>
         <readonly>true</readonly>
         <executable>true</executable>
         <run_address>0x3e74</run_address>
         <size>0x30</size>
         <alignment>0x4</alignment>
         <input_file_ref idref="fl-2"/>
      </object_component>
      <object_component id="oc-1ba">
         <name>.text.DL_SPI_setFIFOThreshold</name>
         <load_address>0x3ea4</load_address>
         <readonly>true</readonly>
         <executable>true</executable>
         <run_address>0x3ea4</run_address>
         <size>0x30</size>
         <alignment>0x4</alignment>
         <input_file_ref idref="fl-3"/>
      </object_component>
      <object_component id="oc-1f2">
         <name>.text._outs</name>
         <load_address>0x3ed4</load_address>
         <readonly>true</readonly>
         <executable>true</executable>
         <run_address>0x3ed4</run_address>
         <size>0x30</size>
         <alignment>0x2</alignment>
         <input_file_ref idref="fl-62"/>
      </object_component>
      <object_component id="oc-6f">
         <name>.text.DL_Timer_setCaptureCompareValue</name>
         <load_address>0x3f04</load_address>
         <readonly>true</readonly>
         <executable>true</executable>
         <run_address>0x3f04</run_address>
         <size>0x2c</size>
         <alignment>0x4</alignment>
         <input_file_ref idref="fl-23"/>
      </object_component>
      <object_component id="oc-c5">
         <name>.text.__NVIC_EnableIRQ</name>
         <load_address>0x3f30</load_address>
         <readonly>true</readonly>
         <executable>true</executable>
         <run_address>0x3f30</run_address>
         <size>0x2c</size>
         <alignment>0x4</alignment>
         <input_file_ref idref="fl-2"/>
      </object_component>
      <object_component id="oc-11f">
         <name>.text.__floatsidf</name>
         <load_address>0x3f5c</load_address>
         <readonly>true</readonly>
         <executable>true</executable>
         <run_address>0x3f5c</run_address>
         <size>0x2c</size>
         <alignment>0x4</alignment>
         <input_file_ref idref="fl-138"/>
      </object_component>
      <object_component id="oc-22e">
         <name>.text.DL_Common_updateReg</name>
         <load_address>0x3f88</load_address>
         <readonly>true</readonly>
         <executable>true</executable>
         <run_address>0x3f88</run_address>
         <size>0x28</size>
         <alignment>0x2</alignment>
         <input_file_ref idref="fl-5"/>
      </object_component>
      <object_component id="oc-228">
         <name>.text.DL_Common_updateReg</name>
         <load_address>0x3fb0</load_address>
         <readonly>true</readonly>
         <executable>true</executable>
         <run_address>0x3fb0</run_address>
         <size>0x28</size>
         <alignment>0x2</alignment>
         <input_file_ref idref="fl-11"/>
      </object_component>
      <object_component id="oc-235">
         <name>.text.DL_Common_updateReg</name>
         <load_address>0x3fd8</load_address>
         <readonly>true</readonly>
         <executable>true</executable>
         <run_address>0x3fd8</run_address>
         <size>0x28</size>
         <alignment>0x2</alignment>
         <input_file_ref idref="fl-1e"/>
      </object_component>
      <object_component id="oc-22d">
         <name>.text.DL_Common_updateReg</name>
         <load_address>0x4000</load_address>
         <readonly>true</readonly>
         <executable>true</executable>
         <run_address>0x4000</run_address>
         <size>0x28</size>
         <alignment>0x2</alignment>
         <input_file_ref idref="fl-21"/>
      </object_component>
      <object_component id="oc-214">
         <name>.text.DL_Common_updateReg</name>
         <load_address>0x4028</load_address>
         <readonly>true</readonly>
         <executable>true</executable>
         <run_address>0x4028</run_address>
         <size>0x28</size>
         <alignment>0x2</alignment>
         <input_file_ref idref="fl-34"/>
      </object_component>
      <object_component id="oc-224">
         <name>.text.DL_Common_updateReg</name>
         <load_address>0x4050</load_address>
         <readonly>true</readonly>
         <executable>true</executable>
         <run_address>0x4050</run_address>
         <size>0x28</size>
         <alignment>0x2</alignment>
         <input_file_ref idref="fl-23"/>
      </object_component>
      <object_component id="oc-211">
         <name>.text.DL_Common_updateReg</name>
         <load_address>0x4078</load_address>
         <readonly>true</readonly>
         <executable>true</executable>
         <run_address>0x4078</run_address>
         <size>0x28</size>
         <alignment>0x2</alignment>
         <input_file_ref idref="fl-3"/>
      </object_component>
      <object_component id="oc-1ae">
         <name>.text.DL_I2C_setControllerRXFIFOThreshold</name>
         <load_address>0x40a0</load_address>
         <readonly>true</readonly>
         <executable>true</executable>
         <run_address>0x40a0</run_address>
         <size>0x28</size>
         <alignment>0x4</alignment>
         <input_file_ref idref="fl-3"/>
      </object_component>
      <object_component id="oc-1ad">
         <name>.text.DL_I2C_setControllerTXFIFOThreshold</name>
         <load_address>0x40c8</load_address>
         <readonly>true</readonly>
         <executable>true</executable>
         <run_address>0x40c8</run_address>
         <size>0x28</size>
         <alignment>0x4</alignment>
         <input_file_ref idref="fl-3"/>
      </object_component>
      <object_component id="oc-21b">
         <name>.text.DL_SYSCTL_configFCC</name>
         <load_address>0x40f0</load_address>
         <readonly>true</readonly>
         <executable>true</executable>
         <run_address>0x40f0</run_address>
         <size>0x28</size>
         <alignment>0x4</alignment>
         <input_file_ref idref="fl-34"/>
      </object_component>
      <object_component id="oc-17c">
         <name>.text.DL_SYSCTL_setPowerPolicySTANDBY0</name>
         <load_address>0x4118</load_address>
         <readonly>true</readonly>
         <executable>true</executable>
         <run_address>0x4118</run_address>
         <size>0x28</size>
         <alignment>0x4</alignment>
         <input_file_ref idref="fl-3"/>
      </object_component>
      <object_component id="oc-1a0">
         <name>.text.DL_Timer_enableEvent</name>
         <load_address>0x4140</load_address>
         <readonly>true</readonly>
         <executable>true</executable>
         <run_address>0x4140</run_address>
         <size>0x28</size>
         <alignment>0x4</alignment>
         <input_file_ref idref="fl-3"/>
      </object_component>
      <object_component id="oc-10b">
         <name>.text.SYSCFG_DL_RTC_init</name>
         <load_address>0x4168</load_address>
         <readonly>true</readonly>
         <executable>true</executable>
         <run_address>0x4168</run_address>
         <size>0x28</size>
         <alignment>0x4</alignment>
         <input_file_ref idref="fl-3"/>
      </object_component>
      <object_component id="oc-1eb">
         <name>.text.__floatunsisf</name>
         <load_address>0x4190</load_address>
         <readonly>true</readonly>
         <executable>true</executable>
         <run_address>0x4190</run_address>
         <size>0x28</size>
         <alignment>0x4</alignment>
         <input_file_ref idref="fl-13a"/>
      </object_component>
      <object_component id="oc-59">
         <name>.text:_c_int00_noargs</name>
         <load_address>0x41b8</load_address>
         <readonly>true</readonly>
         <executable>true</executable>
         <run_address>0x41b8</run_address>
         <size>0x28</size>
         <alignment>0x4</alignment>
         <input_file_ref idref="fl-63"/>
      </object_component>
      <object_component id="oc-1a9">
         <name>.text.DL_I2C_setAnalogGlitchFilterPulseWidth</name>
         <load_address>0x41e0</load_address>
         <readonly>true</readonly>
         <executable>true</executable>
         <run_address>0x41e0</run_address>
         <size>0x26</size>
         <alignment>0x2</alignment>
         <input_file_ref idref="fl-3"/>
      </object_component>
      <object_component id="oc-1b9">
         <name>.text.DL_SPI_setBitRateSerialClockDivider</name>
         <load_address>0x4208</load_address>
         <readonly>true</readonly>
         <executable>true</executable>
         <run_address>0x4208</run_address>
         <size>0x24</size>
         <alignment>0x4</alignment>
         <input_file_ref idref="fl-3"/>
      </object_component>
      <object_component id="oc-1b3">
         <name>.text.DL_SPI_setClockConfig</name>
         <load_address>0x422c</load_address>
         <readonly>true</readonly>
         <executable>true</executable>
         <run_address>0x422c</run_address>
         <size>0x24</size>
         <alignment>0x4</alignment>
         <input_file_ref idref="fl-21"/>
      </object_component>
      <object_component id="oc-1df">
         <name>.text.__floatunsidf</name>
         <load_address>0x4250</load_address>
         <readonly>true</readonly>
         <executable>true</executable>
         <run_address>0x4250</run_address>
         <size>0x24</size>
         <alignment>0x4</alignment>
         <input_file_ref idref="fl-139"/>
      </object_component>
      <object_component id="oc-1db">
         <name>.text.__muldi3</name>
         <load_address>0x4274</load_address>
         <readonly>true</readonly>
         <executable>true</executable>
         <run_address>0x4274</run_address>
         <size>0x24</size>
         <alignment>0x4</alignment>
         <input_file_ref idref="fl-13b"/>
      </object_component>
      <object_component id="oc-263">
         <name>.text.memccpy</name>
         <load_address>0x4298</load_address>
         <readonly>true</readonly>
         <executable>true</executable>
         <run_address>0x4298</run_address>
         <size>0x22</size>
         <alignment>0x2</alignment>
         <input_file_ref idref="fl-74"/>
      </object_component>
      <object_component id="oc-216">
         <name>.text.DL_CORE_configInstruction</name>
         <load_address>0x42bc</load_address>
         <readonly>true</readonly>
         <executable>true</executable>
         <run_address>0x42bc</run_address>
         <size>0x20</size>
         <alignment>0x4</alignment>
         <input_file_ref idref="fl-34"/>
      </object_component>
      <object_component id="oc-237">
         <name>.text.DL_RTC_Common_setCalendarYearBinary</name>
         <load_address>0x42dc</load_address>
         <readonly>true</readonly>
         <executable>true</executable>
         <run_address>0x42dc</run_address>
         <size>0x20</size>
         <alignment>0x4</alignment>
         <input_file_ref idref="fl-1e"/>
      </object_component>
      <object_component id="oc-17f">
         <name>.text.DL_SYSCTL_setFlashWaitState</name>
         <load_address>0x42fc</load_address>
         <readonly>true</readonly>
         <executable>true</executable>
         <run_address>0x42fc</run_address>
         <size>0x20</size>
         <alignment>0x4</alignment>
         <input_file_ref idref="fl-3"/>
      </object_component>
      <object_component id="oc-18f">
         <name>.text.DL_SYSCTL_setMFPCLKSource</name>
         <load_address>0x431c</load_address>
         <readonly>true</readonly>
[...]
      </symbol>
      <symbol id="sm-2a8">
         <name>interruptVectors</name>
         <value>0x0</value>
         <object_component_ref idref="oc-18"/>
      </symbol>
      <symbol id="sm-2a9">
         <name>NMI_Handler</name>
         <value>0x4bc3</value>
         <object_component_ref idref="oc-35"/>
      </symbol>
      <symbol id="sm-2aa">
         <name>SVC_Handler</name>
         <value>0x4bc3</value>
         <object_component_ref idref="oc-35"/>
      </symbol>
      <symbol id="sm-2ab">
         <name>PendSV_Handler</name>
         <value>0x4bc3</value>
         <object_component_ref idref="oc-35"/>
      </symbol>
      <symbol id="sm-2ac">
         <name>SysTick_Handler</name>
         <value>0x4bc3</value>
         <object_component_ref idref="oc-35"/>
      </symbol>
      <symbol id="sm-2ad">
         <name>GROUP0_IRQHandler</name>
         <value>0x4bc3</value>
         <object_component_ref idref="oc-35"/>
      </symbol>
      <symbol id="sm-2ae">
         <name>GROUP1_IRQHandler</name>
         <value>0x4bc3</value>
         <object_component_ref idref="oc-35"/>
      </symbol>
      <symbol id="sm-2af">
         <name>TIMG8_IRQHandler</name>
         <value>0x4bc3</value>
         <object_component_ref idref="oc-35"/>
      </symbol>
      <symbol id="sm-2b0">
         <name>UART3_IRQHandler</name>
         <value>0x4bc3</value>
         <object_component_ref idref="oc-35"/>
      </symbol>
      <symbol id="sm-2b1">
         <name>CANFD0_IRQHandler</name>
         <value>0x4bc3</value>
         <object_component_ref idref="oc-35"/>
      </symbol>
      <symbol id="sm-2b2">
         <name>DAC0_IRQHandler</name>
         <value>0x4bc3</value>
         <object_component_ref idref="oc-35"/>
      </symbol>
      <symbol id="sm-2b3">
         <name>SPI0_IRQHandler</name>
         <value>0x4bc3</value>
         <object_component_ref idref="oc-35"/>
      </symbol>
      <symbol id="sm-2b4">
         <name>SPI1_IRQHandler</name>
         <value>0x4bc3</value>
         <object_component_ref idref="oc-35"/>
      </symbol>
      <symbol id="sm-2b5">
         <name>UART1_IRQHandler</name>
         <value>0x4bc3</value>
         <object_component_ref idref="oc-35"/>
      </symbol>
      <symbol id="sm-2b6">
         <name>UART2_IRQHandler</name>
         <value>0x4bc3</value>
         <object_component_ref idref="oc-35"/>
      </symbol>
      <symbol id="sm-2b7">
         <name>UART0_IRQHandler</name>
         <value>0x4bc3</value>
         <object_component_ref idref="oc-35"/>
      </symbol>
      <symbol id="sm-2b8">
         <name>TIMG0_IRQHandler</name>
         <value>0x4bc3</value>
         <object_component_ref idref="oc-35"/>
      </symbol>
      <symbol id="sm-2b9">
         <name>TIMG6_IRQHandler</name>
         <value>0x4bc3</value>
         <object_component_ref idref="oc-35"/>
      </symbol>
      <symbol id="sm-2ba">
         <name>TIMA0_IRQHandler</name>
         <value>0x4bc3</value>
         <object_component_ref idref="oc-35"/>
      </symbol>
      <symbol id="sm-2bb">
         <name>TIMA1_IRQHandler</name>
         <value>0x4bc3</value>
         <object_component_ref idref="oc-35"/>
      </symbol>
      <symbol id="sm-2bc">
         <name>TIMG12_IRQHandler</name>
         <value>0x4bc3</value>
         <object_component_ref idref="oc-35"/>
      </symbol>
      <symbol id="sm-2bd">
         <name>I2C0_IRQHandler</name>
         <value>0x4bc3</value>
         <object_component_ref idref="oc-35"/>
      </symbol>
      <symbol id="sm-2be">
         <name>I2C1_IRQHandler</name>
         <value>0x4bc3</value>
         <object_component_ref idref="oc-35"/>
      </symbol>
      <symbol id="sm-2bf">
         <name>AES_IRQHandler</name>
         <value>0x4bc3</value>
         <object_component_ref idref="oc-35"/>
      </symbol>
      <symbol id="sm-2c0">
         <name>RTC_IRQHandler</name>
         <value>0x4bc3</value>
         <object_component_ref idref="oc-35"/>
      </symbol>
      <symbol id="sm-2c1">
         <name>DMA_IRQHandler</name>
         <value>0x4bc3</value>
         <object_component_ref idref="oc-35"/>
      </symbol>
      <symbol id="sm-2ce">
         <name>DL_ADC12_setClockConfig</name>
         <value>0x38d1</value>
         <object_component_ref idref="oc-1be"/>
      </symbol>
      <symbol id="sm-2d8">
         <name>DL_Common_delayCycles</name>
         <value>0x496b</value>
         <object_component_ref idref="oc-c1"/>
      </symbol>
      <symbol id="sm-2ed">
         <name>DL_I2C_setClockConfig</name>
         <value>0x3d3d</value>
         <object_component_ref idref="oc-1a4"/>
      </symbol>
      <symbol id="sm-331">
         <name>DL_RTC_Common_initCalendar</name>
         <value>0x29bd</value>
         <object_component_ref idref="oc-1cc"/>
      </symbol>
      <symbol id="sm-343">
         <name>DL_SPI_init</name>
         <value>0x3a4d</value>
         <object_component_ref idref="oc-1b8"/>
      </symbol>
      <symbol id="sm-344">
         <name>DL_SPI_setClockConfig</name>
         <value>0x422d</value>
         <object_component_ref idref="oc-1b3"/>
      </symbol>
      <symbol id="sm-37b">
         <name>DL_Timer_setClockConfig</name>
         <value>0x3e0d</value>
         <object_component_ref idref="oc-195"/>
      </symbol>
      <symbol id="sm-37c">
         <name>DL_Timer_initTimerMode</name>
         <value>0x2121</value>
         <object_component_ref idref="oc-19f"/>
      </symbol>
      <symbol id="sm-37d">
         <name>DL_Timer_setCaptureCompareValue</name>
         <value>0x3f05</value>
         <object_component_ref idref="oc-6f"/>
      </symbol>
      <symbol id="sm-37e">
         <name>DL_Timer_setCaptureCompareCtl</name>
         <value>0x3bd9</value>
         <object_component_ref idref="oc-221"/>
      </symbol>
      <symbol id="sm-37f">
         <name>DL_Timer_setCaptureCompareInput</name>
         <value>0x3dd9</value>
         <object_component_ref idref="oc-222"/>
      </symbol>
      <symbol id="sm-380">
         <name>DL_Timer_setCaptCompUpdateMethod</name>
         <value>0x3d71</value>
         <object_component_ref idref="oc-199"/>
      </symbol>
      <symbol id="sm-381">
         <name>DL_Timer_setCaptureCompareOutCtl</name>
         <value>0x3ad9</value>
         <object_component_ref idref="oc-198"/>
      </symbol>
      <symbol id="sm-382">
         <name>DL_Timer_setCaptureCompareAction</name>
         <value>0x3da5</value>
         <object_component_ref idref="oc-220"/>
      </symbol>
      <symbol id="sm-383">
         <name>DL_Timer_initFourCCPWMMode</name>
         <value>0x2545</value>
         <object_component_ref idref="oc-196"/>
      </symbol>
      <symbol id="sm-3be">
         <name>DL_SYSCTL_configSYSPLL</name>
         <value>0x2801</value>
         <object_component_ref idref="oc-183"/>
      </symbol>
      <symbol id="sm-3bf">
         <name>DL_SYSCTL_switchMCLKfromSYSOSCtoHSCLK</name>
         <value>0x3969</value>
         <object_component_ref idref="oc-18d"/>
      </symbol>
      <symbol id="sm-3c0">
         <name>DL_SYSCTL_configFCC</name>
         <value>0x40f1</value>
         <object_component_ref idref="oc-21b"/>
      </symbol>
      <symbol id="sm-3cb">
         <name>__TI_ATRegion0_src_addr</name>
         <value>0x0</value>
      </symbol>
      <symbol id="sm-3cc">
         <name>__TI_ATRegion0_trg_addr</name>
         <value>0x0</value>
      </symbol>
      <symbol id="sm-3cd">
         <name>__TI_ATRegion0_region_sz</name>
         <value>0x0</value>
      </symbol>
      <symbol id="sm-3ce">
         <name>__TI_ATRegion1_src_addr</name>
         <value>0x0</value>
      </symbol>
      <symbol id="sm-3cf">
         <name>__TI_ATRegion1_trg_addr</name>
         <value>0x0</value>
      </symbol>
      <symbol id="sm-3d0">
         <name>__TI_ATRegion1_region_sz</name>
         <value>0x0</value>
      </symbol>
      <symbol id="sm-3d1">
         <name>__TI_ATRegion2_src_addr</name>
         <value>0x0</value>
      </symbol>
      <symbol id="sm-3d2">
         <name>__TI_ATRegion2_trg_addr</name>
         <value>0x0</value>
      </symbol>
      <symbol id="sm-3d3">
         <name>__TI_ATRegion2_region_sz</name>
         <value>0x0</value>
      </symbol>
      <symbol id="sm-3e4">
         <name>snprintf</name>
         <value>0x39b5</value>
         <object_component_ref idref="oc-138"/>
      </symbol>
      <symbol id="sm-3ef">
         <name>_c_int00_noargs</name>
         <value>0x41b9</value>
         <object_component_ref idref="oc-59"/>
      </symbol>
      <symbol id="sm-3f0">
         <name>__stack</name>
         <value>0x20207e00</value>
         <object_component_ref idref="oc-1a"/>
      </symbol>
      <symbol id="sm-3ff">
         <name>__TI_auto_init_nobinit_nopinit</name>
         <value>0x3c8d</value>
         <object_component_ref idref="oc-dc"/>
      </symbol>
      <symbol id="sm-407">
         <name>_system_pre_init</name>
         <value>0x4be1</value>
         <object_component_ref idref="oc-7f"/>
      </symbol>
      <symbol id="sm-412">
         <name>__TI_zero_init_nomemset</name>
         <value>0x4955</value>
         <object_component_ref idref="oc-50"/>
      </symbol>
      <symbol id="sm-41b">
         <name>__TI_decompress_none</name>
         <value>0x4acf</value>
         <object_component_ref idref="oc-20"/>
      </symbol>
      <symbol id="sm-426">
         <name>__TI_decompress_lzss</name>
         <value>0x3171</value>
         <object_component_ref idref="oc-1c"/>
      </symbol>
      <symbol id="sm-448">
         <name>__TI_printfi_nofloat</name>
         <value>0xc1</value>
         <object_component_ref idref="oc-257"/>
      </symbol>
      <symbol id="sm-453">
         <name>__aeabi_errno_addr</name>
         <value>0x4bad</value>
         <object_component_ref idref="oc-272"/>
      </symbol>
      <symbol id="sm-454">
         <name>__aeabi_errno</name>
         <value>0x20201278</value>
         <object_component_ref idref="oc-287"/>
      </symbol>
      <symbol id="sm-45e">
         <name>abort</name>
         <value>0x4bbd</value>
         <object_component_ref idref="oc-d5"/>
      </symbol>
      <symbol id="sm-46c">
         <name>atoi</name>
         <value>0x3b99</value>
         <object_component_ref idref="oc-26a"/>
      </symbol>
      <symbol id="sm-476">
         <name>memccpy</name>
         <value>0x4299</value>
         <object_component_ref idref="oc-263"/>
      </symbol>
      <symbol id="sm-47d">
         <name>_sys_memory</name>
         <value>0x20200000</value>
         <object_component_ref idref="oc-2f"/>
      </symbol>
      <symbol id="sm-488">
         <name>wcslen</name>
         <value>0x4b41</value>
         <object_component_ref idref="oc-26e"/>
      </symbol>
      <symbol id="sm-48e">
         <name>__aeabi_ctype_table_</name>
         <value>0x5020</value>
         <object_component_ref idref="oc-280"/>
      </symbol>
      <symbol id="sm-48f">
         <name>__aeabi_ctype_table_C</name>
         <value>0x5020</value>
         <object_component_ref idref="oc-280"/>
      </symbol>
      <symbol id="sm-49a">
         <name>HOSTexit</name>
         <value>0x4bc7</value>
         <object_component_ref idref="oc-151"/>
      </symbol>
      <symbol id="sm-49b">
         <name>C$$EXIT</name>
         <value>0x4bc6</value>
         <object_component_ref idref="oc-151"/>
      </symbol>
      <symbol id="sm-4b0">
         <name>__aeabi_dadd</name>
         <value>0x1aa7</value>
         <object_component_ref idref="oc-12b"/>
      </symbol>
      <symbol id="sm-4b1">
         <name>__adddf3</name>
         <value>0x1aa7</value>
         <object_component_ref idref="oc-12b"/>
      </symbol>
      <symbol id="sm-4b2">
         <name>__aeabi_dsub</name>
         <value>0x1a9d</value>
         <object_component_ref idref="oc-12b"/>
      </symbol>
      <symbol id="sm-4b3">
         <name>__subdf3</name>
         <value>0x1a9d</value>
         <object_component_ref idref="oc-12b"/>
      </symbol>
      <symbol id="sm-4b9">
         <name>__aeabi_dmul</name>
         <value>0x271d</value>
         <object_component_ref idref="oc-123"/>
      </symbol>
      <symbol id="sm-4ba">
         <name>__muldf3</name>
         <value>0x271d</value>
         <object_component_ref idref="oc-123"/>
      </symbol>
      <symbol id="sm-4c0">
         <name>__muldsi3</name>
         <value>0x3cc9</value>
         <object_component_ref idref="oc-1d3"/>
      </symbol>
      <symbol id="sm-4c6">
         <name>__aeabi_ddiv</name>
         <value>0x2341</value>
         <object_component_ref idref="oc-127"/>
      </symbol>
      <symbol id="sm-4c7">
         <name>__divdf3</name>
         <value>0x2341</value>
         <object_component_ref idref="oc-127"/>
      </symbol>
      <symbol id="sm-4cd">
         <name>__aeabi_d2uiz</name>
         <value>0x3a95</value>
         <object_component_ref idref="oc-12f"/>
      </symbol>
      <symbol id="sm-4ce">
         <name>__fixunsdfsi</name>
         <value>0x3a95</value>
         <object_component_ref idref="oc-12f"/>
      </symbol>
      <symbol id="sm-4d4">
         <name>__aeabi_i2d</name>
         <value>0x3f5d</value>
         <object_component_ref idref="oc-11f"/>
      </symbol>
      <symbol id="sm-4d5">
         <name>__floatsidf</name>
         <value>0x3f5d</value>
         <object_component_ref idref="oc-11f"/>
      </symbol>
      <symbol id="sm-4db">
         <name>__aeabi_ui2d</name>
         <value>0x4251</value>
         <object_component_ref idref="oc-1df"/>
      </symbol>
      <symbol id="sm-4dc">
         <name>__floatunsidf</name>
         <value>0x4251</value>
         <object_component_ref idref="oc-1df"/>
      </symbol>
      <symbol id="sm-4e2">
         <name>__aeabi_ui2f</name>
         <value>0x4191</value>
         <object_component_ref idref="oc-1eb"/>
      </symbol>
      <symbol id="sm-4e3">
         <name>__floatunsisf</name>
         <value>0x4191</value>
         <object_component_ref idref="oc-1eb"/>
      </symbol>
      <symbol id="sm-4e9">
         <name>__aeabi_lmul</name>
         <value>0x4275</value>
         <object_component_ref idref="oc-1db"/>
      </symbol>
      <symbol id="sm-4ea">
         <name>__muldi3</name>
         <value>0x4275</value>
         <object_component_ref idref="oc-1db"/>
      </symbol>
      <symbol id="sm-4f0">
         <name>__aeabi_dcmpeq</name>
         <value>0x3415</value>
         <object_component_ref idref="oc-1e3"/>
      </symbol>
      <symbol id="sm-4f1">
         <name>__aeabi_dcmplt</name>
         <value>0x3429</value>
         <object_component_ref idref="oc-1e3"/>
      </symbol>
      <symbol id="sm-4f2">
         <name>__aeabi_dcmple</name>
         <value>0x343d</value>
         <object_component_ref idref="oc-1e3"/>
      </symbol>
      <symbol id="sm-4f3">
         <name>__aeabi_dcmpge</name>
         <value>0x3451</value>
         <object_component_ref idref="oc-1e3"/>
      </symbol>
      <symbol id="sm-4f4">
         <name>__aeabi_dcmpgt</name>
         <value>0x3465</value>
         <object_component_ref idref="oc-1e3"/>
      </symbol>
      <symbol id="sm-4fa">
         <name>__aeabi_idiv</name>
         <value>0x3641</value>
         <object_component_ref idref="oc-9a"/>
      </symbol>
      <symbol id="sm-4fb">
         <name>__aeabi_idivmod</name>
         <value>0x3641</value>
         <object_component_ref idref="oc-9a"/>
      </symbol>
      <symbol id="sm-501">
         <name>__aeabi_memcpy</name>
         <value>0x4bb5</value>
         <object_component_ref idref="oc-49"/>
      </symbol>
      <symbol id="sm-502">
         <name>__aeabi_memcpy4</name>
         <value>0x4bb5</value>
         <object_component_ref idref="oc-49"/>
      </symbol>
      <symbol id="sm-503">
         <name>__aeabi_memcpy8</name>
         <value>0x4bb5</value>
         <object_component_ref idref="oc-49"/>
      </symbol>
      <symbol id="sm-50c">
         <name>__aeabi_memset</name>
         <value>0x4b51</value>
         <object_component_ref idref="oc-262"/>
      </symbol>
      <symbol id="sm-50d">
         <name>__aeabi_memset4</name>
         <value>0x4b51</value>
         <object_component_ref idref="oc-262"/>
      </symbol>
      <symbol id="sm-50e">
         <name>__aeabi_memset8</name>
         <value>0x4b51</value>
         <object_component_ref idref="oc-262"/>
      </symbol>
      <symbol id="sm-50f">
         <name>__aeabi_memclr</name>
         <value>0x4ba1</value>
         <object_component_ref idref="oc-7a"/>
      </symbol>
      <symbol id="sm-510">
         <name>__aeabi_memclr4</name>
         <value>0x4ba1</value>
         <object_component_ref idref="oc-7a"/>
      </symbol>
      <symbol id="sm-511">
         <name>__aeabi_memclr8</name>
         <value>0x4ba1</value>
         <object_component_ref idref="oc-7a"/>
      </symbol>
      <symbol id="sm-517">
         <name>__aeabi_uidiv</name>
         <value>0x3b59</value>
         <object_component_ref idref="oc-8e"/>
      </symbol>
      <symbol id="sm-518">
         <name>__aeabi_uidivmod</name>
         <value>0x3b59</value>
         <object_component_ref idref="oc-8e"/>
      </symbol>
      <symbol id="sm-51e">
         <name>__aeabi_uldivmod</name>
         <value>0x4a85</value>
         <object_component_ref idref="oc-1e7"/>
      </symbol>
      <symbol id="sm-524">
         <name>__udivmoddi4</name>
         <value>0x2f1d</value>
         <object_component_ref idref="oc-24b"/>
      </symbol>
      <symbol id="sm-52a">
         <name>__aeabi_llsl</name>
         <value>0x435d</value>
         <object_component_ref idref="oc-25c"/>
      </symbol>
      <symbol id="sm-52b">
         <name>__ashldi3</name>
         <value>0x435d</value>
         <object_component_ref idref="oc-25c"/>
      </symbol>
      <symbol id="sm-539">
         <name>__ledf2</name>
         <value>0x33ad</value>
         <object_component_ref idref="oc-243"/>
      </symbol>
      <symbol id="sm-53a">
         <name>__gedf2</name>
         <value>0x3261</value>
         <object_component_ref idref="oc-249"/>
      </symbol>
      <symbol id="sm-53b">
         <name>__cmpdf2</name>
         <value>0x33ad</value>
         <object_component_ref idref="oc-243"/>
      </symbol>
      <symbol id="sm-53c">
         <name>__eqdf2</name>
         <value>0x33ad</value>
         <object_component_ref idref="oc-243"/>
      </symbol>
      <symbol id="sm-53d">
         <name>__ltdf2</name>
         <value>0x33ad</value>
         <object_component_ref idref="oc-243"/>
      </symbol>
      <symbol id="sm-53e">
         <name>__nedf2</name>
         <value>0x33ad</value>
         <object_component_ref idref="oc-243"/>
      </symbol>
      <symbol id="sm-53f">
         <name>__gtdf2</name>
         <value>0x3261</value>
         <object_component_ref idref="oc-249"/>
      </symbol>
      <symbol id="sm-54b">
         <name>__aeabi_idiv0</name>
         <value>0x211f</value>
         <object_component_ref idref="oc-ee"/>
      </symbol>
      <symbol id="sm-54c">
         <name>__aeabi_ldiv0</name>
         <value>0x2fbf</value>
         <object_component_ref idref="oc-25b"/>
      </symbol>
      <symbol id="sm-556">
         <name>TI_memcpy_small</name>
         <value>0x4abd</value>
         <object_component_ref idref="oc-aa"/>
      </symbol>
      <symbol id="sm-55f">
         <name>TI_memset_small</name>
         <value>0x4b6d</value>
         <object_component_ref idref="oc-fb"/>
      </symbol>
      <symbol id="sm-560">
         <name>__TI_static_base__</name>
         <value>0x0</value>
      </symbol>
      <symbol id="sm-564">
         <name>__mpu_init</name>
         <value>0x0</value>
      </symbol>
      <symbol id="sm-565">
         <name>_system_post_cinit</name>
         <value>0x0</value>
      </symbol>
   </symbol_table>
   <title>Link successful</title>
</link_info>
