******************************************************************************
            TI ARM Clang Linker PC v4.0.4                      
******************************************************************************
>> Linked Fri Dec 19 22:36:00 2025

OUTPUT FILE NAME:   <Motion_Music_studio.out>
ENTRY POINT SYMBOL: "_c_int00_noargs"  address: 000028d1


MEMORY CONFIGURATION

         name            origin    length      used     unused   attr    fill
----------------------  --------  ---------  --------  --------  ----  --------
  FLASH                 00000000   00020000  00003760  0001c8a0  R  X
  SRAM                  20200000   00008000  000012f4  00006d0c  RW X
  BCR_CONFIG            41c00000   000000ff  00000000  000000ff  R   
  BSL_CONFIG            41c00100   00000080  00000000  00000080  R   


SEGMENT ALLOCATION MAP

run origin  load origin   length   init length attrs members
----------  ----------- ---------- ----------- ----- -------
00000000    00000000    000031f8   000031f8    r-x
  00000000    00000000    000000c0   000000c0    r-- .intvecs
  000000c0    000000c0    00003138   00003138    r-x .text
00003200    00003200    00000568   00000568    r--
  00003200    00003200    00000530   00000530    r-- .rodata
  00003730    00003730    00000038   00000038    r-- .cinit
20200000    20200000    000010f4   00000000    rw-
  20200000    20200000    00001000   00000000    rw- .sysmem
  20201000    20201000    000000c8   00000000    rw- .bss
  202010c8    202010c8    0000002c   00000000    rw- .data
20207e00    20207e00    00000200   00000000    rw-
  20207e00    20207e00    00000200   00000000    rw- .stack


SECTION ALLOCATION MAP

 output                                  attributes/
section   page    origin      length       input sections
--------  ----  ----------  ----------   ----------------
.intvecs   0    00000000    000000c0     
                  00000000    000000c0     startup_mspm0g350x_ticlang.o (.intvecs)

.text      0    000000c0    00003138     
                  000000c0    00000868     libc.a : _printfi.c.obj (.text:__TI_printfi_nofloat)
                  00000928    000001b8     main.o (.text.main)
                  00000ae0    000001a0     ti_msp_dl_config.o (.text.SYSCFG_DL_GPIO_init)
                  00000c80    00000110     dl_timer.o (.text.DL_Timer_initTimerMode)
                  00000d90    00000110     dl_timer.o (.text.DL_Timer_initTwoCCPWMMode)
                  00000ea0    0000010c     libclang_rt.builtins.a : divdf3.S.obj (.text.__divdf3)
                  00000fac    000000f4     lcd_driver.o (.text.LCD_DrawChar)
                  000010a0    000000ec     dl_sysctl_mspm0g1x0x_g3x0x.o (.text.DL_SYSCTL_configSYSPLL)
                  0000118c    000000ec     dl_timer.o (.text.DL_Timer_initFourCCPWMMode)
                  00001278    000000e4     libclang_rt.builtins.a : muldf3.S.obj (.text.__muldf3)
                  0000135c    000000c0     main.o (.text.Generate_Audio_Sample)
                  0000141c    000000c0     ti_msp_dl_config.o (.text.SYSCFG_DL_initPower)
                  000014dc    000000ba     lcd_driver.o (.text.LCD_FillRect)
                  00001596    00000002     libclang_rt.builtins.a : aeabi_div0.c.obj (.text.__aeabi_idiv0)
                  00001598    000000a8     ti_msp_dl_config.o (.text.SYSCFG_DL_ADC_ACCEL_init)
                  00001640    000000a4     main.o (.text.GPIOA_IRQHandler)
                  000016e4    000000a2     libclang_rt.builtins.a : udivmoddi4.S.obj (.text)
                  00001786    00000002                            : aeabi_div0.c.obj (.text.__aeabi_ldiv0)
                  00001788    0000009c     ti_msp_dl_config.o (.text.SYSCFG_DL_ADC_MIC_JOY_init)
                  00001824    00000094     lcd_driver.o (.text.LCD_Init)
                  000018b8    00000084     ti_msp_dl_config.o (.text.__NVIC_SetPriority)
                  0000193c    00000080     main.o (.text.delay_ms)
                  000019bc    0000007c     libc.a : copy_decompress_lzss.c.obj (.text:decompress:lzss)
                  00001a38    00000078     ti_msp_dl_config.o (.text.SYSCFG_DL_SYSCTL_init)
                  00001ab0    00000074     ti_msp_dl_config.o (.text.SYSCFG_DL_PWM_AUDIO_init)
                  00001b24    00000064     main.o (.text.LED_Test_Sequence)
                  00001b88    00000062     main.o (.text.LCD_Hardware_Test)
                  00001bea    00000002     --HOLE-- [fill = 0]
                  00001bec    00000060     ti_msp_dl_config.o (.text.DL_ADC12_initSeqSample)
                  00001c4c    00000058     main.o (.text.LED_Blink_Pattern)
                  00001ca4    00000058     ti_msp_dl_config.o (.text.SYSCFG_DL_I2C_0_init)
                  00001cfc    00000058     ti_msp_dl_config.o (.text.SYSCFG_DL_I2C_1_init)
                  00001d54    00000056     libclang_rt.builtins.a : aeabi_idivmod.S.obj (.text.__aeabi_idivmod)
                  00001daa    00000054     lcd_driver.o (.text.LCD_DrawString)
                  00001dfe    00000052     lcd_driver.o (.text.LCD_SetWindow)
                  00001e50    00000050     ti_msp_dl_config.o (.text.DL_GPIO_initPeripheralInputFunctionFeatures)
                  00001ea0    0000004c     dl_adc12.o (.text.DL_ADC12_setClockConfig)
                  00001eec    0000004c     ti_msp_dl_config.o (.text.DL_GPIO_initDigitalInputFeatures)
                  00001f38    0000004c     dl_sysctl_mspm0g1x0x_g3x0x.o (.text.DL_SYSCTL_switchMCLKfromSYSOSCtoHSCLK)
                  00001f84    0000004c     ti_msp_dl_config.o (.text.SYSCFG_DL_init)
                  00001fd0    0000004c     libc.a : snprintf.c.obj (.text.snprintf)
                  0000201c    0000004a     ti_msp_dl_config.o (.text.DL_ADC12_configConversionMem)
                  00002066    00000002     --HOLE-- [fill = 0]
                  00002068    00000048     main.o (.text.ADC0_IRQHandler)
                  000020b0    00000048     dl_spi.o (.text.DL_SPI_init)
                  000020f8    00000048     lcd_driver.o (.text.LCD_Clear)
                  00002140    00000044     lcd_driver.o (.text.LCD_DrawPixel)
                  00002184    00000042     libclang_rt.builtins.a : fixunsdfsi.S.obj (.text.__fixunsdfsi)
                  000021c6    00000002     --HOLE-- [fill = 0]
                  000021c8    00000040     dl_timer.o (.text.DL_Timer_setCaptureCompareOutCtl)
                  00002208    00000040     ti_msp_dl_config.o (.text.SYSCFG_DL_SPI_LCD_init)
                  00002248    00000040     ti_msp_dl_config.o (.text.SYSCFG_DL_TIMER_SAMPLE_init)
                  00002288    00000040     libclang_rt.builtins.a : aeabi_uidivmod.S.obj (.text.__aeabi_uidivmod)
                  000022c8    00000040                            : extendsfdf2.S.obj (.text.__extendsfdf2)
                  00002308    00000040     libc.a : atoi.c.obj (.text.atoi)
                  00002348    0000003c     dl_timer.o (.text.DL_Timer_setCaptureCompareCtl)
                  00002384    0000003c     dl_timer.o (.text.DL_Timer_setCounterControl)
                  000023c0    0000003c     ti_msp_dl_config.o (.text.DL_Timer_setCounterControl)
                  000023fc    0000003c     main.o (.text.Update_Phase_Increment)
                  00002438    0000003c     libc.a : autoinit.c.obj (.text:__TI_auto_init_nobinit_nopinit)
                  00002474    0000003a     libclang_rt.builtins.a : muldsi3.S.obj (.text.__muldsi3)
                  000024ae    00000002     --HOLE-- [fill = 0]
                  000024b0    00000038     main.o (.text.HardFault_Handler)
                  000024e8    00000034     dl_i2c.o (.text.DL_I2C_setClockConfig)
                  0000251c    00000034     dl_timer.o (.text.DL_Timer_setCaptCompUpdateMethod)
                  00002550    00000034     dl_timer.o (.text.DL_Timer_setCaptureCompareAction)
                  00002584    00000034     dl_timer.o (.text.DL_Timer_setCaptureCompareInput)
                  000025b8    00000034     dl_timer.o (.text.DL_Timer_setClockConfig)
                  000025ec    00000034     dl_vref.o (.text.DL_VREF_configReference)
                  00002620    00000030     main.o (.text.DL_ADC12_getMemResult)
                  00002650    00000030     ti_msp_dl_config.o (.text.DL_SPI_setFIFOThreshold)
                  00002680    00000030     lcd_driver.o (.text.LCD_WriteCommand)
                  000026b0    00000030     lcd_driver.o (.text.LCD_WriteData)
                  000026e0    00000030     libc.a : snprintf.c.obj (.text._outs)
                  00002710    0000002c     dl_timer.o (.text.DL_Timer_setCaptureCompareValue)
                  0000273c    0000002c     main.o (.text.__NVIC_EnableIRQ)
                  00002768    00000028     dl_adc12.o (.text.DL_Common_updateReg)
                  00002790    00000028     dl_i2c.o (.text.DL_Common_updateReg)
                  000027b8    00000028     dl_spi.o (.text.DL_Common_updateReg)
                  000027e0    00000028     dl_sysctl_mspm0g1x0x_g3x0x.o (.text.DL_Common_updateReg)
                  00002808    00000028     dl_timer.o (.text.DL_Common_updateReg)
                  00002830    00000028     ti_msp_dl_config.o (.text.DL_Common_updateReg)
                  00002858    00000028     ti_msp_dl_config.o (.text.DL_I2C_setControllerRXFIFOThreshold)
                  00002880    00000028     ti_msp_dl_config.o (.text.DL_I2C_setControllerTXFIFOThreshold)
                  000028a8    00000028     ti_msp_dl_config.o (.text.DL_SYSCTL_setPowerPolicySTANDBY0)
                  000028d0    00000028     libc.a : boot_cortex_m.c.obj (.text:_c_int00_noargs)
                  000028f8    00000026     ti_msp_dl_config.o (.text.DL_I2C_setAnalogGlitchFilterPulseWidth)
                  0000291e    00000002     --HOLE-- [fill = 0]
                  00002920    00000024     ti_msp_dl_config.o (.text.DL_SPI_setBitRateSerialClockDivider)
                  00002944    00000024     dl_spi.o (.text.DL_SPI_setClockConfig)
                  00002968    00000024     libclang_rt.builtins.a : muldi3.S.obj (.text.__muldi3)
                  0000298c    00000022     libc.a : memccpy.c.obj (.text.memccpy)
                  000029ae    00000002     --HOLE-- [fill = 0]
                  000029b0    00000020     dl_sysctl_mspm0g1x0x_g3x0x.o (.text.DL_CORE_configInstruction)
                  000029d0    00000020     ti_msp_dl_config.o (.text.DL_GPIO_initPeripheralInputFunction)
                  000029f0    00000020     ti_msp_dl_config.o (.text.DL_SYSCTL_setFlashWaitState)
                  00002a10    00000020     ti_msp_dl_config.o (.text.DL_SYSCTL_setMFPCLKSource)
                  00002a30    00000020     dl_timer.o (.text.DL_Timer_setCounterValueAfterEnable)
                  00002a50    0000001e     lcd_driver.o (.text.LCD_WriteData16)
                  00002a6e    00000002     --HOLE-- [fill = 0]
                  00002a70    0000001e     libclang_rt.builtins.a : ashldi3.S.obj (.text.__ashldi3)
                  00002a8e    00000002     --HOLE-- [fill = 0]
                  00002a90    0000001c     ti_msp_dl_config.o (.text.DL_ADC12_clearInterruptStatus)
                  00002aac    0000001c     ti_msp_dl_config.o (.text.DL_ADC12_enableInterrupt)
                  00002ac8    0000001c     main.o (.text.DL_ADC12_startConversion)
                  00002ae4    0000001c     main.o (.text.DL_GPIO_clearInterruptStatus)
                  00002b00    0000001c     ti_msp_dl_config.o (.text.DL_GPIO_clearInterruptStatus)
                  00002b1c    0000001c     ti_msp_dl_config.o (.text.DL_GPIO_enableHiZ)
                  00002b38    0000001c     ti_msp_dl_config.o (.text.DL_GPIO_enableInterrupt)
                  00002b54    0000001c     ti_msp_dl_config.o (.text.DL_GPIO_initPeripheralOutputFunction)
                  00002b70    0000001c     ti_msp_dl_config.o (.text.DL_GPIO_setLowerPinsPolarity)
                  00002b8c    0000001c     ti_msp_dl_config.o (.text.DL_SYSCTL_setMCLKDivider)
                  00002ba8    0000001c     ti_msp_dl_config.o (.text.DL_SYSCTL_setSYSOSCFreq)
                  00002bc4    0000001c     ti_msp_dl_config.o (.text.DL_SYSCTL_setULPCLKDivider)
                  00002be0    0000001c     ti_msp_dl_config.o (.text.DL_SYSCTL_setVBOOSTConfig)
                  00002bfc    0000001c     ti_msp_dl_config.o (.text.DL_Timer_enableInterrupt)
                  00002c18    0000001c     ti_msp_dl_config.o (.text.SYSCFG_DL_SYSCTL_CLK_init)
                  00002c34    0000001c     ti_msp_dl_config.o (.text.SYSCFG_DL_VREF_init)
                  00002c50    0000001c     main.o (.text.TIMG7_IRQHandler)
                  00002c6c    00000018     ti_msp_dl_config.o (.text.DL_ADC12_enablePower)
                  00002c84    00000018     ti_msp_dl_config.o (.text.DL_ADC12_reset)
                  00002c9c    00000018     ti_msp_dl_config.o (.text.DL_ADC12_setSampleTime0)
                  00002cb4    00000018     ti_msp_dl_config.o (.text.DL_GPIO_enableOutput)
                  00002ccc    00000018     ti_msp_dl_config.o (.text.DL_GPIO_enablePower)
                  00002ce4    00000018     main.o (.text.DL_GPIO_getEnabledInterruptStatus)
                  00002cfc    00000018     ti_msp_dl_config.o (.text.DL_GPIO_initDigitalOutput)
                  00002d14    00000018     ti_msp_dl_config.o (.text.DL_GPIO_reset)
                  00002d2c    00000018     lcd_driver.o (.text.DL_GPIO_setPins)
                  00002d44    00000018     main.o (.text.DL_GPIO_setPins)
                  00002d5c    00000018     ti_msp_dl_config.o (.text.DL_GPIO_setPins)
                  00002d74    00000018     main.o (.text.DL_GPIO_togglePins)
                  00002d8c    00000018     ti_msp_dl_config.o (.text.DL_I2C_enableAnalogGlitchFilter)
                  00002da4    00000018     ti_msp_dl_config.o (.text.DL_I2C_enableController)
                  00002dbc    00000018     ti_msp_dl_config.o (.text.DL_I2C_enableControllerClockStretching)
                  00002dd4    00000018     ti_msp_dl_config.o (.text.DL_I2C_enablePower)
                  00002dec    00000018     ti_msp_dl_config.o (.text.DL_I2C_reset)
                  00002e04    00000018     ti_msp_dl_config.o (.text.DL_I2C_setTimerPeriod)
                  00002e1c    00000018     ti_msp_dl_config.o (.text.DL_SPI_enable)
                  00002e34    00000018     ti_msp_dl_config.o (.text.DL_SPI_enablePower)
                  00002e4c    00000018     lcd_driver.o (.text.DL_SPI_isBusy)
                  00002e64    00000018     ti_msp_dl_config.o (.text.DL_SPI_reset)
                  00002e7c    00000018     ti_msp_dl_config.o (.text.DL_SYSCTL_enableInterrupt)
                  00002e94    00000018     ti_msp_dl_config.o (.text.DL_SYSCTL_setBORThreshold)
                  00002eac    00000018     dl_sysctl_mspm0g1x0x_g3x0x.o (.text.DL_SYSCTL_setHSCLKSource)
                  00002ec4    00000018     ti_msp_dl_config.o (.text.DL_Timer_enablePower)
                  00002edc    00000018     ti_msp_dl_config.o (.text.DL_Timer_reset)
                  00002ef4    00000018     dl_timer.o (.text.DL_Timer_setLoadValue)
                  00002f0c    00000018     ti_msp_dl_config.o (.text.DL_VREF_enablePower)
                  00002f24    00000018     ti_msp_dl_config.o (.text.DL_VREF_reset)
                  00002f3c    00000018     libc.a : snprintf.c.obj (.text._outc)
                  00002f54    00000016     main.o (.text.DL_ADC12_enableConversions)
                  00002f6a    00000016     ti_msp_dl_config.o (.text.DL_ADC12_enableConversions)
                  00002f80    00000016     ti_msp_dl_config.o (.text.DL_GPIO_enableGlobalFastWake)
                  00002f96    00000016     lcd_driver.o (.text.DL_SPI_transmitData8)
                  00002fac    00000016     libc.a : copy_zero_init.c.obj (.text:decompress:ZI:__TI_zero_init_nomemset)
                  00002fc2    00000014     dl_common.o (.text.DL_Common_delayCycles)
                  00002fd6    00000002     --HOLE-- [fill = 0]
                  00002fd8    00000014     ti_msp_dl_config.o (.text.DL_FlashCTL_enableInterrupt)
                  00002fec    00000014     lcd_driver.o (.text.DL_GPIO_clearPins)
                  00003000    00000014     main.o (.text.DL_GPIO_clearPins)
                  00003014    00000014     ti_msp_dl_config.o (.text.DL_GPIO_clearPins)
                  00003028    00000014     ti_msp_dl_config.o (.text.DL_I2C_resetControllerTransfer)
                  0000303c    00000014     dl_sysctl_mspm0g1x0x_g3x0x.o (.text.DL_SYSCTL_disableSYSPLL)
                  00003050    00000014     ti_msp_dl_config.o (.text.DL_SYSCTL_disableSYSPLL)
                  00003064    00000014     ti_msp_dl_config.o (.text.DL_SYSCTL_enableMFCLK)
                  00003078    00000014     ti_msp_dl_config.o (.text.DL_Timer_enableClock)
                  0000308c    00000014     ti_msp_dl_config.o (.text.DL_Timer_setCCPDirection)
                  000030a0    00000014     lcd_driver.o (.text.LCD_DC_Command)
                  000030b4    00000014     lcd_driver.o (.text.LCD_DC_Data)
                  000030c8    00000014     libclang_rt.builtins.a : aeabi_uldivmod.S.obj (.text.__aeabi_uldivmod)
                  000030dc    00000012     main.o (.text.DL_ADC12_getPendingInterrupt)
                  000030ee    00000012     main.o (.text.DL_Timer_getPendingInterrupt)
                  00003100    00000012     libc.a : memcpy16.S.obj (.text:TI_memcpy_small)
                  00003112    00000012            : copy_decompress_none.c.obj (.text:decompress:none)
                  00003124    00000010     main.o (.text.ADC1_IRQHandler)
                  00003134    00000010     dl_sysctl_mspm0g1x0x_g3x0x.o (.text.DL_CORE_getInstructionConfig)
                  00003144    00000010     ti_msp_dl_config.o (.text.DL_SYSCTL_disableHFXT)
                  00003154    00000010     ti_msp_dl_config.o (.text.DL_SYSCTL_enableMFPCLK)
                  00003164    00000010     main.o (.text.DL_Timer_getTimerCount)
                  00003174    00000010     libc.a : wcslen.c.obj (.text.wcslen)
                  00003184    0000000e     libclang_rt.builtins.a : aeabi_memset.S.obj (.text.__aeabi_memset)
                  00003192    0000000e     libc.a : _printfi.c.obj (.text.strlen)
                  000031a0    0000000e            : memset16.S.obj (.text:TI_memset_small)
                  000031ae    00000002     --HOLE-- [fill = 0]
                  000031b0    0000000c     dl_sysctl_mspm0g1x0x_g3x0x.o (.text.DL_SYSCTL_getClockStatus)
                  000031bc    0000000c     ti_msp_dl_config.o (.text.DL_SYSCTL_getClockStatus)
                  000031c8    0000000a     startup_mspm0g350x_ticlang.o (.text.ResetISR)
                  000031d2    00000002     --HOLE-- [fill = 0]
                  000031d4    00000008     libc.a : aeabi_portable.c.obj (.text.__aeabi_errno_addr)
                  000031dc    00000008     libclang_rt.builtins.a : aeabi_memcpy.S.obj (.text.__aeabi_memcpy)
                  000031e4    00000006     libc.a : exit.c.obj (.text:abort)
                  000031ea    00000004     startup_mspm0g350x_ticlang.o (.text.Default_Handler)
                  000031ee    00000004     libsysbm.a : hostexit.c.obj (.text.HOSTexit)
                  000031f2    00000004     libc.a : pre_init.c.obj (.text._system_pre_init)
                  000031f6    00000002     --HOLE-- [fill = 0]

.cinit     0    00003730    00000038     
                  00003730    00000013     (.cinit..data.load) [load image, compression = lzss]
                  00003743    00000001     --HOLE-- [fill = 0]
                  00003744    0000000c     (__TI_handler_table)
                  00003750    00000008     (.cinit..bss.load) [load image, compression = zero_init]
                  00003758    00000010     (__TI_cinit_table)

.rodata    0    00003200    00000530     
                  00003200    00000200     main.o (.rodata.sine_table)
                  00003400    00000127     lcd_driver.o (.rodata.font_5x7)
                  00003527    00000009     main.o (.rodata.str1.12180500075719773345.1)
                  00003530    00000101     libc.a : aeabi_ctype.S.obj (.rodata:__aeabi_ctype_table_)
                  00003631    00000003     ti_msp_dl_config.o (.rodata.gPWM_AUDIOClockConfig)
                  00003634    00000028     ti_msp_dl_config.o (.rodata.gSYSPLLConfig)
                  0000365c    00000022     ti_msp_dl_config.o (.rodata..L__const.SYSCFG_DL_GPIO_init.unusedPinIndexes)
                  0000367e    00000002     ti_msp_dl_config.o (.rodata.gI2C_0ClockConfig)
                  00003680    00000014     ti_msp_dl_config.o (.rodata.gTIMER_SAMPLETimerConfig)
                  00003694    00000011     libc.a : _printfi.c.obj (.rodata.str1.10348868589481759720.1)
                  000036a5    00000011            : _printfi.c.obj (.rodata.str1.15363888844622738466.1)
                  000036b6    0000000c     main.o (.rodata.str1.17100691992556644108.1)
                  000036c2    0000000b     main.o (.rodata.str1.8154729771448623357.1)
                  000036cd    00000001     --HOLE-- [fill = 0]
                  000036ce    0000000a     ti_msp_dl_config.o (.rodata.gSPI_LCD_config)
                  000036d8    0000000a     main.o (.rodata.str1.14112174005742061988.1)
                  000036e2    0000000a     main.o (.rodata.str1.288608917962107522.1)
                  000036ec    00000009     main.o (.rodata.str1.2846389346932560359.1)
                  000036f5    00000003     ti_msp_dl_config.o (.rodata.gTIMER_SAMPLEClockConfig)
                  000036f8    00000008     ti_msp_dl_config.o (.rodata.gADC_ACCELClockConfig)
                  00003700    00000008     ti_msp_dl_config.o (.rodata.gADC_MIC_JOYClockConfig)
                  00003708    00000008     ti_msp_dl_config.o (.rodata.gPWM_AUDIOConfig)
                  00003710    00000008     ti_msp_dl_config.o (.rodata.gVREFConfig)
                  00003718    00000008     main.o (.rodata.str1.15159059442110792349.1)
                  00003720    00000006     main.o (.rodata.str1.18227636981041470289.1)
                  00003726    00000002     ti_msp_dl_config.o (.rodata.gI2C_1ClockConfig)
                  00003728    00000002     ti_msp_dl_config.o (.rodata.gSPI_LCD_clockConfig)
                  0000372a    00000006     --HOLE-- [fill = 0]

.init_array 
*          0    00000000    00000000     UNINITIALIZED

.binit     0    00000000    00000000     

.sysmem    0    20200000    00001000     UNINITIALIZED
                  20200000    00000010     libc.a : memory.c.obj (.sysmem)
                  20200010    00000ff0     --HOLE--

.bss       0    20201000    000000c8     UNINITIALIZED
                  20201000    000000a0     ti_msp_dl_config.o (.bss.gTIMER_SAMPLEBackup)
                  202010a0    00000028     ti_msp_dl_config.o (.bss.gSPI_LCDBackup)

.data      0    202010c8    0000002c     UNINITIALIZED
                  202010c8    00000020     main.o (.data.g_synthState)
                  202010e8    00000004     libc.a : aeabi_portable.c.obj (.data.__aeabi_errno)
                  202010ec    00000004     main.o (.data.phase)
                  202010f0    00000004     main.o (.data.phase_increment)

.stack     0    20207e00    00000200     UNINITIALIZED
                  20207e00    00000004     libc.a : boot_cortex_m.c.obj (.stack)
                  20207e04    000001fc     --HOLE--

__llvm_prf_cnts 
*          0    20200000    00000000     UNINITIALIZED

__llvm_prf_bits 
*          0    20200000    00000000     UNINITIALIZED

MODULE SUMMARY

       Module                         code    ro data   rw data
       ------                         ----    -------   -------
    .\
       ti_msp_dl_config.o             3616    148       200    
       main.o                         1756    587       40     
       startup_mspm0g350x_ticlang.o   14      192       0      
    +--+------------------------------+-------+---------+---------+
       Total:                         5386    927       240    
                                                               
    .\lcd\
       lcd_driver.o                   1140    295       0      
    +--+------------------------------+-------+---------+---------+
       Total:                         1140    295       0      
                                                               
    .\ti\driverlib\
       dl_timer.o                     1312    0         0      
       dl_spi.o                       148     0         0      
       dl_adc12.o                     116     0         0      
       dl_i2c.o                       92      0         0      
       dl_vref.o                      52      0         0      
       dl_common.o                    20      0         0      
    +--+------------------------------+-------+---------+---------+
       Total:                         1740    0         0      
                                                               
    .\ti\driverlib\m0p\sysctl\
       dl_sysctl_mspm0g1x0x_g3x0x.o   456     0         0      
    +--+------------------------------+-------+---------+---------+
       Total:                         456     0         0      
                                                               
    C:\ti\ccs2040\ccs\tools\compiler\ti-cgt-armllvm_4.0.4.LTS\lib\armv6m-ti-none-eabi/c/libc.a
       _printfi.c.obj                 2166    34        0      
       aeabi_ctype.S.obj              0       257       0      
       snprintf.c.obj                 148     0         0      
       copy_decompress_lzss.c.obj     124     0         0      
       atoi.c.obj                     64      0         0      
       autoinit.c.obj                 60      0         0      
       boot_cortex_m.c.obj            40      0         0      
       memccpy.c.obj                  34      0         0      
       copy_zero_init.c.obj           22      0         0      
       copy_decompress_none.c.obj     18      0         0      
       memcpy16.S.obj                 18      0         0      
       wcslen.c.obj                   16      0         0      
       memset16.S.obj                 14      0         0      
       aeabi_portable.c.obj           8       0         4      
       exit.c.obj                     6       0         0      
       pre_init.c.obj                 4       0         0      
    +--+------------------------------+-------+---------+---------+
       Total:                         2742    291       4      
                                                               
    C:\ti\ccs2040\ccs\tools\compiler\ti-cgt-armllvm_4.0.4.LTS\lib\armv6m-ti-none-eabi/c/libsysbm.a
       hostexit.c.obj                 4       0         0      
    +--+------------------------------+-------+---------+---------+
       Total:                         4       0         0      
                                                               
    C:\ti\ccs2040\ccs\tools\compiler\ti-cgt-armllvm_4.0.4.LTS\lib\armv6m-ti-none-eabi/libclang_rt.builtins.a
       divdf3.S.obj                   268     0         0      
       muldf3.S.obj                   228     0         0      
       udivmoddi4.S.obj               162     0         0      
       aeabi_idivmod.S.obj            86      0         0      
       fixunsdfsi.S.obj               66      0         0      
       aeabi_uidivmod.S.obj           64      0         0      
       extendsfdf2.S.obj              64      0         0      
       muldsi3.S.obj                  58      0         0      
       muldi3.S.obj                   36      0         0      
       ashldi3.S.obj                  30      0         0      
       aeabi_uldivmod.S.obj           20      0         0      
       aeabi_memset.S.obj             14      0         0      
       aeabi_memcpy.S.obj             8       0         0      
       aeabi_div0.c.obj               4       0         0      
    +--+------------------------------+-------+---------+---------+
       Total:                         1108    0         0      
                                                               
       Heap:                          0       0         4096   
       Stack:                         0       0         512    
       Linker Generated:              0       55        0      
    +--+------------------------------+-------+---------+---------+
       Grand Total:                   12576   1568      4852   


LINKER GENERATED COPY TABLES

__TI_cinit_table @ 00003758 records: 2, size/record: 8, table size: 16
	.data: load addr=00003730, load size=00000013 bytes, run addr=202010c8, run size=0000002c bytes, compression=lzss
	.bss: load addr=00003750, load size=00000008 bytes, run addr=20201000, run size=000000c8 bytes, compression=zero_init


LINKER GENERATED HANDLER TABLE

__TI_handler_table @ 00003744 records: 3, size/record: 4, table size: 12
	index: 0, handler: __TI_decompress_lzss
	index: 1, handler: __TI_decompress_none
	index: 2, handler: __TI_zero_init


GLOBAL SYMBOLS: SORTED ALPHABETICALLY BY Name 

address   name                                 
-------   ----                                 
00002069  ADC0_IRQHandler                      
00003125  ADC1_IRQHandler                      
000031eb  AES_IRQHandler                       
000031ee  C$$EXIT                              
000031eb  CANFD0_IRQHandler                    
00001ea1  DL_ADC12_setClockConfig              
00002fc3  DL_Common_delayCycles                
000024e9  DL_I2C_setClockConfig                
000020b1  DL_SPI_init                          
00002945  DL_SPI_setClockConfig                
000010a1  DL_SYSCTL_configSYSPLL               
00001f39  DL_SYSCTL_switchMCLKfromSYSOSCtoHSCLK
0000118d  DL_Timer_initFourCCPWMMode           
00000c81  DL_Timer_initTimerMode               
0000251d  DL_Timer_setCaptCompUpdateMethod     
00002551  DL_Timer_setCaptureCompareAction     
00002349  DL_Timer_setCaptureCompareCtl        
00002585  DL_Timer_setCaptureCompareInput      
000021c9  DL_Timer_setCaptureCompareOutCtl     
00002711  DL_Timer_setCaptureCompareValue      
000025b9  DL_Timer_setClockConfig              
000025ed  DL_VREF_configReference              
000031eb  DMA_IRQHandler                       
000031eb  Default_Handler                      
00001641  GPIOA_IRQHandler                     
000031eb  GPIOB_IRQHandler                     
000031eb  GROUP0_IRQHandler                    
000031ef  HOSTexit                             
000024b1  HardFault_Handler                    
000031eb  I2C0_IRQHandler                      
000031eb  I2C1_IRQHandler                      
000031eb  I2C2_IRQHandler                      
000020f9  LCD_Clear                            
00000fad  LCD_DrawChar                         
00002141  LCD_DrawPixel                        
00001dab  LCD_DrawString                       
000014dd  LCD_FillRect                         
00001b89  LCD_Hardware_Test                    
00001825  LCD_Init                             
00001c4d  LED_Blink_Pattern                    
00001b25  LED_Test_Sequence                    
000031eb  NMI_Handler                          
000031eb  PendSV_Handler                       
000031eb  RTC_IRQHandler                       
000031c9  ResetISR                             
000031eb  SPI0_IRQHandler                      
000031eb  SPI1_IRQHandler                      
000031eb  SVC_Handler                          
00001599  SYSCFG_DL_ADC_ACCEL_init             
00001789  SYSCFG_DL_ADC_MIC_JOY_init           
00000ae1  SYSCFG_DL_GPIO_init                  
00001ca5  SYSCFG_DL_I2C_0_init                 
00001cfd  SYSCFG_DL_I2C_1_init                 
00001ab1  SYSCFG_DL_PWM_AUDIO_init             
00002209  SYSCFG_DL_SPI_LCD_init               
00002c19  SYSCFG_DL_SYSCTL_CLK_init            
00001a39  SYSCFG_DL_SYSCTL_init                
00002249  SYSCFG_DL_TIMER_SAMPLE_init          
00002c35  SYSCFG_DL_VREF_init                  
00001f85  SYSCFG_DL_init                       
0000141d  SYSCFG_DL_initPower                  
000031eb  SysTick_Handler                      
000031eb  TIMG0_IRQHandler                     
000031eb  TIMG12_IRQHandler                    
000031eb  TIMG14_IRQHandler                    
000031eb  TIMG4_IRQHandler                     
000031eb  TIMG6_IRQHandler                     
00002c51  TIMG7_IRQHandler                     
000031eb  TIMG8_IRQHandler                     
00003101  TI_memcpy_small                      
000031a1  TI_memset_small                      
000031eb  UART0_IRQHandler                     
000031eb  UART1_IRQHandler                     
000031eb  UART2_IRQHandler                     
000031eb  UART3_IRQHandler                     
20208000  __STACK_END                          
00000200  __STACK_SIZE                         
00001000  __SYSMEM_SIZE                        
00000000  __TI_ATRegion0_region_sz             
00000000  __TI_ATRegion0_src_addr              
00000000  __TI_ATRegion0_trg_addr              
00000000  __TI_ATRegion1_region_sz             
00000000  __TI_ATRegion1_src_addr              
00000000  __TI_ATRegion1_trg_addr              
00000000  __TI_ATRegion2_region_sz             
00000000  __TI_ATRegion2_src_addr              
00000000  __TI_ATRegion2_trg_addr              
00003758  __TI_CINIT_Base                      
00003768  __TI_CINIT_Limit                     
00003768  __TI_CINIT_Warm                      
00003744  __TI_Handler_Table_Base              
00003750  __TI_Handler_Table_Limit             
00002439  __TI_auto_init_nobinit_nopinit       
000019bd  __TI_decompress_lzss                 
00003113  __TI_decompress_none                 
ffffffff  __TI_pprof_out_hndl                  
000000c1  __TI_printfi_nofloat                 
ffffffff  __TI_prof_data_size                  
ffffffff  __TI_prof_data_start                 
00000000  __TI_static_base__                   
00002fad  __TI_zero_init_nomemset              
00003530  __aeabi_ctype_table_                 
00003530  __aeabi_ctype_table_C                
00002185  __aeabi_d2uiz                        
00000ea1  __aeabi_ddiv                         
00001279  __aeabi_dmul                         
202010e8  __aeabi_errno                        
000031d5  __aeabi_errno_addr                   
000022c9  __aeabi_f2d                          
00001d55  __aeabi_idiv                         
00001597  __aeabi_idiv0                        
00001d55  __aeabi_idivmod                      
00001787  __aeabi_ldiv0                        
00002a71  __aeabi_llsl                         
00002969  __aeabi_lmul                         
000031dd  __aeabi_memcpy                       
000031dd  __aeabi_memcpy4                      
000031dd  __aeabi_memcpy8                      
00003185  __aeabi_memset                       
00003185  __aeabi_memset4                      
00003185  __aeabi_memset8                      
00002289  __aeabi_uidiv                        
00002289  __aeabi_uidivmod                     
000030c9  __aeabi_uldivmod                     
00002a71  __ashldi3                            
ffffffff  __binit__                            
00000ea1  __divdf3                             
000022c9  __extendsfdf2                        
00002185  __fixunsdfsi                         
UNDEFED   __mpu_init                           
00001279  __muldf3                             
00002969  __muldi3                             
00002475  __muldsi3                            
20207e00  __stack                              
20200000  __start___llvm_prf_bits              
20200000  __start___llvm_prf_cnts              
20200000  __stop___llvm_prf_bits               
20200000  __stop___llvm_prf_cnts               
000016e5  __udivmoddi4                         
000028d1  _c_int00_noargs                      
20200000  _sys_memory                          
UNDEFED   _system_post_cinit                   
000031f3  _system_pre_init                     
000031e5  abort                                
00002309  atoi                                 
ffffffff  binit                                
0000193d  delay_ms                             
202010a0  gSPI_LCDBackup                       
20201000  gTIMER_SAMPLEBackup                  
202010c8  g_synthState                         
00000000  interruptVectors                     
00000929  main                                 
0000298d  memccpy                              
00001fd1  snprintf                             
00003175  wcslen                               


GLOBAL SYMBOLS: SORTED BY Symbol Address 

address   name                                 
-------   ----                                 
00000000  __TI_ATRegion0_region_sz             
00000000  __TI_ATRegion0_src_addr              
00000000  __TI_ATRegion0_trg_addr              
00000000  __TI_ATRegion1_region_sz             
00000000  __TI_ATRegion1_src_addr              
00000000  __TI_ATRegion1_trg_addr              
00000000  __TI_ATRegion2_region_sz             
00000000  __TI_ATRegion2_src_addr              
00000000  __TI_ATRegion2_trg_addr              
00000000  __TI_static_base__                   
00000000  interruptVectors                     
000000c1  __TI_printfi_nofloat                 
00000200  __STACK_SIZE                         
00000929  main                                 
00000ae1  SYSCFG_DL_GPIO_init                  
00000c81  DL_Timer_initTimerMode               
00000ea1  __aeabi_ddiv                         
00000ea1  __divdf3                             
00000fad  LCD_DrawChar                         
00001000  __SYSMEM_SIZE                        
000010a1  DL_SYSCTL_configSYSPLL               
0000118d  DL_Timer_initFourCCPWMMode           
00001279  __aeabi_dmul                         
00001279  __muldf3                             
0000141d  SYSCFG_DL_initPower                  
000014dd  LCD_FillRect                         
00001597  __aeabi_idiv0                        
00001599  SYSCFG_DL_ADC_ACCEL_init             
00001641  GPIOA_IRQHandler                     
000016e5  __udivmoddi4                         
00001787  __aeabi_ldiv0                        
00001789  SYSCFG_DL_ADC_MIC_JOY_init           
00001825  LCD_Init                             
0000193d  delay_ms                             
000019bd  __TI_decompress_lzss                 
00001a39  SYSCFG_DL_SYSCTL_init                
00001ab1  SYSCFG_DL_PWM_AUDIO_init             
00001b25  LED_Test_Sequence                    
00001b89  LCD_Hardware_Test                    
00001c4d  LED_Blink_Pattern                    
00001ca5  SYSCFG_DL_I2C_0_init                 
00001cfd  SYSCFG_DL_I2C_1_init                 
00001d55  __aeabi_idiv                         
00001d55  __aeabi_idivmod                      
00001dab  LCD_DrawString                       
00001ea1  DL_ADC12_setClockConfig              
00001f39  DL_SYSCTL_switchMCLKfromSYSOSCtoHSCLK
00001f85  SYSCFG_DL_init                       
00001fd1  snprintf                             
00002069  ADC0_IRQHandler                      
000020b1  DL_SPI_init                          
000020f9  LCD_Clear                            
00002141  LCD_DrawPixel                        
00002185  __aeabi_d2uiz                        
00002185  __fixunsdfsi                         
000021c9  DL_Timer_setCaptureCompareOutCtl     
00002209  SYSCFG_DL_SPI_LCD_init               
00002249  SYSCFG_DL_TIMER_SAMPLE_init          
00002289  __aeabi_uidiv                        
00002289  __aeabi_uidivmod                     
000022c9  __aeabi_f2d                          
000022c9  __extendsfdf2                        
00002309  atoi                                 
00002349  DL_Timer_setCaptureCompareCtl        
00002439  __TI_auto_init_nobinit_nopinit       
00002475  __muldsi3                            
000024b1  HardFault_Handler                    
000024e9  DL_I2C_setClockConfig                
0000251d  DL_Timer_setCaptCompUpdateMethod     
00002551  DL_Timer_setCaptureCompareAction     
00002585  DL_Timer_setCaptureCompareInput      
000025b9  DL_Timer_setClockConfig              
000025ed  DL_VREF_configReference              
00002711  DL_Timer_setCaptureCompareValue      
000028d1  _c_int00_noargs                      
00002945  DL_SPI_setClockConfig                
00002969  __aeabi_lmul                         
00002969  __muldi3                             
0000298d  memccpy                              
00002a71  __aeabi_llsl                         
00002a71  __ashldi3                            
00002c19  SYSCFG_DL_SYSCTL_CLK_init            
00002c35  SYSCFG_DL_VREF_init                  
00002c51  TIMG7_IRQHandler                     
00002fad  __TI_zero_init_nomemset              
00002fc3  DL_Common_delayCycles                
000030c9  __aeabi_uldivmod                     
00003101  TI_memcpy_small                      
00003113  __TI_decompress_none                 
00003125  ADC1_IRQHandler                      
00003175  wcslen                               
00003185  __aeabi_memset                       
00003185  __aeabi_memset4                      
00003185  __aeabi_memset8                      
000031a1  TI_memset_small                      
000031c9  ResetISR                             
000031d5  __aeabi_errno_addr                   
000031dd  __aeabi_memcpy                       
000031dd  __aeabi_memcpy4                      
000031dd  __aeabi_memcpy8                      
000031e5  abort                                
000031eb  AES_IRQHandler                       
000031eb  CANFD0_IRQHandler                    
000031eb  DMA_IRQHandler                       
000031eb  Default_Handler                      
000031eb  GPIOB_IRQHandler                     
000031eb  GROUP0_IRQHandler                    
000031eb  I2C0_IRQHandler                      
000031eb  I2C1_IRQHandler                      
000031eb  I2C2_IRQHandler                      
000031eb  NMI_Handler                          
000031eb  PendSV_Handler                       
000031eb  RTC_IRQHandler                       
000031eb  SPI0_IRQHandler                      
000031eb  SPI1_IRQHandler                      
000031eb  SVC_Handler                          
000031eb  SysTick_Handler                      
000031eb  TIMG0_IRQHandler                     
000031eb  TIMG12_IRQHandler                    
000031eb  TIMG14_IRQHandler                    
000031eb  TIMG4_IRQHandler                     
000031eb  TIMG6_IRQHandler                     
000031eb  TIMG8_IRQHandler                     
000031eb  UART0_IRQHandler                     
000031eb  UART1_IRQHandler                     
000031eb  UART2_IRQHandler                     
000031eb  UART3_IRQHandler                     
000031ee  C$$EXIT                              
000031ef  HOSTexit                             
000031f3  _system_pre_init                     
00003530  __aeabi_ctype_table_                 
00003530  __aeabi_ctype_table_C                
00003744  __TI_Handler_Table_Base              
00003750  __TI_Handler_Table_Limit             
00003758  __TI_CINIT_Base                      
00003768  __TI_CINIT_Limit                     
00003768  __TI_CINIT_Warm                      
20200000  __start___llvm_prf_bits              
20200000  __start___llvm_prf_cnts              
20200000  __stop___llvm_prf_bits               
20200000  __stop___llvm_prf_cnts               
20200000  _sys_memory                          
20201000  gTIMER_SAMPLEBackup                  
202010a0  gSPI_LCDBackup                       
202010c8  g_synthState                         
202010e8  __aeabi_errno                        
20207e00  __stack                              
20208000  __STACK_END                          
ffffffff  __TI_pprof_out_hndl                  
ffffffff  __TI_prof_data_size                  
ffffffff  __TI_prof_data_start                 
ffffffff  __binit__                            
ffffffff  binit                                
UNDEFED   __mpu_init                           
UNDEFED   _system_post_cinit                   

[155 symbols]
