******************************************************************************
            TI ARM Clang Linker PC v4.0.4                      
******************************************************************************
>> Linked Fri Dec 26 06:25:10 2025

OUTPUT FILE NAME:   <Motion_Music_studio.out>
ENTRY POINT SYMBOL: "_c_int00_noargs"  address: 000042e1


MEMORY CONFIGURATION

         name            origin    length      used     unused   attr    fill
----------------------  --------  ---------  --------  --------  ----  --------
  FLASH                 00000000   00020000  00005520  0001aae0  R  X
  SRAM                  20200000   00008000  000014a8  00006b58  RW X
  BCR_CONFIG            41c00000   000000ff  00000000  000000ff  R   
  BSL_CONFIG            41c00100   00000080  00000000  00000080  R   


SEGMENT ALLOCATION MAP

run origin  load origin   length   init length attrs members
----------  ----------- ---------- ----------- ----- -------
00000000    00000000    00004d38   00004d38    r-x
  00000000    00000000    000000c0   000000c0    r-- .intvecs
  000000c0    000000c0    00004c78   00004c78    r-x .text
00004d40    00004d40    000007e8   000007e8    r--
  00004d40    00004d40    000007b0   000007b0    r-- .rodata
  000054f0    000054f0    00000038   00000038    r-- .cinit
20200000    20200000    000012a8   00000000    rw-
  20200000    20200000    00001000   00000000    rw- .sysmem
  20201000    20201000    000001c0   00000000    rw- .bss
  202011c0    202011c0    000000e8   00000000    rw- .data
20207e00    20207e00    00000200   00000000    rw-
  20207e00    20207e00    00000200   00000000    rw- .stack


SECTION ALLOCATION MAP

 output                                  attributes/
section   page    origin      length       input sections
--------  ----  ----------  ----------   ----------------
.intvecs   0    00000000    000000c0     
                  00000000    000000c0     startup_mspm0g350x_ticlang.o (.intvecs)

.text      0    000000c0    00004c78     
                  000000c0    00000868     libc.a : _printfi.c.obj (.text:__TI_printfi_nofloat)
                  00000928    00000304     main.o (.text.Generate_Audio_Sample)
                  00000c2c    000002e4     main.o (.text.Display_Update)
                  00000f10    00000270     main.o (.text.Update_Phase_Increment)
                  00001180    00000260     lcd_driver.o (.text.LCD_Init)
                  000013e0    00000230     main.o (.text.main)
                  00001610    000001c0     main.o (.text.Process_Buttons)
                  000017d0    000001b0     ti_msp_dl_config.o (.text.SYSCFG_DL_GPIO_init)
                  00001980    000001a8     main.o (.text.Process_Envelope)
                  00001b28    00000192     libclang_rt.builtins.a : adddf3.S.obj (.text.adddf3_subdf3)
                  00001cba    00000002                            : aeabi_div0.c.obj (.text.__aeabi_idiv0)
                  00001cbc    00000180     lcd_driver.o (.text.LCD_PrintString)
                  00001e3c    00000144     main.o (.text.Display_Waveform)
                  00001f80    00000118     lcd_driver.o (.text.LCD_DrawRect)
                  00002098    00000112     lcd_driver.o (.text.LCD_DrawLine)
                  000021aa    00000002     libclang_rt.builtins.a : aeabi_div0.c.obj (.text.__aeabi_ldiv0)
                  000021ac    00000110     dl_timer.o (.text.DL_Timer_initTimerMode)
                  000022bc    00000110     dl_timer.o (.text.DL_Timer_initTwoCCPWMMode)
                  000023cc    0000010c     libclang_rt.builtins.a : divdf3.S.obj (.text.__divdf3)
                  000024d8    000000f8     main.o (.text.Generate_Chord_Sample)
                  000025d0    000000ec     dl_timer.o (.text.DL_Timer_initFourCCPWMMode)
                  000026bc    000000ec     main.o (.text.Process_Arpeggiator)
                  000027a8    000000e4     libclang_rt.builtins.a : muldf3.S.obj (.text.__muldf3)
                  0000288c    000000e0     dl_sysctl_mspm0g1x0x_g3x0x.o (.text.DL_SYSCTL_configSYSPLL)
                  0000296c    000000dc     main.o (.text.Generate_Waveform)
                  00002a48    000000d8     dl_rtc_common.o (.text.DL_RTC_Common_initCalendar)
                  00002b20    000000d8     main.o (.text.Process_Joystick)
                  00002bf8    000000c4     ti_msp_dl_config.o (.text.SYSCFG_DL_ADC_ACCEL_init)
                  00002cbc    000000c0     ti_msp_dl_config.o (.text.SYSCFG_DL_initPower)
                  00002d7c    000000b0     main.o (.text.Process_Pitch_Bend)
                  00002e2c    000000b0     ti_msp_dl_config.o (.text.SYSCFG_DL_SYSCTL_SYSPLL_init)
                  00002edc    000000a4     ti_msp_dl_config.o (.text.SYSCFG_DL_SYSCTL_init)
                  00002f80    000000a2     libclang_rt.builtins.a : udivmoddi4.S.obj (.text)
                  00003022    00000002     --HOLE-- [fill = 0]
                  00003024    000000a0     lcd_driver.o (.text.LCD_FillScreen)
                  000030c4    0000008c     ti_msp_dl_config.o (.text.SYSCFG_DL_ADC_JOY_init)
                  00003150    00000084     ti_msp_dl_config.o (.text.__NVIC_SetPriority)
                  000031d4    0000007c     main.o (.text.Change_Preset)
                  00003250    0000007c     libc.a : copy_decompress_lzss.c.obj (.text:decompress:lzss)
                  000032cc    00000074     ti_msp_dl_config.o (.text.SYSCFG_DL_PWM_AUDIO_init)
                  00003340    00000074     libclang_rt.builtins.a : comparedf2.c.obj (.text.__gedf2)
                  000033b4    0000006c     lcd_driver.o (.text.LCD_SetWindow)
                  00003420    0000006c     main.o (.text.TIMG7_IRQHandler)
                  0000348c    00000068     libclang_rt.builtins.a : comparedf2.c.obj (.text.__ledf2)
                  000034f4    00000062                            : aeabi_dcmp.S.obj (.text.__aeabi_dcmp)
                  00003556    00000002     --HOLE-- [fill = 0]
                  00003558    00000060     main.o (.text.ADC1_IRQHandler)
                  000035b8    00000060     ti_msp_dl_config.o (.text.DL_ADC12_initSeqSample)
                  00003618    00000058     lcd_driver.o (.text.LCD_PrintNumber)
                  00003670    00000058     ti_msp_dl_config.o (.text.SYSCFG_DL_I2C_0_init)
                  000036c8    00000058     ti_msp_dl_config.o (.text.SYSCFG_DL_I2C_1_init)
                  00003720    00000056     libclang_rt.builtins.a : aeabi_idivmod.S.obj (.text.__aeabi_idivmod)
                  00003776    00000002     --HOLE-- [fill = 0]
                  00003778    00000054     ti_msp_dl_config.o (.text.SYSCFG_DL_TIMER_SAMPLE_init)
                  000037cc    00000054     ti_msp_dl_config.o (.text.SYSCFG_DL_init)
                  00003820    00000050     main.o (.text.ADC0_IRQHandler)
                  00003870    00000050     ti_msp_dl_config.o (.text.DL_GPIO_initPeripheralInputFunctionFeatures)
                  000038c0    00000050     lcd_driver.o (.text.LCD_WriteCommand)
                  00003910    00000050     lcd_driver.o (.text.LCD_WriteData)
                  00003960    0000004e     lcd_driver.o (.text.LCD_DrawPixel)
                  000039ae    00000002     --HOLE-- [fill = 0]
                  000039b0    0000004c     dl_adc12.o (.text.DL_ADC12_setClockConfig)
                  000039fc    0000004c     ti_msp_dl_config.o (.text.DL_GPIO_initDigitalInputFeatures)
                  00003a48    0000004c     dl_sysctl_mspm0g1x0x_g3x0x.o (.text.DL_SYSCTL_switchMCLKfromSYSOSCtoHSCLK)
                  00003a94    0000004c     libc.a : snprintf.c.obj (.text.snprintf)
                  00003ae0    0000004a     ti_msp_dl_config.o (.text.DL_ADC12_configConversionMem)
                  00003b2a    00000002     --HOLE-- [fill = 0]
                  00003b2c    00000048     main.o (.text.Change_Instrument)
                  00003b74    00000048     dl_spi.o (.text.DL_SPI_init)
                  00003bbc    00000042     libclang_rt.builtins.a : fixunsdfsi.S.obj (.text.__fixunsdfsi)
                  00003bfe    00000002     --HOLE-- [fill = 0]
                  00003c00    00000040     dl_timer.o (.text.DL_Timer_setCaptureCompareOutCtl)
                  00003c40    00000040     ti_msp_dl_config.o (.text.SYSCFG_DL_SPI_LCD_init)
                  00003c80    00000040     libclang_rt.builtins.a : aeabi_uidivmod.S.obj (.text.__aeabi_uidivmod)
                  00003cc0    00000040     libc.a : atoi.c.obj (.text.atoi)
                  00003d00    0000003c     dl_timer.o (.text.DL_Timer_setCaptureCompareCtl)
                  00003d3c    0000003c     dl_timer.o (.text.DL_Timer_setCounterControl)
                  00003d78    0000003c     ti_msp_dl_config.o (.text.DL_Timer_setCounterControl)
                  00003db4    0000003c     libc.a : autoinit.c.obj (.text:__TI_auto_init_nobinit_nopinit)
                  00003df0    0000003a     libclang_rt.builtins.a : muldsi3.S.obj (.text.__muldsi3)
                  00003e2a    00000002     --HOLE-- [fill = 0]
                  00003e2c    00000038     ti_msp_dl_config.o (.text.DL_Timer_setPublisherChanID)
                  00003e64    00000034     dl_i2c.o (.text.DL_I2C_setClockConfig)
                  00003e98    00000034     dl_timer.o (.text.DL_Timer_setCaptCompUpdateMethod)
                  00003ecc    00000034     dl_timer.o (.text.DL_Timer_setCaptureCompareAction)
                  00003f00    00000034     dl_timer.o (.text.DL_Timer_setCaptureCompareInput)
                  00003f34    00000034     dl_timer.o (.text.DL_Timer_setClockConfig)
                  00003f68    00000034     main.o (.text.HardFault_Handler)
                  00003f9c    00000030     main.o (.text.DL_ADC12_getMemResult)
                  00003fcc    00000030     ti_msp_dl_config.o (.text.DL_SPI_setFIFOThreshold)
                  00003ffc    00000030     libc.a : snprintf.c.obj (.text._outs)
                  0000402c    0000002c     dl_timer.o (.text.DL_Timer_setCaptureCompareValue)
                  00004058    0000002c     main.o (.text.__NVIC_EnableIRQ)
                  00004084    0000002c     libclang_rt.builtins.a : floatsidf.S.obj (.text.__floatsidf)
                  000040b0    00000028     dl_adc12.o (.text.DL_Common_updateReg)
                  000040d8    00000028     dl_i2c.o (.text.DL_Common_updateReg)
                  00004100    00000028     dl_rtc_common.o (.text.DL_Common_updateReg)
                  00004128    00000028     dl_spi.o (.text.DL_Common_updateReg)
                  00004150    00000028     dl_sysctl_mspm0g1x0x_g3x0x.o (.text.DL_Common_updateReg)
                  00004178    00000028     dl_timer.o (.text.DL_Common_updateReg)
                  000041a0    00000028     ti_msp_dl_config.o (.text.DL_Common_updateReg)
                  000041c8    00000028     ti_msp_dl_config.o (.text.DL_I2C_setControllerRXFIFOThreshold)
                  000041f0    00000028     ti_msp_dl_config.o (.text.DL_I2C_setControllerTXFIFOThreshold)
                  00004218    00000028     dl_sysctl_mspm0g1x0x_g3x0x.o (.text.DL_SYSCTL_configFCC)
                  00004240    00000028     ti_msp_dl_config.o (.text.DL_SYSCTL_setPowerPolicySTANDBY0)
                  00004268    00000028     ti_msp_dl_config.o (.text.DL_Timer_enableEvent)
                  00004290    00000028     ti_msp_dl_config.o (.text.SYSCFG_DL_RTC_init)
                  000042b8    00000028     libclang_rt.builtins.a : floatunsisf.S.obj (.text.__floatunsisf)
                  000042e0    00000028     libc.a : boot_cortex_m.c.obj (.text:_c_int00_noargs)
                  00004308    00000026     ti_msp_dl_config.o (.text.DL_I2C_setAnalogGlitchFilterPulseWidth)
                  0000432e    00000002     --HOLE-- [fill = 0]
                  00004330    00000024     ti_msp_dl_config.o (.text.DL_SPI_setBitRateSerialClockDivider)
                  00004354    00000024     dl_spi.o (.text.DL_SPI_setClockConfig)
                  00004378    00000024     libclang_rt.builtins.a : floatunsidf.S.obj (.text.__floatunsidf)
                  0000439c    00000024                            : muldi3.S.obj (.text.__muldi3)
                  000043c0    00000022     libc.a : memccpy.c.obj (.text.memccpy)
                  000043e2    00000002     --HOLE-- [fill = 0]
                  000043e4    00000020     dl_sysctl_mspm0g1x0x_g3x0x.o (.text.DL_CORE_configInstruction)
                  00004404    00000020     dl_rtc_common.o (.text.DL_RTC_Common_setCalendarYearBinary)
                  00004424    00000020     ti_msp_dl_config.o (.text.DL_SYSCTL_setFlashWaitState)
                  00004444    00000020     ti_msp_dl_config.o (.text.DL_SYSCTL_setMFPCLKSource)
                  00004464    00000020     dl_timer.o (.text.DL_Timer_setCounterValueAfterEnable)
                  00004484    0000001e     libclang_rt.builtins.a : ashldi3.S.obj (.text.__ashldi3)
                  000044a2    00000002     --HOLE-- [fill = 0]
                  000044a4    0000001c     ti_msp_dl_config.o (.text.DL_ADC12_clearInterruptStatus)
                  000044c0    0000001c     ti_msp_dl_config.o (.text.DL_ADC12_enableInterrupt)
                  000044dc    0000001c     main.o (.text.DL_ADC12_startConversion)
                  000044f8    0000001c     ti_msp_dl_config.o (.text.DL_GPIO_enableHiZ)
                  00004514    0000001c     ti_msp_dl_config.o (.text.DL_GPIO_initPeripheralOutputFunction)
                  00004530    0000001c     dl_rtc_common.o (.text.DL_RTC_Common_setCalendarMinutesBCD)
                  0000454c    0000001c     dl_rtc_common.o (.text.DL_RTC_Common_setCalendarMinutesBinary)
                  00004568    0000001c     dl_rtc_common.o (.text.DL_RTC_Common_setCalendarMonthBCD)
                  00004584    0000001c     dl_rtc_common.o (.text.DL_RTC_Common_setCalendarMonthBinary)
                  000045a0    0000001c     dl_rtc_common.o (.text.DL_RTC_Common_setCalendarSecondsBCD)
                  000045bc    0000001c     dl_rtc_common.o (.text.DL_RTC_Common_setCalendarSecondsBinary)
                  000045d8    0000001c     dl_rtc_common.o (.text.DL_RTC_Common_setCalendarYearBCD)
                  000045f4    0000001c     dl_rtc_common.o (.text.DL_RTC_Common_setClockFormat)
                  00004610    0000001c     ti_msp_dl_config.o (.text.DL_SYSCTL_setFCCPeriods)
                  0000462c    0000001c     ti_msp_dl_config.o (.text.DL_SYSCTL_setMCLKDivider)
                  00004648    0000001c     ti_msp_dl_config.o (.text.DL_SYSCTL_setSYSOSCFreq)
                  00004664    0000001c     ti_msp_dl_config.o (.text.DL_SYSCTL_setULPCLKDivider)
                  00004680    0000001c     ti_msp_dl_config.o (.text.DL_SYSCTL_setVBOOSTConfig)
                  0000469c    0000001c     ti_msp_dl_config.o (.text.DL_Timer_enableInterrupt)
                  000046b8    0000001c     ti_msp_dl_config.o (.text.SYSCFG_DL_SYSCTL_CLK_init)
                  000046d4    0000001a     ti_msp_dl_config.o (.text.DL_ADC12_setSubscriberChanID)
                  000046ee    0000001a     dl_rtc_common.o (.text.DL_RTC_Common_setCalendarHoursBCD)
                  00004708    0000001a     dl_rtc_common.o (.text.DL_RTC_Common_setCalendarHoursBinary)
                  00004722    00000002     --HOLE-- [fill = 0]
                  00004724    00000018     ti_msp_dl_config.o (.text.DL_ADC12_enablePower)
                  0000473c    00000018     ti_msp_dl_config.o (.text.DL_ADC12_reset)
                  00004754    00000018     ti_msp_dl_config.o (.text.DL_ADC12_setSampleTime0)
                  0000476c    00000018     ti_msp_dl_config.o (.text.DL_GPIO_enableOutput)
                  00004784    00000018     ti_msp_dl_config.o (.text.DL_GPIO_enablePower)
                  0000479c    00000018     ti_msp_dl_config.o (.text.DL_GPIO_initDigitalOutput)
                  000047b4    00000018     ti_msp_dl_config.o (.text.DL_GPIO_reset)
                  000047cc    00000018     ti_msp_dl_config.o (.text.DL_GPIO_setAnalogInternalResistor)
                  000047e4    00000018     lcd_driver.o (.text.DL_GPIO_setPins)
                  000047fc    00000018     main.o (.text.DL_GPIO_setPins)
                  00004814    00000018     ti_msp_dl_config.o (.text.DL_GPIO_setPins)
                  0000482c    00000018     main.o (.text.DL_GPIO_togglePins)
                  00004844    00000018     ti_msp_dl_config.o (.text.DL_I2C_enableAnalogGlitchFilter)
                  0000485c    00000018     ti_msp_dl_config.o (.text.DL_I2C_enableController)
                  00004874    00000018     ti_msp_dl_config.o (.text.DL_I2C_enableControllerClockStretching)
                  0000488c    00000018     ti_msp_dl_config.o (.text.DL_I2C_enablePower)
                  000048a4    00000018     ti_msp_dl_config.o (.text.DL_I2C_reset)
                  000048bc    00000018     ti_msp_dl_config.o (.text.DL_I2C_setTimerPeriod)
                  000048d4    00000018     ti_msp_dl_config.o (.text.DL_RTC_Common_enablePower)
                  000048ec    00000018     ti_msp_dl_config.o (.text.DL_RTC_Common_reset)
                  00004904    00000018     ti_msp_dl_config.o (.text.DL_SPI_enable)
                  0000491c    00000018     ti_msp_dl_config.o (.text.DL_SPI_enablePower)
                  00004934    00000018     lcd_driver.o (.text.DL_SPI_isBusy)
                  0000494c    00000018     ti_msp_dl_config.o (.text.DL_SPI_reset)
                  00004964    00000018     ti_msp_dl_config.o (.text.DL_SYSCTL_enableInterrupt)
                  0000497c    00000018     ti_msp_dl_config.o (.text.DL_SYSCTL_setBORThreshold)
                  00004994    00000018     dl_sysctl_mspm0g1x0x_g3x0x.o (.text.DL_SYSCTL_setHSCLKSource)
                  000049ac    00000018     ti_msp_dl_config.o (.text.DL_Timer_enablePower)
                  000049c4    00000018     ti_msp_dl_config.o (.text.DL_Timer_reset)
                  000049dc    00000018     dl_timer.o (.text.DL_Timer_setLoadValue)
                  000049f4    00000018     main.o (.text.DL_Timer_startCounter)
                  00004a0c    00000018     libc.a : snprintf.c.obj (.text._outc)
                  00004a24    00000016     main.o (.text.DL_ADC12_enableConversions)
                  00004a3a    00000016     ti_msp_dl_config.o (.text.DL_ADC12_enableConversions)
                  00004a50    00000016     ti_msp_dl_config.o (.text.DL_GPIO_enableGlobalFastWake)
                  00004a66    00000016     main.o (.text.DL_GPIO_readPins)
                  00004a7c    00000016     lcd_driver.o (.text.DL_SPI_transmitData8)
                  00004a92    00000016     libc.a : copy_zero_init.c.obj (.text:decompress:ZI:__TI_zero_init_nomemset)
                  00004aa8    00000014     dl_common.o (.text.DL_Common_delayCycles)
                  00004abc    00000014     ti_msp_dl_config.o (.text.DL_FlashCTL_enableInterrupt)
                  00004ad0    00000014     lcd_driver.o (.text.DL_GPIO_clearPins)
                  00004ae4    00000014     main.o (.text.DL_GPIO_clearPins)
                  00004af8    00000014     ti_msp_dl_config.o (.text.DL_GPIO_clearPins)
                  00004b0c    00000014     ti_msp_dl_config.o (.text.DL_I2C_resetControllerTransfer)
                  00004b20    00000014     dl_sysctl_mspm0g1x0x_g3x0x.o (.text.DL_SYSCTL_disableSYSPLL)
                  00004b34    00000014     ti_msp_dl_config.o (.text.DL_SYSCTL_disableSYSPLL)
                  00004b48    00000014     ti_msp_dl_config.o (.text.DL_SYSCTL_enableMFCLK)
                  00004b5c    00000014     dl_sysctl_mspm0g1x0x_g3x0x.o (.text.DL_SYSCTL_enableSYSPLL)
                  00004b70    00000014     ti_msp_dl_config.o (.text.DL_SYSCTL_enableSYSPLL)
                  00004b84    00000014     ti_msp_dl_config.o (.text.DL_Timer_enableClock)
                  00004b98    00000014     ti_msp_dl_config.o (.text.DL_Timer_setCCPDirection)
                  00004bac    00000014     main.o (.text.Trigger_Note_Off)
                  00004bc0    00000014     main.o (.text.Trigger_Note_On)
                  00004bd4    00000014     libclang_rt.builtins.a : aeabi_uldivmod.S.obj (.text.__aeabi_uldivmod)
                  00004be8    00000012     main.o (.text.DL_ADC12_getPendingInterrupt)
                  00004bfa    00000012     main.o (.text.DL_Timer_getPendingInterrupt)
                  00004c0c    00000012     libc.a : memcpy16.S.obj (.text:TI_memcpy_small)
                  00004c1e    00000012            : copy_decompress_none.c.obj (.text:decompress:none)
                  00004c30    00000010     dl_sysctl_mspm0g1x0x_g3x0x.o (.text.DL_CORE_getInstructionConfig)
                  00004c40    00000010     ti_msp_dl_config.o (.text.DL_SYSCTL_disableHFXT)
                  00004c50    00000010     ti_msp_dl_config.o (.text.DL_SYSCTL_enableMFPCLK)
                  00004c60    00000010     ti_msp_dl_config.o (.text.DL_SYSCTL_isFCCDone)
                  00004c70    00000010     ti_msp_dl_config.o (.text.DL_SYSCTL_startFCC)
                  00004c80    00000010     main.o (.text.Quantize_Semitones)
                  00004c90    00000010     libc.a : wcslen.c.obj (.text.wcslen)
                  00004ca0    0000000e     libclang_rt.builtins.a : aeabi_memset.S.obj (.text.__aeabi_memset)
                  00004cae    0000000e     libc.a : _printfi.c.obj (.text.strlen)
                  00004cbc    0000000e            : memset16.S.obj (.text:TI_memset_small)
                  00004cca    00000002     --HOLE-- [fill = 0]
                  00004ccc    0000000c     dl_sysctl_mspm0g1x0x_g3x0x.o (.text.DL_SYSCTL_getClockStatus)
                  00004cd8    0000000c     ti_msp_dl_config.o (.text.DL_SYSCTL_getClockStatus)
                  00004ce4    0000000c     ti_msp_dl_config.o (.text.DL_SYSCTL_readFCC)
                  00004cf0    0000000c     libclang_rt.builtins.a : aeabi_memset.S.obj (.text.__aeabi_memclr)
                  00004cfc    00000008     libc.a : aeabi_portable.c.obj (.text.__aeabi_errno_addr)
                  00004d04    00000008     libclang_rt.builtins.a : aeabi_memcpy.S.obj (.text.__aeabi_memcpy)
                  00004d0c    00000006     libc.a : exit.c.obj (.text:abort)
                  00004d12    00000004     startup_mspm0g350x_ticlang.o (.text.Default_Handler)
                  00004d16    00000004     libsysbm.a : hostexit.c.obj (.text.HOSTexit)
                  00004d1a    00000004     startup_mspm0g350x_ticlang.o (.text.Reset_Handler)
                  00004d1e    00000002     --HOLE-- [fill = 0]
                  00004d20    00000010     libc.a : boot_cortex_m.c.obj (.tramp._c_int00_noargs.1)
                  00004d30    00000004            : pre_init.c.obj (.text._system_pre_init)
                  00004d34    00000004     --HOLE-- [fill = 0]

.cinit     0    000054f0    00000038     
                  000054f0    00000014     (.cinit..data.load) [load image, compression = lzss]
                  00005504    0000000c     (__TI_handler_table)
                  00005510    00000008     (.cinit..bss.load) [load image, compression = zero_init]
                  00005518    00000010     (__TI_cinit_table)

.rodata    0    00004d40    000007b0     
                  00004d40    00000222     lcd_driver.o (.rodata.font_6x8)
                  00004f62    00000200     main.o (.rodata.sine_table)
                  00005162    00000002     ti_msp_dl_config.o (.rodata.gI2C_0ClockConfig)
                  00005164    0000000c     main.o (.rodata..L__const.Display_Update.chord_names)
                  00005170    00000101     libc.a : aeabi_ctype.S.obj (.rodata:__aeabi_ctype_table_)
                  00005271    00000003     ti_msp_dl_config.o (.rodata.gPWM_AUDIOClockConfig)
                  00005274    00000064     main.o (.rodata.INSTRUMENTS)
                  000052d8    00000064     main.o (.rodata.PITCH_BEND_TABLE)
                  0000533c    00000028     ti_msp_dl_config.o (.rodata.gSYSPLLConfig)
                  00005364    00000022     ti_msp_dl_config.o (.rodata..L__const.SYSCFG_DL_GPIO_init.unusedPinIndexes)
                  00005386    00000002     ti_msp_dl_config.o (.rodata.gI2C_1ClockConfig)
                  00005388    00000018     main.o (.rodata.PRESETS)
                  000053a0    00000014     main.o (.rodata..L__const.Display_Update.arp_names)
                  000053b4    00000014     main.o (.rodata..L__const.Display_Update.env_names)
                  000053c8    00000014     ti_msp_dl_config.o (.rodata.gTIMER_SAMPLETimerConfig)
                  000053dc    00000011     libc.a : _printfi.c.obj (.rodata.str1.10348868589481759720.1)
                  000053ed    00000011            : _printfi.c.obj (.rodata.str1.15363888844622738466.1)
                  000053fe    0000000c     main.o (.rodata.str1.15159059442110792349.1)
                  0000540a    0000000c     main.o (.rodata.str1.17100691992556644108.1)
                  00005416    0000000a     ti_msp_dl_config.o (.rodata.gSPI_LCD_config)
                  00005420    0000000a     main.o (.rodata.str1.8154729771448623357.1)
                  0000542a    00000009     main.o (.rodata.CHORD_INTERVALS)
                  00005433    00000009     main.o (.rodata.str1.14402440632258215044.1)
                  0000543c    00000009     main.o (.rodata.str1.18227636981041470289.1)
                  00005445    00000003     ti_msp_dl_config.o (.rodata.gTIMER_SAMPLEClockConfig)
                  00005448    00000008     ti_msp_dl_config.o (.rodata.gADC_ACCELClockConfig)
                  00005450    00000008     ti_msp_dl_config.o (.rodata.gADC_JOYClockConfig)
                  00005458    00000008     ti_msp_dl_config.o (.rodata.gPWM_AUDIOConfig)
                  00005460    00000008     ti_msp_dl_config.o (.rodata.gRTCCalendarConfig)
                  00005468    00000008     main.o (.rodata.str1.15996357275703397564.1)
                  00005470    00000008     main.o (.rodata.str1.16265332423659789559.1)
                  00005478    00000008     main.o (.rodata.str1.16302215771116645891.1)
                  00005480    00000008     main.o (.rodata.str1.288608917962107522.1)
                  00005488    00000008     main.o (.rodata.str1.7996925722583989644.1)
                  00005490    00000006     main.o (.rodata.str1.12180500075719773345.1)
                  00005496    00000006     main.o (.rodata.str1.2846389346932560359.1)
                  0000549c    00000005     main.o (.rodata.str1.11702106008850790973.1)
                  000054a1    00000005     main.o (.rodata.str1.14112174005742061988.1)
                  000054a6    00000005     main.o (.rodata.str1.7702501944640899365.1)
                  000054ab    00000004     main.o (.rodata.str1.10313062130652730376.1)
                  000054af    00000004     main.o (.rodata.str1.10635229749459437609.1)
                  000054b3    00000004     main.o (.rodata.str1.1311392489248731986.1)
                  000054b7    00000004     main.o (.rodata.str1.13288086030101331538.1)
                  000054bb    00000004     main.o (.rodata.str1.2763581881760962609.1)
                  000054bf    00000004     main.o (.rodata.str1.3530083166107438000.1)
                  000054c3    00000004     lcd_driver.o (.rodata.str1.4301156551425074819.1)
                  000054c7    00000004     main.o (.rodata.str1.6891813955777630061.1)
                  000054cb    00000004     main.o (.rodata.str1.7784929982665794503.1)
                  000054cf    00000004     main.o (.rodata.str1.8076846746581808073.1)
                  000054d3    00000004     main.o (.rodata.str1.8108965883388295311.1)
                  000054d7    00000004     main.o (.rodata.str1.9059077390166914652.1)
                  000054db    00000003     main.o (.rodata.str1.11870794119293528247.1)
                  000054de    00000003     main.o (.rodata.str1.13782249893155712474.1)
                  000054e1    00000003     main.o (.rodata.str1.16631870348416990953.1)
                  000054e4    00000003     main.o (.rodata.str1.17376258722486336754.1)
                  000054e7    00000003     main.o (.rodata.str1.2123964117280943167.1)
                  000054ea    00000002     ti_msp_dl_config.o (.rodata.gSPI_LCD_clockConfig)
                  000054ec    00000001     main.o (.rodata.str1.14079361385603432444.1)
                  000054ed    00000003     --HOLE-- [fill = 0]

.init_array 
*          0    00000000    00000000     UNINITIALIZED

.binit     0    00000000    00000000     

.sysmem    0    20200000    00001000     UNINITIALIZED
                  20200000    00000010     libc.a : memory.c.obj (.sysmem)
                  20200010    00000ff0     --HOLE--

.bss       0    20201000    000001c0     UNINITIALIZED
                  20201000    000000bc     ti_msp_dl_config.o (.bss.gPWM_AUDIOBackup)
                  202010bc    000000a0     ti_msp_dl_config.o (.bss.gTIMER_SAMPLEBackup)
                  2020115c    0000003c     main.o (.bss.gSynthState)
                  20201198    00000028     ti_msp_dl_config.o (.bss.gSPI_LCDBackup)

.data      0    202011c0    000000e8     UNINITIALIZED
                  202011c0    00000080     main.o (.data.waveform_buffer)
                  20201240    00000014     main.o (.data.arpeggiator)
                  20201254    0000000c     main.o (.data.chord_increments)
                  20201260    0000000c     main.o (.data.chord_phases)
                  2020126c    0000000c     main.o (.data.envelope)
                  20201278    00000004     main.o (.data.Process_Buttons.joy_hold_counter)
                  2020127c    00000004     main.o (.data.Process_Buttons.joy_prev)
                  20201280    00000004     main.o (.data.Process_Buttons.s1_hold_counter)
                  20201284    00000004     main.o (.data.Process_Buttons.s1_prev)
                  20201288    00000004     main.o (.data.Process_Buttons.s2_prev)
                  2020128c    00000004     libc.a : aeabi_portable.c.obj (.data.__aeabi_errno)
                  20201290    00000004     main.o (.data.base_frequency_hz)
                  20201294    00000004     main.o (.data.phase)
                  20201298    00000004     main.o (.data.phase_increment)
                  2020129c    00000002     main.o (.data.tremolo_phase)
                  2020129e    00000002     main.o (.data.vibrato_phase)
                  202012a0    00000001     main.o (.data.Generate_Audio_Sample.waveform_decimate_counter)
                  202012a1    00000001     main.o (.data.Process_Pitch_Bend.prev_semitones)
                  202012a2    00000001     main.o (.data.chord_mode)
                  202012a3    00000001     main.o (.data.current_instrument)
                  202012a4    00000001     main.o (.data.current_preset)
                  202012a5    00000001     main.o (.data.effects_enabled)
                  202012a6    00000001     main.o (.data.pitch_bend_semitones)
                  202012a7    00000001     main.o (.data.waveform_write_index)

.stack     0    20207e00    00000200     UNINITIALIZED
                  20207e00    00000004     libc.a : boot_cortex_m.c.obj (.stack)
                  20207e04    000001fc     --HOLE--

__llvm_prf_cnts 
*          0    20200000    00000000     UNINITIALIZED

__llvm_prf_bits 
*          0    20200000    00000000     UNINITIALIZED

MODULE SUMMARY

       Module                         code    ro data   rw data
       ------                         ----    -------   -------
    .\
       main.o                         5868    976       288    
       lcd_driver.o                   2230    550       0      
       startup_mspm0g350x_ticlang.o   8       192       0      
    +--+------------------------------+-------+---------+---------+
       Total:                         8106    1718      288    
                                                               
    .\syscfg\
       ti_msp_dl_config.o             4026    148       388    
    +--+------------------------------+-------+---------+---------+
       Total:                         4026    148       388    
                                                               
    .\ti\driverlib\
       dl_timer.o                     1312    0         0      
       dl_rtc_common.o                564     0         0      
       dl_spi.o                       148     0         0      
       dl_adc12.o                     116     0         0      
       dl_i2c.o                       92      0         0      
       dl_common.o                    20      0         0      
    +--+------------------------------+-------+---------+---------+
       Total:                         2252    0         0      
                                                               
    .\ti\driverlib\m0p\sysctl\
       dl_sysctl_mspm0g1x0x_g3x0x.o   504     0         0      
    +--+------------------------------+-------+---------+---------+
       Total:                         504     0         0      
                                                               
    C:\ti\ccs2040\ccs\tools\compiler\ti-cgt-armllvm_4.0.4.LTS\lib\armv6m-ti-none-eabi/c/libc.a
       _printfi.c.obj                 2166    34        0      
       aeabi_ctype.S.obj              0       257       0      
       snprintf.c.obj                 148     0         0      
       copy_decompress_lzss.c.obj     124     0         0      
       atoi.c.obj                     64      0         0      
       autoinit.c.obj                 60      0         0      
       boot_cortex_m.c.obj            56      0         0      
       memccpy.c.obj                  34      0         0      
       copy_zero_init.c.obj           22      0         0      
       copy_decompress_none.c.obj     18      0         0      
       memcpy16.S.obj                 18      0         0      
       wcslen.c.obj                   16      0         0      
       memset16.S.obj                 14      0         0      
       aeabi_portable.c.obj           8       0         4      
       exit.c.obj                     6       0         0      
       pre_init.c.obj                 4       0         0      
    +--+------------------------------+-------+---------+---------+
       Total:                         2758    291       4      
                                                               
    C:\ti\ccs2040\ccs\tools\compiler\ti-cgt-armllvm_4.0.4.LTS\lib\armv6m-ti-none-eabi/c/libsysbm.a
       hostexit.c.obj                 4       0         0      
    +--+------------------------------+-------+---------+---------+
       Total:                         4       0         0      
                                                               
    C:\ti\ccs2040\ccs\tools\compiler\ti-cgt-armllvm_4.0.4.LTS\lib\armv6m-ti-none-eabi/libclang_rt.builtins.a
       adddf3.S.obj                   402     0         0      
       divdf3.S.obj                   268     0         0      
       muldf3.S.obj                   228     0         0      
       comparedf2.c.obj               220     0         0      
       udivmoddi4.S.obj               162     0         0      
       aeabi_dcmp.S.obj               98      0         0      
       aeabi_idivmod.S.obj            86      0         0      
       fixunsdfsi.S.obj               66      0         0      
       aeabi_uidivmod.S.obj           64      0         0      
       muldsi3.S.obj                  58      0         0      
       floatsidf.S.obj                44      0         0      
       floatunsisf.S.obj              40      0         0      
       floatunsidf.S.obj              36      0         0      
       muldi3.S.obj                   36      0         0      
       ashldi3.S.obj                  30      0         0      
       aeabi_memset.S.obj             26      0         0      
       aeabi_uldivmod.S.obj           20      0         0      
       aeabi_memcpy.S.obj             8       0         0      
       aeabi_div0.c.obj               4       0         0      
    +--+------------------------------+-------+---------+---------+
       Total:                         1896    0         0      
                                                               
       Heap:                          0       0         4096   
       Stack:                         0       0         512    
       Linker Generated:              0       56        0      
    +--+------------------------------+-------+---------+---------+
       Grand Total:                   19546   2213      5288   


LINKER GENERATED COPY TABLES

__TI_cinit_table @ 00005518 records: 2, size/record: 8, table size: 16
	.data: load addr=000054f0, load size=00000014 bytes, run addr=202011c0, run size=000000e8 bytes, compression=lzss
	.bss: load addr=00005510, load size=00000008 bytes, run addr=20201000, run size=000001c0 bytes, compression=zero_init


LINKER GENERATED HANDLER TABLE

__TI_handler_table @ 00005504 records: 3, size/record: 4, table size: 12
	index: 0, handler: __TI_decompress_lzss
	index: 1, handler: __TI_decompress_none
	index: 2, handler: __TI_zero_init


FAR CALL TRAMPOLINES

callee name               trampoline name
   callee addr  tramp addr   call addr  call info
--------------  -----------  ---------  ----------------
_c_int00_noargs           $Tramp$TT$L$PI$$_c_int00_noargs
   000042e1     00004d20     00004d1a   startup_mspm0g350x_ticlang.o (.text.Reset_Handler)

[1 trampolines]
[1 trampoline calls]


GLOBAL SYMBOLS: SORTED ALPHABETICALLY BY Name 

address   name                                 
-------   ----                                 
00003821  ADC0_IRQHandler                      
00003559  ADC1_IRQHandler                      
00004d13  AES_IRQHandler                       
00004d16  C$$EXIT                              
00004d13  CANFD0_IRQHandler                    
00004d13  DAC0_IRQHandler                      
000039b1  DL_ADC12_setClockConfig              
00004aa9  DL_Common_delayCycles                
00003e65  DL_I2C_setClockConfig                
00002a49  DL_RTC_Common_initCalendar           
00003b75  DL_SPI_init                          
00004355  DL_SPI_setClockConfig                
00004219  DL_SYSCTL_configFCC                  
0000288d  DL_SYSCTL_configSYSPLL               
00003a49  DL_SYSCTL_switchMCLKfromSYSOSCtoHSCLK
000025d1  DL_Timer_initFourCCPWMMode           
000021ad  DL_Timer_initTimerMode               
00003e99  DL_Timer_setCaptCompUpdateMethod     
00003ecd  DL_Timer_setCaptureCompareAction     
00003d01  DL_Timer_setCaptureCompareCtl        
00003f01  DL_Timer_setCaptureCompareInput      
00003c01  DL_Timer_setCaptureCompareOutCtl     
0000402d  DL_Timer_setCaptureCompareValue      
00003f35  DL_Timer_setClockConfig              
00004d13  DMA_IRQHandler                       
00004d13  Default_Handler                      
00004d13  GROUP0_IRQHandler                    
00004d13  GROUP1_IRQHandler                    
00004d17  HOSTexit                             
00003f69  HardFault_Handler                    
00004d13  I2C0_IRQHandler                      
00004d13  I2C1_IRQHandler                      
00002099  LCD_DrawLine                         
00003961  LCD_DrawPixel                        
00001f81  LCD_DrawRect                         
00003025  LCD_FillScreen                       
00001181  LCD_Init                             
00003619  LCD_PrintNumber                      
00001cbd  LCD_PrintString                      
00004d13  NMI_Handler                          
00004d13  PendSV_Handler                       
00001611  Process_Buttons                      
00004d13  RTC_IRQHandler                       
00004d1b  Reset_Handler                        
00004d13  SPI0_IRQHandler                      
00004d13  SPI1_IRQHandler                      
00004d13  SVC_Handler                          
00002bf9  SYSCFG_DL_ADC_ACCEL_init             
000030c5  SYSCFG_DL_ADC_JOY_init               
000017d1  SYSCFG_DL_GPIO_init                  
00003671  SYSCFG_DL_I2C_0_init                 
000036c9  SYSCFG_DL_I2C_1_init                 
000032cd  SYSCFG_DL_PWM_AUDIO_init             
00004291  SYSCFG_DL_RTC_init                   
00003c41  SYSCFG_DL_SPI_LCD_init               
000046b9  SYSCFG_DL_SYSCTL_CLK_init            
00002e2d  SYSCFG_DL_SYSCTL_SYSPLL_init         
00002edd  SYSCFG_DL_SYSCTL_init                
00003779  SYSCFG_DL_TIMER_SAMPLE_init          
000037cd  SYSCFG_DL_init                       
00002cbd  SYSCFG_DL_initPower                  
00004d13  SysTick_Handler                      
00004d13  TIMA0_IRQHandler                     
00004d13  TIMA1_IRQHandler                     
00004d13  TIMG0_IRQHandler                     
00004d13  TIMG12_IRQHandler                    
00004d13  TIMG6_IRQHandler                     
00003421  TIMG7_IRQHandler                     
00004d13  TIMG8_IRQHandler                     
00004c0d  TI_memcpy_small                      
00004cbd  TI_memset_small                      
00004d13  UART0_IRQHandler                     
00004d13  UART1_IRQHandler                     
00004d13  UART2_IRQHandler                     
00004d13  UART3_IRQHandler                     
20208000  __STACK_END                          
00000200  __STACK_SIZE                         
00001000  __SYSMEM_SIZE                        
00000000  __TI_ATRegion0_region_sz             
00000000  __TI_ATRegion0_src_addr              
00000000  __TI_ATRegion0_trg_addr              
00000000  __TI_ATRegion1_region_sz             
00000000  __TI_ATRegion1_src_addr              
00000000  __TI_ATRegion1_trg_addr              
00000000  __TI_ATRegion2_region_sz             
00000000  __TI_ATRegion2_src_addr              
00000000  __TI_ATRegion2_trg_addr              
00005518  __TI_CINIT_Base                      
00005528  __TI_CINIT_Limit                     
00005528  __TI_CINIT_Warm                      
00005504  __TI_Handler_Table_Base              
00005510  __TI_Handler_Table_Limit             
00003db5  __TI_auto_init_nobinit_nopinit       
00003251  __TI_decompress_lzss                 
00004c1f  __TI_decompress_none                 
ffffffff  __TI_pprof_out_hndl                  
000000c1  __TI_printfi_nofloat                 
ffffffff  __TI_prof_data_size                  
ffffffff  __TI_prof_data_start                 
00000000  __TI_static_base__                   
00004a93  __TI_zero_init_nomemset              
00001b33  __adddf3                             
00005170  __aeabi_ctype_table_                 
00005170  __aeabi_ctype_table_C                
00003bbd  __aeabi_d2uiz                        
00001b33  __aeabi_dadd                         
000034f5  __aeabi_dcmpeq                       
00003531  __aeabi_dcmpge                       
00003545  __aeabi_dcmpgt                       
0000351d  __aeabi_dcmple                       
00003509  __aeabi_dcmplt                       
000023cd  __aeabi_ddiv                         
000027a9  __aeabi_dmul                         
00001b29  __aeabi_dsub                         
2020128c  __aeabi_errno                        
00004cfd  __aeabi_errno_addr                   
00004085  __aeabi_i2d                          
00003721  __aeabi_idiv                         
00001cbb  __aeabi_idiv0                        
00003721  __aeabi_idivmod                      
000021ab  __aeabi_ldiv0                        
00004485  __aeabi_llsl                         
0000439d  __aeabi_lmul                         
00004cf1  __aeabi_memclr                       
00004cf1  __aeabi_memclr4                      
00004cf1  __aeabi_memclr8                      
00004d05  __aeabi_memcpy                       
00004d05  __aeabi_memcpy4                      
00004d05  __aeabi_memcpy8                      
00004ca1  __aeabi_memset                       
00004ca1  __aeabi_memset4                      
00004ca1  __aeabi_memset8                      
00004379  __aeabi_ui2d                         
000042b9  __aeabi_ui2f                         
00003c81  __aeabi_uidiv                        
00003c81  __aeabi_uidivmod                     
00004bd5  __aeabi_uldivmod                     
00004485  __ashldi3                            
ffffffff  __binit__                            
0000348d  __cmpdf2                             
000023cd  __divdf3                             
0000348d  __eqdf2                              
00003bbd  __fixunsdfsi                         
00004085  __floatsidf                          
00004379  __floatunsidf                        
000042b9  __floatunsisf                        
00003341  __gedf2                              
00003341  __gtdf2                              
0000348d  __ledf2                              
0000348d  __ltdf2                              
UNDEFED   __mpu_init                           
000027a9  __muldf3                             
0000439d  __muldi3                             
00003df1  __muldsi3                            
0000348d  __nedf2                              
20207e00  __stack                              
20200000  __start___llvm_prf_bits              
20200000  __start___llvm_prf_cnts              
20200000  __stop___llvm_prf_bits               
20200000  __stop___llvm_prf_cnts               
00001b29  __subdf3                             
00002f81  __udivmoddi4                         
000042e1  _c_int00_noargs                      
20200000  _sys_memory                          
UNDEFED   _system_post_cinit                   
00004d31  _system_pre_init                     
00004d0d  abort                                
00003cc1  atoi                                 
ffffffff  binit                                
20201000  gPWM_AUDIOBackup                     
20201198  gSPI_LCDBackup                       
2020115c  gSynthState                          
202010bc  gTIMER_SAMPLEBackup                  
00000000  interruptVectors                     
000013e1  main                                 
000043c1  memccpy                              
00003a95  snprintf                             
00004c91  wcslen                               


GLOBAL SYMBOLS: SORTED BY Symbol Address 

address   name                                 
-------   ----                                 
00000000  __TI_ATRegion0_region_sz             
00000000  __TI_ATRegion0_src_addr              
00000000  __TI_ATRegion0_trg_addr              
00000000  __TI_ATRegion1_region_sz             
00000000  __TI_ATRegion1_src_addr              
00000000  __TI_ATRegion1_trg_addr              
00000000  __TI_ATRegion2_region_sz             
00000000  __TI_ATRegion2_src_addr              
00000000  __TI_ATRegion2_trg_addr              
00000000  __TI_static_base__                   
00000000  interruptVectors                     
000000c1  __TI_printfi_nofloat                 
00000200  __STACK_SIZE                         
00001000  __SYSMEM_SIZE                        
00001181  LCD_Init                             
000013e1  main                                 
00001611  Process_Buttons                      
000017d1  SYSCFG_DL_GPIO_init                  
00001b29  __aeabi_dsub                         
00001b29  __subdf3                             
00001b33  __adddf3                             
00001b33  __aeabi_dadd                         
00001cbb  __aeabi_idiv0                        
00001cbd  LCD_PrintString                      
00001f81  LCD_DrawRect                         
00002099  LCD_DrawLine                         
000021ab  __aeabi_ldiv0                        
000021ad  DL_Timer_initTimerMode               
000023cd  __aeabi_ddiv                         
000023cd  __divdf3                             
000025d1  DL_Timer_initFourCCPWMMode           
000027a9  __aeabi_dmul                         
000027a9  __muldf3                             
0000288d  DL_SYSCTL_configSYSPLL               
00002a49  DL_RTC_Common_initCalendar           
00002bf9  SYSCFG_DL_ADC_ACCEL_init             
00002cbd  SYSCFG_DL_initPower                  
00002e2d  SYSCFG_DL_SYSCTL_SYSPLL_init         
00002edd  SYSCFG_DL_SYSCTL_init                
00002f81  __udivmoddi4                         
00003025  LCD_FillScreen                       
000030c5  SYSCFG_DL_ADC_JOY_init               
00003251  __TI_decompress_lzss                 
000032cd  SYSCFG_DL_PWM_AUDIO_init             
00003341  __gedf2                              
00003341  __gtdf2                              
00003421  TIMG7_IRQHandler                     
0000348d  __cmpdf2                             
0000348d  __eqdf2                              
0000348d  __ledf2                              
0000348d  __ltdf2                              
0000348d  __nedf2                              
000034f5  __aeabi_dcmpeq                       
00003509  __aeabi_dcmplt                       
0000351d  __aeabi_dcmple                       
00003531  __aeabi_dcmpge                       
00003545  __aeabi_dcmpgt                       
00003559  ADC1_IRQHandler                      
00003619  LCD_PrintNumber                      
00003671  SYSCFG_DL_I2C_0_init                 
000036c9  SYSCFG_DL_I2C_1_init                 
00003721  __aeabi_idiv                         
00003721  __aeabi_idivmod                      
00003779  SYSCFG_DL_TIMER_SAMPLE_init          
000037cd  SYSCFG_DL_init                       
00003821  ADC0_IRQHandler                      
00003961  LCD_DrawPixel                        
000039b1  DL_ADC12_setClockConfig              
00003a49  DL_SYSCTL_switchMCLKfromSYSOSCtoHSCLK
00003a95  snprintf                             
00003b75  DL_SPI_init                          
00003bbd  __aeabi_d2uiz                        
00003bbd  __fixunsdfsi                         
00003c01  DL_Timer_setCaptureCompareOutCtl     
00003c41  SYSCFG_DL_SPI_LCD_init               
00003c81  __aeabi_uidiv                        
00003c81  __aeabi_uidivmod                     
00003cc1  atoi                                 
00003d01  DL_Timer_setCaptureCompareCtl        
00003db5  __TI_auto_init_nobinit_nopinit       
00003df1  __muldsi3                            
00003e65  DL_I2C_setClockConfig                
00003e99  DL_Timer_setCaptCompUpdateMethod     
00003ecd  DL_Timer_setCaptureCompareAction     
00003f01  DL_Timer_setCaptureCompareInput      
00003f35  DL_Timer_setClockConfig              
00003f69  HardFault_Handler                    
0000402d  DL_Timer_setCaptureCompareValue      
00004085  __aeabi_i2d                          
00004085  __floatsidf                          
00004219  DL_SYSCTL_configFCC                  
00004291  SYSCFG_DL_RTC_init                   
000042b9  __aeabi_ui2f                         
000042b9  __floatunsisf                        
000042e1  _c_int00_noargs                      
00004355  DL_SPI_setClockConfig                
00004379  __aeabi_ui2d                         
00004379  __floatunsidf                        
0000439d  __aeabi_lmul                         
0000439d  __muldi3                             
000043c1  memccpy                              
00004485  __aeabi_llsl                         
00004485  __ashldi3                            
000046b9  SYSCFG_DL_SYSCTL_CLK_init            
00004a93  __TI_zero_init_nomemset              
00004aa9  DL_Common_delayCycles                
00004bd5  __aeabi_uldivmod                     
00004c0d  TI_memcpy_small                      
00004c1f  __TI_decompress_none                 
00004c91  wcslen                               
00004ca1  __aeabi_memset                       
00004ca1  __aeabi_memset4                      
00004ca1  __aeabi_memset8                      
00004cbd  TI_memset_small                      
00004cf1  __aeabi_memclr                       
00004cf1  __aeabi_memclr4                      
00004cf1  __aeabi_memclr8                      
00004cfd  __aeabi_errno_addr                   
00004d05  __aeabi_memcpy                       
00004d05  __aeabi_memcpy4                      
00004d05  __aeabi_memcpy8                      
00004d0d  abort                                
00004d13  AES_IRQHandler                       
00004d13  CANFD0_IRQHandler                    
00004d13  DAC0_IRQHandler                      
00004d13  DMA_IRQHandler                       
00004d13  Default_Handler                      
00004d13  GROUP0_IRQHandler                    
00004d13  GROUP1_IRQHandler                    
00004d13  I2C0_IRQHandler                      
00004d13  I2C1_IRQHandler                      
00004d13  NMI_Handler                          
00004d13  PendSV_Handler                       
00004d13  RTC_IRQHandler                       
00004d13  SPI0_IRQHandler                      
00004d13  SPI1_IRQHandler                      
00004d13  SVC_Handler                          
00004d13  SysTick_Handler                      
00004d13  TIMA0_IRQHandler                     
00004d13  TIMA1_IRQHandler                     
00004d13  TIMG0_IRQHandler                     
00004d13  TIMG12_IRQHandler                    
00004d13  TIMG6_IRQHandler                     
00004d13  TIMG8_IRQHandler                     
00004d13  UART0_IRQHandler                     
00004d13  UART1_IRQHandler                     
00004d13  UART2_IRQHandler                     
00004d13  UART3_IRQHandler                     
00004d16  C$$EXIT                              
00004d17  HOSTexit                             
00004d1b  Reset_Handler                        
00004d31  _system_pre_init                     
00005170  __aeabi_ctype_table_                 
00005170  __aeabi_ctype_table_C                
00005504  __TI_Handler_Table_Base              
00005510  __TI_Handler_Table_Limit             
00005518  __TI_CINIT_Base                      
00005528  __TI_CINIT_Limit                     
00005528  __TI_CINIT_Warm                      
20200000  __start___llvm_prf_bits              
20200000  __start___llvm_prf_cnts              
20200000  __stop___llvm_prf_bits               
20200000  __stop___llvm_prf_cnts               
20200000  _sys_memory                          
20201000  gPWM_AUDIOBackup                     
202010bc  gTIMER_SAMPLEBackup                  
2020115c  gSynthState                          
20201198  gSPI_LCDBackup                       
2020128c  __aeabi_errno                        
20207e00  __stack                              
20208000  __STACK_END                          
ffffffff  __TI_pprof_out_hndl                  
ffffffff  __TI_prof_data_size                  
ffffffff  __TI_prof_data_start                 
ffffffff  __binit__                            
ffffffff  binit                                
UNDEFED   __mpu_init                           
UNDEFED   _system_post_cinit                   

[178 symbols]
