******************************************************************************
            TI ARM Clang Linker PC v4.0.4                      
******************************************************************************
>> Linked Sat Dec 27 13:37:09 2025

OUTPUT FILE NAME:   <Motion_Music_studio.out>
ENTRY POINT SYMBOL: "_c_int00_noargs"  address: 0000442d


MEMORY CONFIGURATION

         name            origin    length      used     unused   attr    fill
----------------------  --------  ---------  --------  --------  ----  --------
  FLASH                 00000000   00020000  00005768  0001a898  R  X
  SRAM                  20200000   00008000  000014a7  00006b59  RW X
  BCR_CONFIG            41c00000   000000ff  00000000  000000ff  R   
  BSL_CONFIG            41c00100   00000080  00000000  00000080  R   


SEGMENT ALLOCATION MAP

run origin  load origin   length   init length attrs members
----------  ----------- ---------- ----------- ----- -------
00000000    00000000    00004f78   00004f78    r-x
  00000000    00000000    000000c0   000000c0    r-- .intvecs
  000000c0    000000c0    00004eb8   00004eb8    r-x .text
00004f80    00004f80    000007f0   000007f0    r--
  00004f80    00004f80    000007b0   000007b0    r-- .rodata
  00005730    00005730    00000040   00000040    r-- .cinit
20200000    20200000    000012a7   00000000    rw-
  20200000    20200000    00001000   00000000    rw- .sysmem
  20201000    20201000    000001c4   00000000    rw- .bss
  202011c4    202011c4    000000e3   00000000    rw- .data
20207e00    20207e00    00000200   00000000    rw-
  20207e00    20207e00    00000200   00000000    rw- .stack


SECTION ALLOCATION MAP

 output                                  attributes/
section   page    origin      length       input sections
--------  ----  ----------  ----------   ----------------
.intvecs   0    00000000    000000c0     
                  00000000    000000c0     startup_mspm0g350x_ticlang.o (.intvecs)

.text      0    000000c0    00004eb8     
                  000000c0    00000868     libc.a : _printfi.c.obj (.text:__TI_printfi_nofloat)
                  00000928    00000304     main.o (.text.Generate_Audio_Sample)
                  00000c2c    000002e4     main.o (.text.Display_Update)
                  00000f10    000002c4     main.o (.text.main)
                  000011d4    00000294     main.o (.text.Update_Phase_Increment)
                  00001468    00000260     lcd_driver.o (.text.LCD_Init)
                  000016c8    000001dc     ti_msp_dl_config.o (.text.SYSCFG_DL_GPIO_init)
                  000018a4    000001a8     main.o (.text.Process_Envelope)
                  00001a4c    00000192     libclang_rt.builtins.a : adddf3.S.obj (.text.adddf3_subdf3)
                  00001bde    00000002                            : aeabi_div0.c.obj (.text.__aeabi_idiv0)
                  00001be0    00000180     lcd_driver.o (.text.LCD_PrintString)
                  00001d60    00000138     main.o (.text.Display_Waveform)
                  00001e98    00000118     lcd_driver.o (.text.LCD_DrawRect)
                  00001fb0    00000112     lcd_driver.o (.text.LCD_DrawLine)
                  000020c2    00000002     libclang_rt.builtins.a : aeabi_div0.c.obj (.text.__aeabi_ldiv0)
                  000020c4    00000110     dl_timer.o (.text.DL_Timer_initTimerMode)
                  000021d4    00000110     dl_timer.o (.text.DL_Timer_initTwoCCPWMMode)
                  000022e4    0000010c     libclang_rt.builtins.a : divdf3.S.obj (.text.__divdf3)
                  000023f0    000000f8     main.o (.text.Generate_Chord_Sample)
                  000024e8    000000ec     dl_timer.o (.text.DL_Timer_initFourCCPWMMode)
                  000025d4    000000ec     main.o (.text.Process_Arpeggiator)
                  000026c0    000000e4     libclang_rt.builtins.a : muldf3.S.obj (.text.__muldf3)
                  000027a4    000000e0     dl_sysctl_mspm0g1x0x_g3x0x.o (.text.DL_SYSCTL_configSYSPLL)
                  00002884    000000dc     main.o (.text.Generate_Waveform)
                  00002960    000000d8     dl_rtc_common.o (.text.DL_RTC_Common_initCalendar)
                  00002a38    000000d8     main.o (.text.Process_Joystick)
                  00002b10    000000d4     ti_msp_dl_config.o (.text.SYSCFG_DL_ADC_ACCEL_init)
                  00002be4    000000c0     ti_msp_dl_config.o (.text.SYSCFG_DL_initPower)
                  00002ca4    000000b0     main.o (.text.Process_Pitch_Bend)
                  00002d54    000000b0     ti_msp_dl_config.o (.text.SYSCFG_DL_SYSCTL_SYSPLL_init)
                  00002e04    000000a4     ti_msp_dl_config.o (.text.SYSCFG_DL_SYSCTL_init)
                  00002ea8    000000a2     libclang_rt.builtins.a : udivmoddi4.S.obj (.text)
                  00002f4a    00000002     --HOLE-- [fill = 0]
                  00002f4c    000000a0     lcd_driver.o (.text.LCD_FillScreen)
                  00002fec    00000090     ti_msp_dl_config.o (.text.SYSCFG_DL_ADC_JOY_init)
                  0000307c    00000090     main.o (.text.TIMG7_IRQHandler)
                  0000310c    00000084     ti_msp_dl_config.o (.text.__NVIC_SetPriority)
                  00003190    0000007c     libc.a : copy_decompress_lzss.c.obj (.text:decompress:lzss)
                  0000320c    00000078     main.o (.text.ADC0_IRQHandler)
                  00003284    00000074     ti_msp_dl_config.o (.text.SYSCFG_DL_PWM_AUDIO_init)
                  000032f8    00000074     libclang_rt.builtins.a : comparedf2.c.obj (.text.__gedf2)
                  0000336c    0000006c     lcd_driver.o (.text.LCD_SetWindow)
                  000033d8    00000068     libclang_rt.builtins.a : comparedf2.c.obj (.text.__ledf2)
                  00003440    00000062                            : aeabi_dcmp.S.obj (.text.__aeabi_dcmp)
                  000034a2    00000002     --HOLE-- [fill = 0]
                  000034a4    00000060     main.o (.text.ADC1_IRQHandler)
                  00003504    00000060     ti_msp_dl_config.o (.text.DL_ADC12_initSeqSample)
                  00003564    00000058     lcd_driver.o (.text.LCD_PrintNumber)
                  000035bc    00000058     ti_msp_dl_config.o (.text.SYSCFG_DL_I2C_0_init)
                  00003614    00000058     ti_msp_dl_config.o (.text.SYSCFG_DL_I2C_1_init)
                  0000366c    00000058     ti_msp_dl_config.o (.text.SYSCFG_DL_init)
                  000036c4    00000056     libclang_rt.builtins.a : aeabi_idivmod.S.obj (.text.__aeabi_idivmod)
                  0000371a    00000054     dl_dma.o (.text.DL_DMA_configTransfer)
                  0000376e    00000002     --HOLE-- [fill = 0]
                  00003770    00000054     ti_msp_dl_config.o (.text.SYSCFG_DL_TIMER_SAMPLE_init)
                  000037c4    00000050     ti_msp_dl_config.o (.text.DL_GPIO_initPeripheralInputFunctionFeatures)
                  00003814    00000050     lcd_driver.o (.text.LCD_WriteCommand)
                  00003864    00000050     lcd_driver.o (.text.LCD_WriteData)
                  000038b4    0000004e     lcd_driver.o (.text.LCD_DrawPixel)
                  00003902    00000002     --HOLE-- [fill = 0]
                  00003904    0000004c     dl_adc12.o (.text.DL_ADC12_setClockConfig)
                  00003950    0000004c     ti_msp_dl_config.o (.text.DL_GPIO_initDigitalInputFeatures)
                  0000399c    0000004c     dl_sysctl_mspm0g1x0x_g3x0x.o (.text.DL_SYSCTL_switchMCLKfromSYSOSCtoHSCLK)
                  000039e8    0000004c     libc.a : snprintf.c.obj (.text.snprintf)
                  00003a34    0000004a     ti_msp_dl_config.o (.text.DL_ADC12_configConversionMem)
                  00003a7e    00000002     --HOLE-- [fill = 0]
                  00003a80    00000048     dl_spi.o (.text.DL_SPI_init)
                  00003ac8    00000046     dl_dma.o (.text.DL_DMA_initChannel)
                  00003b0e    00000002     --HOLE-- [fill = 0]
                  00003b10    00000042     libclang_rt.builtins.a : fixunsdfsi.S.obj (.text.__fixunsdfsi)
                  00003b52    00000002     --HOLE-- [fill = 0]
                  00003b54    00000040     dl_timer.o (.text.DL_Timer_setCaptureCompareOutCtl)
                  00003b94    00000040     ti_msp_dl_config.o (.text.SYSCFG_DL_SPI_LCD_init)
                  00003bd4    00000040     libclang_rt.builtins.a : aeabi_uidivmod.S.obj (.text.__aeabi_uidivmod)
                  00003c14    00000040     libc.a : atoi.c.obj (.text.atoi)
                  00003c54    0000003c     buttons.o (.text.Buttons_Init)
                  00003c90    0000003c     main.o (.text.Change_Instrument)
                  00003ccc    0000003c     dl_timer.o (.text.DL_Timer_setCaptureCompareCtl)
                  00003d08    0000003c     dl_timer.o (.text.DL_Timer_setCounterControl)
                  00003d44    0000003c     ti_msp_dl_config.o (.text.DL_Timer_setCounterControl)
                  00003d80    0000003c     ti_msp_dl_config.o (.text.SYSCFG_DL_DMA_CH1_init)
                  00003dbc    0000003c     libc.a : autoinit.c.obj (.text:__TI_auto_init_nobinit_nopinit)
                  00003df8    0000003a     libclang_rt.builtins.a : muldsi3.S.obj (.text.__muldsi3)
                  00003e32    00000002     --HOLE-- [fill = 0]
                  00003e34    00000038     dl_dma.o (.text.DL_DMA_setTrigger)
                  00003e6c    00000038     ti_msp_dl_config.o (.text.DL_Timer_setPublisherChanID)
                  00003ea4    00000034     ti_msp_dl_config.o (.text.DL_DMA_setPublisherChanID)
                  00003ed8    00000034     dl_i2c.o (.text.DL_I2C_setClockConfig)
                  00003f0c    00000034     dl_timer.o (.text.DL_Timer_setCaptCompUpdateMethod)
                  00003f40    00000034     dl_timer.o (.text.DL_Timer_setCaptureCompareAction)
                  00003f74    00000034     dl_timer.o (.text.DL_Timer_setCaptureCompareInput)
                  00003fa8    00000034     dl_timer.o (.text.DL_Timer_setClockConfig)
                  00003fdc    00000034     main.o (.text.HardFault_Handler)
                  00004010    00000030     main.o (.text.DL_ADC12_getMemResult)
                  00004040    00000030     ti_msp_dl_config.o (.text.DL_DMA_setTransferSize)
                  00004070    00000030     ti_msp_dl_config.o (.text.DL_SPI_setFIFOThreshold)
                  000040a0    00000030     libc.a : snprintf.c.obj (.text._outs)
                  000040d0    0000002c     dl_timer.o (.text.DL_Timer_setCaptureCompareValue)
                  000040fc    0000002c     buttons.o (.text.__NVIC_ClearPendingIRQ)
                  00004128    0000002c     buttons.o (.text.__NVIC_EnableIRQ)
                  00004154    0000002c     main.o (.text.__NVIC_EnableIRQ)
                  00004180    0000002c     libclang_rt.builtins.a : floatsidf.S.obj (.text.__floatsidf)
                  000041ac    00000028     dl_adc12.o (.text.DL_Common_updateReg)
                  000041d4    00000028     dl_dma.o (.text.DL_Common_updateReg)
                  000041fc    00000028     dl_i2c.o (.text.DL_Common_updateReg)
                  00004224    00000028     dl_rtc_common.o (.text.DL_Common_updateReg)
                  0000424c    00000028     dl_spi.o (.text.DL_Common_updateReg)
                  00004274    00000028     dl_sysctl_mspm0g1x0x_g3x0x.o (.text.DL_Common_updateReg)
                  0000429c    00000028     dl_timer.o (.text.DL_Common_updateReg)
                  000042c4    00000028     ti_msp_dl_config.o (.text.DL_Common_updateReg)
                  000042ec    00000028     ti_msp_dl_config.o (.text.DL_I2C_setControllerRXFIFOThreshold)
                  00004314    00000028     ti_msp_dl_config.o (.text.DL_I2C_setControllerTXFIFOThreshold)
                  0000433c    00000028     dl_sysctl_mspm0g1x0x_g3x0x.o (.text.DL_SYSCTL_configFCC)
                  00004364    00000028     ti_msp_dl_config.o (.text.DL_SYSCTL_setPowerPolicySTANDBY0)
                  0000438c    00000028     ti_msp_dl_config.o (.text.DL_Timer_enableEvent)
                  000043b4    00000028     main.o (.text.DMA_IRQHandler)
                  000043dc    00000028     ti_msp_dl_config.o (.text.SYSCFG_DL_RTC_init)
                  00004404    00000028     libclang_rt.builtins.a : floatunsisf.S.obj (.text.__floatunsisf)
                  0000442c    00000028     libc.a : boot_cortex_m.c.obj (.text:_c_int00_noargs)
                  00004454    00000026     main.o (.text.DL_DMA_enableChannel)
                  0000447a    00000026     ti_msp_dl_config.o (.text.DL_I2C_setAnalogGlitchFilterPulseWidth)
                  000044a0    00000024     ti_msp_dl_config.o (.text.DL_SPI_setBitRateSerialClockDivider)
                  000044c4    00000024     dl_spi.o (.text.DL_SPI_setClockConfig)
                  000044e8    00000024     libclang_rt.builtins.a : floatunsidf.S.obj (.text.__floatunsidf)
                  0000450c    00000024                            : muldi3.S.obj (.text.__muldi3)
                  00004530    00000022     libc.a : memccpy.c.obj (.text.memccpy)
                  00004552    00000002     --HOLE-- [fill = 0]
                  00004554    00000020     dl_sysctl_mspm0g1x0x_g3x0x.o (.text.DL_CORE_configInstruction)
                  00004574    00000020     dl_rtc_common.o (.text.DL_RTC_Common_setCalendarYearBinary)
                  00004594    00000020     ti_msp_dl_config.o (.text.DL_SYSCTL_setFlashWaitState)
                  000045b4    00000020     ti_msp_dl_config.o (.text.DL_SYSCTL_setMFPCLKSource)
                  000045d4    00000020     dl_timer.o (.text.DL_Timer_setCounterValueAfterEnable)
                  000045f4    0000001e     libclang_rt.builtins.a : ashldi3.S.obj (.text.__ashldi3)
                  00004612    00000002     --HOLE-- [fill = 0]
                  00004614    0000001c     ti_msp_dl_config.o (.text.DL_ADC12_clearInterruptStatus)
                  00004630    0000001c     ti_msp_dl_config.o (.text.DL_ADC12_enableEvent)
                  0000464c    0000001c     ti_msp_dl_config.o (.text.DL_ADC12_enableInterrupt)
                  00004668    0000001c     main.o (.text.DL_ADC12_startConversion)
                  00004684    0000001c     ti_msp_dl_config.o (.text.DL_DMA_enableInterrupt)
                  000046a0    0000001c     buttons.o (.text.DL_GPIO_clearInterruptStatus)
                  000046bc    0000001c     ti_msp_dl_config.o (.text.DL_GPIO_enableHiZ)
                  000046d8    0000001c     buttons.o (.text.DL_GPIO_enableInterrupt)
                  000046f4    0000001c     ti_msp_dl_config.o (.text.DL_GPIO_initPeripheralOutputFunction)
                  00004710    0000001c     ti_msp_dl_config.o (.text.DL_GPIO_setLowerPinsPolarity)
                  0000472c    0000001c     dl_rtc_common.o (.text.DL_RTC_Common_setCalendarMinutesBCD)
                  00004748    0000001c     dl_rtc_common.o (.text.DL_RTC_Common_setCalendarMinutesBinary)
                  00004764    0000001c     dl_rtc_common.o (.text.DL_RTC_Common_setCalendarMonthBCD)
                  00004780    0000001c     dl_rtc_common.o (.text.DL_RTC_Common_setCalendarMonthBinary)
                  0000479c    0000001c     dl_rtc_common.o (.text.DL_RTC_Common_setCalendarSecondsBCD)
                  000047b8    0000001c     dl_rtc_common.o (.text.DL_RTC_Common_setCalendarSecondsBinary)
                  000047d4    0000001c     dl_rtc_common.o (.text.DL_RTC_Common_setCalendarYearBCD)
                  000047f0    0000001c     dl_rtc_common.o (.text.DL_RTC_Common_setClockFormat)
                  0000480c    0000001c     ti_msp_dl_config.o (.text.DL_SYSCTL_setFCCPeriods)
                  00004828    0000001c     ti_msp_dl_config.o (.text.DL_SYSCTL_setMCLKDivider)
                  00004844    0000001c     ti_msp_dl_config.o (.text.DL_SYSCTL_setSYSOSCFreq)
                  00004860    0000001c     ti_msp_dl_config.o (.text.DL_SYSCTL_setULPCLKDivider)
                  0000487c    0000001c     ti_msp_dl_config.o (.text.DL_SYSCTL_setVBOOSTConfig)
                  00004898    0000001c     ti_msp_dl_config.o (.text.DL_Timer_enableInterrupt)
                  000048b4    0000001c     ti_msp_dl_config.o (.text.SYSCFG_DL_SYSCTL_CLK_init)
                  000048d0    0000001a     ti_msp_dl_config.o (.text.DL_ADC12_setSubscriberChanID)
                  000048ea    0000001a     dl_rtc_common.o (.text.DL_RTC_Common_setCalendarHoursBCD)
                  00004904    0000001a     dl_rtc_common.o (.text.DL_RTC_Common_setCalendarHoursBinary)
                  0000491e    00000002     --HOLE-- [fill = 0]
                  00004920    00000018     ti_msp_dl_config.o (.text.DL_ADC12_enablePower)
                  00004938    00000018     ti_msp_dl_config.o (.text.DL_ADC12_reset)
                  00004950    00000018     ti_msp_dl_config.o (.text.DL_ADC12_setSampleTime0)
                  00004968    00000018     ti_msp_dl_config.o (.text.DL_DMA_clearInterruptStatus)
                  00004980    00000018     ti_msp_dl_config.o (.text.DL_GPIO_enableOutput)
                  00004998    00000018     ti_msp_dl_config.o (.text.DL_GPIO_enablePower)
                  000049b0    00000018     ti_msp_dl_config.o (.text.DL_GPIO_initDigitalOutput)
                  000049c8    00000018     ti_msp_dl_config.o (.text.DL_GPIO_reset)
                  000049e0    00000018     ti_msp_dl_config.o (.text.DL_GPIO_setAnalogInternalResistor)
                  000049f8    00000018     lcd_driver.o (.text.DL_GPIO_setPins)
                  00004a10    00000018     main.o (.text.DL_GPIO_setPins)
                  00004a28    00000018     ti_msp_dl_config.o (.text.DL_GPIO_setPins)
                  00004a40    00000018     ti_msp_dl_config.o (.text.DL_GPIO_setUpperPinsPolarity)
                  00004a58    00000018     main.o (.text.DL_GPIO_togglePins)
                  00004a70    00000018     ti_msp_dl_config.o (.text.DL_I2C_enableAnalogGlitchFilter)
                  00004a88    00000018     ti_msp_dl_config.o (.text.DL_I2C_enableController)
                  00004aa0    00000018     ti_msp_dl_config.o (.text.DL_I2C_enableControllerClockStretching)
                  00004ab8    00000018     ti_msp_dl_config.o (.text.DL_I2C_enablePower)
                  00004ad0    00000018     ti_msp_dl_config.o (.text.DL_I2C_reset)
                  00004ae8    00000018     ti_msp_dl_config.o (.text.DL_I2C_setTimerPeriod)
                  00004b00    00000018     ti_msp_dl_config.o (.text.DL_RTC_Common_enablePower)
                  00004b18    00000018     ti_msp_dl_config.o (.text.DL_RTC_Common_reset)
                  00004b30    00000018     ti_msp_dl_config.o (.text.DL_SPI_enable)
                  00004b48    00000018     ti_msp_dl_config.o (.text.DL_SPI_enablePower)
                  00004b60    00000018     lcd_driver.o (.text.DL_SPI_isBusy)
                  00004b78    00000018     ti_msp_dl_config.o (.text.DL_SPI_reset)
                  00004b90    00000018     ti_msp_dl_config.o (.text.DL_SYSCTL_enableInterrupt)
                  00004ba8    00000018     ti_msp_dl_config.o (.text.DL_SYSCTL_setBORThreshold)
                  00004bc0    00000018     dl_sysctl_mspm0g1x0x_g3x0x.o (.text.DL_SYSCTL_setHSCLKSource)
                  00004bd8    00000018     ti_msp_dl_config.o (.text.DL_Timer_enablePower)
                  00004bf0    00000018     ti_msp_dl_config.o (.text.DL_Timer_reset)
                  00004c08    00000018     dl_timer.o (.text.DL_Timer_setLoadValue)
                  00004c20    00000018     main.o (.text.DL_Timer_startCounter)
                  00004c38    00000018     ti_msp_dl_config.o (.text.SYSCFG_DL_DMA_init)
                  00004c50    00000018     libc.a : snprintf.c.obj (.text._outc)
                  00004c68    00000016     main.o (.text.DL_ADC12_enableConversions)
                  00004c7e    00000016     ti_msp_dl_config.o (.text.DL_ADC12_enableConversions)
                  00004c94    00000016     ti_msp_dl_config.o (.text.DL_GPIO_enableGlobalFastWake)
                  00004caa    00000016     lcd_driver.o (.text.DL_SPI_transmitData8)
                  00004cc0    00000016     libc.a : copy_zero_init.c.obj (.text:decompress:ZI:__TI_zero_init_nomemset)
                  00004cd6    00000014     dl_common.o (.text.DL_Common_delayCycles)
                  00004cea    00000002     --HOLE-- [fill = 0]
                  00004cec    00000014     ti_msp_dl_config.o (.text.DL_FlashCTL_enableInterrupt)
                  00004d00    00000014     lcd_driver.o (.text.DL_GPIO_clearPins)
                  00004d14    00000014     main.o (.text.DL_GPIO_clearPins)
                  00004d28    00000014     ti_msp_dl_config.o (.text.DL_GPIO_clearPins)
                  00004d3c    00000014     ti_msp_dl_config.o (.text.DL_I2C_resetControllerTransfer)
                  00004d50    00000014     dl_sysctl_mspm0g1x0x_g3x0x.o (.text.DL_SYSCTL_disableSYSPLL)
                  00004d64    00000014     ti_msp_dl_config.o (.text.DL_SYSCTL_disableSYSPLL)
                  00004d78    00000014     ti_msp_dl_config.o (.text.DL_SYSCTL_enableMFCLK)
                  00004d8c    00000014     dl_sysctl_mspm0g1x0x_g3x0x.o (.text.DL_SYSCTL_enableSYSPLL)
                  00004da0    00000014     ti_msp_dl_config.o (.text.DL_SYSCTL_enableSYSPLL)
                  00004db4    00000014     ti_msp_dl_config.o (.text.DL_Timer_enableClock)
                  00004dc8    00000014     ti_msp_dl_config.o (.text.DL_Timer_setCCPDirection)
                  00004ddc    00000014     main.o (.text.Trigger_Note_Off)
                  00004df0    00000014     main.o (.text.Trigger_Note_On)
                  00004e04    00000014     libclang_rt.builtins.a : aeabi_uldivmod.S.obj (.text.__aeabi_uldivmod)
                  00004e18    00000012     main.o (.text.DL_ADC12_getPendingInterrupt)
                  00004e2a    00000012     main.o (.text.DL_DMA_getPendingInterrupt)
                  00004e3c    00000012     main.o (.text.DL_Timer_getPendingInterrupt)
                  00004e4e    00000012     libc.a : memcpy16.S.obj (.text:TI_memcpy_small)
                  00004e60    00000012            : copy_decompress_none.c.obj (.text:decompress:none)
                  00004e72    00000002     --HOLE-- [fill = 0]
                  00004e74    00000010     dl_sysctl_mspm0g1x0x_g3x0x.o (.text.DL_CORE_getInstructionConfig)
                  00004e84    00000010     ti_msp_dl_config.o (.text.DL_SYSCTL_disableHFXT)
                  00004e94    00000010     ti_msp_dl_config.o (.text.DL_SYSCTL_enableMFPCLK)
                  00004ea4    00000010     ti_msp_dl_config.o (.text.DL_SYSCTL_isFCCDone)
                  00004eb4    00000010     ti_msp_dl_config.o (.text.DL_SYSCTL_startFCC)
                  00004ec4    00000010     main.o (.text.Quantize_Semitones)
                  00004ed4    00000010     libc.a : wcslen.c.obj (.text.wcslen)
                  00004ee4    0000000e     libclang_rt.builtins.a : aeabi_memset.S.obj (.text.__aeabi_memset)
                  00004ef2    0000000e     libc.a : _printfi.c.obj (.text.strlen)
                  00004f00    0000000e            : memset16.S.obj (.text:TI_memset_small)
                  00004f0e    00000002     --HOLE-- [fill = 0]
                  00004f10    0000000c     dl_sysctl_mspm0g1x0x_g3x0x.o (.text.DL_SYSCTL_getClockStatus)
                  00004f1c    0000000c     ti_msp_dl_config.o (.text.DL_SYSCTL_getClockStatus)
                  00004f28    0000000c     ti_msp_dl_config.o (.text.DL_SYSCTL_readFCC)
                  00004f34    0000000c     libclang_rt.builtins.a : aeabi_memset.S.obj (.text.__aeabi_memclr)
                  00004f40    00000008     libc.a : aeabi_portable.c.obj (.text.__aeabi_errno_addr)
                  00004f48    00000008     libclang_rt.builtins.a : aeabi_memcpy.S.obj (.text.__aeabi_memcpy)
                  00004f50    00000006     libc.a : exit.c.obj (.text:abort)
                  00004f56    00000004     startup_mspm0g350x_ticlang.o (.text.Default_Handler)
                  00004f5a    00000004     libsysbm.a : hostexit.c.obj (.text.HOSTexit)
                  00004f5e    00000004     startup_mspm0g350x_ticlang.o (.text.Reset_Handler)
                  00004f62    00000002     --HOLE-- [fill = 0]
                  00004f64    00000010     libc.a : boot_cortex_m.c.obj (.tramp._c_int00_noargs.1)
                  00004f74    00000004            : pre_init.c.obj (.text._system_pre_init)

.cinit     0    00005730    00000040     
                  00005730    0000001b     (.cinit..data.load) [load image, compression = lzss]
                  0000574b    00000001     --HOLE-- [fill = 0]
                  0000574c    0000000c     (__TI_handler_table)
                  00005758    00000008     (.cinit..bss.load) [load image, compression = zero_init]
                  00005760    00000010     (__TI_cinit_table)

.rodata    0    00004f80    000007b0     
                  00004f80    00000222     lcd_driver.o (.rodata.font_6x8)
                  000051a2    00000200     main.o (.rodata.sine_table)
                  000053a2    00000002     ti_msp_dl_config.o (.rodata.gI2C_0ClockConfig)
                  000053a4    0000000c     main.o (.rodata..L__const.Display_Update.chord_names)
                  000053b0    00000101     libc.a : aeabi_ctype.S.obj (.rodata:__aeabi_ctype_table_)
                  000054b1    00000003     ti_msp_dl_config.o (.rodata.gPWM_AUDIOClockConfig)
                  000054b4    00000064     main.o (.rodata.INSTRUMENTS)
                  00005518    00000064     main.o (.rodata.PITCH_BEND_TABLE)
                  0000557c    00000028     ti_msp_dl_config.o (.rodata.gSYSPLLConfig)
                  000055a4    00000022     ti_msp_dl_config.o (.rodata..L__const.SYSCFG_DL_GPIO_init.unusedPinIndexes)
                  000055c6    00000002     ti_msp_dl_config.o (.rodata.gI2C_1ClockConfig)
                  000055c8    00000018     main.o (.rodata.PRESETS)
                  000055e0    00000018     ti_msp_dl_config.o (.rodata.gDMA_CH1Config)
                  000055f8    00000014     main.o (.rodata..L__const.Display_Update.arp_names)
                  0000560c    00000014     main.o (.rodata..L__const.Display_Update.env_names)
                  00005620    00000014     ti_msp_dl_config.o (.rodata.gTIMER_SAMPLETimerConfig)
                  00005634    00000011     libc.a : _printfi.c.obj (.rodata.str1.10348868589481759720.1)
                  00005645    00000011            : _printfi.c.obj (.rodata.str1.15363888844622738466.1)
                  00005656    0000000a     ti_msp_dl_config.o (.rodata.gSPI_LCD_config)
                  00005660    0000000a     main.o (.rodata.str1.15159059442110792349.1)
                  0000566a    00000009     main.o (.rodata.CHORD_INTERVALS)
                  00005673    00000009     main.o (.rodata.str1.16265332423659789559.1)
                  0000567c    00000008     ti_msp_dl_config.o (.rodata.gADC_ACCELClockConfig)
                  00005684    00000008     ti_msp_dl_config.o (.rodata.gADC_JOYClockConfig)
                  0000568c    00000008     ti_msp_dl_config.o (.rodata.gPWM_AUDIOConfig)
                  00005694    00000008     ti_msp_dl_config.o (.rodata.gRTCCalendarConfig)
                  0000569c    00000008     main.o (.rodata.str1.1311392489248731986.1)
                  000056a4    00000008     main.o (.rodata.str1.14112174005742061988.1)
                  000056ac    00000008     main.o (.rodata.str1.2846389346932560359.1)
                  000056b4    00000008     main.o (.rodata.str1.7702501944640899365.1)
                  000056bc    00000008     main.o (.rodata.str1.7784929982665794503.1)
                  000056c4    00000007     main.o (.rodata.str1.8154729771448623357.1)
                  000056cb    00000006     main.o (.rodata.str1.17100691992556644108.1)
                  000056d1    00000006     main.o (.rodata.str1.18227636981041470289.1)
                  000056d7    00000005     main.o (.rodata.str1.12180500075719773345.1)
                  000056dc    00000005     main.o (.rodata.str1.16631870348416990953.1)
                  000056e1    00000005     main.o (.rodata.str1.288608917962107522.1)
                  000056e6    00000004     main.o (.rodata.str1.10635229749459437609.1)
                  000056ea    00000004     main.o (.rodata.str1.11702106008850790973.1)
                  000056ee    00000004     main.o (.rodata.str1.13288086030101331538.1)
                  000056f2    00000004     main.o (.rodata.str1.14079361385603432444.1)
                  000056f6    00000004     main.o (.rodata.str1.14402440632258215044.1)
                  000056fa    00000004     main.o (.rodata.str1.17376258722486336754.1)
                  000056fe    00000004     main.o (.rodata.str1.2123964117280943167.1)
                  00005702    00000004     main.o (.rodata.str1.2763581881760962609.1)
                  00005706    00000004     main.o (.rodata.str1.3530083166107438000.1)
                  0000570a    00000004     lcd_driver.o (.rodata.str1.4301156551425074819.1)
                  0000570e    00000004     main.o (.rodata.str1.8076846746581808073.1)
                  00005712    00000004     main.o (.rodata.str1.8108965883388295311.1)
                  00005716    00000003     ti_msp_dl_config.o (.rodata.gTIMER_SAMPLEClockConfig)
                  00005719    00000003     main.o (.rodata.str1.10313062130652730376.1)
                  0000571c    00000003     main.o (.rodata.str1.13782249893155712474.1)
                  0000571f    00000003     main.o (.rodata.str1.15996357275703397564.1)
                  00005722    00000003     main.o (.rodata.str1.6891813955777630061.1)
                  00005725    00000003     main.o (.rodata.str1.9059077390166914652.1)
                  00005728    00000002     ti_msp_dl_config.o (.rodata.gSPI_LCD_clockConfig)
                  0000572a    00000001     main.o (.rodata.str1.11870794119293528247.1)
                  0000572b    00000005     --HOLE-- [fill = 0]

.init_array 
*          0    00000000    00000000     UNINITIALIZED

.binit     0    00000000    00000000     

.sysmem    0    20200000    00001000     UNINITIALIZED
                  20200000    00000010     libc.a : memory.c.obj (.sysmem)
                  20200010    00000ff0     --HOLE--

.bss       0    20201000    000001c4     UNINITIALIZED
                  20201000    000000bc     ti_msp_dl_config.o (.bss.gPWM_AUDIOBackup)
                  202010bc    000000a0     ti_msp_dl_config.o (.bss.gTIMER_SAMPLEBackup)
                  2020115c    0000003c     main.o (.bss.gSynthState)
                  20201198    00000028     ti_msp_dl_config.o (.bss.gSPI_LCDBackup)
                  202011c0    00000004     main.o (.bss.gADC0_DMA_Buffer)

.data      0    202011c4    000000e3     UNINITIALIZED
                  202011c4    00000080     main.o (.data.waveform_buffer)
                  20201244    00000014     main.o (.data.arpeggiator)
                  20201258    0000000c     main.o (.data.chord_increments)
                  20201264    0000000c     main.o (.data.chord_phases)
                  20201270    0000000c     main.o (.data.envelope)
                  2020127c    00000004     main.o (.data.DEBUG_main_loop_count)
                  20201280    00000004     main.o (.data.DEBUG_timer_irq_count)
                  20201284    00000004     libc.a : aeabi_portable.c.obj (.data.__aeabi_errno)
                  20201288    00000004     main.o (.data.base_frequency_hz)
                  2020128c    00000004     main.o (.data.g_system_ticks)
                  20201290    00000004     main.o (.data.phase)
                  20201294    00000004     main.o (.data.phase_increment)
                  20201298    00000002     main.o (.data.tremolo_phase)
                  2020129a    00000002     main.o (.data.vibrato_phase)
                  2020129c    00000001     main.o (.data.Generate_Audio_Sample.waveform_decimate_counter)
                  2020129d    00000001     main.o (.data.Process_Pitch_Bend.prev_semitones)
                  2020129e    00000001     main.o (.data.chord_mode)
                  2020129f    00000001     main.o (.data.current_instrument)
                  202012a0    00000001     main.o (.data.current_preset)
                  202012a1    00000001     main.o (.data.effects_enabled)
                  202012a2    00000001     main.o (.data.gADC0_DMA_Complete)
                  202012a3    00000001     main.o (.data.main.last_btn_s1_mkii)
                  202012a4    00000001     main.o (.data.main.last_btn_s2_mkii)
                  202012a5    00000001     main.o (.data.pitch_bend_semitones)
                  202012a6    00000001     main.o (.data.waveform_write_index)

.stack     0    20207e00    00000200     UNINITIALIZED
                  20207e00    00000004     libc.a : boot_cortex_m.c.obj (.stack)
                  20207e04    000001fc     --HOLE--

__llvm_prf_cnts 
*          0    20200000    00000000     UNINITIALIZED

__llvm_prf_bits 
*          0    20200000    00000000     UNINITIALIZED

MODULE SUMMARY

       Module                         code    ro data   rw data
       ------                         ----    -------   -------
    .\
       main.o                         5606    950       287    
       lcd_driver.o                   2230    550       0      
       buttons.o                      204     0         0      
       startup_mspm0g350x_ticlang.o   8       192       0      
    +--+------------------------------+-------+---------+---------+
       Total:                         8048    1692      287    
                                                               
    .\syscfg\
       ti_msp_dl_config.o             4410    172       388    
    +--+------------------------------+-------+---------+---------+
       Total:                         4410    172       388    
                                                               
    .\ti\driverlib\
       dl_timer.o                     1312    0         0      
       dl_rtc_common.o                564     0         0      
       dl_dma.o                       250     0         0      
       dl_spi.o                       148     0         0      
       dl_adc12.o                     116     0         0      
       dl_i2c.o                       92      0         0      
       dl_common.o                    20      0         0      
    +--+------------------------------+-------+---------+---------+
       Total:                         2502    0         0      
                                                               
    .\ti\driverlib\m0p\sysctl\
       dl_sysctl_mspm0g1x0x_g3x0x.o   504     0         0      
    +--+------------------------------+-------+---------+---------+
       Total:                         504     0         0      
                                                               
    C:\ti\ccs2040\ccs\tools\compiler\ti-cgt-armllvm_4.0.4.LTS\lib\armv6m-ti-none-eabi/c/libc.a
       _printfi.c.obj                 2166    34        0      
       aeabi_ctype.S.obj              0       257       0      
       snprintf.c.obj                 148     0         0      
       copy_decompress_lzss.c.obj     124     0         0      
       atoi.c.obj                     64      0         0      
       autoinit.c.obj                 60      0         0      
       boot_cortex_m.c.obj            56      0         0      
       memccpy.c.obj                  34      0         0      
       copy_zero_init.c.obj           22      0         0      
       copy_decompress_none.c.obj     18      0         0      
       memcpy16.S.obj                 18      0         0      
       wcslen.c.obj                   16      0         0      
       memset16.S.obj                 14      0         0      
       aeabi_portable.c.obj           8       0         4      
       exit.c.obj                     6       0         0      
       pre_init.c.obj                 4       0         0      
    +--+------------------------------+-------+---------+---------+
       Total:                         2758    291       4      
                                                               
    C:\ti\ccs2040\ccs\tools\compiler\ti-cgt-armllvm_4.0.4.LTS\lib\armv6m-ti-none-eabi/c/libsysbm.a
       hostexit.c.obj                 4       0         0      
    +--+------------------------------+-------+---------+---------+
       Total:                         4       0         0      
                                                               
    C:\ti\ccs2040\ccs\tools\compiler\ti-cgt-armllvm_4.0.4.LTS\lib\armv6m-ti-none-eabi/libclang_rt.builtins.a
       adddf3.S.obj                   402     0         0      
       divdf3.S.obj                   268     0         0      
       muldf3.S.obj                   228     0         0      
       comparedf2.c.obj               220     0         0      
       udivmoddi4.S.obj               162     0         0      
       aeabi_dcmp.S.obj               98      0         0      
       aeabi_idivmod.S.obj            86      0         0      
       fixunsdfsi.S.obj               66      0         0      
       aeabi_uidivmod.S.obj           64      0         0      
       muldsi3.S.obj                  58      0         0      
       floatsidf.S.obj                44      0         0      
       floatunsisf.S.obj              40      0         0      
       floatunsidf.S.obj              36      0         0      
       muldi3.S.obj                   36      0         0      
       ashldi3.S.obj                  30      0         0      
       aeabi_memset.S.obj             26      0         0      
       aeabi_uldivmod.S.obj           20      0         0      
       aeabi_memcpy.S.obj             8       0         0      
       aeabi_div0.c.obj               4       0         0      
    +--+------------------------------+-------+---------+---------+
       Total:                         1896    0         0      
                                                               
       Heap:                          0       0         4096   
       Stack:                         0       0         512    
       Linker Generated:              0       63        0      
    +--+------------------------------+-------+---------+---------+
       Grand Total:                   20122   2218      5287   


LINKER GENERATED COPY TABLES

__TI_cinit_table @ 00005760 records: 2, size/record: 8, table size: 16
	.data: load addr=00005730, load size=0000001b bytes, run addr=202011c4, run size=000000e3 bytes, compression=lzss
	.bss: load addr=00005758, load size=00000008 bytes, run addr=20201000, run size=000001c4 bytes, compression=zero_init


LINKER GENERATED HANDLER TABLE

__TI_handler_table @ 0000574c records: 3, size/record: 4, table size: 12
	index: 0, handler: __TI_decompress_lzss
	index: 1, handler: __TI_decompress_none
	index: 2, handler: __TI_zero_init


FAR CALL TRAMPOLINES

callee name               trampoline name
   callee addr  tramp addr   call addr  call info
--------------  -----------  ---------  ----------------
_c_int00_noargs           $Tramp$TT$L$PI$$_c_int00_noargs
   0000442d     00004f64     00004f5e   startup_mspm0g350x_ticlang.o (.text.Reset_Handler)

[1 trampolines]
[1 trampoline calls]


GLOBAL SYMBOLS: SORTED ALPHABETICALLY BY Name 

address   name                                 
-------   ----                                 
0000320d  ADC0_IRQHandler                      
000034a5  ADC1_IRQHandler                      
00004f57  AES_IRQHandler                       
00003c55  Buttons_Init                         
00004f5a  C$$EXIT                              
00004f57  CANFD0_IRQHandler                    
00003c91  Change_Instrument                    
00004f57  DAC0_IRQHandler                      
2020127c  DEBUG_main_loop_count                
20201280  DEBUG_timer_irq_count                
00003905  DL_ADC12_setClockConfig              
00004cd7  DL_Common_delayCycles                
00003ac9  DL_DMA_initChannel                   
00003ed9  DL_I2C_setClockConfig                
00002961  DL_RTC_Common_initCalendar           
00003a81  DL_SPI_init                          
000044c5  DL_SPI_setClockConfig                
0000433d  DL_SYSCTL_configFCC                  
000027a5  DL_SYSCTL_configSYSPLL               
0000399d  DL_SYSCTL_switchMCLKfromSYSOSCtoHSCLK
000024e9  DL_Timer_initFourCCPWMMode           
000020c5  DL_Timer_initTimerMode               
00003f0d  DL_Timer_setCaptCompUpdateMethod     
00003f41  DL_Timer_setCaptureCompareAction     
00003ccd  DL_Timer_setCaptureCompareCtl        
00003f75  DL_Timer_setCaptureCompareInput      
00003b55  DL_Timer_setCaptureCompareOutCtl     
000040d1  DL_Timer_setCaptureCompareValue      
00003fa9  DL_Timer_setClockConfig              
000043b5  DMA_IRQHandler                       
00004f57  Default_Handler                      
00004f57  GROUP0_IRQHandler                    
00004f57  GROUP1_IRQHandler                    
00004f5b  HOSTexit                             
00003fdd  HardFault_Handler                    
00004f57  I2C0_IRQHandler                      
00004f57  I2C1_IRQHandler                      
00001fb1  LCD_DrawLine                         
000038b5  LCD_DrawPixel                        
00001e99  LCD_DrawRect                         
00002f4d  LCD_FillScreen                       
00001469  LCD_Init                             
00003565  LCD_PrintNumber                      
00001be1  LCD_PrintString                      
00004f57  NMI_Handler                          
00004f57  PendSV_Handler                       
00004f57  RTC_IRQHandler                       
00004f5f  Reset_Handler                        
00004f57  SPI0_IRQHandler                      
00004f57  SPI1_IRQHandler                      
00004f57  SVC_Handler                          
00002b11  SYSCFG_DL_ADC_ACCEL_init             
00002fed  SYSCFG_DL_ADC_JOY_init               
00003d81  SYSCFG_DL_DMA_CH1_init               
00004c39  SYSCFG_DL_DMA_init                   
000016c9  SYSCFG_DL_GPIO_init                  
000035bd  SYSCFG_DL_I2C_0_init                 
00003615  SYSCFG_DL_I2C_1_init                 
00003285  SYSCFG_DL_PWM_AUDIO_init             
000043dd  SYSCFG_DL_RTC_init                   
00003b95  SYSCFG_DL_SPI_LCD_init               
000048b5  SYSCFG_DL_SYSCTL_CLK_init            
00002d55  SYSCFG_DL_SYSCTL_SYSPLL_init         
00002e05  SYSCFG_DL_SYSCTL_init                
00003771  SYSCFG_DL_TIMER_SAMPLE_init          
0000366d  SYSCFG_DL_init                       
00002be5  SYSCFG_DL_initPower                  
00004f57  SysTick_Handler                      
00004f57  TIMA0_IRQHandler                     
00004f57  TIMA1_IRQHandler                     
00004f57  TIMG0_IRQHandler                     
00004f57  TIMG12_IRQHandler                    
00004f57  TIMG6_IRQHandler                     
0000307d  TIMG7_IRQHandler                     
00004f57  TIMG8_IRQHandler                     
00004e4f  TI_memcpy_small                      
00004f01  TI_memset_small                      
00004ddd  Trigger_Note_Off                     
00004df1  Trigger_Note_On                      
00004f57  UART0_IRQHandler                     
00004f57  UART1_IRQHandler                     
00004f57  UART2_IRQHandler                     
00004f57  UART3_IRQHandler                     
20208000  __STACK_END                          
00000200  __STACK_SIZE                         
00001000  __SYSMEM_SIZE                        
00000000  __TI_ATRegion0_region_sz             
00000000  __TI_ATRegion0_src_addr              
00000000  __TI_ATRegion0_trg_addr              
00000000  __TI_ATRegion1_region_sz             
00000000  __TI_ATRegion1_src_addr              
00000000  __TI_ATRegion1_trg_addr              
00000000  __TI_ATRegion2_region_sz             
00000000  __TI_ATRegion2_src_addr              
00000000  __TI_ATRegion2_trg_addr              
00005760  __TI_CINIT_Base                      
00005770  __TI_CINIT_Limit                     
00005770  __TI_CINIT_Warm                      
0000574c  __TI_Handler_Table_Base              
00005758  __TI_Handler_Table_Limit             
00003dbd  __TI_auto_init_nobinit_nopinit       
00003191  __TI_decompress_lzss                 
00004e61  __TI_decompress_none                 
ffffffff  __TI_pprof_out_hndl                  
000000c1  __TI_printfi_nofloat                 
ffffffff  __TI_prof_data_size                  
ffffffff  __TI_prof_data_start                 
00000000  __TI_static_base__                   
00004cc1  __TI_zero_init_nomemset              
00001a57  __adddf3                             
000053b0  __aeabi_ctype_table_                 
000053b0  __aeabi_ctype_table_C                
00003b11  __aeabi_d2uiz                        
00001a57  __aeabi_dadd                         
00003441  __aeabi_dcmpeq                       
0000347d  __aeabi_dcmpge                       
00003491  __aeabi_dcmpgt                       
00003469  __aeabi_dcmple                       
00003455  __aeabi_dcmplt                       
000022e5  __aeabi_ddiv                         
000026c1  __aeabi_dmul                         
00001a4d  __aeabi_dsub                         
20201284  __aeabi_errno                        
00004f41  __aeabi_errno_addr                   
00004181  __aeabi_i2d                          
000036c5  __aeabi_idiv                         
00001bdf  __aeabi_idiv0                        
000036c5  __aeabi_idivmod                      
000020c3  __aeabi_ldiv0                        
000045f5  __aeabi_llsl                         
0000450d  __aeabi_lmul                         
00004f35  __aeabi_memclr                       
00004f35  __aeabi_memclr4                      
00004f35  __aeabi_memclr8                      
00004f49  __aeabi_memcpy                       
00004f49  __aeabi_memcpy4                      
00004f49  __aeabi_memcpy8                      
00004ee5  __aeabi_memset                       
00004ee5  __aeabi_memset4                      
00004ee5  __aeabi_memset8                      
000044e9  __aeabi_ui2d                         
00004405  __aeabi_ui2f                         
00003bd5  __aeabi_uidiv                        
00003bd5  __aeabi_uidivmod                     
00004e05  __aeabi_uldivmod                     
000045f5  __ashldi3                            
ffffffff  __binit__                            
000033d9  __cmpdf2                             
000022e5  __divdf3                             
000033d9  __eqdf2                              
00003b11  __fixunsdfsi                         
00004181  __floatsidf                          
000044e9  __floatunsidf                        
00004405  __floatunsisf                        
000032f9  __gedf2                              
000032f9  __gtdf2                              
000033d9  __ledf2                              
000033d9  __ltdf2                              
UNDEFED   __mpu_init                           
000026c1  __muldf3                             
0000450d  __muldi3                             
00003df9  __muldsi3                            
000033d9  __nedf2                              
20207e00  __stack                              
20200000  __start___llvm_prf_bits              
20200000  __start___llvm_prf_cnts              
20200000  __stop___llvm_prf_bits               
20200000  __stop___llvm_prf_cnts               
00001a4d  __subdf3                             
00002ea9  __udivmoddi4                         
0000442d  _c_int00_noargs                      
20200000  _sys_memory                          
UNDEFED   _system_post_cinit                   
00004f75  _system_pre_init                     
00004f51  abort                                
00003c15  atoi                                 
ffffffff  binit                                
20201000  gPWM_AUDIOBackup                     
20201198  gSPI_LCDBackup                       
2020115c  gSynthState                          
202010bc  gTIMER_SAMPLEBackup                  
2020128c  g_system_ticks                       
00000000  interruptVectors                     
00000f11  main                                 
00004531  memccpy                              
000039e9  snprintf                             
00004ed5  wcslen                               


GLOBAL SYMBOLS: SORTED BY Symbol Address 

address   name                                 
-------   ----                                 
00000000  __TI_ATRegion0_region_sz             
00000000  __TI_ATRegion0_src_addr              
00000000  __TI_ATRegion0_trg_addr              
00000000  __TI_ATRegion1_region_sz             
00000000  __TI_ATRegion1_src_addr              
00000000  __TI_ATRegion1_trg_addr              
00000000  __TI_ATRegion2_region_sz             
00000000  __TI_ATRegion2_src_addr              
00000000  __TI_ATRegion2_trg_addr              
00000000  __TI_static_base__                   
00000000  interruptVectors                     
000000c1  __TI_printfi_nofloat                 
00000200  __STACK_SIZE                         
00000f11  main                                 
00001000  __SYSMEM_SIZE                        
00001469  LCD_Init                             
000016c9  SYSCFG_DL_GPIO_init                  
00001a4d  __aeabi_dsub                         
00001a4d  __subdf3                             
00001a57  __adddf3                             
00001a57  __aeabi_dadd                         
00001bdf  __aeabi_idiv0                        
00001be1  LCD_PrintString                      
00001e99  LCD_DrawRect                         
00001fb1  LCD_DrawLine                         
000020c3  __aeabi_ldiv0                        
000020c5  DL_Timer_initTimerMode               
000022e5  __aeabi_ddiv                         
000022e5  __divdf3                             
000024e9  DL_Timer_initFourCCPWMMode           
000026c1  __aeabi_dmul                         
000026c1  __muldf3                             
000027a5  DL_SYSCTL_configSYSPLL               
00002961  DL_RTC_Common_initCalendar           
00002b11  SYSCFG_DL_ADC_ACCEL_init             
00002be5  SYSCFG_DL_initPower                  
00002d55  SYSCFG_DL_SYSCTL_SYSPLL_init         
00002e05  SYSCFG_DL_SYSCTL_init                
00002ea9  __udivmoddi4                         
00002f4d  LCD_FillScreen                       
00002fed  SYSCFG_DL_ADC_JOY_init               
0000307d  TIMG7_IRQHandler                     
00003191  __TI_decompress_lzss                 
0000320d  ADC0_IRQHandler                      
00003285  SYSCFG_DL_PWM_AUDIO_init             
000032f9  __gedf2                              
000032f9  __gtdf2                              
000033d9  __cmpdf2                             
000033d9  __eqdf2                              
000033d9  __ledf2                              
000033d9  __ltdf2                              
000033d9  __nedf2                              
00003441  __aeabi_dcmpeq                       
00003455  __aeabi_dcmplt                       
00003469  __aeabi_dcmple                       
0000347d  __aeabi_dcmpge                       
00003491  __aeabi_dcmpgt                       
000034a5  ADC1_IRQHandler                      
00003565  LCD_PrintNumber                      
000035bd  SYSCFG_DL_I2C_0_init                 
00003615  SYSCFG_DL_I2C_1_init                 
0000366d  SYSCFG_DL_init                       
000036c5  __aeabi_idiv                         
000036c5  __aeabi_idivmod                      
00003771  SYSCFG_DL_TIMER_SAMPLE_init          
000038b5  LCD_DrawPixel                        
00003905  DL_ADC12_setClockConfig              
0000399d  DL_SYSCTL_switchMCLKfromSYSOSCtoHSCLK
000039e9  snprintf                             
00003a81  DL_SPI_init                          
00003ac9  DL_DMA_initChannel                   
00003b11  __aeabi_d2uiz                        
00003b11  __fixunsdfsi                         
00003b55  DL_Timer_setCaptureCompareOutCtl     
00003b95  SYSCFG_DL_SPI_LCD_init               
00003bd5  __aeabi_uidiv                        
00003bd5  __aeabi_uidivmod                     
00003c15  atoi                                 
00003c55  Buttons_Init                         
00003c91  Change_Instrument                    
00003ccd  DL_Timer_setCaptureCompareCtl        
00003d81  SYSCFG_DL_DMA_CH1_init               
00003dbd  __TI_auto_init_nobinit_nopinit       
00003df9  __muldsi3                            
00003ed9  DL_I2C_setClockConfig                
00003f0d  DL_Timer_setCaptCompUpdateMethod     
00003f41  DL_Timer_setCaptureCompareAction     
00003f75  DL_Timer_setCaptureCompareInput      
00003fa9  DL_Timer_setClockConfig              
00003fdd  HardFault_Handler                    
000040d1  DL_Timer_setCaptureCompareValue      
00004181  __aeabi_i2d                          
00004181  __floatsidf                          
0000433d  DL_SYSCTL_configFCC                  
000043b5  DMA_IRQHandler                       
000043dd  SYSCFG_DL_RTC_init                   
00004405  __aeabi_ui2f                         
00004405  __floatunsisf                        
0000442d  _c_int00_noargs                      
000044c5  DL_SPI_setClockConfig                
000044e9  __aeabi_ui2d                         
000044e9  __floatunsidf                        
0000450d  __aeabi_lmul                         
0000450d  __muldi3                             
00004531  memccpy                              
000045f5  __aeabi_llsl                         
000045f5  __ashldi3                            
000048b5  SYSCFG_DL_SYSCTL_CLK_init            
00004c39  SYSCFG_DL_DMA_init                   
00004cc1  __TI_zero_init_nomemset              
00004cd7  DL_Common_delayCycles                
00004ddd  Trigger_Note_Off                     
00004df1  Trigger_Note_On                      
00004e05  __aeabi_uldivmod                     
00004e4f  TI_memcpy_small                      
00004e61  __TI_decompress_none                 
00004ed5  wcslen                               
00004ee5  __aeabi_memset                       
00004ee5  __aeabi_memset4                      
00004ee5  __aeabi_memset8                      
00004f01  TI_memset_small                      
00004f35  __aeabi_memclr                       
00004f35  __aeabi_memclr4                      
00004f35  __aeabi_memclr8                      
00004f41  __aeabi_errno_addr                   
00004f49  __aeabi_memcpy                       
00004f49  __aeabi_memcpy4                      
00004f49  __aeabi_memcpy8                      
00004f51  abort                                
00004f57  AES_IRQHandler                       
00004f57  CANFD0_IRQHandler                    
00004f57  DAC0_IRQHandler                      
00004f57  Default_Handler                      
00004f57  GROUP0_IRQHandler                    
00004f57  GROUP1_IRQHandler                    
00004f57  I2C0_IRQHandler                      
00004f57  I2C1_IRQHandler                      
00004f57  NMI_Handler                          
00004f57  PendSV_Handler                       
00004f57  RTC_IRQHandler                       
00004f57  SPI0_IRQHandler                      
00004f57  SPI1_IRQHandler                      
00004f57  SVC_Handler                          
00004f57  SysTick_Handler                      
00004f57  TIMA0_IRQHandler                     
00004f57  TIMA1_IRQHandler                     
00004f57  TIMG0_IRQHandler                     
00004f57  TIMG12_IRQHandler                    
00004f57  TIMG6_IRQHandler                     
00004f57  TIMG8_IRQHandler                     
00004f57  UART0_IRQHandler                     
00004f57  UART1_IRQHandler                     
00004f57  UART2_IRQHandler                     
00004f57  UART3_IRQHandler                     
00004f5a  C$$EXIT                              
00004f5b  HOSTexit                             
00004f5f  Reset_Handler                        
00004f75  _system_pre_init                     
000053b0  __aeabi_ctype_table_                 
000053b0  __aeabi_ctype_table_C                
0000574c  __TI_Handler_Table_Base              
00005758  __TI_Handler_Table_Limit             
00005760  __TI_CINIT_Base                      
00005770  __TI_CINIT_Limit                     
00005770  __TI_CINIT_Warm                      
20200000  __start___llvm_prf_bits              
20200000  __start___llvm_prf_cnts              
20200000  __stop___llvm_prf_bits               
20200000  __stop___llvm_prf_cnts               
20200000  _sys_memory                          
20201000  gPWM_AUDIOBackup                     
202010bc  gTIMER_SAMPLEBackup                  
2020115c  gSynthState                          
20201198  gSPI_LCDBackup                       
2020127c  DEBUG_main_loop_count                
20201280  DEBUG_timer_irq_count                
20201284  __aeabi_errno                        
2020128c  g_system_ticks                       
20207e00  __stack                              
20208000  __STACK_END                          
ffffffff  __TI_pprof_out_hndl                  
ffffffff  __TI_prof_data_size                  
ffffffff  __TI_prof_data_start                 
ffffffff  __binit__                            
ffffffff  binit                                
UNDEFED   __mpu_init                           
UNDEFED   _system_post_cinit                   

[187 symbols]
