******************************************************************************
            TI ARM Clang Linker PC v4.0.4                      
******************************************************************************
>> Linked Fri Dec 19 05:22:50 2025

OUTPUT FILE NAME:   <Motion_Music_studio.out>
ENTRY POINT SYMBOL: "_c_int00_noargs"  address: 000033f5


MEMORY CONFIGURATION

         name            origin    length      used     unused   attr    fill
----------------------  --------  ---------  --------  --------  ----  --------
  FLASH                 00000000   00020000  00004470  0001bb90  R  X
  SRAM                  20200000   00008000  000012ff  00006d01  RW X
  BCR_CONFIG            41c00000   000000ff  00000000  000000ff  R   
  BSL_CONFIG            41c00100   00000080  00000000  00000080  R   


SEGMENT ALLOCATION MAP

run origin  load origin   length   init length attrs members
----------  ----------- ---------- ----------- ----- -------
00000000    00000000    00004470   00004470    r-x
  00000000    00000000    000000c0   000000c0    r-- .intvecs
  000000c0    000000c0    00003c50   00003c50    r-x .text
  00003d10    00003d10    00000720   00000720    r-- .rodata
  00004430    00004430    00000040   00000040    r-- .cinit
20200000    20200000    000010ff   00000000    rw-
  20200000    20200000    00001000   00000000    rw- .sysmem
  20201000    20201000    000000c8   00000000    rw- .bss
  202010c8    202010c8    00000037   00000000    rw- .data
20207e00    20207e00    00000200   00000200    rw-
  20207e00    20207e00    00000200   00000200    rw- .stack


SECTION ALLOCATION MAP

 output                                  attributes/
section   page    origin      length       input sections
--------  ----  ----------  ----------   ----------------
.intvecs   0    00000000    000000c0     
                  00000000    000000c0     startup_mspm0g350x_ticlang.o (.intvecs)

.text      0    000000c0    00003c50     
                  000000c0    00000868     libc.a : _printfi.c.obj (.text:__TI_printfi_nofloat)
                  00000928    00000274     main.o (.text.Process_Input)
                  00000b9c    000001c0     lcd_driver.o (.text.LCD_DrawWaveform)
                  00000d5c    0000019c     ti_msp_dl_config.o (.text.SYSCFG_DL_GPIO_init)
                  00000ef8    00000184     main.o (.text.Update_Display)
                  0000107c    00000168     lcd_driver.o (.text.LCD_DrawLine)
                  000011e4    0000015c     main.o (.text.Generate_Audio_Sample)
                  00001340    00000154     main.o (.text.main)
                  00001494    00000110     dl_timer.o (.text.DL_Timer_initTimerMode)
                  000015a4    00000110     dl_timer.o (.text.DL_Timer_initTwoCCPWMMode)
                  000016b4    0000010c     libclang_rt.builtins.a : divdf3.S.obj (.text.__divdf3)
                  000017c0    000000f4     lcd_driver.o (.text.LCD_DrawChar)
                  000018b4    000000ec     dl_sysctl_mspm0g1x0x_g3x0x.o (.text.DL_SYSCTL_configSYSPLL)
                  000019a0    000000ec     dl_timer.o (.text.DL_Timer_initFourCCPWMMode)
                  00001a8c    000000e4     libclang_rt.builtins.a : muldf3.S.obj (.text.__muldf3)
                  00001b70    000000d8                            : addsf3.S.obj (.text)
                  00001c48    000000c0     ti_msp_dl_config.o (.text.SYSCFG_DL_initPower)
                  00001d08    000000ba     lcd_driver.o (.text.LCD_FillRect)
                  00001dc2    00000002     libclang_rt.builtins.a : aeabi_div0.c.obj (.text.__aeabi_idiv0)
                  00001dc4    000000a8     ti_msp_dl_config.o (.text.SYSCFG_DL_ADC_ACCEL_init)
                  00001e6c    000000a4     lcd_driver.o (.text.LCD_DrawRect)
                  00001f10    000000a2     libclang_rt.builtins.a : udivmoddi4.S.obj (.text)
                  00001fb2    0000009c     lcd_driver.o (.text.LCD_FillCircle)
                  0000204e    00000002     libclang_rt.builtins.a : aeabi_div0.c.obj (.text.__aeabi_ldiv0)
                  00002050    0000009c     ti_msp_dl_config.o (.text.SYSCFG_DL_ADC_MIC_JOY_init)
                  000020ec    00000094     lcd_driver.o (.text.LCD_Init)
                  00002180    0000008c     libclang_rt.builtins.a : mulsf3.S.obj (.text.__mulsf3)
                  0000220c    00000084     ti_msp_dl_config.o (.text.__NVIC_SetPriority)
                  00002290    00000082     libclang_rt.builtins.a : divsf3.S.obj (.text.__divsf3)
                  00002312    00000002     --HOLE-- [fill = 0]
                  00002314    00000080     main.o (.text.delay_ms)
                  00002394    0000007c     libc.a : copy_decompress_lzss.c.obj (.text:decompress:lzss)
                  00002410    00000078     main.o (.text.HardFault_Handler)
                  00002488    00000078     ti_msp_dl_config.o (.text.SYSCFG_DL_SYSCTL_init)
                  00002500    00000074     ti_msp_dl_config.o (.text.SYSCFG_DL_PWM_AUDIO_init)
                  00002574    00000070     main.o (.text.GPIOA_IRQHandler)
                  000025e4    00000064     main.o (.text.float_to_string)
                  00002648    00000060     main.o (.text.ADC0_IRQHandler)
                  000026a8    00000060     ti_msp_dl_config.o (.text.DL_ADC12_initSeqSample)
                  00002708    0000005c     main.o (.text.ADC1_IRQHandler)
                  00002764    00000058     ti_msp_dl_config.o (.text.SYSCFG_DL_I2C_0_init)
                  000027bc    00000058     ti_msp_dl_config.o (.text.SYSCFG_DL_I2C_1_init)
                  00002814    00000056     libclang_rt.builtins.a : aeabi_idivmod.S.obj (.text.__aeabi_idivmod)
                  0000286a    00000054     lcd_driver.o (.text.LCD_DrawString)
                  000028be    00000052     lcd_driver.o (.text.LCD_SetWindow)
                  00002910    00000050     ti_msp_dl_config.o (.text.DL_GPIO_initPeripheralInputFunctionFeatures)
                  00002960    0000004c     dl_adc12.o (.text.DL_ADC12_setClockConfig)
                  000029ac    0000004c     ti_msp_dl_config.o (.text.DL_GPIO_initDigitalInputFeatures)
                  000029f8    0000004c     dl_sysctl_mspm0g1x0x_g3x0x.o (.text.DL_SYSCTL_switchMCLKfromSYSOSCtoHSCLK)
                  00002a44    0000004c     ti_msp_dl_config.o (.text.SYSCFG_DL_init)
                  00002a90    0000004c     libc.a : snprintf.c.obj (.text.snprintf)
                  00002adc    0000004a     ti_msp_dl_config.o (.text.DL_ADC12_configConversionMem)
                  00002b26    00000002     --HOLE-- [fill = 0]
                  00002b28    00000048     dl_spi.o (.text.DL_SPI_init)
                  00002b70    00000048     lcd_driver.o (.text.LCD_Clear)
                  00002bb8    00000048     main.o (.text.check_stack_canary)
                  00002c00    00000044     lcd_driver.o (.text.LCD_DrawPixel)
                  00002c44    00000042     libclang_rt.builtins.a : fixunsdfsi.S.obj (.text.__fixunsdfsi)
                  00002c86    00000002     --HOLE-- [fill = 0]
                  00002c88    00000040     dl_timer.o (.text.DL_Timer_setCaptureCompareOutCtl)
                  00002cc8    00000040     ti_msp_dl_config.o (.text.SYSCFG_DL_SPI_LCD_init)
                  00002d08    00000040     ti_msp_dl_config.o (.text.SYSCFG_DL_TIMER_SAMPLE_init)
                  00002d48    00000040     libclang_rt.builtins.a : aeabi_uidivmod.S.obj (.text.__aeabi_uidivmod)
                  00002d88    00000040                            : extendsfdf2.S.obj (.text.__extendsfdf2)
                  00002dc8    00000040     libc.a : atoi.c.obj (.text.atoi)
                  00002e08    0000003c     dl_timer.o (.text.DL_Timer_setCaptureCompareCtl)
                  00002e44    0000003c     dl_timer.o (.text.DL_Timer_setCounterControl)
                  00002e80    0000003c     ti_msp_dl_config.o (.text.DL_Timer_setCounterControl)
                  00002ebc    0000003c     main.o (.text.Update_Phase_Increment)
                  00002ef8    0000003c     libclang_rt.builtins.a : floatsisf.S.obj (.text.__floatsisf)
                  00002f34    0000003c     libc.a : autoinit.c.obj (.text:__TI_auto_init_nobinit_nopinit)
                  00002f70    0000003a     libclang_rt.builtins.a : muldsi3.S.obj (.text.__muldsi3)
                  00002faa    00000002     --HOLE-- [fill = 0]
                  00002fac    00000038                            : fixsfsi.S.obj (.text.__fixsfsi)
                  00002fe4    00000034     dl_i2c.o (.text.DL_I2C_setClockConfig)
                  00003018    00000034     dl_timer.o (.text.DL_Timer_setCaptCompUpdateMethod)
                  0000304c    00000034     dl_timer.o (.text.DL_Timer_setCaptureCompareAction)
                  00003080    00000034     dl_timer.o (.text.DL_Timer_setCaptureCompareInput)
                  000030b4    00000034     dl_timer.o (.text.DL_Timer_setClockConfig)
                  000030e8    00000034     dl_vref.o (.text.DL_VREF_configReference)
                  0000311c    00000030     main.o (.text.DL_ADC12_getMemResult)
                  0000314c    00000030     ti_msp_dl_config.o (.text.DL_SPI_setFIFOThreshold)
                  0000317c    00000030     lcd_driver.o (.text.LCD_WriteCommand)
                  000031ac    00000030     lcd_driver.o (.text.LCD_WriteData)
                  000031dc    00000030     libc.a : snprintf.c.obj (.text._outs)
                  0000320c    0000002c     dl_timer.o (.text.DL_Timer_setCaptureCompareValue)
                  00003238    0000002c     main.o (.text.__NVIC_EnableIRQ)
                  00003264    00000028     dl_adc12.o (.text.DL_Common_updateReg)
                  0000328c    00000028     dl_i2c.o (.text.DL_Common_updateReg)
                  000032b4    00000028     dl_spi.o (.text.DL_Common_updateReg)
                  000032dc    00000028     dl_sysctl_mspm0g1x0x_g3x0x.o (.text.DL_Common_updateReg)
                  00003304    00000028     dl_timer.o (.text.DL_Common_updateReg)
                  0000332c    00000028     ti_msp_dl_config.o (.text.DL_Common_updateReg)
                  00003354    00000028     ti_msp_dl_config.o (.text.DL_I2C_setControllerRXFIFOThreshold)
                  0000337c    00000028     ti_msp_dl_config.o (.text.DL_I2C_setControllerTXFIFOThreshold)
                  000033a4    00000028     ti_msp_dl_config.o (.text.DL_SYSCTL_setPowerPolicySTANDBY0)
                  000033cc    00000028     libclang_rt.builtins.a : floatunsisf.S.obj (.text.__floatunsisf)
                  000033f4    00000028     libc.a : boot_cortex_m.c.obj (.text:_c_int00_noargs)
                  0000341c    00000026     ti_msp_dl_config.o (.text.DL_I2C_setAnalogGlitchFilterPulseWidth)
                  00003442    00000002     --HOLE-- [fill = 0]
                  00003444    00000024     ti_msp_dl_config.o (.text.DL_SPI_setBitRateSerialClockDivider)
                  00003468    00000024     dl_spi.o (.text.DL_SPI_setClockConfig)
                  0000348c    00000024     libclang_rt.builtins.a : muldi3.S.obj (.text.__muldi3)
                  000034b0    00000022     libc.a : memccpy.c.obj (.text.memccpy)
                  000034d2    00000002     --HOLE-- [fill = 0]
                  000034d4    00000020     dl_sysctl_mspm0g1x0x_g3x0x.o (.text.DL_CORE_configInstruction)
                  000034f4    00000020     ti_msp_dl_config.o (.text.DL_GPIO_initPeripheralInputFunction)
                  00003514    00000020     ti_msp_dl_config.o (.text.DL_SYSCTL_setFlashWaitState)
                  00003534    00000020     ti_msp_dl_config.o (.text.DL_SYSCTL_setMFPCLKSource)
                  00003554    00000020     dl_timer.o (.text.DL_Timer_setCounterValueAfterEnable)
                  00003574    0000001e     lcd_driver.o (.text.LCD_WriteData16)
                  00003592    00000002     --HOLE-- [fill = 0]
                  00003594    0000001e     libclang_rt.builtins.a : ashldi3.S.obj (.text.__ashldi3)
                  000035b2    00000002     --HOLE-- [fill = 0]
                  000035b4    0000001c     ti_msp_dl_config.o (.text.DL_ADC12_clearInterruptStatus)
                  000035d0    0000001c     ti_msp_dl_config.o (.text.DL_ADC12_enableInterrupt)
                  000035ec    0000001c     main.o (.text.DL_ADC12_startConversion)
                  00003608    0000001c     main.o (.text.DL_GPIO_clearInterruptStatus)
                  00003624    0000001c     ti_msp_dl_config.o (.text.DL_GPIO_clearInterruptStatus)
                  00003640    0000001c     ti_msp_dl_config.o (.text.DL_GPIO_enableHiZ)
                  0000365c    0000001c     ti_msp_dl_config.o (.text.DL_GPIO_enableInterrupt)
                  00003678    0000001c     ti_msp_dl_config.o (.text.DL_GPIO_initPeripheralOutputFunction)
                  00003694    0000001c     ti_msp_dl_config.o (.text.DL_GPIO_setLowerPinsPolarity)
                  000036b0    0000001c     ti_msp_dl_config.o (.text.DL_SYSCTL_setMCLKDivider)
                  000036cc    0000001c     ti_msp_dl_config.o (.text.DL_SYSCTL_setSYSOSCFreq)
                  000036e8    0000001c     ti_msp_dl_config.o (.text.DL_SYSCTL_setULPCLKDivider)
                  00003704    0000001c     ti_msp_dl_config.o (.text.DL_SYSCTL_setVBOOSTConfig)
                  00003720    0000001c     ti_msp_dl_config.o (.text.DL_Timer_enableInterrupt)
                  0000373c    0000001c     ti_msp_dl_config.o (.text.SYSCFG_DL_SYSCTL_CLK_init)
                  00003758    0000001c     ti_msp_dl_config.o (.text.SYSCFG_DL_VREF_init)
                  00003774    0000001c     main.o (.text.TIMG7_IRQHandler)
                  00003790    00000018     ti_msp_dl_config.o (.text.DL_ADC12_enablePower)
                  000037a8    00000018     ti_msp_dl_config.o (.text.DL_ADC12_reset)
                  000037c0    00000018     ti_msp_dl_config.o (.text.DL_ADC12_setSampleTime0)
                  000037d8    00000018     ti_msp_dl_config.o (.text.DL_GPIO_enableOutput)
                  000037f0    00000018     ti_msp_dl_config.o (.text.DL_GPIO_enablePower)
                  00003808    00000018     main.o (.text.DL_GPIO_getEnabledInterruptStatus)
                  00003820    00000018     ti_msp_dl_config.o (.text.DL_GPIO_initDigitalOutput)
                  00003838    00000018     ti_msp_dl_config.o (.text.DL_GPIO_reset)
                  00003850    00000018     lcd_driver.o (.text.DL_GPIO_setPins)
                  00003868    00000018     main.o (.text.DL_GPIO_setPins)
                  00003880    00000018     ti_msp_dl_config.o (.text.DL_GPIO_setPins)
                  00003898    00000018     main.o (.text.DL_GPIO_togglePins)
                  000038b0    00000018     ti_msp_dl_config.o (.text.DL_I2C_enableAnalogGlitchFilter)
                  000038c8    00000018     ti_msp_dl_config.o (.text.DL_I2C_enableController)
                  000038e0    00000018     ti_msp_dl_config.o (.text.DL_I2C_enableControllerClockStretching)
                  000038f8    00000018     ti_msp_dl_config.o (.text.DL_I2C_enablePower)
                  00003910    00000018     ti_msp_dl_config.o (.text.DL_I2C_reset)
                  00003928    00000018     ti_msp_dl_config.o (.text.DL_I2C_setTimerPeriod)
                  00003940    00000018     ti_msp_dl_config.o (.text.DL_SPI_enable)
                  00003958    00000018     ti_msp_dl_config.o (.text.DL_SPI_enablePower)
                  00003970    00000018     lcd_driver.o (.text.DL_SPI_isBusy)
                  00003988    00000018     ti_msp_dl_config.o (.text.DL_SPI_reset)
                  000039a0    00000018     ti_msp_dl_config.o (.text.DL_SYSCTL_enableInterrupt)
                  000039b8    00000018     ti_msp_dl_config.o (.text.DL_SYSCTL_setBORThreshold)
                  000039d0    00000018     dl_sysctl_mspm0g1x0x_g3x0x.o (.text.DL_SYSCTL_setHSCLKSource)
                  000039e8    00000018     ti_msp_dl_config.o (.text.DL_Timer_enablePower)
                  00003a00    00000018     ti_msp_dl_config.o (.text.DL_Timer_reset)
                  00003a18    00000018     dl_timer.o (.text.DL_Timer_setLoadValue)
                  00003a30    00000018     ti_msp_dl_config.o (.text.DL_VREF_enablePower)
                  00003a48    00000018     ti_msp_dl_config.o (.text.DL_VREF_reset)
                  00003a60    00000018     libc.a : snprintf.c.obj (.text._outc)
                  00003a78    00000016     main.o (.text.DL_ADC12_enableConversions)
                  00003a8e    00000016     ti_msp_dl_config.o (.text.DL_ADC12_enableConversions)
                  00003aa4    00000016     ti_msp_dl_config.o (.text.DL_GPIO_enableGlobalFastWake)
                  00003aba    00000016     lcd_driver.o (.text.DL_SPI_transmitData8)
                  00003ad0    00000016     libc.a : copy_zero_init.c.obj (.text:decompress:ZI:__TI_zero_init_nomemset)
                  00003ae6    00000014     dl_common.o (.text.DL_Common_delayCycles)
                  00003afa    00000002     --HOLE-- [fill = 0]
                  00003afc    00000014     ti_msp_dl_config.o (.text.DL_FlashCTL_enableInterrupt)
                  00003b10    00000014     lcd_driver.o (.text.DL_GPIO_clearPins)
                  00003b24    00000014     main.o (.text.DL_GPIO_clearPins)
                  00003b38    00000014     ti_msp_dl_config.o (.text.DL_GPIO_clearPins)
                  00003b4c    00000014     ti_msp_dl_config.o (.text.DL_I2C_resetControllerTransfer)
                  00003b60    00000014     dl_sysctl_mspm0g1x0x_g3x0x.o (.text.DL_SYSCTL_disableSYSPLL)
                  00003b74    00000014     ti_msp_dl_config.o (.text.DL_SYSCTL_disableSYSPLL)
                  00003b88    00000014     ti_msp_dl_config.o (.text.DL_SYSCTL_enableMFCLK)
                  00003b9c    00000014     ti_msp_dl_config.o (.text.DL_Timer_enableClock)
                  00003bb0    00000014     ti_msp_dl_config.o (.text.DL_Timer_setCCPDirection)
                  00003bc4    00000014     lcd_driver.o (.text.LCD_DC_Command)
                  00003bd8    00000014     lcd_driver.o (.text.LCD_DC_Data)
                  00003bec    00000014     libclang_rt.builtins.a : aeabi_uldivmod.S.obj (.text.__aeabi_uldivmod)
                  00003c00    00000012     main.o (.text.DL_ADC12_getPendingInterrupt)
                  00003c12    00000012     main.o (.text.DL_Timer_getPendingInterrupt)
                  00003c24    00000012     libc.a : memcpy16.S.obj (.text:TI_memcpy_small)
                  00003c36    00000012            : copy_decompress_none.c.obj (.text:decompress:none)
                  00003c48    00000010     dl_sysctl_mspm0g1x0x_g3x0x.o (.text.DL_CORE_getInstructionConfig)
                  00003c58    00000010     ti_msp_dl_config.o (.text.DL_SYSCTL_disableHFXT)
                  00003c68    00000010     ti_msp_dl_config.o (.text.DL_SYSCTL_enableMFPCLK)
                  00003c78    00000010     main.o (.text.DL_Timer_getTimerCount)
                  00003c88    00000010     libc.a : wcslen.c.obj (.text.wcslen)
                  00003c98    0000000e     libclang_rt.builtins.a : aeabi_memset.S.obj (.text.__aeabi_memset)
                  00003ca6    0000000e     libc.a : _printfi.c.obj (.text.strlen)
                  00003cb4    0000000e            : memset16.S.obj (.text:TI_memset_small)
                  00003cc2    00000002     --HOLE-- [fill = 0]
                  00003cc4    0000000c     dl_sysctl_mspm0g1x0x_g3x0x.o (.text.DL_SYSCTL_getClockStatus)
                  00003cd0    0000000c     ti_msp_dl_config.o (.text.DL_SYSCTL_getClockStatus)
                  00003cdc    0000000a     startup_mspm0g350x_ticlang.o (.text.ResetISR)
                  00003ce6    00000002     --HOLE-- [fill = 0]
                  00003ce8    00000008     libc.a : aeabi_portable.c.obj (.text.__aeabi_errno_addr)
                  00003cf0    00000008     libclang_rt.builtins.a : aeabi_memcpy.S.obj (.text.__aeabi_memcpy)
                  00003cf8    00000006     libc.a : exit.c.obj (.text:abort)
                  00003cfe    00000004     startup_mspm0g350x_ticlang.o (.text.Default_Handler)
                  00003d02    00000004     libsysbm.a : hostexit.c.obj (.text.HOSTexit)
                  00003d06    00000004     libc.a : pre_init.c.obj (.text._system_pre_init)
                  00003d0a    00000006     --HOLE-- [fill = 0]

.cinit     0    00004430    00000040     
                  00004430    00000017     (.cinit..data.load) [load image, compression = lzss]
                  00004447    00000001     --HOLE-- [fill = 0]
                  00004448    0000000c     (__TI_handler_table)
                  00004454    00000008     (.cinit..bss.load) [load image, compression = zero_init]
                  0000445c    00000010     (__TI_cinit_table)
                  0000446c    00000004     --HOLE-- [fill = 0]

.rodata    0    00003d10    00000720     
                  00003d10    00000200     lcd_driver.o (.rodata.sine_table)
                  00003f10    00000200     main.o (.rodata.sine_table)
                  00004110    00000101     libc.a : aeabi_ctype.S.obj (.rodata:__aeabi_ctype_table_)
                  00004211    0000008c     lcd_driver.o (.rodata.font_5x7)
                  0000429d    00000003     ti_msp_dl_config.o (.rodata.gPWM_AUDIOClockConfig)
                  000042a0    00000028     ti_msp_dl_config.o (.rodata.gSYSPLLConfig)
                  000042c8    00000022     ti_msp_dl_config.o (.rodata..L__const.SYSCFG_DL_GPIO_init.unusedPinIndexes)
                  000042ea    00000002     ti_msp_dl_config.o (.rodata.gI2C_0ClockConfig)
                  000042ec    00000014     ti_msp_dl_config.o (.rodata.gTIMER_SAMPLETimerConfig)
                  00004300    00000012     main.o (.rodata.str1.10313062130652730376.1)
                  00004312    00000011     libc.a : _printfi.c.obj (.rodata.str1.10348868589481759720.1)
                  00004323    00000011            : _printfi.c.obj (.rodata.str1.15363888844622738466.1)
                  00004334    00000011     main.o (.rodata.str1.18227636981041470289.1)
                  00004345    00000003     ti_msp_dl_config.o (.rodata.gTIMER_SAMPLEClockConfig)
                  00004348    00000010     main.o (.rodata..L__const.Update_Display.wave_names)
                  00004358    00000010     main.o (.rodata.str1.17100691992556644108.1)
                  00004368    00000010     main.o (.rodata.str1.2846389346932560359.1)
                  00004378    0000000e     main.o (.rodata.str1.2763581881760962609.1)
                  00004386    0000000c     main.o (.rodata.str1.288608917962107522.1)
                  00004392    0000000c     main.o (.rodata.str1.8154729771448623357.1)
                  0000439e    0000000b     main.o (.rodata.str1.12180500075719773345.1)
                  000043a9    0000000b     main.o (.rodata.str1.9059077390166914652.1)
                  000043b4    0000000a     ti_msp_dl_config.o (.rodata.gSPI_LCD_config)
                  000043be    0000000a     main.o (.rodata.str1.11870794119293528247.1)
                  000043c8    00000009     main.o (.rodata.str1.8108965883388295311.1)
                  000043d1    00000002     ti_msp_dl_config.o (.rodata.gI2C_1ClockConfig)
                  000043d3    00000001     --HOLE-- [fill = 0]
                  000043d4    00000008     ti_msp_dl_config.o (.rodata.gADC_ACCELClockConfig)
                  000043dc    00000008     ti_msp_dl_config.o (.rodata.gADC_MIC_JOYClockConfig)
                  000043e4    00000008     ti_msp_dl_config.o (.rodata.gPWM_AUDIOConfig)
                  000043ec    00000008     ti_msp_dl_config.o (.rodata.gVREFConfig)
                  000043f4    00000008     main.o (.rodata.str1.14079361385603432444.1)
                  000043fc    00000008     main.o (.rodata.str1.15159059442110792349.1)
                  00004404    00000008     main.o (.rodata.str1.8076846746581808073.1)
                  0000440c    00000007     main.o (.rodata.str1.14112174005742061988.1)
                  00004413    00000007     main.o (.rodata.str1.15996357275703397564.1)
                  0000441a    00000005     main.o (.rodata.str1.16265332423659789559.1)
                  0000441f    00000004     main.o (.rodata.str1.14402440632258215044.1)
                  00004423    00000004     main.o (.rodata.str1.2123964117280943167.1)
                  00004427    00000002     ti_msp_dl_config.o (.rodata.gSPI_LCD_clockConfig)
                  00004429    00000007     --HOLE-- [fill = 0]

.init_array 
*          0    00000000    00000000     UNINITIALIZED

.binit     0    00000000    00000000     

.sysmem    0    20200000    00001000     UNINITIALIZED
                  20200000    00000010     libc.a : memory.c.obj (.sysmem)
                  20200010    00000ff0     --HOLE--

.bss       0    20201000    000000c8     UNINITIALIZED
                  20201000    000000a0     ti_msp_dl_config.o (.bss.gTIMER_SAMPLEBackup)
                  202010a0    00000028     ti_msp_dl_config.o (.bss.gSPI_LCDBackup)

.data      0    202010c8    00000037     UNINITIALIZED
                  202010c8    00000020     main.o (.data.g_synthState)
                  202010e8    00000004     main.o (.data.Process_Input.last_update)
                  202010ec    00000004     libc.a : aeabi_portable.c.obj (.data.__aeabi_errno)
                  202010f0    00000004     main.o (.data.main.last_display)
                  202010f4    00000004     main.o (.data.phase)
                  202010f8    00000004     main.o (.data.phase_increment)
                  202010fc    00000001     main.o (.data.Process_Input.last_joy)
                  202010fd    00000001     main.o (.data.Process_Input.last_s1)
                  202010fe    00000001     main.o (.data.Process_Input.last_s2)

.stack     0    20207e00    00000200     
                  20207e00    00000004     main.o (.stack)
                  20207e04    00000004     libc.a : boot_cortex_m.c.obj (.stack) [fill = 0]
                  20207e08    000001f8     --HOLE-- [fill = 0]

__llvm_prf_cnts 
*          0    20200000    00000000     UNINITIALIZED

__llvm_prf_bits 
*          0    20200000    00000000     UNINITIALIZED

MODULE SUMMARY

       Module                         code    ro data   rw data
       ------                         ----    -------   -------
    .\
       ti_msp_dl_config.o             3612    148       200    
       main.o                         2826    725       51     
       startup_mspm0g350x_ticlang.o   14      192       0      
    +--+------------------------------+-------+---------+---------+
       Total:                         6452    1065      251    
                                                               
    .\lcd\
       lcd_driver.o                   2268    652       0      
    +--+------------------------------+-------+---------+---------+
       Total:                         2268    652       0      
                                                               
    .\ti\driverlib\
       dl_timer.o                     1312    0         0      
       dl_spi.o                       148     0         0      
       dl_adc12.o                     116     0         0      
       dl_i2c.o                       92      0         0      
       dl_vref.o                      52      0         0      
       dl_common.o                    20      0         0      
    +--+------------------------------+-------+---------+---------+
       Total:                         1740    0         0      
                                                               
    .\ti\driverlib\m0p\sysctl\
       dl_sysctl_mspm0g1x0x_g3x0x.o   456     0         0      
    +--+------------------------------+-------+---------+---------+
       Total:                         456     0         0      
                                                               
    C:\ti\ccs2040\ccs\tools\compiler\ti-cgt-armllvm_4.0.4.LTS\lib\armv6m-ti-none-eabi/c/libc.a
       _printfi.c.obj                 2166    34        0      
       aeabi_ctype.S.obj              0       257       0      
       snprintf.c.obj                 148     0         0      
       copy_decompress_lzss.c.obj     124     0         0      
       atoi.c.obj                     64      0         0      
       autoinit.c.obj                 60      0         0      
       boot_cortex_m.c.obj            40      0         0      
       memccpy.c.obj                  34      0         0      
       copy_zero_init.c.obj           22      0         0      
       copy_decompress_none.c.obj     18      0         0      
       memcpy16.S.obj                 18      0         0      
       wcslen.c.obj                   16      0         0      
       memset16.S.obj                 14      0         0      
       aeabi_portable.c.obj           8       0         4      
       exit.c.obj                     6       0         0      
       pre_init.c.obj                 4       0         0      
    +--+------------------------------+-------+---------+---------+
       Total:                         2742    291       4      
                                                               
    C:\ti\ccs2040\ccs\tools\compiler\ti-cgt-armllvm_4.0.4.LTS\lib\armv6m-ti-none-eabi/c/libsysbm.a
       hostexit.c.obj                 4       0         0      
    +--+------------------------------+-------+---------+---------+
       Total:                         4       0         0      
                                                               
    C:\ti\ccs2040\ccs\tools\compiler\ti-cgt-armllvm_4.0.4.LTS\lib\armv6m-ti-none-eabi/libclang_rt.builtins.a
       divdf3.S.obj                   268     0         0      
       muldf3.S.obj                   228     0         0      
       addsf3.S.obj                   216     0         0      
       udivmoddi4.S.obj               162     0         0      
       mulsf3.S.obj                   140     0         0      
       divsf3.S.obj                   130     0         0      
       aeabi_idivmod.S.obj            86      0         0      
       fixunsdfsi.S.obj               66      0         0      
       aeabi_uidivmod.S.obj           64      0         0      
       extendsfdf2.S.obj              64      0         0      
       floatsisf.S.obj                60      0         0      
       muldsi3.S.obj                  58      0         0      
       fixsfsi.S.obj                  56      0         0      
       floatunsisf.S.obj              40      0         0      
       muldi3.S.obj                   36      0         0      
       ashldi3.S.obj                  30      0         0      
       aeabi_uldivmod.S.obj           20      0         0      
       aeabi_memset.S.obj             14      0         0      
       aeabi_memcpy.S.obj             8       0         0      
       aeabi_div0.c.obj               4       0         0      
    +--+------------------------------+-------+---------+---------+
       Total:                         1750    0         0      
                                                               
       Heap:                          0       0         4096   
       Stack:                         0       0         512    
       Linker Generated:              0       59        0      
    +--+------------------------------+-------+---------+---------+
       Grand Total:                   15412   2067      4863   


LINKER GENERATED COPY TABLES

__TI_cinit_table @ 0000445c records: 2, size/record: 8, table size: 16
	.data: load addr=00004430, load size=00000017 bytes, run addr=202010c8, run size=00000037 bytes, compression=lzss
	.bss: load addr=00004454, load size=00000008 bytes, run addr=20201000, run size=000000c8 bytes, compression=zero_init


LINKER GENERATED HANDLER TABLE

__TI_handler_table @ 00004448 records: 3, size/record: 4, table size: 12
	index: 0, handler: __TI_decompress_lzss
	index: 1, handler: __TI_decompress_none
	index: 2, handler: __TI_zero_init


GLOBAL SYMBOLS: SORTED ALPHABETICALLY BY Name 

address   name                                 
-------   ----                                 
00002649  ADC0_IRQHandler                      
00002709  ADC1_IRQHandler                      
00003cff  AES_IRQHandler                       
00003d02  C$$EXIT                              
00003cff  CANFD0_IRQHandler                    
00002961  DL_ADC12_setClockConfig              
00003ae7  DL_Common_delayCycles                
00002fe5  DL_I2C_setClockConfig                
00002b29  DL_SPI_init                          
00003469  DL_SPI_setClockConfig                
000018b5  DL_SYSCTL_configSYSPLL               
000029f9  DL_SYSCTL_switchMCLKfromSYSOSCtoHSCLK
000019a1  DL_Timer_initFourCCPWMMode           
00001495  DL_Timer_initTimerMode               
00003019  DL_Timer_setCaptCompUpdateMethod     
0000304d  DL_Timer_setCaptureCompareAction     
00002e09  DL_Timer_setCaptureCompareCtl        
00003081  DL_Timer_setCaptureCompareInput      
00002c89  DL_Timer_setCaptureCompareOutCtl     
0000320d  DL_Timer_setCaptureCompareValue      
000030b5  DL_Timer_setClockConfig              
000030e9  DL_VREF_configReference              
00003cff  DMA_IRQHandler                       
00003cff  Default_Handler                      
00002575  GPIOA_IRQHandler                     
00003cff  GPIOB_IRQHandler                     
00003cff  GROUP0_IRQHandler                    
00003d03  HOSTexit                             
00002411  HardFault_Handler                    
00003cff  I2C0_IRQHandler                      
00003cff  I2C1_IRQHandler                      
00003cff  I2C2_IRQHandler                      
00002b71  LCD_Clear                            
000017c1  LCD_DrawChar                         
0000107d  LCD_DrawLine                         
00002c01  LCD_DrawPixel                        
00001e6d  LCD_DrawRect                         
0000286b  LCD_DrawString                       
00000b9d  LCD_DrawWaveform                     
00001fb3  LCD_FillCircle                       
00001d09  LCD_FillRect                         
000020ed  LCD_Init                             
00003cff  NMI_Handler                          
00003cff  PendSV_Handler                       
00003cff  RTC_IRQHandler                       
00003cdd  ResetISR                             
00003cff  SPI0_IRQHandler                      
00003cff  SPI1_IRQHandler                      
00003cff  SVC_Handler                          
00001dc5  SYSCFG_DL_ADC_ACCEL_init             
00002051  SYSCFG_DL_ADC_MIC_JOY_init           
00000d5d  SYSCFG_DL_GPIO_init                  
00002765  SYSCFG_DL_I2C_0_init                 
000027bd  SYSCFG_DL_I2C_1_init                 
00002501  SYSCFG_DL_PWM_AUDIO_init             
00002cc9  SYSCFG_DL_SPI_LCD_init               
0000373d  SYSCFG_DL_SYSCTL_CLK_init            
00002489  SYSCFG_DL_SYSCTL_init                
00002d09  SYSCFG_DL_TIMER_SAMPLE_init          
00003759  SYSCFG_DL_VREF_init                  
00002a45  SYSCFG_DL_init                       
00001c49  SYSCFG_DL_initPower                  
00003cff  SysTick_Handler                      
00003cff  TIMG0_IRQHandler                     
00003cff  TIMG12_IRQHandler                    
00003cff  TIMG14_IRQHandler                    
00003cff  TIMG4_IRQHandler                     
00003cff  TIMG6_IRQHandler                     
00003775  TIMG7_IRQHandler                     
00003cff  TIMG8_IRQHandler                     
00003c25  TI_memcpy_small                      
00003cb5  TI_memset_small                      
00003cff  UART0_IRQHandler                     
00003cff  UART1_IRQHandler                     
00003cff  UART2_IRQHandler                     
00003cff  UART3_IRQHandler                     
20208000  __STACK_END                          
00000200  __STACK_SIZE                         
00001000  __SYSMEM_SIZE                        
00000000  __TI_ATRegion0_region_sz             
00000000  __TI_ATRegion0_src_addr              
00000000  __TI_ATRegion0_trg_addr              
00000000  __TI_ATRegion1_region_sz             
00000000  __TI_ATRegion1_src_addr              
00000000  __TI_ATRegion1_trg_addr              
00000000  __TI_ATRegion2_region_sz             
00000000  __TI_ATRegion2_src_addr              
00000000  __TI_ATRegion2_trg_addr              
0000445c  __TI_CINIT_Base                      
0000446c  __TI_CINIT_Limit                     
0000446c  __TI_CINIT_Warm                      
00004448  __TI_Handler_Table_Base              
00004454  __TI_Handler_Table_Limit             
00002f35  __TI_auto_init_nobinit_nopinit       
00002395  __TI_decompress_lzss                 
00003c37  __TI_decompress_none                 
ffffffff  __TI_pprof_out_hndl                  
000000c1  __TI_printfi_nofloat                 
ffffffff  __TI_prof_data_size                  
ffffffff  __TI_prof_data_start                 
00000000  __TI_static_base__                   
00003ad1  __TI_zero_init_nomemset              
00001b7b  __addsf3                             
00004110  __aeabi_ctype_table_                 
00004110  __aeabi_ctype_table_C                
00002c45  __aeabi_d2uiz                        
000016b5  __aeabi_ddiv                         
00001a8d  __aeabi_dmul                         
202010ec  __aeabi_errno                        
00003ce9  __aeabi_errno_addr                   
00002d89  __aeabi_f2d                          
00002fad  __aeabi_f2iz                         
00001b7b  __aeabi_fadd                         
00002291  __aeabi_fdiv                         
00002181  __aeabi_fmul                         
00001b71  __aeabi_fsub                         
00002ef9  __aeabi_i2f                          
00002815  __aeabi_idiv                         
00001dc3  __aeabi_idiv0                        
00002815  __aeabi_idivmod                      
0000204f  __aeabi_ldiv0                        
00003595  __aeabi_llsl                         
0000348d  __aeabi_lmul                         
00003cf1  __aeabi_memcpy                       
00003cf1  __aeabi_memcpy4                      
00003cf1  __aeabi_memcpy8                      
00003c99  __aeabi_memset                       
00003c99  __aeabi_memset4                      
00003c99  __aeabi_memset8                      
000033cd  __aeabi_ui2f                         
00002d49  __aeabi_uidiv                        
00002d49  __aeabi_uidivmod                     
00003bed  __aeabi_uldivmod                     
00003595  __ashldi3                            
ffffffff  __binit__                            
000016b5  __divdf3                             
00002291  __divsf3                             
00002d89  __extendsfdf2                        
00002fad  __fixsfsi                            
00002c45  __fixunsdfsi                         
00002ef9  __floatsisf                          
000033cd  __floatunsisf                        
UNDEFED   __mpu_init                           
00001a8d  __muldf3                             
0000348d  __muldi3                             
00002f71  __muldsi3                            
00002181  __mulsf3                             
20207e04  __stack                              
20200000  __start___llvm_prf_bits              
20200000  __start___llvm_prf_cnts              
20200000  __stop___llvm_prf_bits               
20200000  __stop___llvm_prf_cnts               
00001b71  __subsf3                             
00001f11  __udivmoddi4                         
000033f5  _c_int00_noargs                      
20200000  _sys_memory                          
UNDEFED   _system_post_cinit                   
00003d07  _system_pre_init                     
00003cf9  abort                                
00002dc9  atoi                                 
ffffffff  binit                                
00002bb9  check_stack_canary                   
00002315  delay_ms                             
000025e5  float_to_string                      
202010a0  gSPI_LCDBackup                       
20201000  gTIMER_SAMPLEBackup                  
202010c8  g_synthState                         
00000000  interruptVectors                     
00001341  main                                 
000034b1  memccpy                              
00002a91  snprintf                             
20207e00  stack_canary                         
00003c89  wcslen                               


GLOBAL SYMBOLS: SORTED BY Symbol Address 

address   name                                 
-------   ----                                 
00000000  __TI_ATRegion0_region_sz             
00000000  __TI_ATRegion0_src_addr              
00000000  __TI_ATRegion0_trg_addr              
00000000  __TI_ATRegion1_region_sz             
00000000  __TI_ATRegion1_src_addr              
00000000  __TI_ATRegion1_trg_addr              
00000000  __TI_ATRegion2_region_sz             
00000000  __TI_ATRegion2_src_addr              
00000000  __TI_ATRegion2_trg_addr              
00000000  __TI_static_base__                   
00000000  interruptVectors                     
000000c1  __TI_printfi_nofloat                 
00000200  __STACK_SIZE                         
00000b9d  LCD_DrawWaveform                     
00000d5d  SYSCFG_DL_GPIO_init                  
00001000  __SYSMEM_SIZE                        
0000107d  LCD_DrawLine                         
00001341  main                                 
00001495  DL_Timer_initTimerMode               
000016b5  __aeabi_ddiv                         
000016b5  __divdf3                             
000017c1  LCD_DrawChar                         
000018b5  DL_SYSCTL_configSYSPLL               
000019a1  DL_Timer_initFourCCPWMMode           
00001a8d  __aeabi_dmul                         
00001a8d  __muldf3                             
00001b71  __aeabi_fsub                         
00001b71  __subsf3                             
00001b7b  __addsf3                             
00001b7b  __aeabi_fadd                         
00001c49  SYSCFG_DL_initPower                  
00001d09  LCD_FillRect                         
00001dc3  __aeabi_idiv0                        
00001dc5  SYSCFG_DL_ADC_ACCEL_init             
00001e6d  LCD_DrawRect                         
00001f11  __udivmoddi4                         
00001fb3  LCD_FillCircle                       
0000204f  __aeabi_ldiv0                        
00002051  SYSCFG_DL_ADC_MIC_JOY_init           
000020ed  LCD_Init                             
00002181  __aeabi_fmul                         
00002181  __mulsf3                             
00002291  __aeabi_fdiv                         
00002291  __divsf3                             
00002315  delay_ms                             
00002395  __TI_decompress_lzss                 
00002411  HardFault_Handler                    
00002489  SYSCFG_DL_SYSCTL_init                
00002501  SYSCFG_DL_PWM_AUDIO_init             
00002575  GPIOA_IRQHandler                     
000025e5  float_to_string                      
00002649  ADC0_IRQHandler                      
00002709  ADC1_IRQHandler                      
00002765  SYSCFG_DL_I2C_0_init                 
000027bd  SYSCFG_DL_I2C_1_init                 
00002815  __aeabi_idiv                         
00002815  __aeabi_idivmod                      
0000286b  LCD_DrawString                       
00002961  DL_ADC12_setClockConfig              
000029f9  DL_SYSCTL_switchMCLKfromSYSOSCtoHSCLK
00002a45  SYSCFG_DL_init                       
00002a91  snprintf                             
00002b29  DL_SPI_init                          
00002b71  LCD_Clear                            
00002bb9  check_stack_canary                   
00002c01  LCD_DrawPixel                        
00002c45  __aeabi_d2uiz                        
00002c45  __fixunsdfsi                         
00002c89  DL_Timer_setCaptureCompareOutCtl     
00002cc9  SYSCFG_DL_SPI_LCD_init               
00002d09  SYSCFG_DL_TIMER_SAMPLE_init          
00002d49  __aeabi_uidiv                        
00002d49  __aeabi_uidivmod                     
00002d89  __aeabi_f2d                          
00002d89  __extendsfdf2                        
00002dc9  atoi                                 
00002e09  DL_Timer_setCaptureCompareCtl        
00002ef9  __aeabi_i2f                          
00002ef9  __floatsisf                          
00002f35  __TI_auto_init_nobinit_nopinit       
00002f71  __muldsi3                            
00002fad  __aeabi_f2iz                         
00002fad  __fixsfsi                            
00002fe5  DL_I2C_setClockConfig                
00003019  DL_Timer_setCaptCompUpdateMethod     
0000304d  DL_Timer_setCaptureCompareAction     
00003081  DL_Timer_setCaptureCompareInput      
000030b5  DL_Timer_setClockConfig              
000030e9  DL_VREF_configReference              
0000320d  DL_Timer_setCaptureCompareValue      
000033cd  __aeabi_ui2f                         
000033cd  __floatunsisf                        
000033f5  _c_int00_noargs                      
00003469  DL_SPI_setClockConfig                
0000348d  __aeabi_lmul                         
0000348d  __muldi3                             
000034b1  memccpy                              
00003595  __aeabi_llsl                         
00003595  __ashldi3                            
0000373d  SYSCFG_DL_SYSCTL_CLK_init            
00003759  SYSCFG_DL_VREF_init                  
00003775  TIMG7_IRQHandler                     
00003ad1  __TI_zero_init_nomemset              
00003ae7  DL_Common_delayCycles                
00003bed  __aeabi_uldivmod                     
00003c25  TI_memcpy_small                      
00003c37  __TI_decompress_none                 
00003c89  wcslen                               
00003c99  __aeabi_memset                       
00003c99  __aeabi_memset4                      
00003c99  __aeabi_memset8                      
00003cb5  TI_memset_small                      
00003cdd  ResetISR                             
00003ce9  __aeabi_errno_addr                   
00003cf1  __aeabi_memcpy                       
00003cf1  __aeabi_memcpy4                      
00003cf1  __aeabi_memcpy8                      
00003cf9  abort                                
00003cff  AES_IRQHandler                       
00003cff  CANFD0_IRQHandler                    
00003cff  DMA_IRQHandler                       
00003cff  Default_Handler                      
00003cff  GPIOB_IRQHandler                     
00003cff  GROUP0_IRQHandler                    
00003cff  I2C0_IRQHandler                      
00003cff  I2C1_IRQHandler                      
00003cff  I2C2_IRQHandler                      
00003cff  NMI_Handler                          
00003cff  PendSV_Handler                       
00003cff  RTC_IRQHandler                       
00003cff  SPI0_IRQHandler                      
00003cff  SPI1_IRQHandler                      
00003cff  SVC_Handler                          
00003cff  SysTick_Handler                      
00003cff  TIMG0_IRQHandler                     
00003cff  TIMG12_IRQHandler                    
00003cff  TIMG14_IRQHandler                    
00003cff  TIMG4_IRQHandler                     
00003cff  TIMG6_IRQHandler                     
00003cff  TIMG8_IRQHandler                     
00003cff  UART0_IRQHandler                     
00003cff  UART1_IRQHandler                     
00003cff  UART2_IRQHandler                     
00003cff  UART3_IRQHandler                     
00003d02  C$$EXIT                              
00003d03  HOSTexit                             
00003d07  _system_pre_init                     
00004110  __aeabi_ctype_table_                 
00004110  __aeabi_ctype_table_C                
00004448  __TI_Handler_Table_Base              
00004454  __TI_Handler_Table_Limit             
0000445c  __TI_CINIT_Base                      
0000446c  __TI_CINIT_Limit                     
0000446c  __TI_CINIT_Warm                      
20200000  __start___llvm_prf_bits              
20200000  __start___llvm_prf_cnts              
20200000  __stop___llvm_prf_bits               
20200000  __stop___llvm_prf_cnts               
20200000  _sys_memory                          
20201000  gTIMER_SAMPLEBackup                  
202010a0  gSPI_LCDBackup                       
202010c8  g_synthState                         
202010ec  __aeabi_errno                        
20207e00  stack_canary                         
20207e04  __stack                              
20208000  __STACK_END                          
ffffffff  __TI_pprof_out_hndl                  
ffffffff  __TI_prof_data_size                  
ffffffff  __TI_prof_data_start                 
ffffffff  __binit__                            
ffffffff  binit                                
UNDEFED   __mpu_init                           
UNDEFED   _system_post_cinit                   

[173 symbols]
