******************************************************************************
            TI ARM Clang Linker PC v4.0.4                      
******************************************************************************
>> Linked Fri Dec 26 13:57:17 2025

OUTPUT FILE NAME:   <Motion_Music_studio.out>
ENTRY POINT SYMBOL: "_c_int00_noargs"  address: 000041b9


MEMORY CONFIGURATION

         name            origin    length      used     unused   attr    fill
----------------------  --------  ---------  --------  --------  ----  --------
  FLASH                 00000000   00020000  000053f0  0001ac10  R  X
  SRAM                  20200000   00008000  00001494  00006b6c  RW X
  BCR_CONFIG            41c00000   000000ff  00000000  000000ff  R   
  BSL_CONFIG            41c00100   00000080  00000000  00000080  R   


SEGMENT ALLOCATION MAP

run origin  load origin   length   init length attrs members
----------  ----------- ---------- ----------- ----- -------
00000000    00000000    00004be8   00004be8    r-x
  00000000    00000000    000000c0   000000c0    r-- .intvecs
  000000c0    000000c0    00004b28   00004b28    r-x .text
00004bf0    00004bf0    00000808   00000808    r--
  00004bf0    00004bf0    000007d0   000007d0    r-- .rodata
  000053c0    000053c0    00000038   00000038    r-- .cinit
20200000    20200000    00001294   00000000    rw-
  20200000    20200000    00001000   00000000    rw- .sysmem
  20201000    20201000    000001c0   00000000    rw- .bss
  202011c0    202011c0    000000d4   00000000    rw- .data
20207e00    20207e00    00000200   00000000    rw-
  20207e00    20207e00    00000200   00000000    rw- .stack


SECTION ALLOCATION MAP

 output                                  attributes/
section   page    origin      length       input sections
--------  ----  ----------  ----------   ----------------
.intvecs   0    00000000    000000c0     
                  00000000    000000c0     startup_mspm0g350x_ticlang.o (.intvecs)

.text      0    000000c0    00004b28     
                  000000c0    00000868     libc.a : _printfi.c.obj (.text:__TI_printfi_nofloat)
                  00000928    000003e0     main.o (.text.Display_Update)
                  00000d08    00000304     main.o (.text.Generate_Audio_Sample)
                  0000100c    00000270     main.o (.text.Update_Phase_Increment)
                  0000127c    00000268     main.o (.text.main)
                  000014e4    00000260     lcd_driver.o (.text.LCD_Init)
                  00001744    000001b0     ti_msp_dl_config.o (.text.SYSCFG_DL_GPIO_init)
                  000018f4    000001a8     main.o (.text.Process_Envelope)
                  00001a9c    00000192     libclang_rt.builtins.a : adddf3.S.obj (.text.adddf3_subdf3)
                  00001c2e    00000002     main.o (.text.Process_Buttons)
                  00001c30    00000180     lcd_driver.o (.text.LCD_PrintString)
                  00001db0    00000144     main.o (.text.Display_Waveform)
                  00001ef4    00000118     lcd_driver.o (.text.LCD_DrawRect)
                  0000200c    00000112     lcd_driver.o (.text.LCD_DrawLine)
                  0000211e    00000002     libclang_rt.builtins.a : aeabi_div0.c.obj (.text.__aeabi_idiv0)
                  00002120    00000110     dl_timer.o (.text.DL_Timer_initTimerMode)
                  00002230    00000110     dl_timer.o (.text.DL_Timer_initTwoCCPWMMode)
                  00002340    0000010c     libclang_rt.builtins.a : divdf3.S.obj (.text.__divdf3)
                  0000244c    000000f8     main.o (.text.Generate_Chord_Sample)
                  00002544    000000ec     dl_timer.o (.text.DL_Timer_initFourCCPWMMode)
                  00002630    000000ec     main.o (.text.Process_Arpeggiator)
                  0000271c    000000e4     libclang_rt.builtins.a : muldf3.S.obj (.text.__muldf3)
                  00002800    000000e0     dl_sysctl_mspm0g1x0x_g3x0x.o (.text.DL_SYSCTL_configSYSPLL)
                  000028e0    000000dc     main.o (.text.Generate_Waveform)
                  000029bc    000000d8     dl_rtc_common.o (.text.DL_RTC_Common_initCalendar)
                  00002a94    000000d8     main.o (.text.Process_Joystick)
                  00002b6c    000000d8     main.o (.text.Process_Pitch_Bend)
                  00002c44    000000c4     ti_msp_dl_config.o (.text.SYSCFG_DL_ADC_ACCEL_init)
                  00002d08    000000c0     ti_msp_dl_config.o (.text.SYSCFG_DL_initPower)
                  00002dc8    000000b0     ti_msp_dl_config.o (.text.SYSCFG_DL_SYSCTL_SYSPLL_init)
                  00002e78    000000a4     ti_msp_dl_config.o (.text.SYSCFG_DL_SYSCTL_init)
                  00002f1c    000000a2     libclang_rt.builtins.a : udivmoddi4.S.obj (.text)
                  00002fbe    00000002                            : aeabi_div0.c.obj (.text.__aeabi_ldiv0)
                  00002fc0    000000a0     lcd_driver.o (.text.LCD_FillScreen)
                  00003060    0000008c     ti_msp_dl_config.o (.text.SYSCFG_DL_ADC_JOY_init)
                  000030ec    00000084     ti_msp_dl_config.o (.text.__NVIC_SetPriority)
                  00003170    0000007c     libc.a : copy_decompress_lzss.c.obj (.text:decompress:lzss)
                  000031ec    00000074     ti_msp_dl_config.o (.text.SYSCFG_DL_PWM_AUDIO_init)
                  00003260    00000074     libclang_rt.builtins.a : comparedf2.c.obj (.text.__gedf2)
                  000032d4    0000006c     lcd_driver.o (.text.LCD_SetWindow)
                  00003340    0000006c     main.o (.text.TIMG7_IRQHandler)
                  000033ac    00000068     libclang_rt.builtins.a : comparedf2.c.obj (.text.__ledf2)
                  00003414    00000062                            : aeabi_dcmp.S.obj (.text.__aeabi_dcmp)
                  00003476    00000002     --HOLE-- [fill = 0]
                  00003478    00000060     main.o (.text.ADC1_IRQHandler)
                  000034d8    00000060     ti_msp_dl_config.o (.text.DL_ADC12_initSeqSample)
                  00003538    00000058     lcd_driver.o (.text.LCD_PrintNumber)
                  00003590    00000058     ti_msp_dl_config.o (.text.SYSCFG_DL_I2C_0_init)
                  000035e8    00000058     ti_msp_dl_config.o (.text.SYSCFG_DL_I2C_1_init)
                  00003640    00000056     libclang_rt.builtins.a : aeabi_idivmod.S.obj (.text.__aeabi_idivmod)
                  00003696    00000002     --HOLE-- [fill = 0]
                  00003698    00000054     ti_msp_dl_config.o (.text.SYSCFG_DL_TIMER_SAMPLE_init)
                  000036ec    00000054     ti_msp_dl_config.o (.text.SYSCFG_DL_init)
                  00003740    00000050     main.o (.text.ADC0_IRQHandler)
                  00003790    00000050     ti_msp_dl_config.o (.text.DL_GPIO_initPeripheralInputFunctionFeatures)
                  000037e0    00000050     lcd_driver.o (.text.LCD_WriteCommand)
                  00003830    00000050     lcd_driver.o (.text.LCD_WriteData)
                  00003880    0000004e     lcd_driver.o (.text.LCD_DrawPixel)
                  000038ce    00000002     --HOLE-- [fill = 0]
                  000038d0    0000004c     dl_adc12.o (.text.DL_ADC12_setClockConfig)
                  0000391c    0000004c     ti_msp_dl_config.o (.text.DL_GPIO_initDigitalInputFeatures)
                  00003968    0000004c     dl_sysctl_mspm0g1x0x_g3x0x.o (.text.DL_SYSCTL_switchMCLKfromSYSOSCtoHSCLK)
                  000039b4    0000004c     libc.a : snprintf.c.obj (.text.snprintf)
                  00003a00    0000004a     ti_msp_dl_config.o (.text.DL_ADC12_configConversionMem)
                  00003a4a    00000002     --HOLE-- [fill = 0]
                  00003a4c    00000048     dl_spi.o (.text.DL_SPI_init)
                  00003a94    00000042     libclang_rt.builtins.a : fixunsdfsi.S.obj (.text.__fixunsdfsi)
                  00003ad6    00000002     --HOLE-- [fill = 0]
                  00003ad8    00000040     dl_timer.o (.text.DL_Timer_setCaptureCompareOutCtl)
                  00003b18    00000040     ti_msp_dl_config.o (.text.SYSCFG_DL_SPI_LCD_init)
                  00003b58    00000040     libclang_rt.builtins.a : aeabi_uidivmod.S.obj (.text.__aeabi_uidivmod)
                  00003b98    00000040     libc.a : atoi.c.obj (.text.atoi)
                  00003bd8    0000003c     dl_timer.o (.text.DL_Timer_setCaptureCompareCtl)
                  00003c14    0000003c     dl_timer.o (.text.DL_Timer_setCounterControl)
                  00003c50    0000003c     ti_msp_dl_config.o (.text.DL_Timer_setCounterControl)
                  00003c8c    0000003c     libc.a : autoinit.c.obj (.text:__TI_auto_init_nobinit_nopinit)
                  00003cc8    0000003a     libclang_rt.builtins.a : muldsi3.S.obj (.text.__muldsi3)
                  00003d02    00000002     --HOLE-- [fill = 0]
                  00003d04    00000038     ti_msp_dl_config.o (.text.DL_Timer_setPublisherChanID)
                  00003d3c    00000034     dl_i2c.o (.text.DL_I2C_setClockConfig)
                  00003d70    00000034     dl_timer.o (.text.DL_Timer_setCaptCompUpdateMethod)
                  00003da4    00000034     dl_timer.o (.text.DL_Timer_setCaptureCompareAction)
                  00003dd8    00000034     dl_timer.o (.text.DL_Timer_setCaptureCompareInput)
                  00003e0c    00000034     dl_timer.o (.text.DL_Timer_setClockConfig)
                  00003e40    00000034     main.o (.text.HardFault_Handler)
                  00003e74    00000030     main.o (.text.DL_ADC12_getMemResult)
                  00003ea4    00000030     ti_msp_dl_config.o (.text.DL_SPI_setFIFOThreshold)
                  00003ed4    00000030     libc.a : snprintf.c.obj (.text._outs)
                  00003f04    0000002c     dl_timer.o (.text.DL_Timer_setCaptureCompareValue)
                  00003f30    0000002c     main.o (.text.__NVIC_EnableIRQ)
                  00003f5c    0000002c     libclang_rt.builtins.a : floatsidf.S.obj (.text.__floatsidf)
                  00003f88    00000028     dl_adc12.o (.text.DL_Common_updateReg)
                  00003fb0    00000028     dl_i2c.o (.text.DL_Common_updateReg)
                  00003fd8    00000028     dl_rtc_common.o (.text.DL_Common_updateReg)
                  00004000    00000028     dl_spi.o (.text.DL_Common_updateReg)
                  00004028    00000028     dl_sysctl_mspm0g1x0x_g3x0x.o (.text.DL_Common_updateReg)
                  00004050    00000028     dl_timer.o (.text.DL_Common_updateReg)
                  00004078    00000028     ti_msp_dl_config.o (.text.DL_Common_updateReg)
                  000040a0    00000028     ti_msp_dl_config.o (.text.DL_I2C_setControllerRXFIFOThreshold)
                  000040c8    00000028     ti_msp_dl_config.o (.text.DL_I2C_setControllerTXFIFOThreshold)
                  000040f0    00000028     dl_sysctl_mspm0g1x0x_g3x0x.o (.text.DL_SYSCTL_configFCC)
                  00004118    00000028     ti_msp_dl_config.o (.text.DL_SYSCTL_setPowerPolicySTANDBY0)
                  00004140    00000028     ti_msp_dl_config.o (.text.DL_Timer_enableEvent)
                  00004168    00000028     ti_msp_dl_config.o (.text.SYSCFG_DL_RTC_init)
                  00004190    00000028     libclang_rt.builtins.a : floatunsisf.S.obj (.text.__floatunsisf)
                  000041b8    00000028     libc.a : boot_cortex_m.c.obj (.text:_c_int00_noargs)
                  000041e0    00000026     ti_msp_dl_config.o (.text.DL_I2C_setAnalogGlitchFilterPulseWidth)
                  00004206    00000002     --HOLE-- [fill = 0]
                  00004208    00000024     ti_msp_dl_config.o (.text.DL_SPI_setBitRateSerialClockDivider)
                  0000422c    00000024     dl_spi.o (.text.DL_SPI_setClockConfig)
                  00004250    00000024     libclang_rt.builtins.a : floatunsidf.S.obj (.text.__floatunsidf)
                  00004274    00000024                            : muldi3.S.obj (.text.__muldi3)
                  00004298    00000022     libc.a : memccpy.c.obj (.text.memccpy)
                  000042ba    00000002     --HOLE-- [fill = 0]
                  000042bc    00000020     dl_sysctl_mspm0g1x0x_g3x0x.o (.text.DL_CORE_configInstruction)
                  000042dc    00000020     dl_rtc_common.o (.text.DL_RTC_Common_setCalendarYearBinary)
                  000042fc    00000020     ti_msp_dl_config.o (.text.DL_SYSCTL_setFlashWaitState)
                  0000431c    00000020     ti_msp_dl_config.o (.text.DL_SYSCTL_setMFPCLKSource)
                  0000433c    00000020     dl_timer.o (.text.DL_Timer_setCounterValueAfterEnable)
                  0000435c    0000001e     libclang_rt.builtins.a : ashldi3.S.obj (.text.__ashldi3)
                  0000437a    00000002     --HOLE-- [fill = 0]
                  0000437c    0000001c     ti_msp_dl_config.o (.text.DL_ADC12_clearInterruptStatus)
                  00004398    0000001c     ti_msp_dl_config.o (.text.DL_ADC12_enableInterrupt)
                  000043b4    0000001c     main.o (.text.DL_ADC12_startConversion)
                  000043d0    0000001c     ti_msp_dl_config.o (.text.DL_GPIO_enableHiZ)
                  000043ec    0000001c     ti_msp_dl_config.o (.text.DL_GPIO_initPeripheralOutputFunction)
                  00004408    0000001c     dl_rtc_common.o (.text.DL_RTC_Common_setCalendarMinutesBCD)
                  00004424    0000001c     dl_rtc_common.o (.text.DL_RTC_Common_setCalendarMinutesBinary)
                  00004440    0000001c     dl_rtc_common.o (.text.DL_RTC_Common_setCalendarMonthBCD)
                  0000445c    0000001c     dl_rtc_common.o (.text.DL_RTC_Common_setCalendarMonthBinary)
                  00004478    0000001c     dl_rtc_common.o (.text.DL_RTC_Common_setCalendarSecondsBCD)
                  00004494    0000001c     dl_rtc_common.o (.text.DL_RTC_Common_setCalendarSecondsBinary)
                  000044b0    0000001c     dl_rtc_common.o (.text.DL_RTC_Common_setCalendarYearBCD)
                  000044cc    0000001c     dl_rtc_common.o (.text.DL_RTC_Common_setClockFormat)
                  000044e8    0000001c     ti_msp_dl_config.o (.text.DL_SYSCTL_setFCCPeriods)
                  00004504    0000001c     ti_msp_dl_config.o (.text.DL_SYSCTL_setMCLKDivider)
                  00004520    0000001c     ti_msp_dl_config.o (.text.DL_SYSCTL_setSYSOSCFreq)
                  0000453c    0000001c     ti_msp_dl_config.o (.text.DL_SYSCTL_setULPCLKDivider)
                  00004558    0000001c     ti_msp_dl_config.o (.text.DL_SYSCTL_setVBOOSTConfig)
                  00004574    0000001c     ti_msp_dl_config.o (.text.DL_Timer_enableInterrupt)
                  00004590    0000001c     ti_msp_dl_config.o (.text.SYSCFG_DL_SYSCTL_CLK_init)
                  000045ac    0000001a     ti_msp_dl_config.o (.text.DL_ADC12_setSubscriberChanID)
                  000045c6    0000001a     dl_rtc_common.o (.text.DL_RTC_Common_setCalendarHoursBCD)
                  000045e0    0000001a     dl_rtc_common.o (.text.DL_RTC_Common_setCalendarHoursBinary)
                  000045fa    00000002     --HOLE-- [fill = 0]
                  000045fc    00000018     ti_msp_dl_config.o (.text.DL_ADC12_enablePower)
                  00004614    00000018     ti_msp_dl_config.o (.text.DL_ADC12_reset)
                  0000462c    00000018     ti_msp_dl_config.o (.text.DL_ADC12_setSampleTime0)
                  00004644    00000018     ti_msp_dl_config.o (.text.DL_GPIO_enableOutput)
                  0000465c    00000018     ti_msp_dl_config.o (.text.DL_GPIO_enablePower)
                  00004674    00000018     ti_msp_dl_config.o (.text.DL_GPIO_initDigitalOutput)
                  0000468c    00000018     ti_msp_dl_config.o (.text.DL_GPIO_reset)
                  000046a4    00000018     ti_msp_dl_config.o (.text.DL_GPIO_setAnalogInternalResistor)
                  000046bc    00000018     lcd_driver.o (.text.DL_GPIO_setPins)
                  000046d4    00000018     main.o (.text.DL_GPIO_setPins)
                  000046ec    00000018     ti_msp_dl_config.o (.text.DL_GPIO_setPins)
                  00004704    00000018     main.o (.text.DL_GPIO_togglePins)
                  0000471c    00000018     ti_msp_dl_config.o (.text.DL_I2C_enableAnalogGlitchFilter)
                  00004734    00000018     ti_msp_dl_config.o (.text.DL_I2C_enableController)
                  0000474c    00000018     ti_msp_dl_config.o (.text.DL_I2C_enableControllerClockStretching)
                  00004764    00000018     ti_msp_dl_config.o (.text.DL_I2C_enablePower)
                  0000477c    00000018     ti_msp_dl_config.o (.text.DL_I2C_reset)
                  00004794    00000018     ti_msp_dl_config.o (.text.DL_I2C_setTimerPeriod)
                  000047ac    00000018     ti_msp_dl_config.o (.text.DL_RTC_Common_enablePower)
                  000047c4    00000018     ti_msp_dl_config.o (.text.DL_RTC_Common_reset)
                  000047dc    00000018     ti_msp_dl_config.o (.text.DL_SPI_enable)
                  000047f4    00000018     ti_msp_dl_config.o (.text.DL_SPI_enablePower)
                  0000480c    00000018     lcd_driver.o (.text.DL_SPI_isBusy)
                  00004824    00000018     ti_msp_dl_config.o (.text.DL_SPI_reset)
                  0000483c    00000018     ti_msp_dl_config.o (.text.DL_SYSCTL_enableInterrupt)
                  00004854    00000018     ti_msp_dl_config.o (.text.DL_SYSCTL_setBORThreshold)
                  0000486c    00000018     dl_sysctl_mspm0g1x0x_g3x0x.o (.text.DL_SYSCTL_setHSCLKSource)
                  00004884    00000018     ti_msp_dl_config.o (.text.DL_Timer_enablePower)
                  0000489c    00000018     ti_msp_dl_config.o (.text.DL_Timer_reset)
                  000048b4    00000018     dl_timer.o (.text.DL_Timer_setLoadValue)
                  000048cc    00000018     main.o (.text.DL_Timer_startCounter)
                  000048e4    00000018     libc.a : snprintf.c.obj (.text._outc)
                  000048fc    00000016     main.o (.text.DL_ADC12_enableConversions)
                  00004912    00000016     ti_msp_dl_config.o (.text.DL_ADC12_enableConversions)
                  00004928    00000016     ti_msp_dl_config.o (.text.DL_GPIO_enableGlobalFastWake)
                  0000493e    00000016     lcd_driver.o (.text.DL_SPI_transmitData8)
                  00004954    00000016     libc.a : copy_zero_init.c.obj (.text:decompress:ZI:__TI_zero_init_nomemset)
                  0000496a    00000014     dl_common.o (.text.DL_Common_delayCycles)
                  0000497e    00000002     --HOLE-- [fill = 0]
                  00004980    00000014     ti_msp_dl_config.o (.text.DL_FlashCTL_enableInterrupt)
                  00004994    00000014     lcd_driver.o (.text.DL_GPIO_clearPins)
                  000049a8    00000014     main.o (.text.DL_GPIO_clearPins)
                  000049bc    00000014     ti_msp_dl_config.o (.text.DL_GPIO_clearPins)
                  000049d0    00000014     ti_msp_dl_config.o (.text.DL_I2C_resetControllerTransfer)
                  000049e4    00000014     dl_sysctl_mspm0g1x0x_g3x0x.o (.text.DL_SYSCTL_disableSYSPLL)
                  000049f8    00000014     ti_msp_dl_config.o (.text.DL_SYSCTL_disableSYSPLL)
                  00004a0c    00000014     ti_msp_dl_config.o (.text.DL_SYSCTL_enableMFCLK)
                  00004a20    00000014     dl_sysctl_mspm0g1x0x_g3x0x.o (.text.DL_SYSCTL_enableSYSPLL)
                  00004a34    00000014     ti_msp_dl_config.o (.text.DL_SYSCTL_enableSYSPLL)
                  00004a48    00000014     ti_msp_dl_config.o (.text.DL_Timer_enableClock)
                  00004a5c    00000014     ti_msp_dl_config.o (.text.DL_Timer_setCCPDirection)
                  00004a70    00000014     main.o (.text.Trigger_Note_On)
                  00004a84    00000014     libclang_rt.builtins.a : aeabi_uldivmod.S.obj (.text.__aeabi_uldivmod)
                  00004a98    00000012     main.o (.text.DL_ADC12_getPendingInterrupt)
                  00004aaa    00000012     main.o (.text.DL_Timer_getPendingInterrupt)
                  00004abc    00000012     libc.a : memcpy16.S.obj (.text:TI_memcpy_small)
                  00004ace    00000012            : copy_decompress_none.c.obj (.text:decompress:none)
                  00004ae0    00000010     dl_sysctl_mspm0g1x0x_g3x0x.o (.text.DL_CORE_getInstructionConfig)
                  00004af0    00000010     ti_msp_dl_config.o (.text.DL_SYSCTL_disableHFXT)
                  00004b00    00000010     ti_msp_dl_config.o (.text.DL_SYSCTL_enableMFPCLK)
                  00004b10    00000010     ti_msp_dl_config.o (.text.DL_SYSCTL_isFCCDone)
                  00004b20    00000010     ti_msp_dl_config.o (.text.DL_SYSCTL_startFCC)
                  00004b30    00000010     main.o (.text.Quantize_Semitones)
                  00004b40    00000010     libc.a : wcslen.c.obj (.text.wcslen)
                  00004b50    0000000e     libclang_rt.builtins.a : aeabi_memset.S.obj (.text.__aeabi_memset)
                  00004b5e    0000000e     libc.a : _printfi.c.obj (.text.strlen)
                  00004b6c    0000000e            : memset16.S.obj (.text:TI_memset_small)
                  00004b7a    00000002     --HOLE-- [fill = 0]
                  00004b7c    0000000c     dl_sysctl_mspm0g1x0x_g3x0x.o (.text.DL_SYSCTL_getClockStatus)
                  00004b88    0000000c     ti_msp_dl_config.o (.text.DL_SYSCTL_getClockStatus)
                  00004b94    0000000c     ti_msp_dl_config.o (.text.DL_SYSCTL_readFCC)
                  00004ba0    0000000c     libclang_rt.builtins.a : aeabi_memset.S.obj (.text.__aeabi_memclr)
                  00004bac    00000008     libc.a : aeabi_portable.c.obj (.text.__aeabi_errno_addr)
                  00004bb4    00000008     libclang_rt.builtins.a : aeabi_memcpy.S.obj (.text.__aeabi_memcpy)
                  00004bbc    00000006     libc.a : exit.c.obj (.text:abort)
                  00004bc2    00000004     startup_mspm0g350x_ticlang.o (.text.Default_Handler)
                  00004bc6    00000004     libsysbm.a : hostexit.c.obj (.text.HOSTexit)
                  00004bca    00000004     startup_mspm0g350x_ticlang.o (.text.Reset_Handler)
                  00004bce    00000002     --HOLE-- [fill = 0]
                  00004bd0    00000010     libc.a : boot_cortex_m.c.obj (.tramp._c_int00_noargs.1)
                  00004be0    00000004            : pre_init.c.obj (.text._system_pre_init)
                  00004be4    00000004     --HOLE-- [fill = 0]

.cinit     0    000053c0    00000038     
                  000053c0    00000010     (.cinit..data.load) [load image, compression = lzss]
                  000053d0    0000000c     (__TI_handler_table)
                  000053dc    00000008     (.cinit..bss.load) [load image, compression = zero_init]
                  000053e4    00000010     (__TI_cinit_table)
                  000053f4    00000004     --HOLE-- [fill = 0]

.rodata    0    00004bf0    000007d0     
                  00004bf0    00000222     lcd_driver.o (.rodata.font_6x8)
                  00004e12    00000200     main.o (.rodata.sine_table)
                  00005012    00000002     ti_msp_dl_config.o (.rodata.gI2C_0ClockConfig)
                  00005014    0000000c     main.o (.rodata..L__const.Display_Update.chord_names)
                  00005020    00000101     libc.a : aeabi_ctype.S.obj (.rodata:__aeabi_ctype_table_)
                  00005121    00000003     ti_msp_dl_config.o (.rodata.gPWM_AUDIOClockConfig)
                  00005124    00000064     main.o (.rodata.INSTRUMENTS)
                  00005188    00000064     main.o (.rodata.PITCH_BEND_TABLE)
                  000051ec    00000028     ti_msp_dl_config.o (.rodata.gSYSPLLConfig)
                  00005214    00000022     ti_msp_dl_config.o (.rodata..L__const.SYSCFG_DL_GPIO_init.unusedPinIndexes)
                  00005236    00000002     ti_msp_dl_config.o (.rodata.gI2C_1ClockConfig)
                  00005238    00000018     main.o (.rodata.PRESETS)
                  00005250    00000014     main.o (.rodata..L__const.Display_Update.arp_names)
                  00005264    00000014     main.o (.rodata..L__const.Display_Update.env_names)
                  00005278    00000014     ti_msp_dl_config.o (.rodata.gTIMER_SAMPLETimerConfig)
                  0000528c    00000011     libc.a : _printfi.c.obj (.rodata.str1.10348868589481759720.1)
                  0000529d    00000011            : _printfi.c.obj (.rodata.str1.15363888844622738466.1)
                  000052ae    0000000c     main.o (.rodata.str1.15159059442110792349.1)
                  000052ba    0000000b     main.o (.rodata.str1.2846389346932560359.1)
                  000052c5    0000000b     main.o (.rodata.str1.8154729771448623357.1)
                  000052d0    0000000a     ti_msp_dl_config.o (.rodata.gSPI_LCD_config)
                  000052da    0000000a     main.o (.rodata.str1.18227636981041470289.1)
                  000052e4    00000009     main.o (.rodata.CHORD_INTERVALS)
                  000052ed    00000009     main.o (.rodata.str1.11321157723316767883.1)
                  000052f6    00000002     ti_msp_dl_config.o (.rodata.gSPI_LCD_clockConfig)
                  000052f8    00000008     ti_msp_dl_config.o (.rodata.gADC_ACCELClockConfig)
                  00005300    00000008     ti_msp_dl_config.o (.rodata.gADC_JOYClockConfig)
                  00005308    00000008     ti_msp_dl_config.o (.rodata.gPWM_AUDIOConfig)
                  00005310    00000008     ti_msp_dl_config.o (.rodata.gRTCCalendarConfig)
                  00005318    00000008     main.o (.rodata.str1.14112174005742061988.1)
                  00005320    00000008     main.o (.rodata.str1.14466178792657420020.1)
                  00005328    00000008     main.o (.rodata.str1.18092426736022315238.1)
                  00005330    00000008     main.o (.rodata.str1.5043408953494467246.1)
                  00005338    00000008     main.o (.rodata.str1.8320541211001259012.1)
                  00005340    00000007     main.o (.rodata.str1.17100691992556644108.1)
                  00005347    00000006     main.o (.rodata.str1.12180500075719773345.1)
                  0000534d    00000006     main.o (.rodata.str1.288608917962107522.1)
                  00005353    00000005     main.o (.rodata.str1.13288086030101331538.1)
                  00005358    00000005     main.o (.rodata.str1.16265332423659789559.1)
                  0000535d    00000005     main.o (.rodata.str1.7702501944640899365.1)
                  00005362    00000004     main.o (.rodata.str1.10313062130652730376.1)
                  00005366    00000004     main.o (.rodata.str1.10635229749459437609.1)
                  0000536a    00000004     main.o (.rodata.str1.11702106008850790973.1)
                  0000536e    00000004     main.o (.rodata.str1.11870794119293528247.1)
                  00005372    00000004     main.o (.rodata.str1.1311392489248731986.1)
                  00005376    00000004     main.o (.rodata.str1.14079361385603432444.1)
                  0000537a    00000004     main.o (.rodata.str1.14402440632258215044.1)
                  0000537e    00000004     main.o (.rodata.str1.16631870348416990953.1)
                  00005382    00000004     main.o (.rodata.str1.2763581881760962609.1)
                  00005386    00000004     main.o (.rodata.str1.3530083166107438000.1)
                  0000538a    00000004     lcd_driver.o (.rodata.str1.4301156551425074819.1)
                  0000538e    00000004     main.o (.rodata.str1.7784929982665794503.1)
                  00005392    00000004     main.o (.rodata.str1.8096991282711418442.1)
                  00005396    00000004     main.o (.rodata.str1.9059077390166914652.1)
                  0000539a    00000003     ti_msp_dl_config.o (.rodata.gTIMER_SAMPLEClockConfig)
                  0000539d    00000003     main.o (.rodata.str1.13782249893155712474.1)
                  000053a0    00000003     main.o (.rodata.str1.15996357275703397564.1)
                  000053a3    00000003     main.o (.rodata.str1.16302215771116645891.1)
                  000053a6    00000003     main.o (.rodata.str1.17376258722486336754.1)
                  000053a9    00000003     main.o (.rodata.str1.2123964117280943167.1)
                  000053ac    00000003     main.o (.rodata.str1.6891813955777630061.1)
                  000053af    00000003     main.o (.rodata.str1.7996925722583989644.1)
                  000053b2    00000003     main.o (.rodata.str1.8108965883388295311.1)
                  000053b5    00000001     main.o (.rodata.str1.8076846746581808073.1)
                  000053b6    0000000a     --HOLE-- [fill = 0]

.init_array 
*          0    00000000    00000000     UNINITIALIZED

.binit     0    00000000    00000000     

.sysmem    0    20200000    00001000     UNINITIALIZED
                  20200000    00000010     libc.a : memory.c.obj (.sysmem)
                  20200010    00000ff0     --HOLE--

.bss       0    20201000    000001c0     UNINITIALIZED
                  20201000    000000bc     ti_msp_dl_config.o (.bss.gPWM_AUDIOBackup)
                  202010bc    000000a0     ti_msp_dl_config.o (.bss.gTIMER_SAMPLEBackup)
                  2020115c    0000003c     main.o (.bss.gSynthState)
                  20201198    00000028     ti_msp_dl_config.o (.bss.gSPI_LCDBackup)

.data      0    202011c0    000000d4     UNINITIALIZED
                  202011c0    00000080     main.o (.data.waveform_buffer)
                  20201240    00000014     main.o (.data.arpeggiator)
                  20201254    0000000c     main.o (.data.chord_increments)
                  20201260    0000000c     main.o (.data.chord_phases)
                  2020126c    0000000c     main.o (.data.envelope)
                  20201278    00000004     libc.a : aeabi_portable.c.obj (.data.__aeabi_errno)
                  2020127c    00000004     main.o (.data.base_frequency_hz)
                  20201280    00000004     main.o (.data.phase)
                  20201284    00000004     main.o (.data.phase_increment)
                  20201288    00000002     main.o (.data.tremolo_phase)
                  2020128a    00000002     main.o (.data.vibrato_phase)
                  2020128c    00000001     main.o (.data.Generate_Audio_Sample.waveform_decimate_counter)
                  2020128d    00000001     main.o (.data.Process_Pitch_Bend.prev_semitones)
                  2020128e    00000001     main.o (.data.chord_mode)
                  2020128f    00000001     main.o (.data.current_instrument)
                  20201290    00000001     main.o (.data.current_preset)
                  20201291    00000001     main.o (.data.effects_enabled)
                  20201292    00000001     main.o (.data.pitch_bend_semitones)
                  20201293    00000001     main.o (.data.waveform_write_index)

.stack     0    20207e00    00000200     UNINITIALIZED
                  20207e00    00000004     libc.a : boot_cortex_m.c.obj (.stack)
                  20207e04    000001fc     --HOLE--

__llvm_prf_cnts 
*          0    20200000    00000000     UNINITIALIZED

__llvm_prf_bits 
*          0    20200000    00000000     UNINITIALIZED

MODULE SUMMARY

       Module                         code    ro data   rw data
       ------                         ----    -------   -------
    .\
       main.o                         5532    1001      268    
       lcd_driver.o                   2230    550       0      
       startup_mspm0g350x_ticlang.o   8       192       0      
    +--+------------------------------+-------+---------+---------+
       Total:                         7770    1743      268    
                                                               
    .\syscfg\
       ti_msp_dl_config.o             4026    148       388    
    +--+------------------------------+-------+---------+---------+
       Total:                         4026    148       388    
                                                               
    .\ti\driverlib\
       dl_timer.o                     1312    0         0      
       dl_rtc_common.o                564     0         0      
       dl_spi.o                       148     0         0      
       dl_adc12.o                     116     0         0      
       dl_i2c.o                       92      0         0      
       dl_common.o                    20      0         0      
    +--+------------------------------+-------+---------+---------+
       Total:                         2252    0         0      
                                                               
    .\ti\driverlib\m0p\sysctl\
       dl_sysctl_mspm0g1x0x_g3x0x.o   504     0         0      
    +--+------------------------------+-------+---------+---------+
       Total:                         504     0         0      
                                                               
    C:\ti\ccs2040\ccs\tools\compiler\ti-cgt-armllvm_4.0.4.LTS\lib\armv6m-ti-none-eabi/c/libc.a
       _printfi.c.obj                 2166    34        0      
       aeabi_ctype.S.obj              0       257       0      
       snprintf.c.obj                 148     0         0      
       copy_decompress_lzss.c.obj     124     0         0      
       atoi.c.obj                     64      0         0      
       autoinit.c.obj                 60      0         0      
       boot_cortex_m.c.obj            56      0         0      
       memccpy.c.obj                  34      0         0      
       copy_zero_init.c.obj           22      0         0      
       copy_decompress_none.c.obj     18      0         0      
       memcpy16.S.obj                 18      0         0      
       wcslen.c.obj                   16      0         0      
       memset16.S.obj                 14      0         0      
       aeabi_portable.c.obj           8       0         4      
       exit.c.obj                     6       0         0      
       pre_init.c.obj                 4       0         0      
    +--+------------------------------+-------+---------+---------+
       Total:                         2758    291       4      
                                                               
    C:\ti\ccs2040\ccs\tools\compiler\ti-cgt-armllvm_4.0.4.LTS\lib\armv6m-ti-none-eabi/c/libsysbm.a
       hostexit.c.obj                 4       0         0      
    +--+------------------------------+-------+---------+---------+
       Total:                         4       0         0      
                                                               
    C:\ti\ccs2040\ccs\tools\compiler\ti-cgt-armllvm_4.0.4.LTS\lib\armv6m-ti-none-eabi/libclang_rt.builtins.a
       adddf3.S.obj                   402     0         0      
       divdf3.S.obj                   268     0         0      
       muldf3.S.obj                   228     0         0      
       comparedf2.c.obj               220     0         0      
       udivmoddi4.S.obj               162     0         0      
       aeabi_dcmp.S.obj               98      0         0      
       aeabi_idivmod.S.obj            86      0         0      
       fixunsdfsi.S.obj               66      0         0      
       aeabi_uidivmod.S.obj           64      0         0      
       muldsi3.S.obj                  58      0         0      
       floatsidf.S.obj                44      0         0      
       floatunsisf.S.obj              40      0         0      
       floatunsidf.S.obj              36      0         0      
       muldi3.S.obj                   36      0         0      
       ashldi3.S.obj                  30      0         0      
       aeabi_memset.S.obj             26      0         0      
       aeabi_uldivmod.S.obj           20      0         0      
       aeabi_memcpy.S.obj             8       0         0      
       aeabi_div0.c.obj               4       0         0      
    +--+------------------------------+-------+---------+---------+
       Total:                         1896    0         0      
                                                               
       Heap:                          0       0         4096   
       Stack:                         0       0         512    
       Linker Generated:              0       52        0      
    +--+------------------------------+-------+---------+---------+
       Grand Total:                   19210   2234      5268   


LINKER GENERATED COPY TABLES

__TI_cinit_table @ 000053e4 records: 2, size/record: 8, table size: 16
	.data: load addr=000053c0, load size=00000010 bytes, run addr=202011c0, run size=000000d4 bytes, compression=lzss
	.bss: load addr=000053dc, load size=00000008 bytes, run addr=20201000, run size=000001c0 bytes, compression=zero_init


LINKER GENERATED HANDLER TABLE

__TI_handler_table @ 000053d0 records: 3, size/record: 4, table size: 12
	index: 0, handler: __TI_decompress_lzss
	index: 1, handler: __TI_decompress_none
	index: 2, handler: __TI_zero_init


FAR CALL TRAMPOLINES

callee name               trampoline name
   callee addr  tramp addr   call addr  call info
--------------  -----------  ---------  ----------------
_c_int00_noargs           $Tramp$TT$L$PI$$_c_int00_noargs
   000041b9     00004bd0     00004bca   startup_mspm0g350x_ticlang.o (.text.Reset_Handler)

[1 trampolines]
[1 trampoline calls]


GLOBAL SYMBOLS: SORTED ALPHABETICALLY BY Name 

address   name                                 
-------   ----                                 
00003741  ADC0_IRQHandler                      
00003479  ADC1_IRQHandler                      
00004bc3  AES_IRQHandler                       
00004bc6  C$$EXIT                              
00004bc3  CANFD0_IRQHandler                    
00004bc3  DAC0_IRQHandler                      
000038d1  DL_ADC12_setClockConfig              
0000496b  DL_Common_delayCycles                
00003d3d  DL_I2C_setClockConfig                
000029bd  DL_RTC_Common_initCalendar           
00003a4d  DL_SPI_init                          
0000422d  DL_SPI_setClockConfig                
000040f1  DL_SYSCTL_configFCC                  
00002801  DL_SYSCTL_configSYSPLL               
00003969  DL_SYSCTL_switchMCLKfromSYSOSCtoHSCLK
00002545  DL_Timer_initFourCCPWMMode           
00002121  DL_Timer_initTimerMode               
00003d71  DL_Timer_setCaptCompUpdateMethod     
00003da5  DL_Timer_setCaptureCompareAction     
00003bd9  DL_Timer_setCaptureCompareCtl        
00003dd9  DL_Timer_setCaptureCompareInput      
00003ad9  DL_Timer_setCaptureCompareOutCtl     
00003f05  DL_Timer_setCaptureCompareValue      
00003e0d  DL_Timer_setClockConfig              
00004bc3  DMA_IRQHandler                       
00004bc3  Default_Handler                      
00004bc3  GROUP0_IRQHandler                    
00004bc3  GROUP1_IRQHandler                    
00004bc7  HOSTexit                             
00003e41  HardFault_Handler                    
00004bc3  I2C0_IRQHandler                      
00004bc3  I2C1_IRQHandler                      
0000200d  LCD_DrawLine                         
00003881  LCD_DrawPixel                        
00001ef5  LCD_DrawRect                         
00002fc1  LCD_FillScreen                       
000014e5  LCD_Init                             
00003539  LCD_PrintNumber                      
00001c31  LCD_PrintString                      
00004bc3  NMI_Handler                          
00004bc3  PendSV_Handler                       
00001c2f  Process_Buttons                      
00004bc3  RTC_IRQHandler                       
00004bcb  Reset_Handler                        
00004bc3  SPI0_IRQHandler                      
00004bc3  SPI1_IRQHandler                      
00004bc3  SVC_Handler                          
00002c45  SYSCFG_DL_ADC_ACCEL_init             
00003061  SYSCFG_DL_ADC_JOY_init               
00001745  SYSCFG_DL_GPIO_init                  
00003591  SYSCFG_DL_I2C_0_init                 
000035e9  SYSCFG_DL_I2C_1_init                 
000031ed  SYSCFG_DL_PWM_AUDIO_init             
00004169  SYSCFG_DL_RTC_init                   
00003b19  SYSCFG_DL_SPI_LCD_init               
00004591  SYSCFG_DL_SYSCTL_CLK_init            
00002dc9  SYSCFG_DL_SYSCTL_SYSPLL_init         
00002e79  SYSCFG_DL_SYSCTL_init                
00003699  SYSCFG_DL_TIMER_SAMPLE_init          
000036ed  SYSCFG_DL_init                       
00002d09  SYSCFG_DL_initPower                  
00004bc3  SysTick_Handler                      
00004bc3  TIMA0_IRQHandler                     
00004bc3  TIMA1_IRQHandler                     
00004bc3  TIMG0_IRQHandler                     
00004bc3  TIMG12_IRQHandler                    
00004bc3  TIMG6_IRQHandler                     
00003341  TIMG7_IRQHandler                     
00004bc3  TIMG8_IRQHandler                     
00004abd  TI_memcpy_small                      
00004b6d  TI_memset_small                      
00004bc3  UART0_IRQHandler                     
00004bc3  UART1_IRQHandler                     
00004bc3  UART2_IRQHandler                     
00004bc3  UART3_IRQHandler                     
20208000  __STACK_END                          
00000200  __STACK_SIZE                         
00001000  __SYSMEM_SIZE                        
00000000  __TI_ATRegion0_region_sz             
00000000  __TI_ATRegion0_src_addr              
00000000  __TI_ATRegion0_trg_addr              
00000000  __TI_ATRegion1_region_sz             
00000000  __TI_ATRegion1_src_addr              
00000000  __TI_ATRegion1_trg_addr              
00000000  __TI_ATRegion2_region_sz             
00000000  __TI_ATRegion2_src_addr              
00000000  __TI_ATRegion2_trg_addr              
000053e4  __TI_CINIT_Base                      
000053f4  __TI_CINIT_Limit                     
000053f4  __TI_CINIT_Warm                      
000053d0  __TI_Handler_Table_Base              
000053dc  __TI_Handler_Table_Limit             
00003c8d  __TI_auto_init_nobinit_nopinit       
00003171  __TI_decompress_lzss                 
00004acf  __TI_decompress_none                 
ffffffff  __TI_pprof_out_hndl                  
000000c1  __TI_printfi_nofloat                 
ffffffff  __TI_prof_data_size                  
ffffffff  __TI_prof_data_start                 
00000000  __TI_static_base__                   
00004955  __TI_zero_init_nomemset              
00001aa7  __adddf3                             
00005020  __aeabi_ctype_table_                 
00005020  __aeabi_ctype_table_C                
00003a95  __aeabi_d2uiz                        
00001aa7  __aeabi_dadd                         
00003415  __aeabi_dcmpeq                       
00003451  __aeabi_dcmpge                       
00003465  __aeabi_dcmpgt                       
0000343d  __aeabi_dcmple                       
00003429  __aeabi_dcmplt                       
00002341  __aeabi_ddiv                         
0000271d  __aeabi_dmul                         
00001a9d  __aeabi_dsub                         
20201278  __aeabi_errno                        
00004bad  __aeabi_errno_addr                   
00003f5d  __aeabi_i2d                          
00003641  __aeabi_idiv                         
0000211f  __aeabi_idiv0                        
00003641  __aeabi_idivmod                      
00002fbf  __aeabi_ldiv0                        
0000435d  __aeabi_llsl                         
00004275  __aeabi_lmul                         
00004ba1  __aeabi_memclr                       
00004ba1  __aeabi_memclr4                      
00004ba1  __aeabi_memclr8                      
00004bb5  __aeabi_memcpy                       
00004bb5  __aeabi_memcpy4                      
00004bb5  __aeabi_memcpy8                      
00004b51  __aeabi_memset                       
00004b51  __aeabi_memset4                      
00004b51  __aeabi_memset8                      
00004251  __aeabi_ui2d                         
00004191  __aeabi_ui2f                         
00003b59  __aeabi_uidiv                        
00003b59  __aeabi_uidivmod                     
00004a85  __aeabi_uldivmod                     
0000435d  __ashldi3                            
ffffffff  __binit__                            
000033ad  __cmpdf2                             
00002341  __divdf3                             
000033ad  __eqdf2                              
00003a95  __fixunsdfsi                         
00003f5d  __floatsidf                          
00004251  __floatunsidf                        
00004191  __floatunsisf                        
00003261  __gedf2                              
00003261  __gtdf2                              
000033ad  __ledf2                              
000033ad  __ltdf2                              
UNDEFED   __mpu_init                           
0000271d  __muldf3                             
00004275  __muldi3                             
00003cc9  __muldsi3                            
000033ad  __nedf2                              
20207e00  __stack                              
20200000  __start___llvm_prf_bits              
20200000  __start___llvm_prf_cnts              
20200000  __stop___llvm_prf_bits               
20200000  __stop___llvm_prf_cnts               
00001a9d  __subdf3                             
00002f1d  __udivmoddi4                         
000041b9  _c_int00_noargs                      
20200000  _sys_memory                          
UNDEFED   _system_post_cinit                   
00004be1  _system_pre_init                     
00004bbd  abort                                
00003b99  atoi                                 
ffffffff  binit                                
20201000  gPWM_AUDIOBackup                     
20201198  gSPI_LCDBackup                       
2020115c  gSynthState                          
202010bc  gTIMER_SAMPLEBackup                  
00000000  interruptVectors                     
0000127d  main                                 
00004299  memccpy                              
000039b5  snprintf                             
00004b41  wcslen                               


GLOBAL SYMBOLS: SORTED BY Symbol Address 

address   name                                 
-------   ----                                 
00000000  __TI_ATRegion0_region_sz             
00000000  __TI_ATRegion0_src_addr              
00000000  __TI_ATRegion0_trg_addr              
00000000  __TI_ATRegion1_region_sz             
00000000  __TI_ATRegion1_src_addr              
00000000  __TI_ATRegion1_trg_addr              
00000000  __TI_ATRegion2_region_sz             
00000000  __TI_ATRegion2_src_addr              
00000000  __TI_ATRegion2_trg_addr              
00000000  __TI_static_base__                   
00000000  interruptVectors                     
000000c1  __TI_printfi_nofloat                 
00000200  __STACK_SIZE                         
00001000  __SYSMEM_SIZE                        
0000127d  main                                 
000014e5  LCD_Init                             
00001745  SYSCFG_DL_GPIO_init                  
00001a9d  __aeabi_dsub                         
00001a9d  __subdf3                             
00001aa7  __adddf3                             
00001aa7  __aeabi_dadd                         
00001c2f  Process_Buttons                      
00001c31  LCD_PrintString                      
00001ef5  LCD_DrawRect                         
0000200d  LCD_DrawLine                         
0000211f  __aeabi_idiv0                        
00002121  DL_Timer_initTimerMode               
00002341  __aeabi_ddiv                         
00002341  __divdf3                             
00002545  DL_Timer_initFourCCPWMMode           
0000271d  __aeabi_dmul                         
0000271d  __muldf3                             
00002801  DL_SYSCTL_configSYSPLL               
000029bd  DL_RTC_Common_initCalendar           
00002c45  SYSCFG_DL_ADC_ACCEL_init             
00002d09  SYSCFG_DL_initPower                  
00002dc9  SYSCFG_DL_SYSCTL_SYSPLL_init         
00002e79  SYSCFG_DL_SYSCTL_init                
00002f1d  __udivmoddi4                         
00002fbf  __aeabi_ldiv0                        
00002fc1  LCD_FillScreen                       
00003061  SYSCFG_DL_ADC_JOY_init               
00003171  __TI_decompress_lzss                 
000031ed  SYSCFG_DL_PWM_AUDIO_init             
00003261  __gedf2                              
00003261  __gtdf2                              
00003341  TIMG7_IRQHandler                     
000033ad  __cmpdf2                             
000033ad  __eqdf2                              
000033ad  __ledf2                              
000033ad  __ltdf2                              
000033ad  __nedf2                              
00003415  __aeabi_dcmpeq                       
00003429  __aeabi_dcmplt                       
0000343d  __aeabi_dcmple                       
00003451  __aeabi_dcmpge                       
00003465  __aeabi_dcmpgt                       
00003479  ADC1_IRQHandler                      
00003539  LCD_PrintNumber                      
00003591  SYSCFG_DL_I2C_0_init                 
000035e9  SYSCFG_DL_I2C_1_init                 
00003641  __aeabi_idiv                         
00003641  __aeabi_idivmod                      
00003699  SYSCFG_DL_TIMER_SAMPLE_init          
000036ed  SYSCFG_DL_init                       
00003741  ADC0_IRQHandler                      
00003881  LCD_DrawPixel                        
000038d1  DL_ADC12_setClockConfig              
00003969  DL_SYSCTL_switchMCLKfromSYSOSCtoHSCLK
000039b5  snprintf                             
00003a4d  DL_SPI_init                          
00003a95  __aeabi_d2uiz                        
00003a95  __fixunsdfsi                         
00003ad9  DL_Timer_setCaptureCompareOutCtl     
00003b19  SYSCFG_DL_SPI_LCD_init               
00003b59  __aeabi_uidiv                        
00003b59  __aeabi_uidivmod                     
00003b99  atoi                                 
00003bd9  DL_Timer_setCaptureCompareCtl        
00003c8d  __TI_auto_init_nobinit_nopinit       
00003cc9  __muldsi3                            
00003d3d  DL_I2C_setClockConfig                
00003d71  DL_Timer_setCaptCompUpdateMethod     
00003da5  DL_Timer_setCaptureCompareAction     
00003dd9  DL_Timer_setCaptureCompareInput      
00003e0d  DL_Timer_setClockConfig              
00003e41  HardFault_Handler                    
00003f05  DL_Timer_setCaptureCompareValue      
00003f5d  __aeabi_i2d                          
00003f5d  __floatsidf                          
000040f1  DL_SYSCTL_configFCC                  
00004169  SYSCFG_DL_RTC_init                   
00004191  __aeabi_ui2f                         
00004191  __floatunsisf                        
000041b9  _c_int00_noargs                      
0000422d  DL_SPI_setClockConfig                
00004251  __aeabi_ui2d                         
00004251  __floatunsidf                        
00004275  __aeabi_lmul                         
00004275  __muldi3                             
00004299  memccpy                              
0000435d  __aeabi_llsl                         
0000435d  __ashldi3                            
00004591  SYSCFG_DL_SYSCTL_CLK_init            
00004955  __TI_zero_init_nomemset              
0000496b  DL_Common_delayCycles                
00004a85  __aeabi_uldivmod                     
00004abd  TI_memcpy_small                      
00004acf  __TI_decompress_none                 
00004b41  wcslen                               
00004b51  __aeabi_memset                       
00004b51  __aeabi_memset4                      
00004b51  __aeabi_memset8                      
00004b6d  TI_memset_small                      
00004ba1  __aeabi_memclr                       
00004ba1  __aeabi_memclr4                      
00004ba1  __aeabi_memclr8                      
00004bad  __aeabi_errno_addr                   
00004bb5  __aeabi_memcpy                       
00004bb5  __aeabi_memcpy4                      
00004bb5  __aeabi_memcpy8                      
00004bbd  abort                                
00004bc3  AES_IRQHandler                       
00004bc3  CANFD0_IRQHandler                    
00004bc3  DAC0_IRQHandler                      
00004bc3  DMA_IRQHandler                       
00004bc3  Default_Handler                      
00004bc3  GROUP0_IRQHandler                    
00004bc3  GROUP1_IRQHandler                    
00004bc3  I2C0_IRQHandler                      
00004bc3  I2C1_IRQHandler                      
00004bc3  NMI_Handler                          
00004bc3  PendSV_Handler                       
00004bc3  RTC_IRQHandler                       
00004bc3  SPI0_IRQHandler                      
00004bc3  SPI1_IRQHandler                      
00004bc3  SVC_Handler                          
00004bc3  SysTick_Handler                      
00004bc3  TIMA0_IRQHandler                     
00004bc3  TIMA1_IRQHandler                     
00004bc3  TIMG0_IRQHandler                     
00004bc3  TIMG12_IRQHandler                    
00004bc3  TIMG6_IRQHandler                     
00004bc3  TIMG8_IRQHandler                     
00004bc3  UART0_IRQHandler                     
00004bc3  UART1_IRQHandler                     
00004bc3  UART2_IRQHandler                     
00004bc3  UART3_IRQHandler                     
00004bc6  C$$EXIT                              
00004bc7  HOSTexit                             
00004bcb  Reset_Handler                        
00004be1  _system_pre_init                     
00005020  __aeabi_ctype_table_                 
00005020  __aeabi_ctype_table_C                
000053d0  __TI_Handler_Table_Base              
000053dc  __TI_Handler_Table_Limit             
000053e4  __TI_CINIT_Base                      
000053f4  __TI_CINIT_Limit                     
000053f4  __TI_CINIT_Warm                      
20200000  __start___llvm_prf_bits              
20200000  __start___llvm_prf_cnts              
20200000  __stop___llvm_prf_bits               
20200000  __stop___llvm_prf_cnts               
20200000  _sys_memory                          
20201000  gPWM_AUDIOBackup                     
202010bc  gTIMER_SAMPLEBackup                  
2020115c  gSynthState                          
20201198  gSPI_LCDBackup                       
20201278  __aeabi_errno                        
20207e00  __stack                              
20208000  __STACK_END                          
ffffffff  __TI_pprof_out_hndl                  
ffffffff  __TI_prof_data_size                  
ffffffff  __TI_prof_data_start                 
ffffffff  __binit__                            
ffffffff  binit                                
UNDEFED   __mpu_init                           
UNDEFED   _system_post_cinit                   

[178 symbols]
