******************************************************************************
            TI ARM Clang Linker PC v4.0.4                      
******************************************************************************
>> Linked Sat Dec 27 18:23:04 2025

OUTPUT FILE NAME:   <Motion_Music_studio.out>
ENTRY POINT SYMBOL: "_c_int00_noargs"  address: 000043d1


MEMORY CONFIGURATION

         name            origin    length      used     unused   attr    fill
----------------------  --------  ---------  --------  --------  ----  --------
  FLASH                 00000000   00020000  00005720  0001a8e0  R  X
  SRAM                  20200000   00008000  000014da  00006b26  RW X
  BCR_CONFIG            41c00000   000000ff  00000000  000000ff  R   
  BSL_CONFIG            41c00100   00000080  00000000  00000080  R   


SEGMENT ALLOCATION MAP

run origin  load origin   length   init length attrs members
----------  ----------- ---------- ----------- ----- -------
00000000    00000000    00004f28   00004f28    r-x
  00000000    00000000    000000c0   000000c0    r-- .intvecs
  000000c0    000000c0    00004e68   00004e68    r-x .text
00004f30    00004f30    000007f8   000007f8    r--
  00004f30    00004f30    000007b0   000007b0    r-- .rodata
  000056e0    000056e0    00000048   00000048    r-- .cinit
20200000    20200000    000012da   00000000    rw-
  20200000    20200000    00001000   00000000    rw- .sysmem
  20201000    20201000    000001c4   00000000    rw- .bss
  202011c4    202011c4    00000116   00000000    rw- .data
20207e00    20207e00    00000200   00000000    rw-
  20207e00    20207e00    00000200   00000000    rw- .stack


SECTION ALLOCATION MAP

 output                                  attributes/
section   page    origin      length       input sections
--------  ----  ----------  ----------   ----------------
.intvecs   0    00000000    000000c0     
                  00000000    000000c0     startup_mspm0g350x_ticlang.o (.intvecs)

.text      0    000000c0    00004e68     
                  000000c0    00000868     libc.a : _printfi.c.obj (.text:__TI_printfi_nofloat)
                  00000928    00000370     main.o (.text.Generate_Audio_Sample)
                  00000c98    00000320     main.o (.text.Display_Update)
                  00000fb8    000002e0     main.o (.text.main)
                  00001298    00000260     lcd_driver.o (.text.LCD_Init)
                  000014f8    00000260     main.o (.text.Update_Phase_Increment)
                  00001758    00000228     main.o (.text.Process_Pitch_Bend)
                  00001980    000001e4     ti_msp_dl_config.o (.text.SYSCFG_DL_GPIO_init)
                  00001b64    000001a8     main.o (.text.Process_Envelope)
                  00001d0c    00000180     lcd_driver.o (.text.LCD_PrintString)
                  00001e8c    00000138     main.o (.text.Display_Waveform)
                  00001fc4    0000012c     main.o (.text.Generate_Waveform)
                  000020f0    00000118     lcd_driver.o (.text.LCD_DrawRect)
                  00002208    00000112     lcd_driver.o (.text.LCD_DrawLine)
                  0000231a    00000002     libclang_rt.builtins.a : aeabi_div0.c.obj (.text.__aeabi_idiv0)
                  0000231c    00000110     dl_timer.o (.text.DL_Timer_initTimerMode)
                  0000242c    00000110     dl_timer.o (.text.DL_Timer_initTwoCCPWMMode)
                  0000253c    00000110     main.o (.text.Process_Joystick)
                  0000264c    000000f8     main.o (.text.Generate_Chord_Sample)
                  00002744    000000ec     dl_timer.o (.text.DL_Timer_initFourCCPWMMode)
                  00002830    000000ec     main.o (.text.Process_Arpeggiator)
                  0000291c    000000e0     dl_sysctl_mspm0g1x0x_g3x0x.o (.text.DL_SYSCTL_configSYSPLL)
                  000029fc    000000d8     dl_rtc_common.o (.text.DL_RTC_Common_initCalendar)
                  00002ad4    000000d4     ti_msp_dl_config.o (.text.SYSCFG_DL_ADC_ACCEL_init)
                  00002ba8    000000c0     ti_msp_dl_config.o (.text.SYSCFG_DL_initPower)
                  00002c68    000000b0     ti_msp_dl_config.o (.text.SYSCFG_DL_SYSCTL_SYSPLL_init)
                  00002d18    000000a4     ti_msp_dl_config.o (.text.SYSCFG_DL_SYSCTL_init)
                  00002dbc    000000a2     libclang_rt.builtins.a : udivmoddi4.S.obj (.text)
                  00002e5e    00000002                            : aeabi_div0.c.obj (.text.__aeabi_ldiv0)
                  00002e60    000000a0     lcd_driver.o (.text.LCD_FillScreen)
                  00002f00    00000090     ti_msp_dl_config.o (.text.SYSCFG_DL_ADC_JOY_init)
                  00002f90    0000008c     main.o (.text.Button_Update)
                  0000301c    00000084     ti_msp_dl_config.o (.text.__NVIC_SetPriority)
                  000030a0    0000007c     main.o (.text.Change_Preset)
                  0000311c    0000007c     main.o (.text.TIMG7_IRQHandler)
                  00003198    0000007c     libc.a : copy_decompress_lzss.c.obj (.text:decompress:lzss)
                  00003214    00000078     main.o (.text.ADC0_IRQHandler)
                  0000328c    00000074     ti_msp_dl_config.o (.text.SYSCFG_DL_PWM_AUDIO_init)
                  00003300    00000074     libclang_rt.builtins.a : comparedf2.c.obj (.text.__gedf2)
                  00003374    0000006c     lcd_driver.o (.text.LCD_SetWindow)
                  000033e0    00000068     libclang_rt.builtins.a : comparedf2.c.obj (.text.__ledf2)
                  00003448    00000062                            : aeabi_dcmp.S.obj (.text.__aeabi_dcmp)
                  000034aa    00000002     --HOLE-- [fill = 0]
                  000034ac    00000060     main.o (.text.ADC1_IRQHandler)
                  0000350c    00000060     ti_msp_dl_config.o (.text.DL_ADC12_initSeqSample)
                  0000356c    0000005c     ti_msp_dl_config.o (.text.SYSCFG_DL_init)
                  000035c8    0000005c     main.o (.text.Smooth_Frequency)
                  00003624    00000058     lcd_driver.o (.text.LCD_PrintNumber)
                  0000367c    00000058     ti_msp_dl_config.o (.text.SYSCFG_DL_I2C_0_init)
                  000036d4    00000058     ti_msp_dl_config.o (.text.SYSCFG_DL_I2C_1_init)
                  0000372c    00000056     libclang_rt.builtins.a : aeabi_idivmod.S.obj (.text.__aeabi_idivmod)
                  00003782    00000054     dl_dma.o (.text.DL_DMA_configTransfer)
                  000037d6    00000002     --HOLE-- [fill = 0]
                  000037d8    00000050     ti_msp_dl_config.o (.text.DL_GPIO_initPeripheralInputFunctionFeatures)
                  00003828    00000050     lcd_driver.o (.text.LCD_WriteCommand)
                  00003878    00000050     lcd_driver.o (.text.LCD_WriteData)
                  000038c8    00000050     ti_msp_dl_config.o (.text.SysTick_Config)
                  00003918    0000004e     lcd_driver.o (.text.LCD_DrawPixel)
                  00003966    00000002     --HOLE-- [fill = 0]
                  00003968    0000004c     dl_adc12.o (.text.DL_ADC12_setClockConfig)
                  000039b4    0000004c     ti_msp_dl_config.o (.text.DL_GPIO_initDigitalInputFeatures)
                  00003a00    0000004c     dl_sysctl_mspm0g1x0x_g3x0x.o (.text.DL_SYSCTL_switchMCLKfromSYSOSCtoHSCLK)
                  00003a4c    0000004c     libc.a : snprintf.c.obj (.text.snprintf)
                  00003a98    0000004a     ti_msp_dl_config.o (.text.DL_ADC12_configConversionMem)
                  00003ae2    00000002     --HOLE-- [fill = 0]
                  00003ae4    00000048     dl_spi.o (.text.DL_SPI_init)
                  00003b2c    00000046     dl_dma.o (.text.DL_DMA_initChannel)
                  00003b72    00000002     --HOLE-- [fill = 0]
                  00003b74    00000040     dl_timer.o (.text.DL_Timer_setCaptureCompareOutCtl)
                  00003bb4    00000040     ti_msp_dl_config.o (.text.SYSCFG_DL_SPI_LCD_init)
                  00003bf4    00000040     main.o (.text.SysTick_Handler)
                  00003c34    00000040     libclang_rt.builtins.a : aeabi_uidivmod.S.obj (.text.__aeabi_uidivmod)
                  00003c74    00000040     libc.a : atoi.c.obj (.text.atoi)
                  00003cb4    0000003c     main.o (.text.Change_Instrument)
                  00003cf0    0000003c     dl_timer.o (.text.DL_Timer_setCaptureCompareCtl)
                  00003d2c    0000003c     dl_timer.o (.text.DL_Timer_setCounterControl)
                  00003d68    0000003c     ti_msp_dl_config.o (.text.DL_Timer_setCounterControl)
                  00003da4    0000003c     ti_msp_dl_config.o (.text.SYSCFG_DL_DMA_CH1_init)
                  00003de0    0000003c     ti_msp_dl_config.o (.text.SYSCFG_DL_TIMER_SAMPLE_init)
                  00003e1c    0000003c     libc.a : autoinit.c.obj (.text:__TI_auto_init_nobinit_nopinit)
                  00003e58    0000003a     libclang_rt.builtins.a : muldsi3.S.obj (.text.__muldsi3)
                  00003e92    00000002     --HOLE-- [fill = 0]
                  00003e94    00000038     dl_dma.o (.text.DL_DMA_setTrigger)
                  00003ecc    00000034     ti_msp_dl_config.o (.text.DL_DMA_setPublisherChanID)
                  00003f00    00000034     dl_i2c.o (.text.DL_I2C_setClockConfig)
                  00003f34    00000034     dl_timer.o (.text.DL_Timer_setCaptCompUpdateMethod)
                  00003f68    00000034     dl_timer.o (.text.DL_Timer_setCaptureCompareAction)
                  00003f9c    00000034     dl_timer.o (.text.DL_Timer_setCaptureCompareInput)
                  00003fd0    00000034     dl_timer.o (.text.DL_Timer_setClockConfig)
                  00004004    00000034     main.o (.text.HardFault_Handler)
                  00004038    00000030     main.o (.text.DL_ADC12_getMemResult)
                  00004068    00000030     ti_msp_dl_config.o (.text.DL_DMA_setTransferSize)
                  00004098    00000030     ti_msp_dl_config.o (.text.DL_SPI_setFIFOThreshold)
                  000040c8    00000030     libc.a : snprintf.c.obj (.text._outs)
                  000040f8    0000002c     dl_timer.o (.text.DL_Timer_setCaptureCompareValue)
                  00004124    0000002c     main.o (.text.__NVIC_EnableIRQ)
                  00004150    00000028     dl_adc12.o (.text.DL_Common_updateReg)
                  00004178    00000028     dl_dma.o (.text.DL_Common_updateReg)
                  000041a0    00000028     dl_i2c.o (.text.DL_Common_updateReg)
                  000041c8    00000028     dl_rtc_common.o (.text.DL_Common_updateReg)
                  000041f0    00000028     dl_spi.o (.text.DL_Common_updateReg)
                  00004218    00000028     dl_sysctl_mspm0g1x0x_g3x0x.o (.text.DL_Common_updateReg)
                  00004240    00000028     dl_timer.o (.text.DL_Common_updateReg)
                  00004268    00000028     ti_msp_dl_config.o (.text.DL_Common_updateReg)
                  00004290    00000028     ti_msp_dl_config.o (.text.DL_I2C_setControllerRXFIFOThreshold)
                  000042b8    00000028     ti_msp_dl_config.o (.text.DL_I2C_setControllerTXFIFOThreshold)
                  000042e0    00000028     dl_sysctl_mspm0g1x0x_g3x0x.o (.text.DL_SYSCTL_configFCC)
                  00004308    00000028     ti_msp_dl_config.o (.text.DL_SYSCTL_setPowerPolicySTANDBY0)
                  00004330    00000028     main.o (.text.DMA_IRQHandler)
                  00004358    00000028     main.o (.text.Low_Pass_Filter)
                  00004380    00000028     ti_msp_dl_config.o (.text.SYSCFG_DL_RTC_init)
                  000043a8    00000028     libclang_rt.builtins.a : floatunsisf.S.obj (.text.__floatunsisf)
                  000043d0    00000028     libc.a : boot_cortex_m.c.obj (.text:_c_int00_noargs)
                  000043f8    00000026     main.o (.text.DL_DMA_enableChannel)
                  0000441e    00000026     ti_msp_dl_config.o (.text.DL_I2C_setAnalogGlitchFilterPulseWidth)
                  00004444    00000024     ti_msp_dl_config.o (.text.DL_SPI_setBitRateSerialClockDivider)
                  00004468    00000024     dl_spi.o (.text.DL_SPI_setClockConfig)
                  0000448c    00000024     main.o (.text.SysTick_Init)
                  000044b0    00000024     libclang_rt.builtins.a : floatunsidf.S.obj (.text.__floatunsidf)
                  000044d4    00000024                            : muldi3.S.obj (.text.__muldi3)
                  000044f8    00000022     libc.a : memccpy.c.obj (.text.memccpy)
                  0000451a    00000002     --HOLE-- [fill = 0]
                  0000451c    00000020     dl_sysctl_mspm0g1x0x_g3x0x.o (.text.DL_CORE_configInstruction)
                  0000453c    00000020     dl_rtc_common.o (.text.DL_RTC_Common_setCalendarYearBinary)
                  0000455c    00000020     ti_msp_dl_config.o (.text.DL_SYSCTL_setFlashWaitState)
                  0000457c    00000020     ti_msp_dl_config.o (.text.DL_SYSCTL_setMFPCLKSource)
                  0000459c    00000020     dl_timer.o (.text.DL_Timer_setCounterValueAfterEnable)
                  000045bc    0000001e     libclang_rt.builtins.a : ashldi3.S.obj (.text.__ashldi3)
                  000045da    00000002     --HOLE-- [fill = 0]
                  000045dc    0000001c     ti_msp_dl_config.o (.text.DL_ADC12_clearInterruptStatus)
                  000045f8    0000001c     ti_msp_dl_config.o (.text.DL_ADC12_enableEvent)
                  00004614    0000001c     ti_msp_dl_config.o (.text.DL_ADC12_enableInterrupt)
                  00004630    0000001c     main.o (.text.DL_ADC12_startConversion)
                  0000464c    0000001c     ti_msp_dl_config.o (.text.DL_DMA_enableInterrupt)
                  00004668    0000001c     ti_msp_dl_config.o (.text.DL_GPIO_enableHiZ)
                  00004684    0000001c     ti_msp_dl_config.o (.text.DL_GPIO_initPeripheralOutputFunction)
                  000046a0    0000001c     ti_msp_dl_config.o (.text.DL_GPIO_setLowerPinsInputFilter)
                  000046bc    0000001c     ti_msp_dl_config.o (.text.DL_GPIO_setLowerPinsPolarity)
                  000046d8    0000001c     dl_rtc_common.o (.text.DL_RTC_Common_setCalendarMinutesBCD)
                  000046f4    0000001c     dl_rtc_common.o (.text.DL_RTC_Common_setCalendarMinutesBinary)
                  00004710    0000001c     dl_rtc_common.o (.text.DL_RTC_Common_setCalendarMonthBCD)
                  0000472c    0000001c     dl_rtc_common.o (.text.DL_RTC_Common_setCalendarMonthBinary)
                  00004748    0000001c     dl_rtc_common.o (.text.DL_RTC_Common_setCalendarSecondsBCD)
                  00004764    0000001c     dl_rtc_common.o (.text.DL_RTC_Common_setCalendarSecondsBinary)
                  00004780    0000001c     dl_rtc_common.o (.text.DL_RTC_Common_setCalendarYearBCD)
                  0000479c    0000001c     dl_rtc_common.o (.text.DL_RTC_Common_setClockFormat)
                  000047b8    0000001c     ti_msp_dl_config.o (.text.DL_SYSCTL_setFCCPeriods)
                  000047d4    0000001c     ti_msp_dl_config.o (.text.DL_SYSCTL_setMCLKDivider)
                  000047f0    0000001c     ti_msp_dl_config.o (.text.DL_SYSCTL_setSYSOSCFreq)
                  0000480c    0000001c     ti_msp_dl_config.o (.text.DL_SYSCTL_setULPCLKDivider)
                  00004828    0000001c     ti_msp_dl_config.o (.text.DL_SYSCTL_setVBOOSTConfig)
                  00004844    0000001c     ti_msp_dl_config.o (.text.DL_Timer_enableInterrupt)
                  00004860    0000001c     ti_msp_dl_config.o (.text.SYSCFG_DL_SYSCTL_CLK_init)
                  0000487c    0000001a     ti_msp_dl_config.o (.text.DL_ADC12_setSubscriberChanID)
                  00004896    0000001a     dl_rtc_common.o (.text.DL_RTC_Common_setCalendarHoursBCD)
                  000048b0    0000001a     dl_rtc_common.o (.text.DL_RTC_Common_setCalendarHoursBinary)
                  000048ca    00000002     --HOLE-- [fill = 0]
                  000048cc    00000018     ti_msp_dl_config.o (.text.DL_ADC12_enablePower)
                  000048e4    00000018     ti_msp_dl_config.o (.text.DL_ADC12_reset)
                  000048fc    00000018     ti_msp_dl_config.o (.text.DL_ADC12_setSampleTime0)
                  00004914    00000018     ti_msp_dl_config.o (.text.DL_DMA_clearInterruptStatus)
                  0000492c    00000018     ti_msp_dl_config.o (.text.DL_GPIO_enableOutput)
                  00004944    00000018     ti_msp_dl_config.o (.text.DL_GPIO_enablePower)
                  0000495c    00000018     ti_msp_dl_config.o (.text.DL_GPIO_initDigitalOutput)
                  00004974    00000018     ti_msp_dl_config.o (.text.DL_GPIO_reset)
                  0000498c    00000018     ti_msp_dl_config.o (.text.DL_GPIO_setAnalogInternalResistor)
                  000049a4    00000018     lcd_driver.o (.text.DL_GPIO_setPins)
                  000049bc    00000018     main.o (.text.DL_GPIO_setPins)
                  000049d4    00000018     ti_msp_dl_config.o (.text.DL_GPIO_setPins)
                  000049ec    00000018     ti_msp_dl_config.o (.text.DL_GPIO_setUpperPinsPolarity)
                  00004a04    00000018     main.o (.text.DL_GPIO_togglePins)
                  00004a1c    00000018     ti_msp_dl_config.o (.text.DL_I2C_enableAnalogGlitchFilter)
                  00004a34    00000018     ti_msp_dl_config.o (.text.DL_I2C_enableController)
                  00004a4c    00000018     ti_msp_dl_config.o (.text.DL_I2C_enableControllerClockStretching)
                  00004a64    00000018     ti_msp_dl_config.o (.text.DL_I2C_enablePower)
                  00004a7c    00000018     ti_msp_dl_config.o (.text.DL_I2C_reset)
                  00004a94    00000018     ti_msp_dl_config.o (.text.DL_I2C_setTimerPeriod)
                  00004aac    00000018     ti_msp_dl_config.o (.text.DL_RTC_Common_enablePower)
                  00004ac4    00000018     ti_msp_dl_config.o (.text.DL_RTC_Common_reset)
                  00004adc    00000018     ti_msp_dl_config.o (.text.DL_SPI_enable)
                  00004af4    00000018     ti_msp_dl_config.o (.text.DL_SPI_enablePower)
                  00004b0c    00000018     lcd_driver.o (.text.DL_SPI_isBusy)
                  00004b24    00000018     ti_msp_dl_config.o (.text.DL_SPI_reset)
                  00004b3c    00000018     ti_msp_dl_config.o (.text.DL_SYSCTL_enableInterrupt)
                  00004b54    00000018     ti_msp_dl_config.o (.text.DL_SYSCTL_setBORThreshold)
                  00004b6c    00000018     dl_sysctl_mspm0g1x0x_g3x0x.o (.text.DL_SYSCTL_setHSCLKSource)
                  00004b84    00000018     ti_msp_dl_config.o (.text.DL_Timer_enablePower)
                  00004b9c    00000018     ti_msp_dl_config.o (.text.DL_Timer_reset)
                  00004bb4    00000018     dl_timer.o (.text.DL_Timer_setLoadValue)
                  00004bcc    00000018     main.o (.text.DL_Timer_startCounter)
                  00004be4    00000018     ti_msp_dl_config.o (.text.SYSCFG_DL_DMA_init)
                  00004bfc    00000018     libc.a : snprintf.c.obj (.text._outc)
                  00004c14    00000016     main.o (.text.DL_ADC12_enableConversions)
                  00004c2a    00000016     ti_msp_dl_config.o (.text.DL_ADC12_enableConversions)
                  00004c40    00000016     ti_msp_dl_config.o (.text.DL_GPIO_enableGlobalFastWake)
                  00004c56    00000016     main.o (.text.DL_GPIO_readPins)
                  00004c6c    00000016     lcd_driver.o (.text.DL_SPI_transmitData8)
                  00004c82    00000016     libc.a : copy_zero_init.c.obj (.text:decompress:ZI:__TI_zero_init_nomemset)
                  00004c98    00000014     dl_common.o (.text.DL_Common_delayCycles)
                  00004cac    00000014     ti_msp_dl_config.o (.text.DL_FlashCTL_enableInterrupt)
                  00004cc0    00000014     lcd_driver.o (.text.DL_GPIO_clearPins)
                  00004cd4    00000014     main.o (.text.DL_GPIO_clearPins)
                  00004ce8    00000014     ti_msp_dl_config.o (.text.DL_GPIO_clearPins)
                  00004cfc    00000014     ti_msp_dl_config.o (.text.DL_I2C_resetControllerTransfer)
                  00004d10    00000014     dl_sysctl_mspm0g1x0x_g3x0x.o (.text.DL_SYSCTL_disableSYSPLL)
                  00004d24    00000014     ti_msp_dl_config.o (.text.DL_SYSCTL_disableSYSPLL)
                  00004d38    00000014     ti_msp_dl_config.o (.text.DL_SYSCTL_enableMFCLK)
                  00004d4c    00000014     dl_sysctl_mspm0g1x0x_g3x0x.o (.text.DL_SYSCTL_enableSYSPLL)
                  00004d60    00000014     ti_msp_dl_config.o (.text.DL_SYSCTL_enableSYSPLL)
                  00004d74    00000014     ti_msp_dl_config.o (.text.DL_Timer_enableClock)
                  00004d88    00000014     ti_msp_dl_config.o (.text.DL_Timer_setCCPDirection)
                  00004d9c    00000014     main.o (.text.Trigger_Note_Off)
                  00004db0    00000014     main.o (.text.Trigger_Note_On)
                  00004dc4    00000014     libclang_rt.builtins.a : aeabi_uldivmod.S.obj (.text.__aeabi_uldivmod)
                  00004dd8    00000012     main.o (.text.DL_ADC12_getPendingInterrupt)
                  00004dea    00000012     main.o (.text.DL_DMA_getPendingInterrupt)
                  00004dfc    00000012     libc.a : memcpy16.S.obj (.text:TI_memcpy_small)
                  00004e0e    00000012            : copy_decompress_none.c.obj (.text:decompress:none)
                  00004e20    00000010     dl_sysctl_mspm0g1x0x_g3x0x.o (.text.DL_CORE_getInstructionConfig)
                  00004e30    00000010     ti_msp_dl_config.o (.text.DL_SYSCTL_disableHFXT)
                  00004e40    00000010     ti_msp_dl_config.o (.text.DL_SYSCTL_enableMFPCLK)
                  00004e50    00000010     ti_msp_dl_config.o (.text.DL_SYSCTL_isFCCDone)
                  00004e60    00000010     ti_msp_dl_config.o (.text.DL_SYSCTL_startFCC)
                  00004e70    00000010     ti_msp_dl_config.o (.text.SYSCFG_DL_SYSTICK_init)
                  00004e80    00000010     libc.a : wcslen.c.obj (.text.wcslen)
                  00004e90    0000000e     libclang_rt.builtins.a : aeabi_memset.S.obj (.text.__aeabi_memset)
                  00004e9e    0000000e     libc.a : _printfi.c.obj (.text.strlen)
                  00004eac    0000000e            : memset16.S.obj (.text:TI_memset_small)
                  00004eba    00000002     --HOLE-- [fill = 0]
                  00004ebc    0000000c     dl_sysctl_mspm0g1x0x_g3x0x.o (.text.DL_SYSCTL_getClockStatus)
                  00004ec8    0000000c     ti_msp_dl_config.o (.text.DL_SYSCTL_getClockStatus)
                  00004ed4    0000000c     ti_msp_dl_config.o (.text.DL_SYSCTL_readFCC)
                  00004ee0    0000000c     libclang_rt.builtins.a : aeabi_memset.S.obj (.text.__aeabi_memclr)
                  00004eec    00000008     libc.a : aeabi_portable.c.obj (.text.__aeabi_errno_addr)
                  00004ef4    00000008     libclang_rt.builtins.a : aeabi_memcpy.S.obj (.text.__aeabi_memcpy)
                  00004efc    00000006     libc.a : exit.c.obj (.text:abort)
                  00004f02    00000004     startup_mspm0g350x_ticlang.o (.text.Default_Handler)
                  00004f06    00000004     libsysbm.a : hostexit.c.obj (.text.HOSTexit)
                  00004f0a    00000004     startup_mspm0g350x_ticlang.o (.text.Reset_Handler)
                  00004f0e    00000002     --HOLE-- [fill = 0]
                  00004f10    00000010     libc.a : boot_cortex_m.c.obj (.tramp._c_int00_noargs.1)
                  00004f20    00000004            : pre_init.c.obj (.text._system_pre_init)
                  00004f24    00000004     --HOLE-- [fill = 0]

.cinit     0    000056e0    00000048     
                  000056e0    00000022     (.cinit..data.load) [load image, compression = lzss]
                  00005702    00000002     --HOLE-- [fill = 0]
                  00005704    0000000c     (__TI_handler_table)
                  00005710    00000008     (.cinit..bss.load) [load image, compression = zero_init]
                  00005718    00000010     (__TI_cinit_table)

.rodata    0    00004f30    000007b0     
                  00004f30    00000222     lcd_driver.o (.rodata.font_6x8)
                  00005152    00000200     main.o (.rodata.sine_table)
                  00005352    00000002     ti_msp_dl_config.o (.rodata.gI2C_0ClockConfig)
                  00005354    0000000c     main.o (.rodata..L__const.Display_Update.chord_names)
                  00005360    00000101     libc.a : aeabi_ctype.S.obj (.rodata:__aeabi_ctype_table_)
                  00005461    00000003     ti_msp_dl_config.o (.rodata.gPWM_AUDIOClockConfig)
                  00005464    00000064     main.o (.rodata.INSTRUMENTS)
                  000054c8    00000064     main.o (.rodata.PITCH_BEND_TABLE)
                  0000552c    00000028     ti_msp_dl_config.o (.rodata.gSYSPLLConfig)
                  00005554    00000022     ti_msp_dl_config.o (.rodata..L__const.SYSCFG_DL_GPIO_init.unusedPinIndexes)
                  00005576    00000002     ti_msp_dl_config.o (.rodata.gI2C_1ClockConfig)
                  00005578    00000018     main.o (.rodata.PRESETS)
                  00005590    00000018     ti_msp_dl_config.o (.rodata.gDMA_CH1Config)
                  000055a8    00000014     main.o (.rodata..L__const.Display_Update.arp_names)
                  000055bc    00000014     main.o (.rodata..L__const.Display_Update.env_names)
                  000055d0    00000014     ti_msp_dl_config.o (.rodata.gTIMER_SAMPLETimerConfig)
                  000055e4    00000011     libc.a : _printfi.c.obj (.rodata.str1.10348868589481759720.1)
                  000055f5    00000011            : _printfi.c.obj (.rodata.str1.15363888844622738466.1)
                  00005606    0000000a     ti_msp_dl_config.o (.rodata.gSPI_LCD_config)
                  00005610    00000009     main.o (.rodata.CHORD_INTERVALS)
                  00005619    00000009     main.o (.rodata.str1.16265332423659789559.1)
                  00005622    00000002     ti_msp_dl_config.o (.rodata.gSPI_LCD_clockConfig)
                  00005624    00000008     ti_msp_dl_config.o (.rodata.gADC_ACCELClockConfig)
                  0000562c    00000008     ti_msp_dl_config.o (.rodata.gADC_JOYClockConfig)
                  00005634    00000008     ti_msp_dl_config.o (.rodata.gPWM_AUDIOConfig)
                  0000563c    00000008     ti_msp_dl_config.o (.rodata.gRTCCalendarConfig)
                  00005644    00000008     main.o (.rodata.str1.1311392489248731986.1)
                  0000564c    00000008     main.o (.rodata.str1.14112174005742061988.1)
                  00005654    00000008     main.o (.rodata.str1.2846389346932560359.1)
                  0000565c    00000008     main.o (.rodata.str1.7702501944640899365.1)
                  00005664    00000008     main.o (.rodata.str1.7784929982665794503.1)
                  0000566c    00000008     main.o (.rodata.str1.8154729771448623357.1)
                  00005674    00000006     main.o (.rodata.str1.15159059442110792349.1)
                  0000567a    00000006     main.o (.rodata.str1.17100691992556644108.1)
                  00005680    00000006     main.o (.rodata.str1.18227636981041470289.1)
                  00005686    00000005     main.o (.rodata.SCALE_INTERVALS)
                  0000568b    00000005     main.o (.rodata.str1.12180500075719773345.1)
                  00005690    00000005     main.o (.rodata.str1.16631870348416990953.1)
                  00005695    00000005     main.o (.rodata.str1.288608917962107522.1)
                  0000569a    00000004     main.o (.rodata.str1.10635229749459437609.1)
                  0000569e    00000004     main.o (.rodata.str1.11702106008850790973.1)
                  000056a2    00000004     main.o (.rodata.str1.13288086030101331538.1)
                  000056a6    00000004     main.o (.rodata.str1.14079361385603432444.1)
                  000056aa    00000004     main.o (.rodata.str1.14402440632258215044.1)
                  000056ae    00000004     main.o (.rodata.str1.17376258722486336754.1)
                  000056b2    00000004     main.o (.rodata.str1.2123964117280943167.1)
                  000056b6    00000004     main.o (.rodata.str1.2763581881760962609.1)
                  000056ba    00000004     main.o (.rodata.str1.3530083166107438000.1)
                  000056be    00000004     lcd_driver.o (.rodata.str1.4301156551425074819.1)
                  000056c2    00000004     main.o (.rodata.str1.8076846746581808073.1)
                  000056c6    00000004     main.o (.rodata.str1.8108965883388295311.1)
                  000056ca    00000003     ti_msp_dl_config.o (.rodata.gTIMER_SAMPLEClockConfig)
                  000056cd    00000003     main.o (.rodata.str1.10313062130652730376.1)
                  000056d0    00000003     main.o (.rodata.str1.13782249893155712474.1)
                  000056d3    00000003     main.o (.rodata.str1.15996357275703397564.1)
                  000056d6    00000003     main.o (.rodata.str1.6891813955777630061.1)
                  000056d9    00000003     main.o (.rodata.str1.9059077390166914652.1)
                  000056dc    00000001     main.o (.rodata.str1.11870794119293528247.1)
                  000056dd    00000003     --HOLE-- [fill = 0]

.init_array 
*          0    00000000    00000000     UNINITIALIZED

.binit     0    00000000    00000000     

.sysmem    0    20200000    00001000     UNINITIALIZED
                  20200000    00000010     libc.a : memory.c.obj (.sysmem)
                  20200010    00000ff0     --HOLE--

.bss       0    20201000    000001c4     UNINITIALIZED
                  20201000    000000bc     ti_msp_dl_config.o (.bss.gPWM_AUDIOBackup)
                  202010bc    000000a0     ti_msp_dl_config.o (.bss.gTIMER_SAMPLEBackup)
                  2020115c    0000003c     main.o (.bss.gSynthState)
                  20201198    00000028     ti_msp_dl_config.o (.bss.gSPI_LCDBackup)
                  202011c0    00000004     main.o (.bss.gADC0_DMA_Buffer)

.data      0    202011c4    00000116     UNINITIALIZED
                  202011c4    00000080     main.o (.data.waveform_buffer)
                  20201244    00000014     main.o (.data.arpeggiator)
                  20201258    00000010     main.o (.data.Smooth_Frequency.freq_history)
                  20201268    0000000c     main.o (.data.chord_increments)
                  20201274    0000000c     main.o (.data.chord_phases)
                  20201280    0000000c     main.o (.data.envelope)
                  2020128c    00000008     main.o (.data.btn_joy_sel)
                  20201294    00000008     main.o (.data.btn_s1)
                  2020129c    00000008     main.o (.data.btn_s2)
                  202012a4    00000004     main.o (.data.DEBUG_main_loop_count)
                  202012a8    00000004     main.o (.data.DEBUG_timer_irq_count)
                  202012ac    00000004     libc.a : aeabi_portable.c.obj (.data.__aeabi_errno)
                  202012b0    00000004     main.o (.data.base_frequency_hz)
                  202012b4    00000004     main.o (.data.g_systick_count)
                  202012b8    00000004     main.o (.data.phase)
                  202012bc    00000004     main.o (.data.phase_increment)
                  202012c0    00000002     main.o (.data.Low_Pass_Filter.prev_sample)
                  202012c2    00000002     main.o (.data.Process_Pitch_Bend.filtered_x)
                  202012c4    00000002     main.o (.data.main.last_joy_count)
                  202012c6    00000002     main.o (.data.main.last_s1_count)
                  202012c8    00000002     main.o (.data.main.last_s2_count)
                  202012ca    00000002     main.o (.data.tremolo_phase)
                  202012cc    00000002     main.o (.data.vibrato_phase)
                  202012ce    00000001     main.o (.data.Generate_Audio_Sample.waveform_decimate_counter)
                  202012cf    00000001     main.o (.data.Process_Pitch_Bend.last_target)
                  202012d0    00000001     main.o (.data.Process_Pitch_Bend.stable_count)
                  202012d1    00000001     main.o (.data.Process_Pitch_Bend.target_octave)
                  202012d2    00000001     main.o (.data.Smooth_Frequency.freq_index)
                  202012d3    00000001     main.o (.data.chord_mode)
                  202012d4    00000001     main.o (.data.current_instrument)
                  202012d5    00000001     main.o (.data.current_preset)
                  202012d6    00000001     main.o (.data.effects_enabled)
                  202012d7    00000001     main.o (.data.gADC0_DMA_Complete)
                  202012d8    00000001     main.o (.data.pitch_bend_semitones)
                  202012d9    00000001     main.o (.data.waveform_write_index)

.stack     0    20207e00    00000200     UNINITIALIZED
                  20207e00    00000004     libc.a : boot_cortex_m.c.obj (.stack)
                  20207e04    000001fc     --HOLE--

__llvm_prf_cnts 
*          0    20200000    00000000     UNINITIALIZED

__llvm_prf_bits 
*          0    20200000    00000000     UNINITIALIZED

MODULE SUMMARY

       Module                         code    ro data   rw data
       ------                         ----    -------   -------
    .\
       main.o                         6726    952       338    
       lcd_driver.o                   2230    550       0      
       startup_mspm0g350x_ticlang.o   8       192       0      
    +--+------------------------------+-------+---------+---------+
       Total:                         8964    1694      338    
                                                               
    .\syscfg\
       ti_msp_dl_config.o             4426    172       388    
    +--+------------------------------+-------+---------+---------+
       Total:                         4426    172       388    
                                                               
    .\ti\driverlib\
       dl_timer.o                     1312    0         0      
       dl_rtc_common.o                564     0         0      
       dl_dma.o                       250     0         0      
       dl_spi.o                       148     0         0      
       dl_adc12.o                     116     0         0      
       dl_i2c.o                       92      0         0      
       dl_common.o                    20      0         0      
    +--+------------------------------+-------+---------+---------+
       Total:                         2502    0         0      
                                                               
    .\ti\driverlib\m0p\sysctl\
       dl_sysctl_mspm0g1x0x_g3x0x.o   504     0         0      
    +--+------------------------------+-------+---------+---------+
       Total:                         504     0         0      
                                                               
    C:\ti\ccs2040\ccs\tools\compiler\ti-cgt-armllvm_4.0.4.LTS\lib\armv6m-ti-none-eabi/c/libc.a
       _printfi.c.obj                 2166    34        0      
       aeabi_ctype.S.obj              0       257       0      
       snprintf.c.obj                 148     0         0      
       copy_decompress_lzss.c.obj     124     0         0      
       atoi.c.obj                     64      0         0      
       autoinit.c.obj                 60      0         0      
       boot_cortex_m.c.obj            56      0         0      
       memccpy.c.obj                  34      0         0      
       copy_zero_init.c.obj           22      0         0      
       copy_decompress_none.c.obj     18      0         0      
       memcpy16.S.obj                 18      0         0      
       wcslen.c.obj                   16      0         0      
       memset16.S.obj                 14      0         0      
       aeabi_portable.c.obj           8       0         4      
       exit.c.obj                     6       0         0      
       pre_init.c.obj                 4       0         0      
    +--+------------------------------+-------+---------+---------+
       Total:                         2758    291       4      
                                                               
    C:\ti\ccs2040\ccs\tools\compiler\ti-cgt-armllvm_4.0.4.LTS\lib\armv6m-ti-none-eabi/c/libsysbm.a
       hostexit.c.obj                 4       0         0      
    +--+------------------------------+-------+---------+---------+
       Total:                         4       0         0      
                                                               
    C:\ti\ccs2040\ccs\tools\compiler\ti-cgt-armllvm_4.0.4.LTS\lib\armv6m-ti-none-eabi/libclang_rt.builtins.a
       comparedf2.c.obj               220     0         0      
       udivmoddi4.S.obj               162     0         0      
       aeabi_dcmp.S.obj               98      0         0      
       aeabi_idivmod.S.obj            86      0         0      
       aeabi_uidivmod.S.obj           64      0         0      
       muldsi3.S.obj                  58      0         0      
       floatunsisf.S.obj              40      0         0      
       floatunsidf.S.obj              36      0         0      
       muldi3.S.obj                   36      0         0      
       ashldi3.S.obj                  30      0         0      
       aeabi_memset.S.obj             26      0         0      
       aeabi_uldivmod.S.obj           20      0         0      
       aeabi_memcpy.S.obj             8       0         0      
       aeabi_div0.c.obj               4       0         0      
    +--+------------------------------+-------+---------+---------+
       Total:                         888     0         0      
                                                               
       Heap:                          0       0         4096   
       Stack:                         0       0         512    
       Linker Generated:              0       70        0      
    +--+------------------------------+-------+---------+---------+
       Grand Total:                   20046   2227      5338   


LINKER GENERATED COPY TABLES

__TI_cinit_table @ 00005718 records: 2, size/record: 8, table size: 16
	.data: load addr=000056e0, load size=00000022 bytes, run addr=202011c4, run size=00000116 bytes, compression=lzss
	.bss: load addr=00005710, load size=00000008 bytes, run addr=20201000, run size=000001c4 bytes, compression=zero_init


LINKER GENERATED HANDLER TABLE

__TI_handler_table @ 00005704 records: 3, size/record: 4, table size: 12
	index: 0, handler: __TI_decompress_lzss
	index: 1, handler: __TI_decompress_none
	index: 2, handler: __TI_zero_init


FAR CALL TRAMPOLINES

callee name               trampoline name
   callee addr  tramp addr   call addr  call info
--------------  -----------  ---------  ----------------
_c_int00_noargs           $Tramp$TT$L$PI$$_c_int00_noargs
   000043d1     00004f10     00004f0a   startup_mspm0g350x_ticlang.o (.text.Reset_Handler)

[1 trampolines]
[1 trampoline calls]


GLOBAL SYMBOLS: SORTED ALPHABETICALLY BY Name 

address   name                                 
-------   ----                                 
00003215  ADC0_IRQHandler                      
000034ad  ADC1_IRQHandler                      
00004f03  AES_IRQHandler                       
00004f06  C$$EXIT                              
00004f03  CANFD0_IRQHandler                    
00003cb5  Change_Instrument                    
000030a1  Change_Preset                        
00004f03  DAC0_IRQHandler                      
202012a4  DEBUG_main_loop_count                
202012a8  DEBUG_timer_irq_count                
00003969  DL_ADC12_setClockConfig              
00004c99  DL_Common_delayCycles                
00003b2d  DL_DMA_initChannel                   
00003f01  DL_I2C_setClockConfig                
000029fd  DL_RTC_Common_initCalendar           
00003ae5  DL_SPI_init                          
00004469  DL_SPI_setClockConfig                
000042e1  DL_SYSCTL_configFCC                  
0000291d  DL_SYSCTL_configSYSPLL               
00003a01  DL_SYSCTL_switchMCLKfromSYSOSCtoHSCLK
00002745  DL_Timer_initFourCCPWMMode           
0000231d  DL_Timer_initTimerMode               
00003f35  DL_Timer_setCaptCompUpdateMethod     
00003f69  DL_Timer_setCaptureCompareAction     
00003cf1  DL_Timer_setCaptureCompareCtl        
00003f9d  DL_Timer_setCaptureCompareInput      
00003b75  DL_Timer_setCaptureCompareOutCtl     
000040f9  DL_Timer_setCaptureCompareValue      
00003fd1  DL_Timer_setClockConfig              
00004331  DMA_IRQHandler                       
00004f03  Default_Handler                      
00004f03  GROUP0_IRQHandler                    
00004f03  GROUP1_IRQHandler                    
00004f07  HOSTexit                             
00004005  HardFault_Handler                    
00004f03  I2C0_IRQHandler                      
00004f03  I2C1_IRQHandler                      
00002209  LCD_DrawLine                         
00003919  LCD_DrawPixel                        
000020f1  LCD_DrawRect                         
00002e61  LCD_FillScreen                       
00001299  LCD_Init                             
00003625  LCD_PrintNumber                      
00001d0d  LCD_PrintString                      
00004f03  NMI_Handler                          
00004f03  PendSV_Handler                       
00004f03  RTC_IRQHandler                       
00004f0b  Reset_Handler                        
00004f03  SPI0_IRQHandler                      
00004f03  SPI1_IRQHandler                      
00004f03  SVC_Handler                          
00002ad5  SYSCFG_DL_ADC_ACCEL_init             
00002f01  SYSCFG_DL_ADC_JOY_init               
00003da5  SYSCFG_DL_DMA_CH1_init               
00004be5  SYSCFG_DL_DMA_init                   
00001981  SYSCFG_DL_GPIO_init                  
0000367d  SYSCFG_DL_I2C_0_init                 
000036d5  SYSCFG_DL_I2C_1_init                 
0000328d  SYSCFG_DL_PWM_AUDIO_init             
00004381  SYSCFG_DL_RTC_init                   
00003bb5  SYSCFG_DL_SPI_LCD_init               
00004861  SYSCFG_DL_SYSCTL_CLK_init            
00002c69  SYSCFG_DL_SYSCTL_SYSPLL_init         
00002d19  SYSCFG_DL_SYSCTL_init                
00004e71  SYSCFG_DL_SYSTICK_init               
00003de1  SYSCFG_DL_TIMER_SAMPLE_init          
0000356d  SYSCFG_DL_init                       
00002ba9  SYSCFG_DL_initPower                  
00003bf5  SysTick_Handler                      
00004f03  TIMA0_IRQHandler                     
00004f03  TIMA1_IRQHandler                     
00004f03  TIMG0_IRQHandler                     
00004f03  TIMG12_IRQHandler                    
00004f03  TIMG6_IRQHandler                     
0000311d  TIMG7_IRQHandler                     
00004f03  TIMG8_IRQHandler                     
00004dfd  TI_memcpy_small                      
00004ead  TI_memset_small                      
00004d9d  Trigger_Note_Off                     
00004db1  Trigger_Note_On                      
00004f03  UART0_IRQHandler                     
00004f03  UART1_IRQHandler                     
00004f03  UART2_IRQHandler                     
00004f03  UART3_IRQHandler                     
20208000  __STACK_END                          
00000200  __STACK_SIZE                         
00001000  __SYSMEM_SIZE                        
00000000  __TI_ATRegion0_region_sz             
00000000  __TI_ATRegion0_src_addr              
00000000  __TI_ATRegion0_trg_addr              
00000000  __TI_ATRegion1_region_sz             
00000000  __TI_ATRegion1_src_addr              
00000000  __TI_ATRegion1_trg_addr              
00000000  __TI_ATRegion2_region_sz             
00000000  __TI_ATRegion2_src_addr              
00000000  __TI_ATRegion2_trg_addr              
00005718  __TI_CINIT_Base                      
00005728  __TI_CINIT_Limit                     
00005728  __TI_CINIT_Warm                      
00005704  __TI_Handler_Table_Base              
00005710  __TI_Handler_Table_Limit             
00003e1d  __TI_auto_init_nobinit_nopinit       
00003199  __TI_decompress_lzss                 
00004e0f  __TI_decompress_none                 
ffffffff  __TI_pprof_out_hndl                  
000000c1  __TI_printfi_nofloat                 
ffffffff  __TI_prof_data_size                  
ffffffff  __TI_prof_data_start                 
00000000  __TI_static_base__                   
00004c83  __TI_zero_init_nomemset              
00005360  __aeabi_ctype_table_                 
00005360  __aeabi_ctype_table_C                
00003449  __aeabi_dcmpeq                       
00003485  __aeabi_dcmpge                       
00003499  __aeabi_dcmpgt                       
00003471  __aeabi_dcmple                       
0000345d  __aeabi_dcmplt                       
202012ac  __aeabi_errno                        
00004eed  __aeabi_errno_addr                   
0000372d  __aeabi_idiv                         
0000231b  __aeabi_idiv0                        
0000372d  __aeabi_idivmod                      
00002e5f  __aeabi_ldiv0                        
000045bd  __aeabi_llsl                         
000044d5  __aeabi_lmul                         
00004ee1  __aeabi_memclr                       
00004ee1  __aeabi_memclr4                      
00004ee1  __aeabi_memclr8                      
00004ef5  __aeabi_memcpy                       
00004ef5  __aeabi_memcpy4                      
00004ef5  __aeabi_memcpy8                      
00004e91  __aeabi_memset                       
00004e91  __aeabi_memset4                      
00004e91  __aeabi_memset8                      
000044b1  __aeabi_ui2d                         
000043a9  __aeabi_ui2f                         
00003c35  __aeabi_uidiv                        
00003c35  __aeabi_uidivmod                     
00004dc5  __aeabi_uldivmod                     
000045bd  __ashldi3                            
ffffffff  __binit__                            
000033e1  __cmpdf2                             
000033e1  __eqdf2                              
000044b1  __floatunsidf                        
000043a9  __floatunsisf                        
00003301  __gedf2                              
00003301  __gtdf2                              
000033e1  __ledf2                              
000033e1  __ltdf2                              
UNDEFED   __mpu_init                           
000044d5  __muldi3                             
00003e59  __muldsi3                            
000033e1  __nedf2                              
20207e00  __stack                              
20200000  __start___llvm_prf_bits              
20200000  __start___llvm_prf_cnts              
20200000  __stop___llvm_prf_bits               
20200000  __stop___llvm_prf_cnts               
00002dbd  __udivmoddi4                         
000043d1  _c_int00_noargs                      
20200000  _sys_memory                          
UNDEFED   _system_post_cinit                   
00004f21  _system_pre_init                     
00004efd  abort                                
00003c75  atoi                                 
ffffffff  binit                                
20201000  gPWM_AUDIOBackup                     
20201198  gSPI_LCDBackup                       
2020115c  gSynthState                          
202010bc  gTIMER_SAMPLEBackup                  
202012b4  g_systick_count                      
00000000  interruptVectors                     
00000fb9  main                                 
000044f9  memccpy                              
00003a4d  snprintf                             
00004e81  wcslen                               


GLOBAL SYMBOLS: SORTED BY Symbol Address 

address   name                                 
-------   ----                                 
00000000  __TI_ATRegion0_region_sz             
00000000  __TI_ATRegion0_src_addr              
00000000  __TI_ATRegion0_trg_addr              
00000000  __TI_ATRegion1_region_sz             
00000000  __TI_ATRegion1_src_addr              
00000000  __TI_ATRegion1_trg_addr              
00000000  __TI_ATRegion2_region_sz             
00000000  __TI_ATRegion2_src_addr              
00000000  __TI_ATRegion2_trg_addr              
00000000  __TI_static_base__                   
00000000  interruptVectors                     
000000c1  __TI_printfi_nofloat                 
00000200  __STACK_SIZE                         
00000fb9  main                                 
00001000  __SYSMEM_SIZE                        
00001299  LCD_Init                             
00001981  SYSCFG_DL_GPIO_init                  
00001d0d  LCD_PrintString                      
000020f1  LCD_DrawRect                         
00002209  LCD_DrawLine                         
0000231b  __aeabi_idiv0                        
0000231d  DL_Timer_initTimerMode               
00002745  DL_Timer_initFourCCPWMMode           
0000291d  DL_SYSCTL_configSYSPLL               
000029fd  DL_RTC_Common_initCalendar           
00002ad5  SYSCFG_DL_ADC_ACCEL_init             
00002ba9  SYSCFG_DL_initPower                  
00002c69  SYSCFG_DL_SYSCTL_SYSPLL_init         
00002d19  SYSCFG_DL_SYSCTL_init                
00002dbd  __udivmoddi4                         
00002e5f  __aeabi_ldiv0                        
00002e61  LCD_FillScreen                       
00002f01  SYSCFG_DL_ADC_JOY_init               
000030a1  Change_Preset                        
0000311d  TIMG7_IRQHandler                     
00003199  __TI_decompress_lzss                 
00003215  ADC0_IRQHandler                      
0000328d  SYSCFG_DL_PWM_AUDIO_init             
00003301  __gedf2                              
00003301  __gtdf2                              
000033e1  __cmpdf2                             
000033e1  __eqdf2                              
000033e1  __ledf2                              
000033e1  __ltdf2                              
000033e1  __nedf2                              
00003449  __aeabi_dcmpeq                       
0000345d  __aeabi_dcmplt                       
00003471  __aeabi_dcmple                       
00003485  __aeabi_dcmpge                       
00003499  __aeabi_dcmpgt                       
000034ad  ADC1_IRQHandler                      
0000356d  SYSCFG_DL_init                       
00003625  LCD_PrintNumber                      
0000367d  SYSCFG_DL_I2C_0_init                 
000036d5  SYSCFG_DL_I2C_1_init                 
0000372d  __aeabi_idiv                         
0000372d  __aeabi_idivmod                      
00003919  LCD_DrawPixel                        
00003969  DL_ADC12_setClockConfig              
00003a01  DL_SYSCTL_switchMCLKfromSYSOSCtoHSCLK
00003a4d  snprintf                             
00003ae5  DL_SPI_init                          
00003b2d  DL_DMA_initChannel                   
00003b75  DL_Timer_setCaptureCompareOutCtl     
00003bb5  SYSCFG_DL_SPI_LCD_init               
00003bf5  SysTick_Handler                      
00003c35  __aeabi_uidiv                        
00003c35  __aeabi_uidivmod                     
00003c75  atoi                                 
00003cb5  Change_Instrument                    
00003cf1  DL_Timer_setCaptureCompareCtl        
00003da5  SYSCFG_DL_DMA_CH1_init               
00003de1  SYSCFG_DL_TIMER_SAMPLE_init          
00003e1d  __TI_auto_init_nobinit_nopinit       
00003e59  __muldsi3                            
00003f01  DL_I2C_setClockConfig                
00003f35  DL_Timer_setCaptCompUpdateMethod     
00003f69  DL_Timer_setCaptureCompareAction     
00003f9d  DL_Timer_setCaptureCompareInput      
00003fd1  DL_Timer_setClockConfig              
00004005  HardFault_Handler                    
000040f9  DL_Timer_setCaptureCompareValue      
000042e1  DL_SYSCTL_configFCC                  
00004331  DMA_IRQHandler                       
00004381  SYSCFG_DL_RTC_init                   
000043a9  __aeabi_ui2f                         
000043a9  __floatunsisf                        
000043d1  _c_int00_noargs                      
00004469  DL_SPI_setClockConfig                
000044b1  __aeabi_ui2d                         
000044b1  __floatunsidf                        
000044d5  __aeabi_lmul                         
000044d5  __muldi3                             
000044f9  memccpy                              
000045bd  __aeabi_llsl                         
000045bd  __ashldi3                            
00004861  SYSCFG_DL_SYSCTL_CLK_init            
00004be5  SYSCFG_DL_DMA_init                   
00004c83  __TI_zero_init_nomemset              
00004c99  DL_Common_delayCycles                
00004d9d  Trigger_Note_Off                     
00004db1  Trigger_Note_On                      
00004dc5  __aeabi_uldivmod                     
00004dfd  TI_memcpy_small                      
00004e0f  __TI_decompress_none                 
00004e71  SYSCFG_DL_SYSTICK_init               
00004e81  wcslen                               
00004e91  __aeabi_memset                       
00004e91  __aeabi_memset4                      
00004e91  __aeabi_memset8                      
00004ead  TI_memset_small                      
00004ee1  __aeabi_memclr                       
00004ee1  __aeabi_memclr4                      
00004ee1  __aeabi_memclr8                      
00004eed  __aeabi_errno_addr                   
00004ef5  __aeabi_memcpy                       
00004ef5  __aeabi_memcpy4                      
00004ef5  __aeabi_memcpy8                      
00004efd  abort                                
00004f03  AES_IRQHandler                       
00004f03  CANFD0_IRQHandler                    
00004f03  DAC0_IRQHandler                      
00004f03  Default_Handler                      
00004f03  GROUP0_IRQHandler                    
00004f03  GROUP1_IRQHandler                    
00004f03  I2C0_IRQHandler                      
00004f03  I2C1_IRQHandler                      
00004f03  NMI_Handler                          
00004f03  PendSV_Handler                       
00004f03  RTC_IRQHandler                       
00004f03  SPI0_IRQHandler                      
00004f03  SPI1_IRQHandler                      
00004f03  SVC_Handler                          
00004f03  TIMA0_IRQHandler                     
00004f03  TIMA1_IRQHandler                     
00004f03  TIMG0_IRQHandler                     
00004f03  TIMG12_IRQHandler                    
00004f03  TIMG6_IRQHandler                     
00004f03  TIMG8_IRQHandler                     
00004f03  UART0_IRQHandler                     
00004f03  UART1_IRQHandler                     
00004f03  UART2_IRQHandler                     
00004f03  UART3_IRQHandler                     
00004f06  C$$EXIT                              
00004f07  HOSTexit                             
00004f0b  Reset_Handler                        
00004f21  _system_pre_init                     
00005360  __aeabi_ctype_table_                 
00005360  __aeabi_ctype_table_C                
00005704  __TI_Handler_Table_Base              
00005710  __TI_Handler_Table_Limit             
00005718  __TI_CINIT_Base                      
00005728  __TI_CINIT_Limit                     
00005728  __TI_CINIT_Warm                      
20200000  __start___llvm_prf_bits              
20200000  __start___llvm_prf_cnts              
20200000  __stop___llvm_prf_bits               
20200000  __stop___llvm_prf_cnts               
20200000  _sys_memory                          
20201000  gPWM_AUDIOBackup                     
202010bc  gTIMER_SAMPLEBackup                  
2020115c  gSynthState                          
20201198  gSPI_LCDBackup                       
202012a4  DEBUG_main_loop_count                
202012a8  DEBUG_timer_irq_count                
202012ac  __aeabi_errno                        
202012b4  g_systick_count                      
20207e00  __stack                              
20208000  __STACK_END                          
ffffffff  __TI_pprof_out_hndl                  
ffffffff  __TI_prof_data_size                  
ffffffff  __TI_prof_data_start                 
ffffffff  __binit__                            
ffffffff  binit                                
UNDEFED   __mpu_init                           
UNDEFED   _system_post_cinit                   

[176 symbols]
