******************************************************************************
            TI ARM Clang Linker PC v4.0.4                      
******************************************************************************
>> Linked Sun Dec 28 20:21:55 2025

OUTPUT FILE NAME:   <Motion_Music_studio.out>
ENTRY POINT SYMBOL: "_c_int00_noargs"  address: 00004b51


MEMORY CONFIGURATION

         name            origin    length      used     unused   attr    fill
----------------------  --------  ---------  --------  --------  ----  --------
  FLASH                 00000000   00020000  00006080  00019f80  R  X
  SRAM                  20200000   00008000  00001500  00006b00  RW X
  BCR_CONFIG            41c00000   000000ff  00000000  000000ff  R   
  BSL_CONFIG            41c00100   00000080  00000000  00000080  R   


SEGMENT ALLOCATION MAP

run origin  load origin   length   init length attrs members
----------  ----------- ---------- ----------- ----- -------
00000000    00000000    00006080   00006080    r-x
  00000000    00000000    000000c0   000000c0    r-- .intvecs
  000000c0    000000c0    000056c0   000056c0    r-x .text
  00005780    00005780    00000880   00000880    r-- .rodata
  00006000    00006000    00000080   00000080    r-- .cinit
20200000    20200000    00001300   00000000    rw-
  20200000    20200000    00001000   00000000    rw- .sysmem
  20201000    20201000    000001c4   00000000    rw- .bss
  202011c4    202011c4    0000013c   00000000    rw- .data
20207e00    20207e00    00000200   00000000    rw-
  20207e00    20207e00    00000200   00000000    rw- .stack


SECTION ALLOCATION MAP

 output                                  attributes/
section   page    origin      length       input sections
--------  ----  ----------  ----------   ----------------
.intvecs   0    00000000    000000c0     
                  00000000    000000c0     startup_mspm0g350x_ticlang.o (.intvecs)

.text      0    000000c0    000056c0     
                  000000c0    00000868     libc.a : _printfi.c.obj (.text:__TI_printfi_nofloat)
                  00000928    000004dc     main.o (.text.Display_Update)
                  00000e04    000003c4     main.o (.text.main)
                  000011c8    00000360     main.o (.text.Generate_Audio_Sample)
                  00001528    0000028c     main.o (.text.Update_Phase_Increment)
                  000017b4    00000260     lcd_driver.o (.text.LCD_Init)
                  00001a14    000001e4     ti_msp_dl_config.o (.text.SYSCFG_DL_GPIO_init)
                  00001bf8    000001a8     main.o (.text.Process_Envelope)
                  00001da0    00000198     main.o (.text.Button_StateMachine_Update)
                  00001f38    00000180     lcd_driver.o (.text.LCD_PrintString)
                  000020b8    0000016c     main.o (.text.Process_Scale_Position)
                  00002224    00000138     main.o (.text.Display_Waveform)
                  0000235c    0000012c     main.o (.text.Process_Musical_Controls)
                  00002488    00000118     lcd_driver.o (.text.LCD_DrawRect)
                  000025a0    00000112     lcd_driver.o (.text.LCD_DrawLine)
                  000026b2    00000002     libclang_rt.builtins.a : aeabi_div0.c.obj (.text.__aeabi_idiv0)
                  000026b4    00000110     dl_timer.o (.text.DL_Timer_initTimerMode)
                  000027c4    00000110     dl_timer.o (.text.DL_Timer_initTwoCCPWMMode)
                  000028d4    00000100     main.o (.text.Generate_Waveform)
                  000029d4    00000100     main.o (.text.Process_Key_Selection)
                  00002ad4    000000f0     main.o (.text.Generate_Chord_Sample)
                  00002bc4    000000ec     dl_timer.o (.text.DL_Timer_initFourCCPWMMode)
                  00002cb0    000000e0     dl_sysctl_mspm0g1x0x_g3x0x.o (.text.DL_SYSCTL_configSYSPLL)
                  00002d90    000000d8     dl_rtc_common.o (.text.DL_RTC_Common_initCalendar)
                  00002e68    000000d4     ti_msp_dl_config.o (.text.SYSCFG_DL_ADC_ACCEL_init)
                  00002f3c    000000d4     ti_msp_dl_config.o (.text.SYSCFG_DL_initPower)
                  00003010    000000c8     main.o (.text.Calculate_Scale_Frequency)
                  000030d8    000000b8     main.o (.text.Process_Accelerometer)
                  00003190    000000b0     ti_msp_dl_config.o (.text.SYSCFG_DL_SYSCTL_SYSPLL_init)
                  00003240    000000a4     ti_msp_dl_config.o (.text.SYSCFG_DL_SYSCTL_init)
                  000032e4    000000a2     libclang_rt.builtins.a : udivmoddi4.S.obj (.text)
                  00003386    00000002                            : aeabi_div0.c.obj (.text.__aeabi_ldiv0)
                  00003388    000000a0     lcd_driver.o (.text.LCD_FillScreen)
                  00003428    0000009c     main.o (.text.TIMG7_IRQHandler)
                  000034c4    00000094     main.o (.text.Display_Scale_Info)
                  00003558    00000090     ti_msp_dl_config.o (.text.SYSCFG_DL_ADC_JOY_init)
                  000035e8    0000008c     main.o (.text.Process_Portamento)
                  00003674    00000084     main.o (.text.__NVIC_SetPriority)
                  000036f8    00000084     ti_msp_dl_config.o (.text.__NVIC_SetPriority)
                  0000377c    0000007c     main.o (.text.Change_Preset)
                  000037f8    0000007c     libc.a : copy_decompress_lzss.c.obj (.text:decompress:lzss)
                  00003874    00000074     ti_msp_dl_config.o (.text.SYSCFG_DL_PWM_AUDIO_init)
                  000038e8    00000074     libclang_rt.builtins.a : comparedf2.c.obj (.text.__gedf2)
                  0000395c    0000006c     main.o (.text.Debug_LED_Update)
                  000039c8    0000006c     lcd_driver.o (.text.LCD_SetWindow)
                  00003a34    00000068     libclang_rt.builtins.a : comparedf2.c.obj (.text.__ledf2)
                  00003a9c    00000064     ti_msp_dl_config.o (.text.SYSCFG_DL_init)
                  00003b00    00000062     libclang_rt.builtins.a : aeabi_dcmp.S.obj (.text.__aeabi_dcmp)
                  00003b62    00000002     --HOLE-- [fill = 0]
                  00003b64    00000060     main.o (.text.ADC1_IRQHandler)
                  00003bc4    00000060     ti_msp_dl_config.o (.text.DL_ADC12_initSeqSample)
                  00003c24    00000058     lcd_driver.o (.text.LCD_PrintNumber)
                  00003c7c    00000058     ti_msp_dl_config.o (.text.SYSCFG_DL_I2C_0_init)
                  00003cd4    00000058     ti_msp_dl_config.o (.text.SYSCFG_DL_I2C_1_init)
                  00003d2c    00000056     libclang_rt.builtins.a : aeabi_idivmod.S.obj (.text.__aeabi_idivmod)
                  00003d82    00000054     dl_dma.o (.text.DL_DMA_configTransfer)
                  00003dd6    00000002     --HOLE-- [fill = 0]
                  00003dd8    00000050     ti_msp_dl_config.o (.text.DL_GPIO_initPeripheralInputFunctionFeatures)
                  00003e28    00000050     lcd_driver.o (.text.LCD_WriteCommand)
                  00003e78    00000050     lcd_driver.o (.text.LCD_WriteData)
                  00003ec8    00000050     ti_msp_dl_config.o (.text.SysTick_Config)
                  00003f18    0000004e     lcd_driver.o (.text.LCD_DrawPixel)
                  00003f66    00000002     --HOLE-- [fill = 0]
                  00003f68    0000004c     dl_adc12.o (.text.DL_ADC12_setClockConfig)
                  00003fb4    0000004c     ti_msp_dl_config.o (.text.DL_GPIO_initDigitalInputFeatures)
                  00004000    0000004c     dl_sysctl_mspm0g1x0x_g3x0x.o (.text.DL_SYSCTL_switchMCLKfromSYSOSCtoHSCLK)
                  0000404c    0000004c     libc.a : snprintf.c.obj (.text.snprintf)
                  00004098    0000004a     ti_msp_dl_config.o (.text.DL_ADC12_configConversionMem)
                  000040e2    00000002     --HOLE-- [fill = 0]
                  000040e4    00000048     dl_spi.o (.text.DL_SPI_init)
                  0000412c    00000046     dl_dma.o (.text.DL_DMA_initChannel)
                  00004172    00000002     --HOLE-- [fill = 0]
                  00004174    00000044     main.o (.text.Change_Scale_Type)
                  000041b8    00000044     main.o (.text.Process_Arpeggiator)
                  000041fc    00000040     dl_timer.o (.text.DL_Timer_setCaptureCompareOutCtl)
                  0000423c    00000040     ti_msp_dl_config.o (.text.SYSCFG_DL_SPI_LCD_init)
                  0000427c    00000040     main.o (.text.SysTick_Handler)
                  000042bc    00000040     libclang_rt.builtins.a : aeabi_uidivmod.S.obj (.text.__aeabi_uidivmod)
                  000042fc    00000040     libc.a : atoi.c.obj (.text.atoi)
                  0000433c    0000003c     main.o (.text.Change_Instrument)
                  00004378    0000003c     dl_timer.o (.text.DL_Timer_setCaptureCompareCtl)
                  000043b4    0000003c     dl_timer.o (.text.DL_Timer_setCounterControl)
                  000043f0    0000003c     ti_msp_dl_config.o (.text.DL_Timer_setCounterControl)
                  0000442c    0000003c     ti_msp_dl_config.o (.text.SYSCFG_DL_DMA_CH1_init)
                  00004468    0000003c     ti_msp_dl_config.o (.text.SYSCFG_DL_TIMER_SAMPLE_init)
                  000044a4    0000003c     libc.a : autoinit.c.obj (.text:__TI_auto_init_nobinit_nopinit)
                  000044e0    0000003a     libclang_rt.builtins.a : muldsi3.S.obj (.text.__muldsi3)
                  0000451a    00000002     --HOLE-- [fill = 0]
                  0000451c    00000038     dl_dma.o (.text.DL_DMA_setTrigger)
                  00004554    00000038     ti_msp_dl_config.o (.text.DL_OPA_init)
                  0000458c    00000034     main.o (.text.ADC0_IRQHandler)
                  000045c0    00000034     ti_msp_dl_config.o (.text.DL_DMA_setPublisherChanID)
                  000045f4    00000034     dl_i2c.o (.text.DL_I2C_setClockConfig)
                  00004628    00000034     dl_timer.o (.text.DL_Timer_setCaptCompUpdateMethod)
                  0000465c    00000034     dl_timer.o (.text.DL_Timer_setCaptureCompareAction)
                  00004690    00000034     dl_timer.o (.text.DL_Timer_setCaptureCompareInput)
                  000046c4    00000034     dl_timer.o (.text.DL_Timer_setClockConfig)
                  000046f8    00000034     main.o (.text.HardFault_Handler)
                  0000472c    00000030     main.o (.text.DL_ADC12_getMemResult)
                  0000475c    00000030     ti_msp_dl_config.o (.text.DL_DMA_setTransferSize)
                  0000478c    00000030     ti_msp_dl_config.o (.text.DL_GPAMP_init)
                  000047bc    00000030     ti_msp_dl_config.o (.text.DL_SPI_setFIFOThreshold)
                  000047ec    00000030     ti_msp_dl_config.o (.text.SYSCFG_DL_OPA_0_init)
                  0000481c    00000030     libc.a : snprintf.c.obj (.text._outs)
                  0000484c    0000002c     dl_timer.o (.text.DL_Timer_setCaptureCompareValue)
                  00004878    0000002c     main.o (.text.__NVIC_ClearPendingIRQ)
                  000048a4    0000002c     main.o (.text.__NVIC_EnableIRQ)
                  000048d0    00000028     dl_adc12.o (.text.DL_Common_updateReg)
                  000048f8    00000028     dl_dma.o (.text.DL_Common_updateReg)
                  00004920    00000028     dl_i2c.o (.text.DL_Common_updateReg)
                  00004948    00000028     dl_rtc_common.o (.text.DL_Common_updateReg)
                  00004970    00000028     dl_spi.o (.text.DL_Common_updateReg)
                  00004998    00000028     dl_sysctl_mspm0g1x0x_g3x0x.o (.text.DL_Common_updateReg)
                  000049c0    00000028     dl_timer.o (.text.DL_Common_updateReg)
                  000049e8    00000028     ti_msp_dl_config.o (.text.DL_Common_updateReg)
                  00004a10    00000028     ti_msp_dl_config.o (.text.DL_I2C_setControllerRXFIFOThreshold)
                  00004a38    00000028     ti_msp_dl_config.o (.text.DL_I2C_setControllerTXFIFOThreshold)
                  00004a60    00000028     ti_msp_dl_config.o (.text.DL_OPA_setGainBandwidth)
                  00004a88    00000028     dl_sysctl_mspm0g1x0x_g3x0x.o (.text.DL_SYSCTL_configFCC)
                  00004ab0    00000028     ti_msp_dl_config.o (.text.DL_SYSCTL_setPowerPolicySTANDBY0)
                  00004ad8    00000028     main.o (.text.Low_Pass_Filter)
                  00004b00    00000028     ti_msp_dl_config.o (.text.SYSCFG_DL_RTC_init)
                  00004b28    00000028     libclang_rt.builtins.a : floatunsisf.S.obj (.text.__floatunsisf)
                  00004b50    00000028     libc.a : boot_cortex_m.c.obj (.text:_c_int00_noargs)
                  00004b78    00000026     main.o (.text.DL_DMA_enableChannel)
                  00004b9e    00000026     ti_msp_dl_config.o (.text.DL_I2C_setAnalogGlitchFilterPulseWidth)
                  00004bc4    00000024     ti_msp_dl_config.o (.text.DL_SPI_setBitRateSerialClockDivider)
                  00004be8    00000024     dl_spi.o (.text.DL_SPI_setClockConfig)
                  00004c0c    00000024     main.o (.text.SysTick_Init)
                  00004c30    00000024     libclang_rt.builtins.a : floatunsidf.S.obj (.text.__floatunsidf)
                  00004c54    00000024                            : muldi3.S.obj (.text.__muldi3)
                  00004c78    00000022     libc.a : memccpy.c.obj (.text.memccpy)
                  00004c9a    00000002     --HOLE-- [fill = 0]
                  00004c9c    00000020     dl_sysctl_mspm0g1x0x_g3x0x.o (.text.DL_CORE_configInstruction)
                  00004cbc    00000020     dl_rtc_common.o (.text.DL_RTC_Common_setCalendarYearBinary)
                  00004cdc    00000020     ti_msp_dl_config.o (.text.DL_SYSCTL_setFlashWaitState)
                  00004cfc    00000020     ti_msp_dl_config.o (.text.DL_SYSCTL_setMFPCLKSource)
                  00004d1c    00000020     dl_timer.o (.text.DL_Timer_setCounterValueAfterEnable)
                  00004d3c    00000020     main.o (.text.DMA_IRQHandler)
                  00004d5c    0000001e     libclang_rt.builtins.a : ashldi3.S.obj (.text.__ashldi3)
                  00004d7a    00000002     --HOLE-- [fill = 0]
                  00004d7c    0000001c     ti_msp_dl_config.o (.text.DL_ADC12_clearInterruptStatus)
                  00004d98    0000001c     ti_msp_dl_config.o (.text.DL_ADC12_enableEvent)
                  00004db4    0000001c     ti_msp_dl_config.o (.text.DL_ADC12_enableInterrupt)
                  00004dd0    0000001c     main.o (.text.DL_ADC12_startConversion)
                  00004dec    0000001c     ti_msp_dl_config.o (.text.DL_DMA_enableInterrupt)
                  00004e08    0000001c     ti_msp_dl_config.o (.text.DL_GPAMP_setRailToRailInputMode)
                  00004e24    0000001c     ti_msp_dl_config.o (.text.DL_GPIO_enableHiZ)
                  00004e40    0000001c     ti_msp_dl_config.o (.text.DL_GPIO_initPeripheralOutputFunction)
                  00004e5c    0000001c     ti_msp_dl_config.o (.text.DL_GPIO_setLowerPinsInputFilter)
                  00004e78    0000001c     ti_msp_dl_config.o (.text.DL_GPIO_setLowerPinsPolarity)
                  00004e94    0000001c     dl_rtc_common.o (.text.DL_RTC_Common_setCalendarMinutesBCD)
                  00004eb0    0000001c     dl_rtc_common.o (.text.DL_RTC_Common_setCalendarMinutesBinary)
                  00004ecc    0000001c     dl_rtc_common.o (.text.DL_RTC_Common_setCalendarMonthBCD)
                  00004ee8    0000001c     dl_rtc_common.o (.text.DL_RTC_Common_setCalendarMonthBinary)
                  00004f04    0000001c     dl_rtc_common.o (.text.DL_RTC_Common_setCalendarSecondsBCD)
                  00004f20    0000001c     dl_rtc_common.o (.text.DL_RTC_Common_setCalendarSecondsBinary)
                  00004f3c    0000001c     dl_rtc_common.o (.text.DL_RTC_Common_setCalendarYearBCD)
                  00004f58    0000001c     dl_rtc_common.o (.text.DL_RTC_Common_setClockFormat)
                  00004f74    0000001c     ti_msp_dl_config.o (.text.DL_SYSCTL_setFCCPeriods)
                  00004f90    0000001c     ti_msp_dl_config.o (.text.DL_SYSCTL_setMCLKDivider)
                  00004fac    0000001c     ti_msp_dl_config.o (.text.DL_SYSCTL_setSYSOSCFreq)
                  00004fc8    0000001c     ti_msp_dl_config.o (.text.DL_SYSCTL_setULPCLKDivider)
                  00004fe4    0000001c     ti_msp_dl_config.o (.text.DL_SYSCTL_setVBOOSTConfig)
                  00005000    0000001c     ti_msp_dl_config.o (.text.DL_Timer_enableInterrupt)
                  0000501c    0000001c     ti_msp_dl_config.o (.text.SYSCFG_DL_SYSCTL_CLK_init)
                  00005038    0000001a     ti_msp_dl_config.o (.text.DL_ADC12_setSubscriberChanID)
                  00005052    0000001a     dl_rtc_common.o (.text.DL_RTC_Common_setCalendarHoursBCD)
                  0000506c    0000001a     dl_rtc_common.o (.text.DL_RTC_Common_setCalendarHoursBinary)
                  00005086    00000002     --HOLE-- [fill = 0]
                  00005088    00000018     ti_msp_dl_config.o (.text.DL_ADC12_enablePower)
                  000050a0    00000018     ti_msp_dl_config.o (.text.DL_ADC12_reset)
                  000050b8    00000018     ti_msp_dl_config.o (.text.DL_ADC12_setSampleTime0)
                  000050d0    00000018     ti_msp_dl_config.o (.text.DL_DMA_clearInterruptStatus)
                  000050e8    00000018     ti_msp_dl_config.o (.text.DL_GPIO_enableOutput)
                  00005100    00000018     ti_msp_dl_config.o (.text.DL_GPIO_enablePower)
                  00005118    00000018     ti_msp_dl_config.o (.text.DL_GPIO_initDigitalOutput)
                  00005130    00000018     ti_msp_dl_config.o (.text.DL_GPIO_reset)
                  00005148    00000018     ti_msp_dl_config.o (.text.DL_GPIO_setAnalogInternalResistor)
                  00005160    00000018     lcd_driver.o (.text.DL_GPIO_setPins)
                  00005178    00000018     main.o (.text.DL_GPIO_setPins)
                  00005190    00000018     ti_msp_dl_config.o (.text.DL_GPIO_setPins)
                  000051a8    00000018     ti_msp_dl_config.o (.text.DL_GPIO_setUpperPinsPolarity)
                  000051c0    00000018     main.o (.text.DL_GPIO_togglePins)
                  000051d8    00000018     ti_msp_dl_config.o (.text.DL_I2C_enableAnalogGlitchFilter)
                  000051f0    00000018     ti_msp_dl_config.o (.text.DL_I2C_enableController)
                  00005208    00000018     ti_msp_dl_config.o (.text.DL_I2C_enableControllerClockStretching)
                  00005220    00000018     ti_msp_dl_config.o (.text.DL_I2C_enablePower)
                  00005238    00000018     ti_msp_dl_config.o (.text.DL_I2C_reset)
                  00005250    00000018     ti_msp_dl_config.o (.text.DL_I2C_setTimerPeriod)
                  00005268    00000018     ti_msp_dl_config.o (.text.DL_OPA_enablePower)
                  00005280    00000018     ti_msp_dl_config.o (.text.DL_OPA_enableRailToRailInput)
                  00005298    00000018     ti_msp_dl_config.o (.text.DL_OPA_reset)
                  000052b0    00000018     ti_msp_dl_config.o (.text.DL_RTC_Common_enablePower)
                  000052c8    00000018     ti_msp_dl_config.o (.text.DL_RTC_Common_reset)
                  000052e0    00000018     ti_msp_dl_config.o (.text.DL_SPI_enable)
                  000052f8    00000018     ti_msp_dl_config.o (.text.DL_SPI_enablePower)
                  00005310    00000018     lcd_driver.o (.text.DL_SPI_isBusy)
                  00005328    00000018     ti_msp_dl_config.o (.text.DL_SPI_reset)
                  00005340    00000018     ti_msp_dl_config.o (.text.DL_SYSCTL_enableInterrupt)
                  00005358    00000018     ti_msp_dl_config.o (.text.DL_SYSCTL_setBORThreshold)
                  00005370    00000018     dl_sysctl_mspm0g1x0x_g3x0x.o (.text.DL_SYSCTL_setHSCLKSource)
                  00005388    00000018     ti_msp_dl_config.o (.text.DL_Timer_enablePower)
                  000053a0    00000018     ti_msp_dl_config.o (.text.DL_Timer_reset)
                  000053b8    00000018     dl_timer.o (.text.DL_Timer_setLoadValue)
                  000053d0    00000018     main.o (.text.DL_Timer_startCounter)
                  000053e8    00000018     ti_msp_dl_config.o (.text.SYSCFG_DL_DMA_init)
                  00005400    00000018     ti_msp_dl_config.o (.text.SYSCFG_DL_GPAMP_0_init)
                  00005418    00000018     libc.a : snprintf.c.obj (.text._outc)
                  00005430    00000016     main.o (.text.DL_ADC12_enableConversions)
                  00005446    00000016     ti_msp_dl_config.o (.text.DL_ADC12_enableConversions)
                  0000545c    00000016     ti_msp_dl_config.o (.text.DL_GPIO_enableGlobalFastWake)
                  00005472    00000016     main.o (.text.DL_GPIO_readPins)
                  00005488    00000016     ti_msp_dl_config.o (.text.DL_OPA_enable)
                  0000549e    00000016     lcd_driver.o (.text.DL_SPI_transmitData8)
                  000054b4    00000016     libc.a : copy_zero_init.c.obj (.text:decompress:ZI:__TI_zero_init_nomemset)
                  000054ca    00000014     dl_common.o (.text.DL_Common_delayCycles)
                  000054de    00000002     --HOLE-- [fill = 0]
                  000054e0    00000014     ti_msp_dl_config.o (.text.DL_FlashCTL_enableInterrupt)
                  000054f4    00000014     lcd_driver.o (.text.DL_GPIO_clearPins)
                  00005508    00000014     main.o (.text.DL_GPIO_clearPins)
                  0000551c    00000014     ti_msp_dl_config.o (.text.DL_GPIO_clearPins)
                  00005530    00000014     ti_msp_dl_config.o (.text.DL_I2C_resetControllerTransfer)
                  00005544    00000014     dl_sysctl_mspm0g1x0x_g3x0x.o (.text.DL_SYSCTL_disableSYSPLL)
                  00005558    00000014     ti_msp_dl_config.o (.text.DL_SYSCTL_disableSYSPLL)
                  0000556c    00000014     ti_msp_dl_config.o (.text.DL_SYSCTL_enableMFCLK)
                  00005580    00000014     dl_sysctl_mspm0g1x0x_g3x0x.o (.text.DL_SYSCTL_enableSYSPLL)
                  00005594    00000014     ti_msp_dl_config.o (.text.DL_SYSCTL_enableSYSPLL)
                  000055a8    00000014     ti_msp_dl_config.o (.text.DL_Timer_enableClock)
                  000055bc    00000014     ti_msp_dl_config.o (.text.DL_Timer_setCCPDirection)
                  000055d0    00000014     main.o (.text.Trigger_Note_Off)
                  000055e4    00000014     main.o (.text.Trigger_Note_On)
                  000055f8    00000014     libclang_rt.builtins.a : aeabi_uldivmod.S.obj (.text.__aeabi_uldivmod)
                  0000560c    00000012     main.o (.text.DL_ADC12_getPendingInterrupt)
                  0000561e    00000012     main.o (.text.DL_DMA_getPendingInterrupt)
                  00005630    00000012     main.o (.text.DL_Timer_getPendingInterrupt)
                  00005642    00000012     libc.a : memcpy16.S.obj (.text:TI_memcpy_small)
                  00005654    00000012            : copy_decompress_none.c.obj (.text:decompress:none)
                  00005666    00000002     --HOLE-- [fill = 0]
                  00005668    00000010     dl_sysctl_mspm0g1x0x_g3x0x.o (.text.DL_CORE_getInstructionConfig)
                  00005678    00000010     ti_msp_dl_config.o (.text.DL_GPAMP_enable)
                  00005688    00000010     ti_msp_dl_config.o (.text.DL_SYSCTL_disableHFXT)
                  00005698    00000010     ti_msp_dl_config.o (.text.DL_SYSCTL_enableMFPCLK)
                  000056a8    00000010     ti_msp_dl_config.o (.text.DL_SYSCTL_isFCCDone)
                  000056b8    00000010     ti_msp_dl_config.o (.text.DL_SYSCTL_startFCC)
                  000056c8    00000010     ti_msp_dl_config.o (.text.SYSCFG_DL_SYSTICK_init)
                  000056d8    00000010     libc.a : wcslen.c.obj (.text.wcslen)
                  000056e8    0000000e     libclang_rt.builtins.a : aeabi_memset.S.obj (.text.__aeabi_memset)
                  000056f6    0000000e     libc.a : _printfi.c.obj (.text.strlen)
                  00005704    0000000e            : memset16.S.obj (.text:TI_memset_small)
                  00005712    00000002     --HOLE-- [fill = 0]
                  00005714    0000000c     dl_sysctl_mspm0g1x0x_g3x0x.o (.text.DL_SYSCTL_getClockStatus)
                  00005720    0000000c     ti_msp_dl_config.o (.text.DL_SYSCTL_getClockStatus)
                  0000572c    0000000c     ti_msp_dl_config.o (.text.DL_SYSCTL_readFCC)
                  00005738    0000000c     libclang_rt.builtins.a : aeabi_memset.S.obj (.text.__aeabi_memclr)
                  00005744    00000008     libc.a : aeabi_portable.c.obj (.text.__aeabi_errno_addr)
                  0000574c    00000008     libclang_rt.builtins.a : aeabi_memcpy.S.obj (.text.__aeabi_memcpy)
                  00005754    00000006     libc.a : exit.c.obj (.text:abort)
                  0000575a    00000004     startup_mspm0g350x_ticlang.o (.text.Default_Handler)
                  0000575e    00000004     libsysbm.a : hostexit.c.obj (.text.HOSTexit)
                  00005762    00000004     startup_mspm0g350x_ticlang.o (.text.Reset_Handler)
                  00005766    00000002     --HOLE-- [fill = 0]
                  00005768    00000010     libc.a : boot_cortex_m.c.obj (.tramp._c_int00_noargs.1)
                  00005778    00000004            : pre_init.c.obj (.text._system_pre_init)
                  0000577c    00000004     --HOLE-- [fill = 0]

.cinit     0    00006000    00000080     
                  00006000    00000057     (.cinit..data.load) [load image, compression = lzss]
                  00006057    00000001     --HOLE-- [fill = 0]
                  00006058    0000000c     (__TI_handler_table)
                  00006064    00000008     (.cinit..bss.load) [load image, compression = zero_init]
                  0000606c    00000010     (__TI_cinit_table)
                  0000607c    00000004     --HOLE-- [fill = 0]

.rodata    0    00005780    00000880     
                  00005780    00000222     lcd_driver.o (.rodata.font_6x8)
                  000059a2    00000200     main.o (.rodata.sine_table)
                  00005ba2    0000000e     main.o (.rodata.ROOT_FREQUENCIES)
                  00005bb0    00000101     libc.a : aeabi_ctype.S.obj (.rodata:__aeabi_ctype_table_)
                  00005cb1    00000003     ti_msp_dl_config.o (.rodata.gPWM_AUDIOClockConfig)
                  00005cb4    00000064     main.o (.rodata.INSTRUMENTS)
                  00005d18    00000064     main.o (.rodata.PITCH_BEND_TABLE)
                  00005d7c    00000032     main.o (.rodata..L__const.Calculate_Scale_Frequency.semitone_ratio)
                  00005dae    00000030     main.o (.rodata.SCALE_INTERVALS)
                  00005dde    00000002     ti_msp_dl_config.o (.rodata.gI2C_0ClockConfig)
                  00005de0    00000028     ti_msp_dl_config.o (.rodata.gSYSPLLConfig)
                  00005e08    00000022     ti_msp_dl_config.o (.rodata..L__const.SYSCFG_DL_GPIO_init.unusedPinIndexes)
                  00005e2a    00000002     ti_msp_dl_config.o (.rodata.gI2C_1ClockConfig)
                  00005e2c    00000018     main.o (.rodata.PRESETS)
                  00005e44    00000018     ti_msp_dl_config.o (.rodata.gDMA_CH1Config)
                  00005e5c    00000014     main.o (.rodata..L__const.Display_Update.env_names)
                  00005e70    00000014     ti_msp_dl_config.o (.rodata.gTIMER_SAMPLETimerConfig)
                  00005e84    00000011     libc.a : _printfi.c.obj (.rodata.str1.10348868589481759720.1)
                  00005e95    00000011            : _printfi.c.obj (.rodata.str1.15363888844622738466.1)
                  00005ea6    00000002     ti_msp_dl_config.o (.rodata.gSPI_LCD_clockConfig)
                  00005ea8    0000000c     main.o (.rodata..L__const.Display_Update.chord_names)
                  00005eb4    0000000c     main.o (.rodata.str1.17100691992556644108.1)
                  00005ec0    0000000a     ti_msp_dl_config.o (.rodata.gOPA_0Config0)
                  00005eca    0000000a     ti_msp_dl_config.o (.rodata.gSPI_LCD_config)
                  00005ed4    0000000a     main.o (.rodata.str1.18227636981041470289.1)
                  00005ede    00000009     main.o (.rodata.CHORD_INTERVALS)
                  00005ee7    00000009     main.o (.rodata.str1.14402440632258215044.1)
                  00005ef0    00000008     ti_msp_dl_config.o (.rodata.gADC_ACCELClockConfig)
                  00005ef8    00000008     ti_msp_dl_config.o (.rodata.gADC_JOYClockConfig)
                  00005f00    00000008     ti_msp_dl_config.o (.rodata.gGPAMP_0Config)
                  00005f08    00000008     ti_msp_dl_config.o (.rodata.gPWM_AUDIOConfig)
                  00005f10    00000008     ti_msp_dl_config.o (.rodata.gRTCCalendarConfig)
                  00005f18    00000008     main.o (.rodata.str1.15996357275703397564.1)
                  00005f20    00000008     main.o (.rodata.str1.16265332423659789559.1)
                  00005f28    00000008     main.o (.rodata.str1.288608917962107522.1)
                  00005f30    00000008     main.o (.rodata.str1.5043408953494467246.1)
                  00005f38    00000008     main.o (.rodata.str1.8320541211001259012.1)
                  00005f40    00000006     main.o (.rodata.str1.12180500075719773345.1)
                  00005f46    00000006     main.o (.rodata.str1.15159059442110792349.1)
                  00005f4c    00000006     main.o (.rodata.str1.18092426736022315238.1)
                  00005f52    00000006     main.o (.rodata.str1.2563708670032483588.1)
                  00005f58    00000006     main.o (.rodata.str1.2846389346932560359.1)
                  00005f5e    00000006     main.o (.rodata.str1.7784929982665794503.1)
                  00005f64    00000006     main.o (.rodata.str1.8096991282711418442.1)
                  00005f6a    00000006     main.o (.rodata.str1.8154729771448623357.1)
                  00005f70    00000005     main.o (.rodata.str1.10720410773482754683.1)
                  00005f75    00000005     main.o (.rodata.str1.10865113624938808685.1)
                  00005f7a    00000005     main.o (.rodata.str1.11321157723316767883.1)
                  00005f7f    00000005     main.o (.rodata.str1.13288086030101331538.1)
                  00005f84    00000005     main.o (.rodata.str1.14112174005742061988.1)
                  00005f89    00000005     main.o (.rodata.str1.14466178792657420020.1)
                  00005f8e    00000005     main.o (.rodata.str1.16302215771116645891.1)
                  00005f93    00000005     main.o (.rodata.str1.17045314124001216156.1)
                  00005f98    00000005     main.o (.rodata.str1.7702501944640899365.1)
                  00005f9d    00000005     main.o (.rodata.str1.8076846746581808073.1)
                  00005fa2    00000005     main.o (.rodata.str1.8828068777338075035.1)
                  00005fa7    00000004     main.o (.rodata.str1.10313062130652730376.1)
                  00005fab    00000004     main.o (.rodata.str1.10635229749459437609.1)
                  00005faf    00000004     main.o (.rodata.str1.11702106008850790973.1)
                  00005fb3    00000004     main.o (.rodata.str1.11870794119293528247.1)
                  00005fb7    00000004     main.o (.rodata.str1.1311392489248731986.1)
                  00005fbb    00000004     main.o (.rodata.str1.13782249893155712474.1)
                  00005fbf    00000004     main.o (.rodata.str1.14079361385603432444.1)
                  00005fc3    00000004     main.o (.rodata.str1.16631870348416990953.1)
                  00005fc7    00000004     main.o (.rodata.str1.17376258722486336754.1)
                  00005fcb    00000004     main.o (.rodata.str1.3530083166107438000.1)
                  00005fcf    00000004     lcd_driver.o (.rodata.str1.4301156551425074819.1)
                  00005fd3    00000004     main.o (.rodata.str1.7996925722583989644.1)
                  00005fd7    00000004     main.o (.rodata.str1.8428454045432808059.1)
                  00005fdb    00000004     main.o (.rodata.str1.9059077390166914652.1)
                  00005fdf    00000003     ti_msp_dl_config.o (.rodata.gTIMER_SAMPLEClockConfig)
                  00005fe2    00000003     main.o (.rodata.str1.2123964117280943167.1)
                  00005fe5    00000003     main.o (.rodata.str1.2763581881760962609.1)
                  00005fe8    00000003     main.o (.rodata.str1.8108965883388295311.1)
                  00005feb    00000002     main.o (.rodata.str1.10224226614597680209.1)
                  00005fed    00000002     main.o (.rodata.str1.11822182024223342093.1)
                  00005fef    00000002     main.o (.rodata.str1.13030671760666898970.1)
                  00005ff1    00000002     main.o (.rodata.str1.2624144126699937905.1)
                  00005ff3    00000002     main.o (.rodata.str1.39260288392874984.1)
                  00005ff5    00000002     main.o (.rodata.str1.403738606202455663.1)
                  00005ff7    00000002     main.o (.rodata.str1.6554448696319176064.1)
                  00005ff9    00000001     main.o (.rodata.str1.6891813955777630061.1)
                  00005ffa    00000006     --HOLE-- [fill = 0]

.init_array 
*          0    00000000    00000000     UNINITIALIZED

.binit     0    00000000    00000000     

.sysmem    0    20200000    00001000     UNINITIALIZED
                  20200000    00000010     libc.a : memory.c.obj (.sysmem)
                  20200010    00000ff0     --HOLE--

.bss       0    20201000    000001c4     UNINITIALIZED
                  20201000    000000bc     ti_msp_dl_config.o (.bss.gPWM_AUDIOBackup)
                  202010bc    000000a0     ti_msp_dl_config.o (.bss.gTIMER_SAMPLEBackup)
                  2020115c    0000003c     main.o (.bss.gSynthState)
                  20201198    00000028     ti_msp_dl_config.o (.bss.gSPI_LCDBackup)
                  202011c0    00000004     main.o (.bss.gADC0_DMA_Buffer)

.data      0    202011c4    0000013c     UNINITIALIZED
                  202011c4    00000080     main.o (.data.waveform_buffer)
                  20201244    0000001c     main.o (.data.KEY_NAMES)
                  20201260    00000018     main.o (.data.SCALE_NAMES)
                  20201278    00000014     main.o (.data.arpeggiator)
                  2020128c    0000000c     main.o (.data.envelope)
                  20201298    0000000c     main.o (.data.g_chord_increments)
                  202012a4    0000000c     main.o (.data.g_chord_phases)
                  202012b0    00000006     main.o (.data.btn_joy_sel_sm)
                  202012b6    00000006     main.o (.data.btn_s1_sm)
                  202012bc    00000006     main.o (.data.btn_s2_sm)
                  202012c2    00000006     main.o (.data.scale_state)
                  202012c8    00000004     main.o (.data.DEBUG_main_loop_count)
                  202012cc    00000004     main.o (.data.DEBUG_timer_irq_count)
                  202012d0    00000004     libc.a : aeabi_portable.c.obj (.data.__aeabi_errno)
                  202012d4    00000004     main.o (.data.base_frequency_hz)
                  202012d8    00000004     main.o (.data.current_frequency_hz)
                  202012dc    00000004     main.o (.data.g_phase)
                  202012e0    00000004     main.o (.data.g_phase_increment)
                  202012e4    00000004     main.o (.data.g_systick_count)
                  202012e8    00000004     main.o (.data.target_frequency_hz)
                  202012ec    00000002     main.o (.data.Low_Pass_Filter.prev_sample)
                  202012ee    00000002     main.o (.data.Process_Scale_Position.last_deviation)
                  202012f0    00000002     main.o (.data.tremolo_phase)
                  202012f2    00000002     main.o (.data.vibrato_phase)
                  202012f4    00000001     main.o (.data.Generate_Audio_Sample.waveform_decimate_counter)
                  202012f5    00000001     main.o (.data.Process_Musical_Controls.initialized)
                  202012f6    00000001     main.o (.data.Process_Scale_Position.last_position)
                  202012f7    00000001     main.o (.data.chord_mode)
                  202012f8    00000001     main.o (.data.current_instrument)
                  202012f9    00000001     main.o (.data.current_octave_shift)
                  202012fa    00000001     main.o (.data.current_preset)
                  202012fb    00000001     main.o (.data.effects_enabled)
                  202012fc    00000001     main.o (.data.gADC0_DMA_Complete)
                  202012fd    00000001     main.o (.data.joy_x_state)
                  202012fe    00000001     main.o (.data.joy_y_state)
                  202012ff    00000001     main.o (.data.waveform_write_index)

.stack     0    20207e00    00000200     UNINITIALIZED
                  20207e00    00000004     libc.a : boot_cortex_m.c.obj (.stack)
                  20207e04    000001fc     --HOLE--

__llvm_prf_cnts 
*          0    20200000    00000000     UNINITIALIZED

__llvm_prf_bits 
*          0    20200000    00000000     UNINITIALIZED

MODULE SUMMARY

       Module                         code    ro data   rw data
       ------                         ----    -------   -------
    .\
       main.o                         8476    1139      376    
       lcd_driver.o                   2230    550       0      
       startup_mspm0g350x_ticlang.o   8       192       0      
    +--+------------------------------+-------+---------+---------+
       Total:                         10714   1881      376    
                                                               
    .\syscfg\
       ti_msp_dl_config.o             4808    190       388    
    +--+------------------------------+-------+---------+---------+
       Total:                         4808    190       388    
                                                               
    .\ti\driverlib\
       dl_timer.o                     1312    0         0      
       dl_rtc_common.o                564     0         0      
       dl_dma.o                       250     0         0      
       dl_spi.o                       148     0         0      
       dl_adc12.o                     116     0         0      
       dl_i2c.o                       92      0         0      
       dl_common.o                    20      0         0      
    +--+------------------------------+-------+---------+---------+
       Total:                         2502    0         0      
                                                               
    .\ti\driverlib\m0p\sysctl\
       dl_sysctl_mspm0g1x0x_g3x0x.o   504     0         0      
    +--+------------------------------+-------+---------+---------+
       Total:                         504     0         0      
                                                               
    C:\ti\ccs2040\ccs\tools\compiler\ti-cgt-armllvm_4.0.4.LTS\lib\armv6m-ti-none-eabi/c/libc.a
       _printfi.c.obj                 2166    34        0      
       aeabi_ctype.S.obj              0       257       0      
       snprintf.c.obj                 148     0         0      
       copy_decompress_lzss.c.obj     124     0         0      
       atoi.c.obj                     64      0         0      
       autoinit.c.obj                 60      0         0      
       boot_cortex_m.c.obj            56      0         0      
       memccpy.c.obj                  34      0         0      
       copy_zero_init.c.obj           22      0         0      
       copy_decompress_none.c.obj     18      0         0      
       memcpy16.S.obj                 18      0         0      
       wcslen.c.obj                   16      0         0      
       memset16.S.obj                 14      0         0      
       aeabi_portable.c.obj           8       0         4      
       exit.c.obj                     6       0         0      
       pre_init.c.obj                 4       0         0      
    +--+------------------------------+-------+---------+---------+
       Total:                         2758    291       4      
                                                               
    C:\ti\ccs2040\ccs\tools\compiler\ti-cgt-armllvm_4.0.4.LTS\lib\armv6m-ti-none-eabi/c/libsysbm.a
       hostexit.c.obj                 4       0         0      
    +--+------------------------------+-------+---------+---------+
       Total:                         4       0         0      
                                                               
    C:\ti\ccs2040\ccs\tools\compiler\ti-cgt-armllvm_4.0.4.LTS\lib\armv6m-ti-none-eabi/libclang_rt.builtins.a
       comparedf2.c.obj               220     0         0      
       udivmoddi4.S.obj               162     0         0      
       aeabi_dcmp.S.obj               98      0         0      
       aeabi_idivmod.S.obj            86      0         0      
       aeabi_uidivmod.S.obj           64      0         0      
       muldsi3.S.obj                  58      0         0      
       floatunsisf.S.obj              40      0         0      
       floatunsidf.S.obj              36      0         0      
       muldi3.S.obj                   36      0         0      
       ashldi3.S.obj                  30      0         0      
       aeabi_memset.S.obj             26      0         0      
       aeabi_uldivmod.S.obj           20      0         0      
       aeabi_memcpy.S.obj             8       0         0      
       aeabi_div0.c.obj               4       0         0      
    +--+------------------------------+-------+---------+---------+
       Total:                         888     0         0      
                                                               
       Heap:                          0       0         4096   
       Stack:                         0       0         512    
       Linker Generated:              0       123       0      
    +--+------------------------------+-------+---------+---------+
       Grand Total:                   22178   2485      5376   


LINKER GENERATED COPY TABLES

__TI_cinit_table @ 0000606c records: 2, size/record: 8, table size: 16
	.data: load addr=00006000, load size=00000057 bytes, run addr=202011c4, run size=0000013c bytes, compression=lzss
	.bss: load addr=00006064, load size=00000008 bytes, run addr=20201000, run size=000001c4 bytes, compression=zero_init


LINKER GENERATED HANDLER TABLE

__TI_handler_table @ 00006058 records: 3, size/record: 4, table size: 12
	index: 0, handler: __TI_decompress_lzss
	index: 1, handler: __TI_decompress_none
	index: 2, handler: __TI_zero_init


FAR CALL TRAMPOLINES

callee name               trampoline name
   callee addr  tramp addr   call addr  call info
--------------  -----------  ---------  ----------------
_c_int00_noargs           $Tramp$TT$L$PI$$_c_int00_noargs
   00004b51     00005768     00005762   startup_mspm0g350x_ticlang.o (.text.Reset_Handler)

[1 trampolines]
[1 trampoline calls]


GLOBAL SYMBOLS: SORTED ALPHABETICALLY BY Name 

address   name                                 
-------   ----                                 
0000458d  ADC0_IRQHandler                      
00003b65  ADC1_IRQHandler                      
0000575b  AES_IRQHandler                       
0000575e  C$$EXIT                              
0000575b  CANFD0_IRQHandler                    
0000433d  Change_Instrument                    
0000377d  Change_Preset                        
0000575b  DAC0_IRQHandler                      
202012c8  DEBUG_main_loop_count                
202012cc  DEBUG_timer_irq_count                
00003f69  DL_ADC12_setClockConfig              
000054cb  DL_Common_delayCycles                
0000412d  DL_DMA_initChannel                   
000045f5  DL_I2C_setClockConfig                
00002d91  DL_RTC_Common_initCalendar           
000040e5  DL_SPI_init                          
00004be9  DL_SPI_setClockConfig                
00004a89  DL_SYSCTL_configFCC                  
00002cb1  DL_SYSCTL_configSYSPLL               
00004001  DL_SYSCTL_switchMCLKfromSYSOSCtoHSCLK
00002bc5  DL_Timer_initFourCCPWMMode           
000026b5  DL_Timer_initTimerMode               
00004629  DL_Timer_setCaptCompUpdateMethod     
0000465d  DL_Timer_setCaptureCompareAction     
00004379  DL_Timer_setCaptureCompareCtl        
00004691  DL_Timer_setCaptureCompareInput      
000041fd  DL_Timer_setCaptureCompareOutCtl     
0000484d  DL_Timer_setCaptureCompareValue      
000046c5  DL_Timer_setClockConfig              
00004d3d  DMA_IRQHandler                       
0000575b  Default_Handler                      
0000575b  GROUP0_IRQHandler                    
0000575b  GROUP1_IRQHandler                    
0000575f  HOSTexit                             
000046f9  HardFault_Handler                    
0000575b  I2C0_IRQHandler                      
0000575b  I2C1_IRQHandler                      
000025a1  LCD_DrawLine                         
00003f19  LCD_DrawPixel                        
00002489  LCD_DrawRect                         
00003389  LCD_FillScreen                       
000017b5  LCD_Init                             
00003c25  LCD_PrintNumber                      
00001f39  LCD_PrintString                      
0000575b  NMI_Handler                          
0000575b  PendSV_Handler                       
0000575b  RTC_IRQHandler                       
00005763  Reset_Handler                        
0000575b  SPI0_IRQHandler                      
0000575b  SPI1_IRQHandler                      
0000575b  SVC_Handler                          
00002e69  SYSCFG_DL_ADC_ACCEL_init             
00003559  SYSCFG_DL_ADC_JOY_init               
0000442d  SYSCFG_DL_DMA_CH1_init               
000053e9  SYSCFG_DL_DMA_init                   
00005401  SYSCFG_DL_GPAMP_0_init               
00001a15  SYSCFG_DL_GPIO_init                  
00003c7d  SYSCFG_DL_I2C_0_init                 
00003cd5  SYSCFG_DL_I2C_1_init                 
000047ed  SYSCFG_DL_OPA_0_init                 
00003875  SYSCFG_DL_PWM_AUDIO_init             
00004b01  SYSCFG_DL_RTC_init                   
0000423d  SYSCFG_DL_SPI_LCD_init               
0000501d  SYSCFG_DL_SYSCTL_CLK_init            
00003191  SYSCFG_DL_SYSCTL_SYSPLL_init         
00003241  SYSCFG_DL_SYSCTL_init                
000056c9  SYSCFG_DL_SYSTICK_init               
00004469  SYSCFG_DL_TIMER_SAMPLE_init          
00003a9d  SYSCFG_DL_init                       
00002f3d  SYSCFG_DL_initPower                  
0000427d  SysTick_Handler                      
0000575b  TIMA0_IRQHandler                     
0000575b  TIMA1_IRQHandler                     
0000575b  TIMG0_IRQHandler                     
0000575b  TIMG12_IRQHandler                    
0000575b  TIMG6_IRQHandler                     
00003429  TIMG7_IRQHandler                     
0000575b  TIMG8_IRQHandler                     
00005643  TI_memcpy_small                      
00005705  TI_memset_small                      
000055d1  Trigger_Note_Off                     
000055e5  Trigger_Note_On                      
0000575b  UART0_IRQHandler                     
0000575b  UART1_IRQHandler                     
0000575b  UART2_IRQHandler                     
0000575b  UART3_IRQHandler                     
20208000  __STACK_END                          
00000200  __STACK_SIZE                         
00001000  __SYSMEM_SIZE                        
00000000  __TI_ATRegion0_region_sz             
00000000  __TI_ATRegion0_src_addr              
00000000  __TI_ATRegion0_trg_addr              
00000000  __TI_ATRegion1_region_sz             
00000000  __TI_ATRegion1_src_addr              
00000000  __TI_ATRegion1_trg_addr              
00000000  __TI_ATRegion2_region_sz             
00000000  __TI_ATRegion2_src_addr              
00000000  __TI_ATRegion2_trg_addr              
0000606c  __TI_CINIT_Base                      
0000607c  __TI_CINIT_Limit                     
0000607c  __TI_CINIT_Warm                      
00006058  __TI_Handler_Table_Base              
00006064  __TI_Handler_Table_Limit             
000044a5  __TI_auto_init_nobinit_nopinit       
000037f9  __TI_decompress_lzss                 
00005655  __TI_decompress_none                 
ffffffff  __TI_pprof_out_hndl                  
000000c1  __TI_printfi_nofloat                 
ffffffff  __TI_prof_data_size                  
ffffffff  __TI_prof_data_start                 
00000000  __TI_static_base__                   
000054b5  __TI_zero_init_nomemset              
00005bb0  __aeabi_ctype_table_                 
00005bb0  __aeabi_ctype_table_C                
00003b01  __aeabi_dcmpeq                       
00003b3d  __aeabi_dcmpge                       
00003b51  __aeabi_dcmpgt                       
00003b29  __aeabi_dcmple                       
00003b15  __aeabi_dcmplt                       
202012d0  __aeabi_errno                        
00005745  __aeabi_errno_addr                   
00003d2d  __aeabi_idiv                         
000026b3  __aeabi_idiv0                        
00003d2d  __aeabi_idivmod                      
00003387  __aeabi_ldiv0                        
00004d5d  __aeabi_llsl                         
00004c55  __aeabi_lmul                         
00005739  __aeabi_memclr                       
00005739  __aeabi_memclr4                      
00005739  __aeabi_memclr8                      
0000574d  __aeabi_memcpy                       
0000574d  __aeabi_memcpy4                      
0000574d  __aeabi_memcpy8                      
000056e9  __aeabi_memset                       
000056e9  __aeabi_memset4                      
000056e9  __aeabi_memset8                      
00004c31  __aeabi_ui2d                         
00004b29  __aeabi_ui2f                         
000042bd  __aeabi_uidiv                        
000042bd  __aeabi_uidivmod                     
000055f9  __aeabi_uldivmod                     
00004d5d  __ashldi3                            
ffffffff  __binit__                            
00003a35  __cmpdf2                             
00003a35  __eqdf2                              
00004c31  __floatunsidf                        
00004b29  __floatunsisf                        
000038e9  __gedf2                              
000038e9  __gtdf2                              
00003a35  __ledf2                              
00003a35  __ltdf2                              
UNDEFED   __mpu_init                           
00004c55  __muldi3                             
000044e1  __muldsi3                            
00003a35  __nedf2                              
20207e00  __stack                              
20200000  __start___llvm_prf_bits              
20200000  __start___llvm_prf_cnts              
20200000  __stop___llvm_prf_bits               
20200000  __stop___llvm_prf_cnts               
000032e5  __udivmoddi4                         
00004b51  _c_int00_noargs                      
20200000  _sys_memory                          
UNDEFED   _system_post_cinit                   
00005779  _system_pre_init                     
00005755  abort                                
000042fd  atoi                                 
ffffffff  binit                                
20201000  gPWM_AUDIOBackup                     
20201198  gSPI_LCDBackup                       
2020115c  gSynthState                          
202010bc  gTIMER_SAMPLEBackup                  
20201298  g_chord_increments                   
202012a4  g_chord_phases                       
202012dc  g_phase                              
202012e0  g_phase_increment                    
202012e4  g_systick_count                      
00000000  interruptVectors                     
00000e05  main                                 
00004c79  memccpy                              
0000404d  snprintf                             
000056d9  wcslen                               


GLOBAL SYMBOLS: SORTED BY Symbol Address 

address   name                                 
-------   ----                                 
00000000  __TI_ATRegion0_region_sz             
00000000  __TI_ATRegion0_src_addr              
00000000  __TI_ATRegion0_trg_addr              
00000000  __TI_ATRegion1_region_sz             
00000000  __TI_ATRegion1_src_addr              
00000000  __TI_ATRegion1_trg_addr              
00000000  __TI_ATRegion2_region_sz             
00000000  __TI_ATRegion2_src_addr              
00000000  __TI_ATRegion2_trg_addr              
00000000  __TI_static_base__                   
00000000  interruptVectors                     
000000c1  __TI_printfi_nofloat                 
00000200  __STACK_SIZE                         
00000e05  main                                 
00001000  __SYSMEM_SIZE                        
000017b5  LCD_Init                             
00001a15  SYSCFG_DL_GPIO_init                  
00001f39  LCD_PrintString                      
00002489  LCD_DrawRect                         
000025a1  LCD_DrawLine                         
000026b3  __aeabi_idiv0                        
000026b5  DL_Timer_initTimerMode               
00002bc5  DL_Timer_initFourCCPWMMode           
00002cb1  DL_SYSCTL_configSYSPLL               
00002d91  DL_RTC_Common_initCalendar           
00002e69  SYSCFG_DL_ADC_ACCEL_init             
00002f3d  SYSCFG_DL_initPower                  
00003191  SYSCFG_DL_SYSCTL_SYSPLL_init         
00003241  SYSCFG_DL_SYSCTL_init                
000032e5  __udivmoddi4                         
00003387  __aeabi_ldiv0                        
00003389  LCD_FillScreen                       
00003429  TIMG7_IRQHandler                     
00003559  SYSCFG_DL_ADC_JOY_init               
0000377d  Change_Preset                        
000037f9  __TI_decompress_lzss                 
00003875  SYSCFG_DL_PWM_AUDIO_init             
000038e9  __gedf2                              
000038e9  __gtdf2                              
00003a35  __cmpdf2                             
00003a35  __eqdf2                              
00003a35  __ledf2                              
00003a35  __ltdf2                              
00003a35  __nedf2                              
00003a9d  SYSCFG_DL_init                       
00003b01  __aeabi_dcmpeq                       
00003b15  __aeabi_dcmplt                       
00003b29  __aeabi_dcmple                       
00003b3d  __aeabi_dcmpge                       
00003b51  __aeabi_dcmpgt                       
00003b65  ADC1_IRQHandler                      
00003c25  LCD_PrintNumber                      
00003c7d  SYSCFG_DL_I2C_0_init                 
00003cd5  SYSCFG_DL_I2C_1_init                 
00003d2d  __aeabi_idiv                         
00003d2d  __aeabi_idivmod                      
00003f19  LCD_DrawPixel                        
00003f69  DL_ADC12_setClockConfig              
00004001  DL_SYSCTL_switchMCLKfromSYSOSCtoHSCLK
0000404d  snprintf                             
000040e5  DL_SPI_init                          
0000412d  DL_DMA_initChannel                   
000041fd  DL_Timer_setCaptureCompareOutCtl     
0000423d  SYSCFG_DL_SPI_LCD_init               
0000427d  SysTick_Handler                      
000042bd  __aeabi_uidiv                        
000042bd  __aeabi_uidivmod                     
000042fd  atoi                                 
0000433d  Change_Instrument                    
00004379  DL_Timer_setCaptureCompareCtl        
0000442d  SYSCFG_DL_DMA_CH1_init               
00004469  SYSCFG_DL_TIMER_SAMPLE_init          
000044a5  __TI_auto_init_nobinit_nopinit       
000044e1  __muldsi3                            
0000458d  ADC0_IRQHandler                      
000045f5  DL_I2C_setClockConfig                
00004629  DL_Timer_setCaptCompUpdateMethod     
0000465d  DL_Timer_setCaptureCompareAction     
00004691  DL_Timer_setCaptureCompareInput      
000046c5  DL_Timer_setClockConfig              
000046f9  HardFault_Handler                    
000047ed  SYSCFG_DL_OPA_0_init                 
0000484d  DL_Timer_setCaptureCompareValue      
00004a89  DL_SYSCTL_configFCC                  
00004b01  SYSCFG_DL_RTC_init                   
00004b29  __aeabi_ui2f                         
00004b29  __floatunsisf                        
00004b51  _c_int00_noargs                      
00004be9  DL_SPI_setClockConfig                
00004c31  __aeabi_ui2d                         
00004c31  __floatunsidf                        
00004c55  __aeabi_lmul                         
00004c55  __muldi3                             
00004c79  memccpy                              
00004d3d  DMA_IRQHandler                       
00004d5d  __aeabi_llsl                         
00004d5d  __ashldi3                            
0000501d  SYSCFG_DL_SYSCTL_CLK_init            
000053e9  SYSCFG_DL_DMA_init                   
00005401  SYSCFG_DL_GPAMP_0_init               
000054b5  __TI_zero_init_nomemset              
000054cb  DL_Common_delayCycles                
000055d1  Trigger_Note_Off                     
000055e5  Trigger_Note_On                      
000055f9  __aeabi_uldivmod                     
00005643  TI_memcpy_small                      
00005655  __TI_decompress_none                 
000056c9  SYSCFG_DL_SYSTICK_init               
000056d9  wcslen                               
000056e9  __aeabi_memset                       
000056e9  __aeabi_memset4                      
000056e9  __aeabi_memset8                      
00005705  TI_memset_small                      
00005739  __aeabi_memclr                       
00005739  __aeabi_memclr4                      
00005739  __aeabi_memclr8                      
00005745  __aeabi_errno_addr                   
0000574d  __aeabi_memcpy                       
0000574d  __aeabi_memcpy4                      
0000574d  __aeabi_memcpy8                      
00005755  abort                                
0000575b  AES_IRQHandler                       
0000575b  CANFD0_IRQHandler                    
0000575b  DAC0_IRQHandler                      
0000575b  Default_Handler                      
0000575b  GROUP0_IRQHandler                    
0000575b  GROUP1_IRQHandler                    
0000575b  I2C0_IRQHandler                      
0000575b  I2C1_IRQHandler                      
0000575b  NMI_Handler                          
0000575b  PendSV_Handler                       
0000575b  RTC_IRQHandler                       
0000575b  SPI0_IRQHandler                      
0000575b  SPI1_IRQHandler                      
0000575b  SVC_Handler                          
0000575b  TIMA0_IRQHandler                     
0000575b  TIMA1_IRQHandler                     
0000575b  TIMG0_IRQHandler                     
0000575b  TIMG12_IRQHandler                    
0000575b  TIMG6_IRQHandler                     
0000575b  TIMG8_IRQHandler                     
0000575b  UART0_IRQHandler                     
0000575b  UART1_IRQHandler                     
0000575b  UART2_IRQHandler                     
0000575b  UART3_IRQHandler                     
0000575e  C$$EXIT                              
0000575f  HOSTexit                             
00005763  Reset_Handler                        
00005779  _system_pre_init                     
00005bb0  __aeabi_ctype_table_                 
00005bb0  __aeabi_ctype_table_C                
00006058  __TI_Handler_Table_Base              
00006064  __TI_Handler_Table_Limit             
0000606c  __TI_CINIT_Base                      
0000607c  __TI_CINIT_Limit                     
0000607c  __TI_CINIT_Warm                      
20200000  __start___llvm_prf_bits              
20200000  __start___llvm_prf_cnts              
20200000  __stop___llvm_prf_bits               
20200000  __stop___llvm_prf_cnts               
20200000  _sys_memory                          
20201000  gPWM_AUDIOBackup                     
202010bc  gTIMER_SAMPLEBackup                  
2020115c  gSynthState                          
20201198  gSPI_LCDBackup                       
20201298  g_chord_increments                   
202012a4  g_chord_phases                       
202012c8  DEBUG_main_loop_count                
202012cc  DEBUG_timer_irq_count                
202012d0  __aeabi_errno                        
202012dc  g_phase                              
202012e0  g_phase_increment                    
202012e4  g_systick_count                      
20207e00  __stack                              
20208000  __STACK_END                          
ffffffff  __TI_pprof_out_hndl                  
ffffffff  __TI_prof_data_size                  
ffffffff  __TI_prof_data_start                 
ffffffff  __binit__                            
ffffffff  binit                                
UNDEFED   __mpu_init                           
UNDEFED   _system_post_cinit                   

[182 symbols]
