******************************************************************************
            TI ARM Clang Linker PC v4.0.4                      
******************************************************************************
>> Linked Wed Dec 24 16:22:58 2025

OUTPUT FILE NAME:   <Motion_Music_studio.out>
ENTRY POINT SYMBOL: "_c_int00_noargs"  address: 00003d3d


MEMORY CONFIGURATION

         name            origin    length      used     unused   attr    fill
----------------------  --------  ---------  --------  --------  ----  --------
  FLASH                 00000000   00020000  00004f30  0001b0d0  R  X
  SRAM                  20200000   00008000  00001468  00006b98  RW X
  BCR_CONFIG            41c00000   000000ff  00000000  000000ff  R   
  BSL_CONFIG            41c00100   00000080  00000000  00000080  R   


SEGMENT ALLOCATION MAP

run origin  load origin   length   init length attrs members
----------  ----------- ---------- ----------- ----- -------
00000000    00000000    000047e8   000047e8    r-x
  00000000    00000000    000000c0   000000c0    r-- .intvecs
  000000c0    000000c0    00004728   00004728    r-x .text
000047f0    000047f0    00000748   00000748    r--
  000047f0    000047f0    00000710   00000710    r-- .rodata
  00004f00    00004f00    00000038   00000038    r-- .cinit
20200000    20200000    00001268   00000000    rw-
  20200000    20200000    00001000   00000000    rw- .sysmem
  20201000    20201000    000001c0   00000000    rw- .bss
  202011c0    202011c0    000000a8   00000000    rw- .data
20207e00    20207e00    00000200   00000000    rw-
  20207e00    20207e00    00000200   00000000    rw- .stack


SECTION ALLOCATION MAP

 output                                  attributes/
section   page    origin      length       input sections
--------  ----  ----------  ----------   ----------------
.intvecs   0    00000000    000000c0     
                  00000000    000000c0     startup_mspm0g350x_ticlang.o (.intvecs)

.text      0    000000c0    00004728     
                  000000c0    00000868     libc.a : _printfi.c.obj (.text:__TI_printfi_nofloat)
                  00000928    00000260     lcd_driver.o (.text.LCD_Init)
                  00000b88    00000230     main.o (.text.main)
                  00000db8    00000204     ti_msp_dl_config.o (.text.SYSCFG_DL_GPIO_init)
                  00000fbc    000001c0     main.o (.text.Draw_VU_Meter)
                  0000117c    00000184     main.o (.text.Generate_Audio_Sample)
                  00001300    00000180     main.o (.text.Display_Update)
                  00001480    00000180     lcd_driver.o (.text.LCD_PrintString)
                  00001600    00000178     main.o (.text.Draw_Waveform)
                  00001778    0000014c     main.o (.text.Draw_Pitch_Bend_Indicator)
                  000018c4    00000114     lcd_driver.o (.text.LCD_DrawRect)
                  000019d8    00000112     lcd_driver.o (.text.LCD_DrawLine)
                  00001aea    00000002     main.o (.text.Init_Envelope_Tables)
                  00001aec    00000110     dl_timer.o (.text.DL_Timer_initTimerMode)
                  00001bfc    00000110     dl_timer.o (.text.DL_Timer_initTwoCCPWMMode)
                  00001d0c    000000f0     main.o (.text.Update_Phase_Increment)
                  00001dfc    000000ec     dl_timer.o (.text.DL_Timer_initFourCCPWMMode)
                  00001ee8    000000e0     dl_sysctl_mspm0g1x0x_g3x0x.o (.text.DL_SYSCTL_configSYSPLL)
                  00001fc8    000000dc     main.o (.text.Generate_Waveform)
                  000020a4    000000d8     dl_rtc_common.o (.text.DL_RTC_Common_initCalendar)
                  0000217c    000000d8     libclang_rt.builtins.a : addsf3.S.obj (.text)
                  00002254    000000d0     main.o (.text.Process_Joystick)
                  00002324    000000d0     main.o (.text.TIMG7_IRQHandler)
                  000023f4    000000cc     main.o (.text.Process_Buttons)
                  000024c0    000000c0     ti_msp_dl_config.o (.text.SYSCFG_DL_initPower)
                  00002580    000000b8     ti_msp_dl_config.o (.text.SYSCFG_DL_ADC_ACCEL_init)
                  00002638    000000b0     ti_msp_dl_config.o (.text.SYSCFG_DL_SYSCTL_SYSPLL_init)
                  000026e8    000000a4     ti_msp_dl_config.o (.text.SYSCFG_DL_SYSCTL_init)
                  0000278c    000000a2     libclang_rt.builtins.a : udivmoddi4.S.obj (.text)
                  0000282e    00000002                            : aeabi_div0.c.obj (.text.__aeabi_idiv0)
                  00002830    000000a0     main.o (.text.Process_Pitch_Bend)
                  000028d0    0000009c     lcd_driver.o (.text.LCD_FillScreen)
                  0000296c    0000008c     ti_msp_dl_config.o (.text.SYSCFG_DL_ADC_MIC_JOY_init)
                  000029f8    0000008c     libclang_rt.builtins.a : mulsf3.S.obj (.text.__mulsf3)
                  00002a84    00000084     ti_msp_dl_config.o (.text.__NVIC_SetPriority)
                  00002b08    00000082     libclang_rt.builtins.a : divsf3.S.obj (.text.__divsf3)
                  00002b8a    00000002                            : aeabi_div0.c.obj (.text.__aeabi_ldiv0)
                  00002b8c    00000080     main.o (.text.Draw_Header)
                  00002c0c    0000007c     libc.a : copy_decompress_lzss.c.obj (.text:decompress:lzss)
                  00002c88    00000074     ti_msp_dl_config.o (.text.SYSCFG_DL_PWM_AUDIO_init)
                  00002cfc    00000074     libclang_rt.builtins.a : comparedf2.c.obj (.text.__gedf2)
                  00002d70    0000006c     lcd_driver.o (.text.LCD_SetWindow)
                  00002ddc    00000068     libclang_rt.builtins.a : comparedf2.c.obj (.text.__ledf2)
                  00002e44    00000062                            : aeabi_dcmp.S.obj (.text.__aeabi_dcmp)
                  00002ea6    00000002     --HOLE-- [fill = 0]
                  00002ea8    00000062                            : aeabi_fcmp.S.obj (.text.__aeabi_fcmp)
                  00002f0a    00000002     --HOLE-- [fill = 0]
                  00002f0c    00000060     main.o (.text.ADC1_IRQHandler)
                  00002f6c    00000060     ti_msp_dl_config.o (.text.DL_ADC12_initSeqSample)
                  00002fcc    00000058     lcd_driver.o (.text.LCD_PrintNumber)
                  00003024    00000058     ti_msp_dl_config.o (.text.SYSCFG_DL_I2C_0_init)
                  0000307c    00000058     ti_msp_dl_config.o (.text.SYSCFG_DL_I2C_1_init)
                  000030d4    00000056     libclang_rt.builtins.a : aeabi_idivmod.S.obj (.text.__aeabi_idivmod)
                  0000312a    00000002     --HOLE-- [fill = 0]
                  0000312c    00000054     ti_msp_dl_config.o (.text.SYSCFG_DL_TIMER_SAMPLE_init)
                  00003180    00000054     ti_msp_dl_config.o (.text.SYSCFG_DL_init)
                  000031d4    00000050     main.o (.text.ADC0_IRQHandler)
                  00003224    00000050     ti_msp_dl_config.o (.text.DL_GPIO_initPeripheralInputFunctionFeatures)
                  00003274    0000004e     lcd_driver.o (.text.LCD_DrawPixel)
                  000032c2    00000002     --HOLE-- [fill = 0]
                  000032c4    0000004c     dl_adc12.o (.text.DL_ADC12_setClockConfig)
                  00003310    0000004c     ti_msp_dl_config.o (.text.DL_GPIO_initDigitalInputFeatures)
                  0000335c    0000004c     dl_sysctl_mspm0g1x0x_g3x0x.o (.text.DL_SYSCTL_switchMCLKfromSYSOSCtoHSCLK)
                  000033a8    0000004c     lcd_driver.o (.text.LCD_WriteCommand)
                  000033f4    0000004c     lcd_driver.o (.text.LCD_WriteData)
                  00003440    0000004c     libc.a : snprintf.c.obj (.text.snprintf)
                  0000348c    0000004a     ti_msp_dl_config.o (.text.DL_ADC12_configConversionMem)
                  000034d6    00000002     --HOLE-- [fill = 0]
                  000034d8    00000048     main.o (.text.Change_Instrument)
                  00003520    00000048     dl_spi.o (.text.DL_SPI_init)
                  00003568    00000040     dl_timer.o (.text.DL_Timer_setCaptureCompareOutCtl)
                  000035a8    00000040     ti_msp_dl_config.o (.text.SYSCFG_DL_SPI_LCD_init)
                  000035e8    00000040     libclang_rt.builtins.a : aeabi_uidivmod.S.obj (.text.__aeabi_uidivmod)
                  00003628    00000040     libc.a : atoi.c.obj (.text.atoi)
                  00003668    0000003c     dl_timer.o (.text.DL_Timer_setCaptureCompareCtl)
                  000036a4    0000003c     dl_timer.o (.text.DL_Timer_setCounterControl)
                  000036e0    0000003c     ti_msp_dl_config.o (.text.DL_Timer_setCounterControl)
                  0000371c    0000003c     libclang_rt.builtins.a : floatsisf.S.obj (.text.__floatsisf)
                  00003758    0000003c                            : comparesf2.S.obj (.text.__gtsf2)
                  00003794    0000003c     libc.a : autoinit.c.obj (.text:__TI_auto_init_nobinit_nopinit)
                  000037d0    0000003a     libclang_rt.builtins.a : comparesf2.S.obj (.text.__eqsf2)
                  0000380a    00000002     --HOLE-- [fill = 0]
                  0000380c    0000003a                            : muldsi3.S.obj (.text.__muldsi3)
                  00003846    00000002     --HOLE-- [fill = 0]
                  00003848    00000038     ti_msp_dl_config.o (.text.DL_Timer_setPublisherChanID)
                  00003880    00000038     libclang_rt.builtins.a : fixsfsi.S.obj (.text.__fixsfsi)
                  000038b8    00000034     dl_i2c.o (.text.DL_I2C_setClockConfig)
                  000038ec    00000034     dl_timer.o (.text.DL_Timer_setCaptCompUpdateMethod)
                  00003920    00000034     dl_timer.o (.text.DL_Timer_setCaptureCompareAction)
                  00003954    00000034     dl_timer.o (.text.DL_Timer_setCaptureCompareInput)
                  00003988    00000034     dl_timer.o (.text.DL_Timer_setClockConfig)
                  000039bc    00000034     main.o (.text.HardFault_Handler)
                  000039f0    00000032     libclang_rt.builtins.a : fixunssfsi.S.obj (.text.__fixunssfsi)
                  00003a22    00000002     --HOLE-- [fill = 0]
                  00003a24    00000030     main.o (.text.DL_ADC12_getMemResult)
                  00003a54    00000030     ti_msp_dl_config.o (.text.DL_SPI_setFIFOThreshold)
                  00003a84    00000030     libc.a : snprintf.c.obj (.text._outs)
                  00003ab4    0000002c     dl_timer.o (.text.DL_Timer_setCaptureCompareValue)
                  00003ae0    0000002c     main.o (.text.__NVIC_EnableIRQ)
                  00003b0c    00000028     dl_adc12.o (.text.DL_Common_updateReg)
                  00003b34    00000028     dl_i2c.o (.text.DL_Common_updateReg)
                  00003b5c    00000028     dl_rtc_common.o (.text.DL_Common_updateReg)
                  00003b84    00000028     dl_spi.o (.text.DL_Common_updateReg)
                  00003bac    00000028     dl_sysctl_mspm0g1x0x_g3x0x.o (.text.DL_Common_updateReg)
                  00003bd4    00000028     dl_timer.o (.text.DL_Common_updateReg)
                  00003bfc    00000028     ti_msp_dl_config.o (.text.DL_Common_updateReg)
                  00003c24    00000028     ti_msp_dl_config.o (.text.DL_I2C_setControllerRXFIFOThreshold)
                  00003c4c    00000028     ti_msp_dl_config.o (.text.DL_I2C_setControllerTXFIFOThreshold)
                  00003c74    00000028     dl_sysctl_mspm0g1x0x_g3x0x.o (.text.DL_SYSCTL_configFCC)
                  00003c9c    00000028     ti_msp_dl_config.o (.text.DL_SYSCTL_setPowerPolicySTANDBY0)
                  00003cc4    00000028     ti_msp_dl_config.o (.text.DL_Timer_enableEvent)
                  00003cec    00000028     ti_msp_dl_config.o (.text.SYSCFG_DL_RTC_init)
                  00003d14    00000028     libclang_rt.builtins.a : floatunsisf.S.obj (.text.__floatunsisf)
                  00003d3c    00000028     libc.a : boot_cortex_m.c.obj (.text:_c_int00_noargs)
                  00003d64    00000026     ti_msp_dl_config.o (.text.DL_I2C_setAnalogGlitchFilterPulseWidth)
                  00003d8a    00000002     --HOLE-- [fill = 0]
                  00003d8c    00000024     ti_msp_dl_config.o (.text.DL_SPI_setBitRateSerialClockDivider)
                  00003db0    00000024     dl_spi.o (.text.DL_SPI_setClockConfig)
                  00003dd4    00000024     libclang_rt.builtins.a : floatunsidf.S.obj (.text.__floatunsidf)
                  00003df8    00000024                            : muldi3.S.obj (.text.__muldi3)
                  00003e1c    00000022     libc.a : memccpy.c.obj (.text.memccpy)
                  00003e3e    00000002     --HOLE-- [fill = 0]
                  00003e40    00000020     dl_sysctl_mspm0g1x0x_g3x0x.o (.text.DL_CORE_configInstruction)
                  00003e60    00000020     dl_rtc_common.o (.text.DL_RTC_Common_setCalendarYearBinary)
                  00003e80    00000020     ti_msp_dl_config.o (.text.DL_SYSCTL_setFlashWaitState)
                  00003ea0    00000020     ti_msp_dl_config.o (.text.DL_SYSCTL_setMFPCLKSource)
                  00003ec0    00000020     dl_timer.o (.text.DL_Timer_setCounterValueAfterEnable)
                  00003ee0    0000001e     libclang_rt.builtins.a : ashldi3.S.obj (.text.__ashldi3)
                  00003efe    00000002     --HOLE-- [fill = 0]
                  00003f00    0000001c     ti_msp_dl_config.o (.text.DL_ADC12_clearInterruptStatus)
                  00003f1c    0000001c     ti_msp_dl_config.o (.text.DL_ADC12_enableInterrupt)
                  00003f38    0000001c     main.o (.text.DL_ADC12_startConversion)
                  00003f54    0000001c     ti_msp_dl_config.o (.text.DL_GPIO_clearInterruptStatus)
                  00003f70    0000001c     ti_msp_dl_config.o (.text.DL_GPIO_enableHiZ)
                  00003f8c    0000001c     ti_msp_dl_config.o (.text.DL_GPIO_enableInterrupt)
                  00003fa8    0000001c     ti_msp_dl_config.o (.text.DL_GPIO_initPeripheralOutputFunction)
                  00003fc4    0000001c     ti_msp_dl_config.o (.text.DL_GPIO_setLowerPinsPolarity)
                  00003fe0    0000001c     dl_rtc_common.o (.text.DL_RTC_Common_setCalendarMinutesBCD)
                  00003ffc    0000001c     dl_rtc_common.o (.text.DL_RTC_Common_setCalendarMinutesBinary)
                  00004018    0000001c     dl_rtc_common.o (.text.DL_RTC_Common_setCalendarMonthBCD)
                  00004034    0000001c     dl_rtc_common.o (.text.DL_RTC_Common_setCalendarMonthBinary)
                  00004050    0000001c     dl_rtc_common.o (.text.DL_RTC_Common_setCalendarSecondsBCD)
                  0000406c    0000001c     dl_rtc_common.o (.text.DL_RTC_Common_setCalendarSecondsBinary)
                  00004088    0000001c     dl_rtc_common.o (.text.DL_RTC_Common_setCalendarYearBCD)
                  000040a4    0000001c     dl_rtc_common.o (.text.DL_RTC_Common_setClockFormat)
                  000040c0    0000001c     ti_msp_dl_config.o (.text.DL_SYSCTL_setFCCPeriods)
                  000040dc    0000001c     ti_msp_dl_config.o (.text.DL_SYSCTL_setMCLKDivider)
                  000040f8    0000001c     ti_msp_dl_config.o (.text.DL_SYSCTL_setSYSOSCFreq)
                  00004114    0000001c     ti_msp_dl_config.o (.text.DL_SYSCTL_setULPCLKDivider)
                  00004130    0000001c     ti_msp_dl_config.o (.text.DL_SYSCTL_setVBOOSTConfig)
                  0000414c    0000001c     ti_msp_dl_config.o (.text.DL_Timer_enableInterrupt)
                  00004168    0000001c     ti_msp_dl_config.o (.text.SYSCFG_DL_SYSCTL_CLK_init)
                  00004184    0000001a     ti_msp_dl_config.o (.text.DL_ADC12_setSubscriberChanID)
                  0000419e    0000001a     dl_rtc_common.o (.text.DL_RTC_Common_setCalendarHoursBCD)
                  000041b8    0000001a     dl_rtc_common.o (.text.DL_RTC_Common_setCalendarHoursBinary)
                  000041d2    00000002     --HOLE-- [fill = 0]
                  000041d4    00000018     ti_msp_dl_config.o (.text.DL_ADC12_enablePower)
                  000041ec    00000018     ti_msp_dl_config.o (.text.DL_ADC12_reset)
                  00004204    00000018     ti_msp_dl_config.o (.text.DL_ADC12_setSampleTime0)
                  0000421c    00000018     ti_msp_dl_config.o (.text.DL_GPIO_enableOutput)
                  00004234    00000018     ti_msp_dl_config.o (.text.DL_GPIO_enablePower)
                  0000424c    00000018     ti_msp_dl_config.o (.text.DL_GPIO_initDigitalOutput)
                  00004264    00000018     ti_msp_dl_config.o (.text.DL_GPIO_reset)
                  0000427c    00000018     ti_msp_dl_config.o (.text.DL_GPIO_setAnalogInternalResistor)
                  00004294    00000018     lcd_driver.o (.text.DL_GPIO_setPins)
                  000042ac    00000018     main.o (.text.DL_GPIO_setPins)
                  000042c4    00000018     ti_msp_dl_config.o (.text.DL_GPIO_setPins)
                  000042dc    00000018     ti_msp_dl_config.o (.text.DL_GPIO_setUpperPinsPolarity)
                  000042f4    00000018     main.o (.text.DL_GPIO_togglePins)
                  0000430c    00000018     ti_msp_dl_config.o (.text.DL_I2C_enableAnalogGlitchFilter)
                  00004324    00000018     ti_msp_dl_config.o (.text.DL_I2C_enableController)
                  0000433c    00000018     ti_msp_dl_config.o (.text.DL_I2C_enableControllerClockStretching)
                  00004354    00000018     ti_msp_dl_config.o (.text.DL_I2C_enablePower)
                  0000436c    00000018     ti_msp_dl_config.o (.text.DL_I2C_reset)
                  00004384    00000018     ti_msp_dl_config.o (.text.DL_I2C_setTimerPeriod)
                  0000439c    00000018     ti_msp_dl_config.o (.text.DL_RTC_Common_enablePower)
                  000043b4    00000018     ti_msp_dl_config.o (.text.DL_RTC_Common_reset)
                  000043cc    00000018     ti_msp_dl_config.o (.text.DL_SPI_enable)
                  000043e4    00000018     ti_msp_dl_config.o (.text.DL_SPI_enablePower)
                  000043fc    00000018     lcd_driver.o (.text.DL_SPI_isBusy)
                  00004414    00000018     ti_msp_dl_config.o (.text.DL_SPI_reset)
                  0000442c    00000018     ti_msp_dl_config.o (.text.DL_SYSCTL_enableInterrupt)
                  00004444    00000018     ti_msp_dl_config.o (.text.DL_SYSCTL_setBORThreshold)
                  0000445c    00000018     dl_sysctl_mspm0g1x0x_g3x0x.o (.text.DL_SYSCTL_setHSCLKSource)
                  00004474    00000018     ti_msp_dl_config.o (.text.DL_Timer_enablePower)
                  0000448c    00000018     ti_msp_dl_config.o (.text.DL_Timer_reset)
                  000044a4    00000018     dl_timer.o (.text.DL_Timer_setLoadValue)
                  000044bc    00000018     main.o (.text.DL_Timer_startCounter)
                  000044d4    00000018     libc.a : snprintf.c.obj (.text._outc)
                  000044ec    00000016     main.o (.text.DL_ADC12_enableConversions)
                  00004502    00000016     ti_msp_dl_config.o (.text.DL_ADC12_enableConversions)
                  00004518    00000016     ti_msp_dl_config.o (.text.DL_GPIO_enableGlobalFastWake)
                  0000452e    00000016     main.o (.text.DL_GPIO_readPins)
                  00004544    00000016     lcd_driver.o (.text.DL_SPI_transmitData8)
                  0000455a    00000016     libc.a : copy_zero_init.c.obj (.text:decompress:ZI:__TI_zero_init_nomemset)
                  00004570    00000014     dl_common.o (.text.DL_Common_delayCycles)
                  00004584    00000014     ti_msp_dl_config.o (.text.DL_FlashCTL_enableInterrupt)
                  00004598    00000014     lcd_driver.o (.text.DL_GPIO_clearPins)
                  000045ac    00000014     main.o (.text.DL_GPIO_clearPins)
                  000045c0    00000014     ti_msp_dl_config.o (.text.DL_GPIO_clearPins)
                  000045d4    00000014     ti_msp_dl_config.o (.text.DL_I2C_resetControllerTransfer)
                  000045e8    00000014     dl_sysctl_mspm0g1x0x_g3x0x.o (.text.DL_SYSCTL_disableSYSPLL)
                  000045fc    00000014     ti_msp_dl_config.o (.text.DL_SYSCTL_disableSYSPLL)
                  00004610    00000014     ti_msp_dl_config.o (.text.DL_SYSCTL_enableMFCLK)
                  00004624    00000014     dl_sysctl_mspm0g1x0x_g3x0x.o (.text.DL_SYSCTL_enableSYSPLL)
                  00004638    00000014     ti_msp_dl_config.o (.text.DL_SYSCTL_enableSYSPLL)
                  0000464c    00000014     ti_msp_dl_config.o (.text.DL_Timer_enableClock)
                  00004660    00000014     ti_msp_dl_config.o (.text.DL_Timer_setCCPDirection)
                  00004674    00000014     main.o (.text.Trigger_Note_On)
                  00004688    00000014     libclang_rt.builtins.a : aeabi_uldivmod.S.obj (.text.__aeabi_uldivmod)
                  0000469c    00000012     main.o (.text.DL_ADC12_getPendingInterrupt)
                  000046ae    00000012     main.o (.text.DL_Timer_getPendingInterrupt)
                  000046c0    00000012     libc.a : memcpy16.S.obj (.text:TI_memcpy_small)
                  000046d2    00000012            : copy_decompress_none.c.obj (.text:decompress:none)
                  000046e4    00000010     dl_sysctl_mspm0g1x0x_g3x0x.o (.text.DL_CORE_getInstructionConfig)
                  000046f4    00000010     ti_msp_dl_config.o (.text.DL_SYSCTL_disableHFXT)
                  00004704    00000010     ti_msp_dl_config.o (.text.DL_SYSCTL_enableMFPCLK)
                  00004714    00000010     ti_msp_dl_config.o (.text.DL_SYSCTL_isFCCDone)
                  00004724    00000010     ti_msp_dl_config.o (.text.DL_SYSCTL_startFCC)
                  00004734    00000010     libc.a : wcslen.c.obj (.text.wcslen)
                  00004744    0000000e     libclang_rt.builtins.a : aeabi_memset.S.obj (.text.__aeabi_memset)
                  00004752    0000000e     libc.a : _printfi.c.obj (.text.strlen)
                  00004760    0000000e            : strlen.c.obj (.text.strlen)
                  0000476e    0000000e            : memset16.S.obj (.text:TI_memset_small)
                  0000477c    0000000c     dl_sysctl_mspm0g1x0x_g3x0x.o (.text.DL_SYSCTL_getClockStatus)
                  00004788    0000000c     ti_msp_dl_config.o (.text.DL_SYSCTL_getClockStatus)
                  00004794    0000000c     ti_msp_dl_config.o (.text.DL_SYSCTL_readFCC)
                  000047a0    0000000c     libclang_rt.builtins.a : aeabi_memset.S.obj (.text.__aeabi_memclr)
                  000047ac    00000008     libc.a : aeabi_portable.c.obj (.text.__aeabi_errno_addr)
                  000047b4    00000008     libclang_rt.builtins.a : aeabi_memcpy.S.obj (.text.__aeabi_memcpy)
                  000047bc    00000006     libc.a : exit.c.obj (.text:abort)
                  000047c2    00000004     startup_mspm0g350x_ticlang.o (.text.Default_Handler)
                  000047c6    00000004     libsysbm.a : hostexit.c.obj (.text.HOSTexit)
                  000047ca    00000004     startup_mspm0g350x_ticlang.o (.text.Reset_Handler)
                  000047ce    00000002     --HOLE-- [fill = 0]
                  000047d0    00000010     libc.a : boot_cortex_m.c.obj (.tramp._c_int00_noargs.1)
                  000047e0    00000004            : pre_init.c.obj (.text._system_pre_init)
                  000047e4    00000004     --HOLE-- [fill = 0]

.cinit     0    00004f00    00000038     
                  00004f00    00000014     (.cinit..data.load) [load image, compression = lzss]
                  00004f14    0000000c     (__TI_handler_table)
                  00004f20    00000008     (.cinit..bss.load) [load image, compression = zero_init]
                  00004f28    00000010     (__TI_cinit_table)

.rodata    0    000047f0    00000710     
                  000047f0    00000222     lcd_driver.o (.rodata.font_6x8)
                  00004a12    00000200     main.o (.rodata.sine_table)
                  00004c12    0000000c     main.o (.rodata.str1.8154729771448623357.1)
                  00004c1e    00000002     ti_msp_dl_config.o (.rodata.gI2C_0ClockConfig)
                  00004c20    00000101     libc.a : aeabi_ctype.S.obj (.rodata:__aeabi_ctype_table_)
                  00004d21    00000003     ti_msp_dl_config.o (.rodata.gPWM_AUDIOClockConfig)
                  00004d24    00000064     main.o (.rodata.PITCH_BEND_TABLE)
                  00004d88    00000050     main.o (.rodata.INSTRUMENTS)
                  00004dd8    00000028     ti_msp_dl_config.o (.rodata.gSYSPLLConfig)
                  00004e00    00000021     ti_msp_dl_config.o (.rodata..L__const.SYSCFG_DL_GPIO_init.unusedPinIndexes)
                  00004e21    00000003     ti_msp_dl_config.o (.rodata.gTIMER_SAMPLEClockConfig)
                  00004e24    00000014     ti_msp_dl_config.o (.rodata.gTIMER_SAMPLETimerConfig)
                  00004e38    00000011     libc.a : _printfi.c.obj (.rodata.str1.10348868589481759720.1)
                  00004e49    00000011            : _printfi.c.obj (.rodata.str1.15363888844622738466.1)
                  00004e5a    00000002     ti_msp_dl_config.o (.rodata.gI2C_1ClockConfig)
                  00004e5c    00000010     main.o (.rodata..L__const.Display_Update.wave_names)
                  00004e6c    0000000a     ti_msp_dl_config.o (.rodata.gSPI_LCD_config)
                  00004e76    0000000a     main.o (.rodata.str1.18227636981041470289.1)
                  00004e80    00000008     ti_msp_dl_config.o (.rodata.gADC_ACCELClockConfig)
                  00004e88    00000008     ti_msp_dl_config.o (.rodata.gADC_MIC_JOYClockConfig)
                  00004e90    00000008     ti_msp_dl_config.o (.rodata.gPWM_AUDIOConfig)
                  00004e98    00000008     ti_msp_dl_config.o (.rodata.gRTCCalendarConfig)
                  00004ea0    00000008     main.o (.rodata.str1.288608917962107522.1)
                  00004ea8    00000007     main.o (.rodata.str1.15159059442110792349.1)
                  00004eaf    00000007     main.o (.rodata.str1.17100691992556644108.1)
                  00004eb6    00000006     main.o (.rodata.str1.12180500075719773345.1)
                  00004ebc    00000006     main.o (.rodata.str1.2846389346932560359.1)
                  00004ec2    00000005     main.o (.rodata.str1.10313062130652730376.1)
                  00004ec7    00000005     main.o (.rodata.str1.14112174005742061988.1)
                  00004ecc    00000005     main.o (.rodata.str1.7702501944640899365.1)
                  00004ed1    00000001     --HOLE-- [fill = 0]
                  00004ed2    00000004     main.o (.rodata.ENV_INSTANT)
                  00004ed6    00000004     main.o (.rodata.str1.11870794119293528247.1)
                  00004eda    00000004     main.o (.rodata.str1.14079361385603432444.1)
                  00004ede    00000004     main.o (.rodata.str1.2763581881760962609.1)
                  00004ee2    00000004     lcd_driver.o (.rodata.str1.4301156551425074819.1)
                  00004ee6    00000004     main.o (.rodata.str1.8076846746581808073.1)
                  00004eea    00000004     main.o (.rodata.str1.8108965883388295311.1)
                  00004eee    00000003     main.o (.rodata.str1.14402440632258215044.1)
                  00004ef1    00000003     main.o (.rodata.str1.15996357275703397564.1)
                  00004ef4    00000003     main.o (.rodata.str1.16265332423659789559.1)
                  00004ef7    00000003     main.o (.rodata.str1.9059077390166914652.1)
                  00004efa    00000002     ti_msp_dl_config.o (.rodata.gSPI_LCD_clockConfig)
                  00004efc    00000002     main.o (.rodata.str1.2123964117280943167.1)
                  00004efe    00000002     --HOLE-- [fill = 0]

.init_array 
*          0    00000000    00000000     UNINITIALIZED

.binit     0    00000000    00000000     

.sysmem    0    20200000    00001000     UNINITIALIZED
                  20200000    00000010     libc.a : memory.c.obj (.sysmem)
                  20200010    00000ff0     --HOLE--

.bss       0    20201000    000001c0     UNINITIALIZED
                  20201000    000000bc     ti_msp_dl_config.o (.bss.gPWM_AUDIOBackup)
                  202010bc    000000a0     ti_msp_dl_config.o (.bss.gTIMER_SAMPLEBackup)
                  2020115c    0000003c     main.o (.bss.gSynthState)
                  20201198    00000028     ti_msp_dl_config.o (.bss.gSPI_LCDBackup)

.data      0    202011c0    000000a8     UNINITIALIZED
                  202011c0    00000080     main.o (.data.waveform_buffer)
                  20201240    00000004     main.o (.data.Process_Buttons.s1_prev)
                  20201244    00000004     main.o (.data.Process_Buttons.s2_prev)
                  20201248    00000004     libc.a : aeabi_portable.c.obj (.data.__aeabi_errno)
                  2020124c    00000004     main.o (.data.base_frequency_hz)
                  20201250    00000004     main.o (.data.envelope_phase)
                  20201254    00000004     main.o (.data.phase)
                  20201258    00000004     main.o (.data.phase_increment)
                  2020125c    00000002     main.o (.data.envelope_amplitude)
                  2020125e    00000002     main.o (.data.peak_level)
                  20201260    00000002     main.o (.data.vu_level)
                  20201262    00000001     main.o (.data.Process_Pitch_Bend.prev_semitones)
                  20201263    00000001     main.o (.data.current_instrument)
                  20201264    00000001     main.o (.data.peak_hold_counter)
                  20201265    00000001     main.o (.data.pitch_bend_semitones)
                  20201266    00000001     main.o (.data.waveform_decimate)
                  20201267    00000001     main.o (.data.waveform_write_idx)

.stack     0    20207e00    00000200     UNINITIALIZED
                  20207e00    00000004     libc.a : boot_cortex_m.c.obj (.stack)
                  20207e04    000001fc     --HOLE--

__llvm_prf_cnts 
*          0    20200000    00000000     UNINITIALIZED

__llvm_prf_bits 
*          0    20200000    00000000     UNINITIALIZED

MODULE SUMMARY

       Module                         code    ro data   rw data
       ------                         ----    -------   -------
    .\
       main.o                         4470    817       224    
       lcd_driver.o                   2214    550       0      
       startup_mspm0g350x_ticlang.o   8       192       0      
    +--+------------------------------+-------+---------+---------+
       Total:                         6692    1559      224    
                                                               
    .\syscfg\
       ti_msp_dl_config.o             4206    147       388    
    +--+------------------------------+-------+---------+---------+
       Total:                         4206    147       388    
                                                               
    .\ti\driverlib\
       dl_timer.o                     1312    0         0      
       dl_rtc_common.o                564     0         0      
       dl_spi.o                       148     0         0      
       dl_adc12.o                     116     0         0      
       dl_i2c.o                       92      0         0      
       dl_common.o                    20      0         0      
    +--+------------------------------+-------+---------+---------+
       Total:                         2252    0         0      
                                                               
    .\ti\driverlib\m0p\sysctl\
       dl_sysctl_mspm0g1x0x_g3x0x.o   504     0         0      
    +--+------------------------------+-------+---------+---------+
       Total:                         504     0         0      
                                                               
    C:\ti\ccs2040\ccs\tools\compiler\ti-cgt-armllvm_4.0.4.LTS\lib\armv6m-ti-none-eabi/c/libc.a
       _printfi.c.obj                 2166    34        0      
       aeabi_ctype.S.obj              0       257       0      
       snprintf.c.obj                 148     0         0      
       copy_decompress_lzss.c.obj     124     0         0      
       atoi.c.obj                     64      0         0      
       autoinit.c.obj                 60      0         0      
       boot_cortex_m.c.obj            56      0         0      
       memccpy.c.obj                  34      0         0      
       copy_zero_init.c.obj           22      0         0      
       copy_decompress_none.c.obj     18      0         0      
       memcpy16.S.obj                 18      0         0      
       wcslen.c.obj                   16      0         0      
       memset16.S.obj                 14      0         0      
       strlen.c.obj                   14      0         0      
       aeabi_portable.c.obj           8       0         4      
       exit.c.obj                     6       0         0      
       pre_init.c.obj                 4       0         0      
    +--+------------------------------+-------+---------+---------+
       Total:                         2772    291       4      
                                                               
    C:\ti\ccs2040\ccs\tools\compiler\ti-cgt-armllvm_4.0.4.LTS\lib\armv6m-ti-none-eabi/c/libsysbm.a
       hostexit.c.obj                 4       0         0      
    +--+------------------------------+-------+---------+---------+
       Total:                         4       0         0      
                                                               
    C:\ti\ccs2040\ccs\tools\compiler\ti-cgt-armllvm_4.0.4.LTS\lib\armv6m-ti-none-eabi/libclang_rt.builtins.a
       comparedf2.c.obj               220     0         0      
       addsf3.S.obj                   216     0         0      
       udivmoddi4.S.obj               162     0         0      
       mulsf3.S.obj                   140     0         0      
       divsf3.S.obj                   130     0         0      
       comparesf2.S.obj               118     0         0      
       aeabi_dcmp.S.obj               98      0         0      
       aeabi_fcmp.S.obj               98      0         0      
       aeabi_idivmod.S.obj            86      0         0      
       aeabi_uidivmod.S.obj           64      0         0      
       floatsisf.S.obj                60      0         0      
       muldsi3.S.obj                  58      0         0      
       fixsfsi.S.obj                  56      0         0      
       fixunssfsi.S.obj               50      0         0      
       floatunsisf.S.obj              40      0         0      
       floatunsidf.S.obj              36      0         0      
       muldi3.S.obj                   36      0         0      
       ashldi3.S.obj                  30      0         0      
       aeabi_memset.S.obj             26      0         0      
       aeabi_uldivmod.S.obj           20      0         0      
       aeabi_memcpy.S.obj             8       0         0      
       aeabi_div0.c.obj               4       0         0      
    +--+------------------------------+-------+---------+---------+
       Total:                         1756    0         0      
                                                               
       Heap:                          0       0         4096   
       Stack:                         0       0         512    
       Linker Generated:              0       56        0      
    +--+------------------------------+-------+---------+---------+
       Grand Total:                   18186   2053      5224   


LINKER GENERATED COPY TABLES

__TI_cinit_table @ 00004f28 records: 2, size/record: 8, table size: 16
	.data: load addr=00004f00, load size=00000014 bytes, run addr=202011c0, run size=000000a8 bytes, compression=lzss
	.bss: load addr=00004f20, load size=00000008 bytes, run addr=20201000, run size=000001c0 bytes, compression=zero_init


LINKER GENERATED HANDLER TABLE

__TI_handler_table @ 00004f14 records: 3, size/record: 4, table size: 12
	index: 0, handler: __TI_decompress_lzss
	index: 1, handler: __TI_decompress_none
	index: 2, handler: __TI_zero_init


FAR CALL TRAMPOLINES

callee name               trampoline name
   callee addr  tramp addr   call addr  call info
--------------  -----------  ---------  ----------------
_c_int00_noargs           $Tramp$TT$L$PI$$_c_int00_noargs
   00003d3d     000047d0     000047ca   startup_mspm0g350x_ticlang.o (.text.Reset_Handler)

[1 trampolines]
[1 trampoline calls]


GLOBAL SYMBOLS: SORTED ALPHABETICALLY BY Name 

address   name                                 
-------   ----                                 
000031d5  ADC0_IRQHandler                      
00002f0d  ADC1_IRQHandler                      
000047c3  AES_IRQHandler                       
000047c6  C$$EXIT                              
000047c3  CANFD0_IRQHandler                    
000047c3  DAC0_IRQHandler                      
000032c5  DL_ADC12_setClockConfig              
00004571  DL_Common_delayCycles                
000038b9  DL_I2C_setClockConfig                
000020a5  DL_RTC_Common_initCalendar           
00003521  DL_SPI_init                          
00003db1  DL_SPI_setClockConfig                
00003c75  DL_SYSCTL_configFCC                  
00001ee9  DL_SYSCTL_configSYSPLL               
0000335d  DL_SYSCTL_switchMCLKfromSYSOSCtoHSCLK
00001dfd  DL_Timer_initFourCCPWMMode           
00001aed  DL_Timer_initTimerMode               
000038ed  DL_Timer_setCaptCompUpdateMethod     
00003921  DL_Timer_setCaptureCompareAction     
00003669  DL_Timer_setCaptureCompareCtl        
00003955  DL_Timer_setCaptureCompareInput      
00003569  DL_Timer_setCaptureCompareOutCtl     
00003ab5  DL_Timer_setCaptureCompareValue      
00003989  DL_Timer_setClockConfig              
000047c3  DMA_IRQHandler                       
000047c3  Default_Handler                      
000047c3  GROUP0_IRQHandler                    
000047c3  GROUP1_IRQHandler                    
000047c7  HOSTexit                             
000039bd  HardFault_Handler                    
000047c3  I2C0_IRQHandler                      
000047c3  I2C1_IRQHandler                      
000019d9  LCD_DrawLine                         
00003275  LCD_DrawPixel                        
000018c5  LCD_DrawRect                         
000028d1  LCD_FillScreen                       
00000929  LCD_Init                             
00002fcd  LCD_PrintNumber                      
00001481  LCD_PrintString                      
000047c3  NMI_Handler                          
000047c3  PendSV_Handler                       
000023f5  Process_Buttons                      
000047c3  RTC_IRQHandler                       
000047cb  Reset_Handler                        
000047c3  SPI0_IRQHandler                      
000047c3  SPI1_IRQHandler                      
000047c3  SVC_Handler                          
00002581  SYSCFG_DL_ADC_ACCEL_init             
0000296d  SYSCFG_DL_ADC_MIC_JOY_init           
00000db9  SYSCFG_DL_GPIO_init                  
00003025  SYSCFG_DL_I2C_0_init                 
0000307d  SYSCFG_DL_I2C_1_init                 
00002c89  SYSCFG_DL_PWM_AUDIO_init             
00003ced  SYSCFG_DL_RTC_init                   
000035a9  SYSCFG_DL_SPI_LCD_init               
00004169  SYSCFG_DL_SYSCTL_CLK_init            
00002639  SYSCFG_DL_SYSCTL_SYSPLL_init         
000026e9  SYSCFG_DL_SYSCTL_init                
0000312d  SYSCFG_DL_TIMER_SAMPLE_init          
00003181  SYSCFG_DL_init                       
000024c1  SYSCFG_DL_initPower                  
000047c3  SysTick_Handler                      
000047c3  TIMA0_IRQHandler                     
000047c3  TIMA1_IRQHandler                     
000047c3  TIMG0_IRQHandler                     
000047c3  TIMG12_IRQHandler                    
000047c3  TIMG6_IRQHandler                     
00002325  TIMG7_IRQHandler                     
000047c3  TIMG8_IRQHandler                     
000046c1  TI_memcpy_small                      
0000476f  TI_memset_small                      
000047c3  UART0_IRQHandler                     
000047c3  UART1_IRQHandler                     
000047c3  UART2_IRQHandler                     
000047c3  UART3_IRQHandler                     
20208000  __STACK_END                          
00000200  __STACK_SIZE                         
00001000  __SYSMEM_SIZE                        
00000000  __TI_ATRegion0_region_sz             
00000000  __TI_ATRegion0_src_addr              
00000000  __TI_ATRegion0_trg_addr              
00000000  __TI_ATRegion1_region_sz             
00000000  __TI_ATRegion1_src_addr              
00000000  __TI_ATRegion1_trg_addr              
00000000  __TI_ATRegion2_region_sz             
00000000  __TI_ATRegion2_src_addr              
00000000  __TI_ATRegion2_trg_addr              
00004f28  __TI_CINIT_Base                      
00004f38  __TI_CINIT_Limit                     
00004f38  __TI_CINIT_Warm                      
00004f14  __TI_Handler_Table_Base              
00004f20  __TI_Handler_Table_Limit             
00003795  __TI_auto_init_nobinit_nopinit       
00002c0d  __TI_decompress_lzss                 
000046d3  __TI_decompress_none                 
ffffffff  __TI_pprof_out_hndl                  
000000c1  __TI_printfi_nofloat                 
ffffffff  __TI_prof_data_size                  
ffffffff  __TI_prof_data_start                 
00000000  __TI_static_base__                   
0000455b  __TI_zero_init_nomemset              
00002187  __addsf3                             
00004c20  __aeabi_ctype_table_                 
00004c20  __aeabi_ctype_table_C                
00002e45  __aeabi_dcmpeq                       
00002e81  __aeabi_dcmpge                       
00002e95  __aeabi_dcmpgt                       
00002e6d  __aeabi_dcmple                       
00002e59  __aeabi_dcmplt                       
20201248  __aeabi_errno                        
000047ad  __aeabi_errno_addr                   
00003881  __aeabi_f2iz                         
000039f1  __aeabi_f2uiz                        
00002187  __aeabi_fadd                         
00002ea9  __aeabi_fcmpeq                       
00002ee5  __aeabi_fcmpge                       
00002ef9  __aeabi_fcmpgt                       
00002ed1  __aeabi_fcmple                       
00002ebd  __aeabi_fcmplt                       
00002b09  __aeabi_fdiv                         
000029f9  __aeabi_fmul                         
0000217d  __aeabi_fsub                         
0000371d  __aeabi_i2f                          
000030d5  __aeabi_idiv                         
0000282f  __aeabi_idiv0                        
000030d5  __aeabi_idivmod                      
00002b8b  __aeabi_ldiv0                        
00003ee1  __aeabi_llsl                         
00003df9  __aeabi_lmul                         
000047a1  __aeabi_memclr                       
000047a1  __aeabi_memclr4                      
000047a1  __aeabi_memclr8                      
000047b5  __aeabi_memcpy                       
000047b5  __aeabi_memcpy4                      
000047b5  __aeabi_memcpy8                      
00004745  __aeabi_memset                       
00004745  __aeabi_memset4                      
00004745  __aeabi_memset8                      
00003dd5  __aeabi_ui2d                         
00003d15  __aeabi_ui2f                         
000035e9  __aeabi_uidiv                        
000035e9  __aeabi_uidivmod                     
00004689  __aeabi_uldivmod                     
00003ee1  __ashldi3                            
ffffffff  __binit__                            
00002ddd  __cmpdf2                             
000037d1  __cmpsf2                             
00002b09  __divsf3                             
00002ddd  __eqdf2                              
000037d1  __eqsf2                              
00003881  __fixsfsi                            
000039f1  __fixunssfsi                         
0000371d  __floatsisf                          
00003dd5  __floatunsidf                        
00003d15  __floatunsisf                        
00002cfd  __gedf2                              
00003759  __gesf2                              
00002cfd  __gtdf2                              
00003759  __gtsf2                              
00002ddd  __ledf2                              
000037d1  __lesf2                              
00002ddd  __ltdf2                              
000037d1  __ltsf2                              
UNDEFED   __mpu_init                           
00003df9  __muldi3                             
0000380d  __muldsi3                            
000029f9  __mulsf3                             
00002ddd  __nedf2                              
000037d1  __nesf2                              
20207e00  __stack                              
20200000  __start___llvm_prf_bits              
20200000  __start___llvm_prf_cnts              
20200000  __stop___llvm_prf_bits               
20200000  __stop___llvm_prf_cnts               
0000217d  __subsf3                             
0000278d  __udivmoddi4                         
00003d3d  _c_int00_noargs                      
20200000  _sys_memory                          
UNDEFED   _system_post_cinit                   
000047e1  _system_pre_init                     
000047bd  abort                                
00003629  atoi                                 
ffffffff  binit                                
20201000  gPWM_AUDIOBackup                     
20201198  gSPI_LCDBackup                       
2020115c  gSynthState                          
202010bc  gTIMER_SAMPLEBackup                  
00000000  interruptVectors                     
00000b89  main                                 
00003e1d  memccpy                              
00003441  snprintf                             
00004761  strlen                               
00004735  wcslen                               


GLOBAL SYMBOLS: SORTED BY Symbol Address 

address   name                                 
-------   ----                                 
00000000  __TI_ATRegion0_region_sz             
00000000  __TI_ATRegion0_src_addr              
00000000  __TI_ATRegion0_trg_addr              
00000000  __TI_ATRegion1_region_sz             
00000000  __TI_ATRegion1_src_addr              
00000000  __TI_ATRegion1_trg_addr              
00000000  __TI_ATRegion2_region_sz             
00000000  __TI_ATRegion2_src_addr              
00000000  __TI_ATRegion2_trg_addr              
00000000  __TI_static_base__                   
00000000  interruptVectors                     
000000c1  __TI_printfi_nofloat                 
00000200  __STACK_SIZE                         
00000929  LCD_Init                             
00000b89  main                                 
00000db9  SYSCFG_DL_GPIO_init                  
00001000  __SYSMEM_SIZE                        
00001481  LCD_PrintString                      
000018c5  LCD_DrawRect                         
000019d9  LCD_DrawLine                         
00001aed  DL_Timer_initTimerMode               
00001dfd  DL_Timer_initFourCCPWMMode           
00001ee9  DL_SYSCTL_configSYSPLL               
000020a5  DL_RTC_Common_initCalendar           
0000217d  __aeabi_fsub                         
0000217d  __subsf3                             
00002187  __addsf3                             
00002187  __aeabi_fadd                         
00002325  TIMG7_IRQHandler                     
000023f5  Process_Buttons                      
000024c1  SYSCFG_DL_initPower                  
00002581  SYSCFG_DL_ADC_ACCEL_init             
00002639  SYSCFG_DL_SYSCTL_SYSPLL_init         
000026e9  SYSCFG_DL_SYSCTL_init                
0000278d  __udivmoddi4                         
0000282f  __aeabi_idiv0                        
000028d1  LCD_FillScreen                       
0000296d  SYSCFG_DL_ADC_MIC_JOY_init           
000029f9  __aeabi_fmul                         
000029f9  __mulsf3                             
00002b09  __aeabi_fdiv                         
00002b09  __divsf3                             
00002b8b  __aeabi_ldiv0                        
00002c0d  __TI_decompress_lzss                 
00002c89  SYSCFG_DL_PWM_AUDIO_init             
00002cfd  __gedf2                              
00002cfd  __gtdf2                              
00002ddd  __cmpdf2                             
00002ddd  __eqdf2                              
00002ddd  __ledf2                              
00002ddd  __ltdf2                              
00002ddd  __nedf2                              
00002e45  __aeabi_dcmpeq                       
00002e59  __aeabi_dcmplt                       
00002e6d  __aeabi_dcmple                       
00002e81  __aeabi_dcmpge                       
00002e95  __aeabi_dcmpgt                       
00002ea9  __aeabi_fcmpeq                       
00002ebd  __aeabi_fcmplt                       
00002ed1  __aeabi_fcmple                       
00002ee5  __aeabi_fcmpge                       
00002ef9  __aeabi_fcmpgt                       
00002f0d  ADC1_IRQHandler                      
00002fcd  LCD_PrintNumber                      
00003025  SYSCFG_DL_I2C_0_init                 
0000307d  SYSCFG_DL_I2C_1_init                 
000030d5  __aeabi_idiv                         
000030d5  __aeabi_idivmod                      
0000312d  SYSCFG_DL_TIMER_SAMPLE_init          
00003181  SYSCFG_DL_init                       
000031d5  ADC0_IRQHandler                      
00003275  LCD_DrawPixel                        
000032c5  DL_ADC12_setClockConfig              
0000335d  DL_SYSCTL_switchMCLKfromSYSOSCtoHSCLK
00003441  snprintf                             
00003521  DL_SPI_init                          
00003569  DL_Timer_setCaptureCompareOutCtl     
000035a9  SYSCFG_DL_SPI_LCD_init               
000035e9  __aeabi_uidiv                        
000035e9  __aeabi_uidivmod                     
00003629  atoi                                 
00003669  DL_Timer_setCaptureCompareCtl        
0000371d  __aeabi_i2f                          
0000371d  __floatsisf                          
00003759  __gesf2                              
00003759  __gtsf2                              
00003795  __TI_auto_init_nobinit_nopinit       
000037d1  __cmpsf2                             
000037d1  __eqsf2                              
000037d1  __lesf2                              
000037d1  __ltsf2                              
000037d1  __nesf2                              
0000380d  __muldsi3                            
00003881  __aeabi_f2iz                         
00003881  __fixsfsi                            
000038b9  DL_I2C_setClockConfig                
000038ed  DL_Timer_setCaptCompUpdateMethod     
00003921  DL_Timer_setCaptureCompareAction     
00003955  DL_Timer_setCaptureCompareInput      
00003989  DL_Timer_setClockConfig              
000039bd  HardFault_Handler                    
000039f1  __aeabi_f2uiz                        
000039f1  __fixunssfsi                         
00003ab5  DL_Timer_setCaptureCompareValue      
00003c75  DL_SYSCTL_configFCC                  
00003ced  SYSCFG_DL_RTC_init                   
00003d15  __aeabi_ui2f                         
00003d15  __floatunsisf                        
00003d3d  _c_int00_noargs                      
00003db1  DL_SPI_setClockConfig                
00003dd5  __aeabi_ui2d                         
00003dd5  __floatunsidf                        
00003df9  __aeabi_lmul                         
00003df9  __muldi3                             
00003e1d  memccpy                              
00003ee1  __aeabi_llsl                         
00003ee1  __ashldi3                            
00004169  SYSCFG_DL_SYSCTL_CLK_init            
0000455b  __TI_zero_init_nomemset              
00004571  DL_Common_delayCycles                
00004689  __aeabi_uldivmod                     
000046c1  TI_memcpy_small                      
000046d3  __TI_decompress_none                 
00004735  wcslen                               
00004745  __aeabi_memset                       
00004745  __aeabi_memset4                      
00004745  __aeabi_memset8                      
00004761  strlen                               
0000476f  TI_memset_small                      
000047a1  __aeabi_memclr                       
000047a1  __aeabi_memclr4                      
000047a1  __aeabi_memclr8                      
000047ad  __aeabi_errno_addr                   
000047b5  __aeabi_memcpy                       
000047b5  __aeabi_memcpy4                      
000047b5  __aeabi_memcpy8                      
000047bd  abort                                
000047c3  AES_IRQHandler                       
000047c3  CANFD0_IRQHandler                    
000047c3  DAC0_IRQHandler                      
000047c3  DMA_IRQHandler                       
000047c3  Default_Handler                      
000047c3  GROUP0_IRQHandler                    
000047c3  GROUP1_IRQHandler                    
000047c3  I2C0_IRQHandler                      
000047c3  I2C1_IRQHandler                      
000047c3  NMI_Handler                          
000047c3  PendSV_Handler                       
000047c3  RTC_IRQHandler                       
000047c3  SPI0_IRQHandler                      
000047c3  SPI1_IRQHandler                      
000047c3  SVC_Handler                          
000047c3  SysTick_Handler                      
000047c3  TIMA0_IRQHandler                     
000047c3  TIMA1_IRQHandler                     
000047c3  TIMG0_IRQHandler                     
000047c3  TIMG12_IRQHandler                    
000047c3  TIMG6_IRQHandler                     
000047c3  TIMG8_IRQHandler                     
000047c3  UART0_IRQHandler                     
000047c3  UART1_IRQHandler                     
000047c3  UART2_IRQHandler                     
000047c3  UART3_IRQHandler                     
000047c6  C$$EXIT                              
000047c7  HOSTexit                             
000047cb  Reset_Handler                        
000047e1  _system_pre_init                     
00004c20  __aeabi_ctype_table_                 
00004c20  __aeabi_ctype_table_C                
00004f14  __TI_Handler_Table_Base              
00004f20  __TI_Handler_Table_Limit             
00004f28  __TI_CINIT_Base                      
00004f38  __TI_CINIT_Limit                     
00004f38  __TI_CINIT_Warm                      
20200000  __start___llvm_prf_bits              
20200000  __start___llvm_prf_cnts              
20200000  __stop___llvm_prf_bits               
20200000  __stop___llvm_prf_cnts               
20200000  _sys_memory                          
20201000  gPWM_AUDIOBackup                     
202010bc  gTIMER_SAMPLEBackup                  
2020115c  gSynthState                          
20201198  gSPI_LCDBackup                       
20201248  __aeabi_errno                        
20207e00  __stack                              
20208000  __STACK_END                          
ffffffff  __TI_pprof_out_hndl                  
ffffffff  __TI_prof_data_size                  
ffffffff  __TI_prof_data_start                 
ffffffff  __binit__                            
ffffffff  binit                                
UNDEFED   __mpu_init                           
UNDEFED   _system_post_cinit                   

[193 symbols]
