******************************************************************************
            TI ARM Clang Linker PC v4.0.4                      
******************************************************************************
>> Linked Sun Dec 28 20:50:09 2025

OUTPUT FILE NAME:   <Motion_Music_studio.out>
ENTRY POINT SYMBOL: "_c_int00_noargs"  address: 00004add


MEMORY CONFIGURATION

         name            origin    length      used     unused   attr    fill
----------------------  --------  ---------  --------  --------  ----  --------
  FLASH                 00000000   00020000  00006010  00019ff0  R  X
  SRAM                  20200000   00008000  00001503  00006afd  RW X
  BCR_CONFIG            41c00000   000000ff  00000000  000000ff  R   
  BSL_CONFIG            41c00100   00000080  00000000  00000080  R   


SEGMENT ALLOCATION MAP

run origin  load origin   length   init length attrs members
----------  ----------- ---------- ----------- ----- -------
00000000    00000000    00005708   00005708    r-x
  00000000    00000000    000000c0   000000c0    r-- .intvecs
  000000c0    000000c0    00005648   00005648    r-x .text
00005710    00005710    00000908   00000908    r--
  00005710    00005710    00000880   00000880    r-- .rodata
  00005f90    00005f90    00000088   00000088    r-- .cinit
20200000    20200000    00001303   00000000    rw-
  20200000    20200000    00001000   00000000    rw- .sysmem
  20201000    20201000    000001c4   00000000    rw- .bss
  202011c4    202011c4    0000013f   00000000    rw- .data
20207e00    20207e00    00000200   00000000    rw-
  20207e00    20207e00    00000200   00000000    rw- .stack


SECTION ALLOCATION MAP

 output                                  attributes/
section   page    origin      length       input sections
--------  ----  ----------  ----------   ----------------
.intvecs   0    00000000    000000c0     
                  00000000    000000c0     startup_mspm0g350x_ticlang.o (.intvecs)

.text      0    000000c0    00005648     
                  000000c0    00000868     libc.a : _printfi.c.obj (.text:__TI_printfi_nofloat)
                  00000928    000004dc     main.o (.text.Display_Update)
                  00000e04    000003c4     main.o (.text.main)
                  000011c8    00000360     main.o (.text.Generate_Audio_Sample)
                  00001528    0000028c     main.o (.text.Update_Phase_Increment)
                  000017b4    00000260     lcd_driver.o (.text.LCD_Init)
                  00001a14    000001e4     ti_msp_dl_config.o (.text.SYSCFG_DL_GPIO_init)
                  00001bf8    000001a8     main.o (.text.Process_Envelope)
                  00001da0    00000198     main.o (.text.Button_StateMachine_Update)
                  00001f38    00000180     lcd_driver.o (.text.LCD_PrintString)
                  000020b8    0000016c     main.o (.text.Process_Scale_Position)
                  00002224    00000138     main.o (.text.Display_Waveform)
                  0000235c    00000118     lcd_driver.o (.text.LCD_DrawRect)
                  00002474    00000112     lcd_driver.o (.text.LCD_DrawLine)
                  00002586    00000002     libclang_rt.builtins.a : aeabi_div0.c.obj (.text.__aeabi_idiv0)
                  00002588    00000110     dl_timer.o (.text.DL_Timer_initTimerMode)
                  00002698    00000110     dl_timer.o (.text.DL_Timer_initTwoCCPWMMode)
                  000027a8    00000100     main.o (.text.Generate_Waveform)
                  000028a8    000000f0     main.o (.text.Generate_Chord_Sample)
                  00002998    000000ec     dl_timer.o (.text.DL_Timer_initFourCCPWMMode)
                  00002a84    000000e0     dl_sysctl_mspm0g1x0x_g3x0x.o (.text.DL_SYSCTL_configSYSPLL)
                  00002b64    000000dc     main.o (.text.Process_Key_Selection)
                  00002c40    000000dc     main.o (.text.Process_Musical_Controls)
                  00002d1c    000000d8     dl_rtc_common.o (.text.DL_RTC_Common_initCalendar)
                  00002df4    000000d4     ti_msp_dl_config.o (.text.SYSCFG_DL_ADC_ACCEL_init)
                  00002ec8    000000d4     ti_msp_dl_config.o (.text.SYSCFG_DL_initPower)
                  00002f9c    000000c8     main.o (.text.Calculate_Scale_Frequency)
                  00003064    000000b8     main.o (.text.Process_Accelerometer)
                  0000311c    000000b0     ti_msp_dl_config.o (.text.SYSCFG_DL_SYSCTL_SYSPLL_init)
                  000031cc    000000a4     ti_msp_dl_config.o (.text.SYSCFG_DL_SYSCTL_init)
                  00003270    000000a2     libclang_rt.builtins.a : udivmoddi4.S.obj (.text)
                  00003312    00000002                            : aeabi_div0.c.obj (.text.__aeabi_ldiv0)
                  00003314    000000a0     lcd_driver.o (.text.LCD_FillScreen)
                  000033b4    0000009c     main.o (.text.TIMG7_IRQHandler)
                  00003450    00000094     main.o (.text.Display_Scale_Info)
                  000034e4    00000090     ti_msp_dl_config.o (.text.SYSCFG_DL_ADC_JOY_init)
                  00003574    0000008c     main.o (.text.Process_Portamento)
                  00003600    00000084     main.o (.text.__NVIC_SetPriority)
                  00003684    00000084     ti_msp_dl_config.o (.text.__NVIC_SetPriority)
                  00003708    0000007c     main.o (.text.Change_Preset)
                  00003784    0000007c     libc.a : copy_decompress_lzss.c.obj (.text:decompress:lzss)
                  00003800    00000074     ti_msp_dl_config.o (.text.SYSCFG_DL_PWM_AUDIO_init)
                  00003874    00000074     libclang_rt.builtins.a : comparedf2.c.obj (.text.__gedf2)
                  000038e8    0000006c     main.o (.text.Debug_LED_Update)
                  00003954    0000006c     lcd_driver.o (.text.LCD_SetWindow)
                  000039c0    00000068     libclang_rt.builtins.a : comparedf2.c.obj (.text.__ledf2)
                  00003a28    00000064     ti_msp_dl_config.o (.text.SYSCFG_DL_init)
                  00003a8c    00000062     libclang_rt.builtins.a : aeabi_dcmp.S.obj (.text.__aeabi_dcmp)
                  00003aee    00000002     --HOLE-- [fill = 0]
                  00003af0    00000060     main.o (.text.ADC1_IRQHandler)
                  00003b50    00000060     ti_msp_dl_config.o (.text.DL_ADC12_initSeqSample)
                  00003bb0    00000058     lcd_driver.o (.text.LCD_PrintNumber)
                  00003c08    00000058     ti_msp_dl_config.o (.text.SYSCFG_DL_I2C_0_init)
                  00003c60    00000058     ti_msp_dl_config.o (.text.SYSCFG_DL_I2C_1_init)
                  00003cb8    00000056     libclang_rt.builtins.a : aeabi_idivmod.S.obj (.text.__aeabi_idivmod)
                  00003d0e    00000054     dl_dma.o (.text.DL_DMA_configTransfer)
                  00003d62    00000002     --HOLE-- [fill = 0]
                  00003d64    00000050     ti_msp_dl_config.o (.text.DL_GPIO_initPeripheralInputFunctionFeatures)
                  00003db4    00000050     lcd_driver.o (.text.LCD_WriteCommand)
                  00003e04    00000050     lcd_driver.o (.text.LCD_WriteData)
                  00003e54    00000050     ti_msp_dl_config.o (.text.SysTick_Config)
                  00003ea4    0000004e     lcd_driver.o (.text.LCD_DrawPixel)
                  00003ef2    00000002     --HOLE-- [fill = 0]
                  00003ef4    0000004c     dl_adc12.o (.text.DL_ADC12_setClockConfig)
                  00003f40    0000004c     ti_msp_dl_config.o (.text.DL_GPIO_initDigitalInputFeatures)
                  00003f8c    0000004c     dl_sysctl_mspm0g1x0x_g3x0x.o (.text.DL_SYSCTL_switchMCLKfromSYSOSCtoHSCLK)
                  00003fd8    0000004c     libc.a : snprintf.c.obj (.text.snprintf)
                  00004024    0000004a     ti_msp_dl_config.o (.text.DL_ADC12_configConversionMem)
                  0000406e    00000002     --HOLE-- [fill = 0]
                  00004070    00000048     dl_spi.o (.text.DL_SPI_init)
                  000040b8    00000046     dl_dma.o (.text.DL_DMA_initChannel)
                  000040fe    00000002     --HOLE-- [fill = 0]
                  00004100    00000044     main.o (.text.Change_Scale_Type)
                  00004144    00000044     main.o (.text.Process_Arpeggiator)
                  00004188    00000040     dl_timer.o (.text.DL_Timer_setCaptureCompareOutCtl)
                  000041c8    00000040     ti_msp_dl_config.o (.text.SYSCFG_DL_SPI_LCD_init)
                  00004208    00000040     main.o (.text.SysTick_Handler)
                  00004248    00000040     libclang_rt.builtins.a : aeabi_uidivmod.S.obj (.text.__aeabi_uidivmod)
                  00004288    00000040     libc.a : atoi.c.obj (.text.atoi)
                  000042c8    0000003c     main.o (.text.Change_Instrument)
                  00004304    0000003c     dl_timer.o (.text.DL_Timer_setCaptureCompareCtl)
                  00004340    0000003c     dl_timer.o (.text.DL_Timer_setCounterControl)
                  0000437c    0000003c     ti_msp_dl_config.o (.text.DL_Timer_setCounterControl)
                  000043b8    0000003c     ti_msp_dl_config.o (.text.SYSCFG_DL_DMA_CH1_init)
                  000043f4    0000003c     ti_msp_dl_config.o (.text.SYSCFG_DL_TIMER_SAMPLE_init)
                  00004430    0000003c     libc.a : autoinit.c.obj (.text:__TI_auto_init_nobinit_nopinit)
                  0000446c    0000003a     libclang_rt.builtins.a : muldsi3.S.obj (.text.__muldsi3)
                  000044a6    00000002     --HOLE-- [fill = 0]
                  000044a8    00000038     dl_dma.o (.text.DL_DMA_setTrigger)
                  000044e0    00000038     ti_msp_dl_config.o (.text.DL_OPA_init)
                  00004518    00000034     main.o (.text.ADC0_IRQHandler)
                  0000454c    00000034     ti_msp_dl_config.o (.text.DL_DMA_setPublisherChanID)
                  00004580    00000034     dl_i2c.o (.text.DL_I2C_setClockConfig)
                  000045b4    00000034     dl_timer.o (.text.DL_Timer_setCaptCompUpdateMethod)
                  000045e8    00000034     dl_timer.o (.text.DL_Timer_setCaptureCompareAction)
                  0000461c    00000034     dl_timer.o (.text.DL_Timer_setCaptureCompareInput)
                  00004650    00000034     dl_timer.o (.text.DL_Timer_setClockConfig)
                  00004684    00000034     main.o (.text.HardFault_Handler)
                  000046b8    00000030     main.o (.text.DL_ADC12_getMemResult)
                  000046e8    00000030     ti_msp_dl_config.o (.text.DL_DMA_setTransferSize)
                  00004718    00000030     ti_msp_dl_config.o (.text.DL_GPAMP_init)
                  00004748    00000030     ti_msp_dl_config.o (.text.DL_SPI_setFIFOThreshold)
                  00004778    00000030     ti_msp_dl_config.o (.text.SYSCFG_DL_OPA_0_init)
                  000047a8    00000030     libc.a : snprintf.c.obj (.text._outs)
                  000047d8    0000002c     dl_timer.o (.text.DL_Timer_setCaptureCompareValue)
                  00004804    0000002c     main.o (.text.__NVIC_ClearPendingIRQ)
                  00004830    0000002c     main.o (.text.__NVIC_EnableIRQ)
                  0000485c    00000028     dl_adc12.o (.text.DL_Common_updateReg)
                  00004884    00000028     dl_dma.o (.text.DL_Common_updateReg)
                  000048ac    00000028     dl_i2c.o (.text.DL_Common_updateReg)
                  000048d4    00000028     dl_rtc_common.o (.text.DL_Common_updateReg)
                  000048fc    00000028     dl_spi.o (.text.DL_Common_updateReg)
                  00004924    00000028     dl_sysctl_mspm0g1x0x_g3x0x.o (.text.DL_Common_updateReg)
                  0000494c    00000028     dl_timer.o (.text.DL_Common_updateReg)
                  00004974    00000028     ti_msp_dl_config.o (.text.DL_Common_updateReg)
                  0000499c    00000028     ti_msp_dl_config.o (.text.DL_I2C_setControllerRXFIFOThreshold)
                  000049c4    00000028     ti_msp_dl_config.o (.text.DL_I2C_setControllerTXFIFOThreshold)
                  000049ec    00000028     ti_msp_dl_config.o (.text.DL_OPA_setGainBandwidth)
                  00004a14    00000028     dl_sysctl_mspm0g1x0x_g3x0x.o (.text.DL_SYSCTL_configFCC)
                  00004a3c    00000028     ti_msp_dl_config.o (.text.DL_SYSCTL_setPowerPolicySTANDBY0)
                  00004a64    00000028     main.o (.text.Low_Pass_Filter)
                  00004a8c    00000028     ti_msp_dl_config.o (.text.SYSCFG_DL_RTC_init)
                  00004ab4    00000028     libclang_rt.builtins.a : floatunsisf.S.obj (.text.__floatunsisf)
                  00004adc    00000028     libc.a : boot_cortex_m.c.obj (.text:_c_int00_noargs)
                  00004b04    00000026     main.o (.text.DL_DMA_enableChannel)
                  00004b2a    00000026     ti_msp_dl_config.o (.text.DL_I2C_setAnalogGlitchFilterPulseWidth)
                  00004b50    00000024     ti_msp_dl_config.o (.text.DL_SPI_setBitRateSerialClockDivider)
                  00004b74    00000024     dl_spi.o (.text.DL_SPI_setClockConfig)
                  00004b98    00000024     main.o (.text.SysTick_Init)
                  00004bbc    00000024     libclang_rt.builtins.a : floatunsidf.S.obj (.text.__floatunsidf)
                  00004be0    00000024                            : muldi3.S.obj (.text.__muldi3)
                  00004c04    00000022     libc.a : memccpy.c.obj (.text.memccpy)
                  00004c26    00000002     --HOLE-- [fill = 0]
                  00004c28    00000020     dl_sysctl_mspm0g1x0x_g3x0x.o (.text.DL_CORE_configInstruction)
                  00004c48    00000020     dl_rtc_common.o (.text.DL_RTC_Common_setCalendarYearBinary)
                  00004c68    00000020     ti_msp_dl_config.o (.text.DL_SYSCTL_setFlashWaitState)
                  00004c88    00000020     ti_msp_dl_config.o (.text.DL_SYSCTL_setMFPCLKSource)
                  00004ca8    00000020     dl_timer.o (.text.DL_Timer_setCounterValueAfterEnable)
                  00004cc8    00000020     main.o (.text.DMA_IRQHandler)
                  00004ce8    0000001e     libclang_rt.builtins.a : ashldi3.S.obj (.text.__ashldi3)
                  00004d06    00000002     --HOLE-- [fill = 0]
                  00004d08    0000001c     ti_msp_dl_config.o (.text.DL_ADC12_clearInterruptStatus)
                  00004d24    0000001c     ti_msp_dl_config.o (.text.DL_ADC12_enableEvent)
                  00004d40    0000001c     ti_msp_dl_config.o (.text.DL_ADC12_enableInterrupt)
                  00004d5c    0000001c     main.o (.text.DL_ADC12_startConversion)
                  00004d78    0000001c     ti_msp_dl_config.o (.text.DL_DMA_enableInterrupt)
                  00004d94    0000001c     ti_msp_dl_config.o (.text.DL_GPAMP_setRailToRailInputMode)
                  00004db0    0000001c     ti_msp_dl_config.o (.text.DL_GPIO_enableHiZ)
                  00004dcc    0000001c     ti_msp_dl_config.o (.text.DL_GPIO_initPeripheralOutputFunction)
                  00004de8    0000001c     ti_msp_dl_config.o (.text.DL_GPIO_setLowerPinsInputFilter)
                  00004e04    0000001c     ti_msp_dl_config.o (.text.DL_GPIO_setLowerPinsPolarity)
                  00004e20    0000001c     dl_rtc_common.o (.text.DL_RTC_Common_setCalendarMinutesBCD)
                  00004e3c    0000001c     dl_rtc_common.o (.text.DL_RTC_Common_setCalendarMinutesBinary)
                  00004e58    0000001c     dl_rtc_common.o (.text.DL_RTC_Common_setCalendarMonthBCD)
                  00004e74    0000001c     dl_rtc_common.o (.text.DL_RTC_Common_setCalendarMonthBinary)
                  00004e90    0000001c     dl_rtc_common.o (.text.DL_RTC_Common_setCalendarSecondsBCD)
                  00004eac    0000001c     dl_rtc_common.o (.text.DL_RTC_Common_setCalendarSecondsBinary)
                  00004ec8    0000001c     dl_rtc_common.o (.text.DL_RTC_Common_setCalendarYearBCD)
                  00004ee4    0000001c     dl_rtc_common.o (.text.DL_RTC_Common_setClockFormat)
                  00004f00    0000001c     ti_msp_dl_config.o (.text.DL_SYSCTL_setFCCPeriods)
                  00004f1c    0000001c     ti_msp_dl_config.o (.text.DL_SYSCTL_setMCLKDivider)
                  00004f38    0000001c     ti_msp_dl_config.o (.text.DL_SYSCTL_setSYSOSCFreq)
                  00004f54    0000001c     ti_msp_dl_config.o (.text.DL_SYSCTL_setULPCLKDivider)
                  00004f70    0000001c     ti_msp_dl_config.o (.text.DL_SYSCTL_setVBOOSTConfig)
                  00004f8c    0000001c     ti_msp_dl_config.o (.text.DL_Timer_enableInterrupt)
                  00004fa8    0000001c     ti_msp_dl_config.o (.text.SYSCFG_DL_SYSCTL_CLK_init)
                  00004fc4    0000001a     ti_msp_dl_config.o (.text.DL_ADC12_setSubscriberChanID)
                  00004fde    0000001a     dl_rtc_common.o (.text.DL_RTC_Common_setCalendarHoursBCD)
                  00004ff8    0000001a     dl_rtc_common.o (.text.DL_RTC_Common_setCalendarHoursBinary)
                  00005012    00000002     --HOLE-- [fill = 0]
                  00005014    00000018     ti_msp_dl_config.o (.text.DL_ADC12_enablePower)
                  0000502c    00000018     ti_msp_dl_config.o (.text.DL_ADC12_reset)
                  00005044    00000018     ti_msp_dl_config.o (.text.DL_ADC12_setSampleTime0)
                  0000505c    00000018     ti_msp_dl_config.o (.text.DL_DMA_clearInterruptStatus)
                  00005074    00000018     ti_msp_dl_config.o (.text.DL_GPIO_enableOutput)
                  0000508c    00000018     ti_msp_dl_config.o (.text.DL_GPIO_enablePower)
                  000050a4    00000018     ti_msp_dl_config.o (.text.DL_GPIO_initDigitalOutput)
                  000050bc    00000018     ti_msp_dl_config.o (.text.DL_GPIO_reset)
                  000050d4    00000018     ti_msp_dl_config.o (.text.DL_GPIO_setAnalogInternalResistor)
                  000050ec    00000018     lcd_driver.o (.text.DL_GPIO_setPins)
                  00005104    00000018     main.o (.text.DL_GPIO_setPins)
                  0000511c    00000018     ti_msp_dl_config.o (.text.DL_GPIO_setPins)
                  00005134    00000018     ti_msp_dl_config.o (.text.DL_GPIO_setUpperPinsPolarity)
                  0000514c    00000018     main.o (.text.DL_GPIO_togglePins)
                  00005164    00000018     ti_msp_dl_config.o (.text.DL_I2C_enableAnalogGlitchFilter)
                  0000517c    00000018     ti_msp_dl_config.o (.text.DL_I2C_enableController)
                  00005194    00000018     ti_msp_dl_config.o (.text.DL_I2C_enableControllerClockStretching)
                  000051ac    00000018     ti_msp_dl_config.o (.text.DL_I2C_enablePower)
                  000051c4    00000018     ti_msp_dl_config.o (.text.DL_I2C_reset)
                  000051dc    00000018     ti_msp_dl_config.o (.text.DL_I2C_setTimerPeriod)
                  000051f4    00000018     ti_msp_dl_config.o (.text.DL_OPA_enablePower)
                  0000520c    00000018     ti_msp_dl_config.o (.text.DL_OPA_enableRailToRailInput)
                  00005224    00000018     ti_msp_dl_config.o (.text.DL_OPA_reset)
                  0000523c    00000018     ti_msp_dl_config.o (.text.DL_RTC_Common_enablePower)
                  00005254    00000018     ti_msp_dl_config.o (.text.DL_RTC_Common_reset)
                  0000526c    00000018     ti_msp_dl_config.o (.text.DL_SPI_enable)
                  00005284    00000018     ti_msp_dl_config.o (.text.DL_SPI_enablePower)
                  0000529c    00000018     lcd_driver.o (.text.DL_SPI_isBusy)
                  000052b4    00000018     ti_msp_dl_config.o (.text.DL_SPI_reset)
                  000052cc    00000018     ti_msp_dl_config.o (.text.DL_SYSCTL_enableInterrupt)
                  000052e4    00000018     ti_msp_dl_config.o (.text.DL_SYSCTL_setBORThreshold)
                  000052fc    00000018     dl_sysctl_mspm0g1x0x_g3x0x.o (.text.DL_SYSCTL_setHSCLKSource)
                  00005314    00000018     ti_msp_dl_config.o (.text.DL_Timer_enablePower)
                  0000532c    00000018     ti_msp_dl_config.o (.text.DL_Timer_reset)
                  00005344    00000018     dl_timer.o (.text.DL_Timer_setLoadValue)
                  0000535c    00000018     main.o (.text.DL_Timer_startCounter)
                  00005374    00000018     ti_msp_dl_config.o (.text.SYSCFG_DL_DMA_init)
                  0000538c    00000018     ti_msp_dl_config.o (.text.SYSCFG_DL_GPAMP_0_init)
                  000053a4    00000018     libc.a : snprintf.c.obj (.text._outc)
                  000053bc    00000016     main.o (.text.DL_ADC12_enableConversions)
                  000053d2    00000016     ti_msp_dl_config.o (.text.DL_ADC12_enableConversions)
                  000053e8    00000016     ti_msp_dl_config.o (.text.DL_GPIO_enableGlobalFastWake)
                  000053fe    00000016     main.o (.text.DL_GPIO_readPins)
                  00005414    00000016     ti_msp_dl_config.o (.text.DL_OPA_enable)
                  0000542a    00000016     lcd_driver.o (.text.DL_SPI_transmitData8)
                  00005440    00000016     libc.a : copy_zero_init.c.obj (.text:decompress:ZI:__TI_zero_init_nomemset)
                  00005456    00000014     dl_common.o (.text.DL_Common_delayCycles)
                  0000546a    00000002     --HOLE-- [fill = 0]
                  0000546c    00000014     ti_msp_dl_config.o (.text.DL_FlashCTL_enableInterrupt)
                  00005480    00000014     lcd_driver.o (.text.DL_GPIO_clearPins)
                  00005494    00000014     main.o (.text.DL_GPIO_clearPins)
                  000054a8    00000014     ti_msp_dl_config.o (.text.DL_GPIO_clearPins)
                  000054bc    00000014     ti_msp_dl_config.o (.text.DL_I2C_resetControllerTransfer)
                  000054d0    00000014     dl_sysctl_mspm0g1x0x_g3x0x.o (.text.DL_SYSCTL_disableSYSPLL)
                  000054e4    00000014     ti_msp_dl_config.o (.text.DL_SYSCTL_disableSYSPLL)
                  000054f8    00000014     ti_msp_dl_config.o (.text.DL_SYSCTL_enableMFCLK)
                  0000550c    00000014     dl_sysctl_mspm0g1x0x_g3x0x.o (.text.DL_SYSCTL_enableSYSPLL)
                  00005520    00000014     ti_msp_dl_config.o (.text.DL_SYSCTL_enableSYSPLL)
                  00005534    00000014     ti_msp_dl_config.o (.text.DL_Timer_enableClock)
                  00005548    00000014     ti_msp_dl_config.o (.text.DL_Timer_setCCPDirection)
                  0000555c    00000014     main.o (.text.Trigger_Note_Off)
                  00005570    00000014     main.o (.text.Trigger_Note_On)
                  00005584    00000014     libclang_rt.builtins.a : aeabi_uldivmod.S.obj (.text.__aeabi_uldivmod)
                  00005598    00000012     main.o (.text.DL_ADC12_getPendingInterrupt)
                  000055aa    00000012     main.o (.text.DL_DMA_getPendingInterrupt)
                  000055bc    00000012     main.o (.text.DL_Timer_getPendingInterrupt)
                  000055ce    00000012     libc.a : memcpy16.S.obj (.text:TI_memcpy_small)
                  000055e0    00000012            : copy_decompress_none.c.obj (.text:decompress:none)
                  000055f2    00000002     --HOLE-- [fill = 0]
                  000055f4    00000010     dl_sysctl_mspm0g1x0x_g3x0x.o (.text.DL_CORE_getInstructionConfig)
                  00005604    00000010     ti_msp_dl_config.o (.text.DL_GPAMP_enable)
                  00005614    00000010     ti_msp_dl_config.o (.text.DL_SYSCTL_disableHFXT)
                  00005624    00000010     ti_msp_dl_config.o (.text.DL_SYSCTL_enableMFPCLK)
                  00005634    00000010     ti_msp_dl_config.o (.text.DL_SYSCTL_isFCCDone)
                  00005644    00000010     ti_msp_dl_config.o (.text.DL_SYSCTL_startFCC)
                  00005654    00000010     ti_msp_dl_config.o (.text.SYSCFG_DL_SYSTICK_init)
                  00005664    00000010     libc.a : wcslen.c.obj (.text.wcslen)
                  00005674    0000000e     libclang_rt.builtins.a : aeabi_memset.S.obj (.text.__aeabi_memset)
                  00005682    0000000e     libc.a : _printfi.c.obj (.text.strlen)
                  00005690    0000000e            : memset16.S.obj (.text:TI_memset_small)
                  0000569e    00000002     --HOLE-- [fill = 0]
                  000056a0    0000000c     dl_sysctl_mspm0g1x0x_g3x0x.o (.text.DL_SYSCTL_getClockStatus)
                  000056ac    0000000c     ti_msp_dl_config.o (.text.DL_SYSCTL_getClockStatus)
                  000056b8    0000000c     ti_msp_dl_config.o (.text.DL_SYSCTL_readFCC)
                  000056c4    0000000c     libclang_rt.builtins.a : aeabi_memset.S.obj (.text.__aeabi_memclr)
                  000056d0    00000008     libc.a : aeabi_portable.c.obj (.text.__aeabi_errno_addr)
                  000056d8    00000008     libclang_rt.builtins.a : aeabi_memcpy.S.obj (.text.__aeabi_memcpy)
                  000056e0    00000006     libc.a : exit.c.obj (.text:abort)
                  000056e6    00000004     startup_mspm0g350x_ticlang.o (.text.Default_Handler)
                  000056ea    00000004     libsysbm.a : hostexit.c.obj (.text.HOSTexit)
                  000056ee    00000004     startup_mspm0g350x_ticlang.o (.text.Reset_Handler)
                  000056f2    00000002     --HOLE-- [fill = 0]
                  000056f4    00000010     libc.a : boot_cortex_m.c.obj (.tramp._c_int00_noargs.1)
                  00005704    00000004            : pre_init.c.obj (.text._system_pre_init)

.cinit     0    00005f90    00000088     
                  00005f90    0000005e     (.cinit..data.load) [load image, compression = lzss]
                  00005fee    00000002     --HOLE-- [fill = 0]
                  00005ff0    0000000c     (__TI_handler_table)
                  00005ffc    00000008     (.cinit..bss.load) [load image, compression = zero_init]
                  00006004    00000010     (__TI_cinit_table)
                  00006014    00000004     --HOLE-- [fill = 0]

.rodata    0    00005710    00000880     
                  00005710    00000222     lcd_driver.o (.rodata.font_6x8)
                  00005932    00000200     main.o (.rodata.sine_table)
                  00005b32    0000000e     main.o (.rodata.ROOT_FREQUENCIES)
                  00005b40    00000101     libc.a : aeabi_ctype.S.obj (.rodata:__aeabi_ctype_table_)
                  00005c41    00000003     ti_msp_dl_config.o (.rodata.gPWM_AUDIOClockConfig)
                  00005c44    00000064     main.o (.rodata.INSTRUMENTS)
                  00005ca8    00000064     main.o (.rodata.PITCH_BEND_TABLE)
                  00005d0c    00000032     main.o (.rodata..L__const.Calculate_Scale_Frequency.semitone_ratio)
                  00005d3e    00000030     main.o (.rodata.SCALE_INTERVALS)
                  00005d6e    00000002     ti_msp_dl_config.o (.rodata.gI2C_0ClockConfig)
                  00005d70    00000028     ti_msp_dl_config.o (.rodata.gSYSPLLConfig)
                  00005d98    00000022     ti_msp_dl_config.o (.rodata..L__const.SYSCFG_DL_GPIO_init.unusedPinIndexes)
                  00005dba    00000002     ti_msp_dl_config.o (.rodata.gI2C_1ClockConfig)
                  00005dbc    00000018     main.o (.rodata.PRESETS)
                  00005dd4    00000018     ti_msp_dl_config.o (.rodata.gDMA_CH1Config)
                  00005dec    00000014     main.o (.rodata..L__const.Display_Update.env_names)
                  00005e00    00000014     ti_msp_dl_config.o (.rodata.gTIMER_SAMPLETimerConfig)
                  00005e14    00000011     libc.a : _printfi.c.obj (.rodata.str1.10348868589481759720.1)
                  00005e25    00000011            : _printfi.c.obj (.rodata.str1.15363888844622738466.1)
                  00005e36    00000002     ti_msp_dl_config.o (.rodata.gSPI_LCD_clockConfig)
                  00005e38    0000000c     main.o (.rodata..L__const.Display_Update.chord_names)
                  00005e44    0000000c     main.o (.rodata.str1.17100691992556644108.1)
                  00005e50    0000000a     ti_msp_dl_config.o (.rodata.gOPA_0Config0)
                  00005e5a    0000000a     ti_msp_dl_config.o (.rodata.gSPI_LCD_config)
                  00005e64    0000000a     main.o (.rodata.str1.18227636981041470289.1)
                  00005e6e    00000009     main.o (.rodata.CHORD_INTERVALS)
                  00005e77    00000009     main.o (.rodata.str1.14402440632258215044.1)
                  00005e80    00000008     ti_msp_dl_config.o (.rodata.gADC_ACCELClockConfig)
                  00005e88    00000008     ti_msp_dl_config.o (.rodata.gADC_JOYClockConfig)
                  00005e90    00000008     ti_msp_dl_config.o (.rodata.gGPAMP_0Config)
                  00005e98    00000008     ti_msp_dl_config.o (.rodata.gPWM_AUDIOConfig)
                  00005ea0    00000008     ti_msp_dl_config.o (.rodata.gRTCCalendarConfig)
                  00005ea8    00000008     main.o (.rodata.str1.15996357275703397564.1)
                  00005eb0    00000008     main.o (.rodata.str1.16265332423659789559.1)
                  00005eb8    00000008     main.o (.rodata.str1.288608917962107522.1)
                  00005ec0    00000008     main.o (.rodata.str1.5043408953494467246.1)
                  00005ec8    00000008     main.o (.rodata.str1.8320541211001259012.1)
                  00005ed0    00000006     main.o (.rodata.str1.12180500075719773345.1)
                  00005ed6    00000006     main.o (.rodata.str1.15159059442110792349.1)
                  00005edc    00000006     main.o (.rodata.str1.18092426736022315238.1)
                  00005ee2    00000006     main.o (.rodata.str1.2563708670032483588.1)
                  00005ee8    00000006     main.o (.rodata.str1.2846389346932560359.1)
                  00005eee    00000006     main.o (.rodata.str1.7784929982665794503.1)
                  00005ef4    00000006     main.o (.rodata.str1.8096991282711418442.1)
                  00005efa    00000006     main.o (.rodata.str1.8154729771448623357.1)
                  00005f00    00000005     main.o (.rodata.str1.10720410773482754683.1)
                  00005f05    00000005     main.o (.rodata.str1.10865113624938808685.1)
                  00005f0a    00000005     main.o (.rodata.str1.11321157723316767883.1)
                  00005f0f    00000005     main.o (.rodata.str1.13288086030101331538.1)
                  00005f14    00000005     main.o (.rodata.str1.14112174005742061988.1)
                  00005f19    00000005     main.o (.rodata.str1.14466178792657420020.1)
                  00005f1e    00000005     main.o (.rodata.str1.16302215771116645891.1)
                  00005f23    00000005     main.o (.rodata.str1.17045314124001216156.1)
                  00005f28    00000005     main.o (.rodata.str1.7702501944640899365.1)
                  00005f2d    00000005     main.o (.rodata.str1.8076846746581808073.1)
                  00005f32    00000005     main.o (.rodata.str1.8828068777338075035.1)
                  00005f37    00000004     main.o (.rodata.str1.10313062130652730376.1)
                  00005f3b    00000004     main.o (.rodata.str1.10635229749459437609.1)
                  00005f3f    00000004     main.o (.rodata.str1.11702106008850790973.1)
                  00005f43    00000004     main.o (.rodata.str1.11870794119293528247.1)
                  00005f47    00000004     main.o (.rodata.str1.1311392489248731986.1)
                  00005f4b    00000004     main.o (.rodata.str1.13782249893155712474.1)
                  00005f4f    00000004     main.o (.rodata.str1.14079361385603432444.1)
                  00005f53    00000004     main.o (.rodata.str1.16631870348416990953.1)
                  00005f57    00000004     main.o (.rodata.str1.17376258722486336754.1)
                  00005f5b    00000004     main.o (.rodata.str1.3530083166107438000.1)
                  00005f5f    00000004     lcd_driver.o (.rodata.str1.4301156551425074819.1)
                  00005f63    00000004     main.o (.rodata.str1.7996925722583989644.1)
                  00005f67    00000004     main.o (.rodata.str1.8428454045432808059.1)
                  00005f6b    00000004     main.o (.rodata.str1.9059077390166914652.1)
                  00005f6f    00000003     ti_msp_dl_config.o (.rodata.gTIMER_SAMPLEClockConfig)
                  00005f72    00000003     main.o (.rodata.str1.2123964117280943167.1)
                  00005f75    00000003     main.o (.rodata.str1.2763581881760962609.1)
                  00005f78    00000003     main.o (.rodata.str1.8108965883388295311.1)
                  00005f7b    00000002     main.o (.rodata.str1.10224226614597680209.1)
                  00005f7d    00000002     main.o (.rodata.str1.11822182024223342093.1)
                  00005f7f    00000002     main.o (.rodata.str1.13030671760666898970.1)
                  00005f81    00000002     main.o (.rodata.str1.2624144126699937905.1)
                  00005f83    00000002     main.o (.rodata.str1.39260288392874984.1)
                  00005f85    00000002     main.o (.rodata.str1.403738606202455663.1)
                  00005f87    00000002     main.o (.rodata.str1.6554448696319176064.1)
                  00005f89    00000001     main.o (.rodata.str1.6891813955777630061.1)
                  00005f8a    00000006     --HOLE-- [fill = 0]

.init_array 
*          0    00000000    00000000     UNINITIALIZED

.binit     0    00000000    00000000     

.sysmem    0    20200000    00001000     UNINITIALIZED
                  20200000    00000010     libc.a : memory.c.obj (.sysmem)
                  20200010    00000ff0     --HOLE--

.bss       0    20201000    000001c4     UNINITIALIZED
                  20201000    000000bc     ti_msp_dl_config.o (.bss.gPWM_AUDIOBackup)
                  202010bc    000000a0     ti_msp_dl_config.o (.bss.gTIMER_SAMPLEBackup)
                  2020115c    0000003c     main.o (.bss.gSynthState)
                  20201198    00000028     ti_msp_dl_config.o (.bss.gSPI_LCDBackup)
                  202011c0    00000004     main.o (.bss.gADC0_DMA_Buffer)

.data      0    202011c4    0000013f     UNINITIALIZED
                  202011c4    00000080     main.o (.data.waveform_buffer)
                  20201244    0000001c     main.o (.data.KEY_NAMES)
                  20201260    00000018     main.o (.data.SCALE_NAMES)
                  20201278    00000014     main.o (.data.arpeggiator)
                  2020128c    0000000c     main.o (.data.envelope)
                  20201298    0000000c     main.o (.data.g_chord_increments)
                  202012a4    0000000c     main.o (.data.g_chord_phases)
                  202012b0    00000006     main.o (.data.btn_joy_sel_sm)
                  202012b6    00000006     main.o (.data.btn_s1_sm)
                  202012bc    00000006     main.o (.data.btn_s2_sm)
                  202012c2    00000006     main.o (.data.scale_state)
                  202012c8    00000004     main.o (.data.DEBUG_main_loop_count)
                  202012cc    00000004     main.o (.data.DEBUG_timer_irq_count)
                  202012d0    00000004     libc.a : aeabi_portable.c.obj (.data.__aeabi_errno)
                  202012d4    00000004     main.o (.data.base_frequency_hz)
                  202012d8    00000004     main.o (.data.current_frequency_hz)
                  202012dc    00000004     main.o (.data.g_phase)
                  202012e0    00000004     main.o (.data.g_phase_increment)
                  202012e4    00000004     main.o (.data.g_systick_count)
                  202012e8    00000004     main.o (.data.target_frequency_hz)
                  202012ec    00000002     main.o (.data.Low_Pass_Filter.prev_sample)
                  202012ee    00000002     main.o (.data.Process_Key_Selection.last_joy_x)
                  202012f0    00000002     main.o (.data.Process_Musical_Controls.last_joy_y)
                  202012f2    00000002     main.o (.data.Process_Scale_Position.last_deviation)
                  202012f4    00000002     main.o (.data.tremolo_phase)
                  202012f6    00000002     main.o (.data.vibrato_phase)
                  202012f8    00000001     main.o (.data.Generate_Audio_Sample.waveform_decimate_counter)
                  202012f9    00000001     main.o (.data.Process_Key_Selection.first_run)
                  202012fa    00000001     main.o (.data.Process_Musical_Controls.first_run)
                  202012fb    00000001     main.o (.data.Process_Scale_Position.last_position)
                  202012fc    00000001     main.o (.data.chord_mode)
                  202012fd    00000001     main.o (.data.current_instrument)
                  202012fe    00000001     main.o (.data.current_octave_shift)
                  202012ff    00000001     main.o (.data.current_preset)
                  20201300    00000001     main.o (.data.effects_enabled)
                  20201301    00000001     main.o (.data.gADC0_DMA_Complete)
                  20201302    00000001     main.o (.data.waveform_write_index)

.stack     0    20207e00    00000200     UNINITIALIZED
                  20207e00    00000004     libc.a : boot_cortex_m.c.obj (.stack)
                  20207e04    000001fc     --HOLE--

__llvm_prf_cnts 
*          0    20200000    00000000     UNINITIALIZED

__llvm_prf_bits 
*          0    20200000    00000000     UNINITIALIZED

MODULE SUMMARY

       Module                         code    ro data   rw data
       ------                         ----    -------   -------
    .\
       main.o                         8360    1139      379    
       lcd_driver.o                   2230    550       0      
       startup_mspm0g350x_ticlang.o   8       192       0      
    +--+------------------------------+-------+---------+---------+
       Total:                         10598   1881      379    
                                                               
    .\syscfg\
       ti_msp_dl_config.o             4808    190       388    
    +--+------------------------------+-------+---------+---------+
       Total:                         4808    190       388    
                                                               
    .\ti\driverlib\
       dl_timer.o                     1312    0         0      
       dl_rtc_common.o                564     0         0      
       dl_dma.o                       250     0         0      
       dl_spi.o                       148     0         0      
       dl_adc12.o                     116     0         0      
       dl_i2c.o                       92      0         0      
       dl_common.o                    20      0         0      
    +--+------------------------------+-------+---------+---------+
       Total:                         2502    0         0      
                                                               
    .\ti\driverlib\m0p\sysctl\
       dl_sysctl_mspm0g1x0x_g3x0x.o   504     0         0      
    +--+------------------------------+-------+---------+---------+
       Total:                         504     0         0      
                                                               
    C:\ti\ccs2040\ccs\tools\compiler\ti-cgt-armllvm_4.0.4.LTS\lib\armv6m-ti-none-eabi/c/libc.a
       _printfi.c.obj                 2166    34        0      
       aeabi_ctype.S.obj              0       257       0      
       snprintf.c.obj                 148     0         0      
       copy_decompress_lzss.c.obj     124     0         0      
       atoi.c.obj                     64      0         0      
       autoinit.c.obj                 60      0         0      
       boot_cortex_m.c.obj            56      0         0      
       memccpy.c.obj                  34      0         0      
       copy_zero_init.c.obj           22      0         0      
       copy_decompress_none.c.obj     18      0         0      
       memcpy16.S.obj                 18      0         0      
       wcslen.c.obj                   16      0         0      
       memset16.S.obj                 14      0         0      
       aeabi_portable.c.obj           8       0         4      
       exit.c.obj                     6       0         0      
       pre_init.c.obj                 4       0         0      
    +--+------------------------------+-------+---------+---------+
       Total:                         2758    291       4      
                                                               
    C:\ti\ccs2040\ccs\tools\compiler\ti-cgt-armllvm_4.0.4.LTS\lib\armv6m-ti-none-eabi/c/libsysbm.a
       hostexit.c.obj                 4       0         0      
    +--+------------------------------+-------+---------+---------+
       Total:                         4       0         0      
                                                               
    C:\ti\ccs2040\ccs\tools\compiler\ti-cgt-armllvm_4.0.4.LTS\lib\armv6m-ti-none-eabi/libclang_rt.builtins.a
       comparedf2.c.obj               220     0         0      
       udivmoddi4.S.obj               162     0         0      
       aeabi_dcmp.S.obj               98      0         0      
       aeabi_idivmod.S.obj            86      0         0      
       aeabi_uidivmod.S.obj           64      0         0      
       muldsi3.S.obj                  58      0         0      
       floatunsisf.S.obj              40      0         0      
       floatunsidf.S.obj              36      0         0      
       muldi3.S.obj                   36      0         0      
       ashldi3.S.obj                  30      0         0      
       aeabi_memset.S.obj             26      0         0      
       aeabi_uldivmod.S.obj           20      0         0      
       aeabi_memcpy.S.obj             8       0         0      
       aeabi_div0.c.obj               4       0         0      
    +--+------------------------------+-------+---------+---------+
       Total:                         888     0         0      
                                                               
       Heap:                          0       0         4096   
       Stack:                         0       0         512    
       Linker Generated:              0       130       0      
    +--+------------------------------+-------+---------+---------+
       Grand Total:                   22062   2492      5379   


LINKER GENERATED COPY TABLES

__TI_cinit_table @ 00006004 records: 2, size/record: 8, table size: 16
	.data: load addr=00005f90, load size=0000005e bytes, run addr=202011c4, run size=0000013f bytes, compression=lzss
	.bss: load addr=00005ffc, load size=00000008 bytes, run addr=20201000, run size=000001c4 bytes, compression=zero_init


LINKER GENERATED HANDLER TABLE

__TI_handler_table @ 00005ff0 records: 3, size/record: 4, table size: 12
	index: 0, handler: __TI_decompress_lzss
	index: 1, handler: __TI_decompress_none
	index: 2, handler: __TI_zero_init


FAR CALL TRAMPOLINES

callee name               trampoline name
   callee addr  tramp addr   call addr  call info
--------------  -----------  ---------  ----------------
_c_int00_noargs           $Tramp$TT$L$PI$$_c_int00_noargs
   00004add     000056f4     000056ee   startup_mspm0g350x_ticlang.o (.text.Reset_Handler)

[1 trampolines]
[1 trampoline calls]


GLOBAL SYMBOLS: SORTED ALPHABETICALLY BY Name 

address   name                                 
-------   ----                                 
00004519  ADC0_IRQHandler                      
00003af1  ADC1_IRQHandler                      
000056e7  AES_IRQHandler                       
000056ea  C$$EXIT                              
000056e7  CANFD0_IRQHandler                    
000042c9  Change_Instrument                    
00003709  Change_Preset                        
000056e7  DAC0_IRQHandler                      
202012c8  DEBUG_main_loop_count                
202012cc  DEBUG_timer_irq_count                
00003ef5  DL_ADC12_setClockConfig              
00005457  DL_Common_delayCycles                
000040b9  DL_DMA_initChannel                   
00004581  DL_I2C_setClockConfig                
00002d1d  DL_RTC_Common_initCalendar           
00004071  DL_SPI_init                          
00004b75  DL_SPI_setClockConfig                
00004a15  DL_SYSCTL_configFCC                  
00002a85  DL_SYSCTL_configSYSPLL               
00003f8d  DL_SYSCTL_switchMCLKfromSYSOSCtoHSCLK
00002999  DL_Timer_initFourCCPWMMode           
00002589  DL_Timer_initTimerMode               
000045b5  DL_Timer_setCaptCompUpdateMethod     
000045e9  DL_Timer_setCaptureCompareAction     
00004305  DL_Timer_setCaptureCompareCtl        
0000461d  DL_Timer_setCaptureCompareInput      
00004189  DL_Timer_setCaptureCompareOutCtl     
000047d9  DL_Timer_setCaptureCompareValue      
00004651  DL_Timer_setClockConfig              
00004cc9  DMA_IRQHandler                       
000056e7  Default_Handler                      
000056e7  GROUP0_IRQHandler                    
000056e7  GROUP1_IRQHandler                    
000056eb  HOSTexit                             
00004685  HardFault_Handler                    
000056e7  I2C0_IRQHandler                      
000056e7  I2C1_IRQHandler                      
00002475  LCD_DrawLine                         
00003ea5  LCD_DrawPixel                        
0000235d  LCD_DrawRect                         
00003315  LCD_FillScreen                       
000017b5  LCD_Init                             
00003bb1  LCD_PrintNumber                      
00001f39  LCD_PrintString                      
000056e7  NMI_Handler                          
000056e7  PendSV_Handler                       
000056e7  RTC_IRQHandler                       
000056ef  Reset_Handler                        
000056e7  SPI0_IRQHandler                      
000056e7  SPI1_IRQHandler                      
000056e7  SVC_Handler                          
00002df5  SYSCFG_DL_ADC_ACCEL_init             
000034e5  SYSCFG_DL_ADC_JOY_init               
000043b9  SYSCFG_DL_DMA_CH1_init               
00005375  SYSCFG_DL_DMA_init                   
0000538d  SYSCFG_DL_GPAMP_0_init               
00001a15  SYSCFG_DL_GPIO_init                  
00003c09  SYSCFG_DL_I2C_0_init                 
00003c61  SYSCFG_DL_I2C_1_init                 
00004779  SYSCFG_DL_OPA_0_init                 
00003801  SYSCFG_DL_PWM_AUDIO_init             
00004a8d  SYSCFG_DL_RTC_init                   
000041c9  SYSCFG_DL_SPI_LCD_init               
00004fa9  SYSCFG_DL_SYSCTL_CLK_init            
0000311d  SYSCFG_DL_SYSCTL_SYSPLL_init         
000031cd  SYSCFG_DL_SYSCTL_init                
00005655  SYSCFG_DL_SYSTICK_init               
000043f5  SYSCFG_DL_TIMER_SAMPLE_init          
00003a29  SYSCFG_DL_init                       
00002ec9  SYSCFG_DL_initPower                  
00004209  SysTick_Handler                      
000056e7  TIMA0_IRQHandler                     
000056e7  TIMA1_IRQHandler                     
000056e7  TIMG0_IRQHandler                     
000056e7  TIMG12_IRQHandler                    
000056e7  TIMG6_IRQHandler                     
000033b5  TIMG7_IRQHandler                     
000056e7  TIMG8_IRQHandler                     
000055cf  TI_memcpy_small                      
00005691  TI_memset_small                      
0000555d  Trigger_Note_Off                     
00005571  Trigger_Note_On                      
000056e7  UART0_IRQHandler                     
000056e7  UART1_IRQHandler                     
000056e7  UART2_IRQHandler                     
000056e7  UART3_IRQHandler                     
20208000  __STACK_END                          
00000200  __STACK_SIZE                         
00001000  __SYSMEM_SIZE                        
00000000  __TI_ATRegion0_region_sz             
00000000  __TI_ATRegion0_src_addr              
00000000  __TI_ATRegion0_trg_addr              
00000000  __TI_ATRegion1_region_sz             
00000000  __TI_ATRegion1_src_addr              
00000000  __TI_ATRegion1_trg_addr              
00000000  __TI_ATRegion2_region_sz             
00000000  __TI_ATRegion2_src_addr              
00000000  __TI_ATRegion2_trg_addr              
00006004  __TI_CINIT_Base                      
00006014  __TI_CINIT_Limit                     
00006014  __TI_CINIT_Warm                      
00005ff0  __TI_Handler_Table_Base              
00005ffc  __TI_Handler_Table_Limit             
00004431  __TI_auto_init_nobinit_nopinit       
00003785  __TI_decompress_lzss                 
000055e1  __TI_decompress_none                 
ffffffff  __TI_pprof_out_hndl                  
000000c1  __TI_printfi_nofloat                 
ffffffff  __TI_prof_data_size                  
ffffffff  __TI_prof_data_start                 
00000000  __TI_static_base__                   
00005441  __TI_zero_init_nomemset              
00005b40  __aeabi_ctype_table_                 
00005b40  __aeabi_ctype_table_C                
00003a8d  __aeabi_dcmpeq                       
00003ac9  __aeabi_dcmpge                       
00003add  __aeabi_dcmpgt                       
00003ab5  __aeabi_dcmple                       
00003aa1  __aeabi_dcmplt                       
202012d0  __aeabi_errno                        
000056d1  __aeabi_errno_addr                   
00003cb9  __aeabi_idiv                         
00002587  __aeabi_idiv0                        
00003cb9  __aeabi_idivmod                      
00003313  __aeabi_ldiv0                        
00004ce9  __aeabi_llsl                         
00004be1  __aeabi_lmul                         
000056c5  __aeabi_memclr                       
000056c5  __aeabi_memclr4                      
000056c5  __aeabi_memclr8                      
000056d9  __aeabi_memcpy                       
000056d9  __aeabi_memcpy4                      
000056d9  __aeabi_memcpy8                      
00005675  __aeabi_memset                       
00005675  __aeabi_memset4                      
00005675  __aeabi_memset8                      
00004bbd  __aeabi_ui2d                         
00004ab5  __aeabi_ui2f                         
00004249  __aeabi_uidiv                        
00004249  __aeabi_uidivmod                     
00005585  __aeabi_uldivmod                     
00004ce9  __ashldi3                            
ffffffff  __binit__                            
000039c1  __cmpdf2                             
000039c1  __eqdf2                              
00004bbd  __floatunsidf                        
00004ab5  __floatunsisf                        
00003875  __gedf2                              
00003875  __gtdf2                              
000039c1  __ledf2                              
000039c1  __ltdf2                              
UNDEFED   __mpu_init                           
00004be1  __muldi3                             
0000446d  __muldsi3                            
000039c1  __nedf2                              
20207e00  __stack                              
20200000  __start___llvm_prf_bits              
20200000  __start___llvm_prf_cnts              
20200000  __stop___llvm_prf_bits               
20200000  __stop___llvm_prf_cnts               
00003271  __udivmoddi4                         
00004add  _c_int00_noargs                      
20200000  _sys_memory                          
UNDEFED   _system_post_cinit                   
00005705  _system_pre_init                     
000056e1  abort                                
00004289  atoi                                 
ffffffff  binit                                
20201000  gPWM_AUDIOBackup                     
20201198  gSPI_LCDBackup                       
2020115c  gSynthState                          
202010bc  gTIMER_SAMPLEBackup                  
20201298  g_chord_increments                   
202012a4  g_chord_phases                       
202012dc  g_phase                              
202012e0  g_phase_increment                    
202012e4  g_systick_count                      
00000000  interruptVectors                     
00000e05  main                                 
00004c05  memccpy                              
00003fd9  snprintf                             
00005665  wcslen                               


GLOBAL SYMBOLS: SORTED BY Symbol Address 

address   name                                 
-------   ----                                 
00000000  __TI_ATRegion0_region_sz             
00000000  __TI_ATRegion0_src_addr              
00000000  __TI_ATRegion0_trg_addr              
00000000  __TI_ATRegion1_region_sz             
00000000  __TI_ATRegion1_src_addr              
00000000  __TI_ATRegion1_trg_addr              
00000000  __TI_ATRegion2_region_sz             
00000000  __TI_ATRegion2_src_addr              
00000000  __TI_ATRegion2_trg_addr              
00000000  __TI_static_base__                   
00000000  interruptVectors                     
000000c1  __TI_printfi_nofloat                 
00000200  __STACK_SIZE                         
00000e05  main                                 
00001000  __SYSMEM_SIZE                        
000017b5  LCD_Init                             
00001a15  SYSCFG_DL_GPIO_init                  
00001f39  LCD_PrintString                      
0000235d  LCD_DrawRect                         
00002475  LCD_DrawLine                         
00002587  __aeabi_idiv0                        
00002589  DL_Timer_initTimerMode               
00002999  DL_Timer_initFourCCPWMMode           
00002a85  DL_SYSCTL_configSYSPLL               
00002d1d  DL_RTC_Common_initCalendar           
00002df5  SYSCFG_DL_ADC_ACCEL_init             
00002ec9  SYSCFG_DL_initPower                  
0000311d  SYSCFG_DL_SYSCTL_SYSPLL_init         
000031cd  SYSCFG_DL_SYSCTL_init                
00003271  __udivmoddi4                         
00003313  __aeabi_ldiv0                        
00003315  LCD_FillScreen                       
000033b5  TIMG7_IRQHandler                     
000034e5  SYSCFG_DL_ADC_JOY_init               
00003709  Change_Preset                        
00003785  __TI_decompress_lzss                 
00003801  SYSCFG_DL_PWM_AUDIO_init             
00003875  __gedf2                              
00003875  __gtdf2                              
000039c1  __cmpdf2                             
000039c1  __eqdf2                              
000039c1  __ledf2                              
000039c1  __ltdf2                              
000039c1  __nedf2                              
00003a29  SYSCFG_DL_init                       
00003a8d  __aeabi_dcmpeq                       
00003aa1  __aeabi_dcmplt                       
00003ab5  __aeabi_dcmple                       
00003ac9  __aeabi_dcmpge                       
00003add  __aeabi_dcmpgt                       
00003af1  ADC1_IRQHandler                      
00003bb1  LCD_PrintNumber                      
00003c09  SYSCFG_DL_I2C_0_init                 
00003c61  SYSCFG_DL_I2C_1_init                 
00003cb9  __aeabi_idiv                         
00003cb9  __aeabi_idivmod                      
00003ea5  LCD_DrawPixel                        
00003ef5  DL_ADC12_setClockConfig              
00003f8d  DL_SYSCTL_switchMCLKfromSYSOSCtoHSCLK
00003fd9  snprintf                             
00004071  DL_SPI_init                          
000040b9  DL_DMA_initChannel                   
00004189  DL_Timer_setCaptureCompareOutCtl     
000041c9  SYSCFG_DL_SPI_LCD_init               
00004209  SysTick_Handler                      
00004249  __aeabi_uidiv                        
00004249  __aeabi_uidivmod                     
00004289  atoi                                 
000042c9  Change_Instrument                    
00004305  DL_Timer_setCaptureCompareCtl        
000043b9  SYSCFG_DL_DMA_CH1_init               
000043f5  SYSCFG_DL_TIMER_SAMPLE_init          
00004431  __TI_auto_init_nobinit_nopinit       
0000446d  __muldsi3                            
00004519  ADC0_IRQHandler                      
00004581  DL_I2C_setClockConfig                
000045b5  DL_Timer_setCaptCompUpdateMethod     
000045e9  DL_Timer_setCaptureCompareAction     
0000461d  DL_Timer_setCaptureCompareInput      
00004651  DL_Timer_setClockConfig              
00004685  HardFault_Handler                    
00004779  SYSCFG_DL_OPA_0_init                 
000047d9  DL_Timer_setCaptureCompareValue      
00004a15  DL_SYSCTL_configFCC                  
00004a8d  SYSCFG_DL_RTC_init                   
00004ab5  __aeabi_ui2f                         
00004ab5  __floatunsisf                        
00004add  _c_int00_noargs                      
00004b75  DL_SPI_setClockConfig                
00004bbd  __aeabi_ui2d                         
00004bbd  __floatunsidf                        
00004be1  __aeabi_lmul                         
00004be1  __muldi3                             
00004c05  memccpy                              
00004cc9  DMA_IRQHandler                       
00004ce9  __aeabi_llsl                         
00004ce9  __ashldi3                            
00004fa9  SYSCFG_DL_SYSCTL_CLK_init            
00005375  SYSCFG_DL_DMA_init                   
0000538d  SYSCFG_DL_GPAMP_0_init               
00005441  __TI_zero_init_nomemset              
00005457  DL_Common_delayCycles                
0000555d  Trigger_Note_Off                     
00005571  Trigger_Note_On                      
00005585  __aeabi_uldivmod                     
000055cf  TI_memcpy_small                      
000055e1  __TI_decompress_none                 
00005655  SYSCFG_DL_SYSTICK_init               
00005665  wcslen                               
00005675  __aeabi_memset                       
00005675  __aeabi_memset4                      
00005675  __aeabi_memset8                      
00005691  TI_memset_small                      
000056c5  __aeabi_memclr                       
000056c5  __aeabi_memclr4                      
000056c5  __aeabi_memclr8                      
000056d1  __aeabi_errno_addr                   
000056d9  __aeabi_memcpy                       
000056d9  __aeabi_memcpy4                      
000056d9  __aeabi_memcpy8                      
000056e1  abort                                
000056e7  AES_IRQHandler                       
000056e7  CANFD0_IRQHandler                    
000056e7  DAC0_IRQHandler                      
000056e7  Default_Handler                      
000056e7  GROUP0_IRQHandler                    
000056e7  GROUP1_IRQHandler                    
000056e7  I2C0_IRQHandler                      
000056e7  I2C1_IRQHandler                      
000056e7  NMI_Handler                          
000056e7  PendSV_Handler                       
000056e7  RTC_IRQHandler                       
000056e7  SPI0_IRQHandler                      
000056e7  SPI1_IRQHandler                      
000056e7  SVC_Handler                          
000056e7  TIMA0_IRQHandler                     
000056e7  TIMA1_IRQHandler                     
000056e7  TIMG0_IRQHandler                     
000056e7  TIMG12_IRQHandler                    
000056e7  TIMG6_IRQHandler                     
000056e7  TIMG8_IRQHandler                     
000056e7  UART0_IRQHandler                     
000056e7  UART1_IRQHandler                     
000056e7  UART2_IRQHandler                     
000056e7  UART3_IRQHandler                     
000056ea  C$$EXIT                              
000056eb  HOSTexit                             
000056ef  Reset_Handler                        
00005705  _system_pre_init                     
00005b40  __aeabi_ctype_table_                 
00005b40  __aeabi_ctype_table_C                
00005ff0  __TI_Handler_Table_Base              
00005ffc  __TI_Handler_Table_Limit             
00006004  __TI_CINIT_Base                      
00006014  __TI_CINIT_Limit                     
00006014  __TI_CINIT_Warm                      
20200000  __start___llvm_prf_bits              
20200000  __start___llvm_prf_cnts              
20200000  __stop___llvm_prf_bits               
20200000  __stop___llvm_prf_cnts               
20200000  _sys_memory                          
20201000  gPWM_AUDIOBackup                     
202010bc  gTIMER_SAMPLEBackup                  
2020115c  gSynthState                          
20201198  gSPI_LCDBackup                       
20201298  g_chord_increments                   
202012a4  g_chord_phases                       
202012c8  DEBUG_main_loop_count                
202012cc  DEBUG_timer_irq_count                
202012d0  __aeabi_errno                        
202012dc  g_phase                              
202012e0  g_phase_increment                    
202012e4  g_systick_count                      
20207e00  __stack                              
20208000  __STACK_END                          
ffffffff  __TI_pprof_out_hndl                  
ffffffff  __TI_prof_data_size                  
ffffffff  __TI_prof_data_start                 
ffffffff  __binit__                            
ffffffff  binit                                
UNDEFED   __mpu_init                           
UNDEFED   _system_post_cinit                   

[182 symbols]
