******************************************************************************
            TI ARM Clang Linker PC v4.0.4                      
******************************************************************************
>> Linked Sun Dec 28 21:47:14 2025

OUTPUT FILE NAME:   <Motion_Music_studio.out>
ENTRY POINT SYMBOL: "_c_int00_noargs"  address: 00004af9


MEMORY CONFIGURATION

         name            origin    length      used     unused   attr    fill
----------------------  --------  ---------  --------  --------  ----  --------
  FLASH                 00000000   00020000  00006030  00019fd0  R  X
  SRAM                  20200000   00008000  00001504  00006afc  RW X
  BCR_CONFIG            41c00000   000000ff  00000000  000000ff  R   
  BSL_CONFIG            41c00100   00000080  00000000  00000080  R   


SEGMENT ALLOCATION MAP

run origin  load origin   length   init length attrs members
----------  ----------- ---------- ----------- ----- -------
00000000    00000000    00005728   00005728    r-x
  00000000    00000000    000000c0   000000c0    r-- .intvecs
  000000c0    000000c0    00005668   00005668    r-x .text
00005730    00005730    00000908   00000908    r--
  00005730    00005730    00000880   00000880    r-- .rodata
  00005fb0    00005fb0    00000088   00000088    r-- .cinit
20200000    20200000    00001304   00000000    rw-
  20200000    20200000    00001000   00000000    rw- .sysmem
  20201000    20201000    000001c4   00000000    rw- .bss
  202011c4    202011c4    00000140   00000000    rw- .data
20207e00    20207e00    00000200   00000000    rw-
  20207e00    20207e00    00000200   00000000    rw- .stack


SECTION ALLOCATION MAP

 output                                  attributes/
section   page    origin      length       input sections
--------  ----  ----------  ----------   ----------------
.intvecs   0    00000000    000000c0     
                  00000000    000000c0     startup_mspm0g350x_ticlang.o (.intvecs)

.text      0    000000c0    00005668     
                  000000c0    00000868     libc.a : _printfi.c.obj (.text:__TI_printfi_nofloat)
                  00000928    000004dc     main.o (.text.Display_Update)
                  00000e04    000003c4     main.o (.text.main)
                  000011c8    00000360     main.o (.text.Generate_Audio_Sample)
                  00001528    0000028c     main.o (.text.Update_Phase_Increment)
                  000017b4    00000260     lcd_driver.o (.text.LCD_Init)
                  00001a14    000001f4     ti_msp_dl_config.o (.text.SYSCFG_DL_GPIO_init)
                  00001c08    000001a8     main.o (.text.Process_Envelope)
                  00001db0    00000198     main.o (.text.Button_StateMachine_Update)
                  00001f48    00000180     lcd_driver.o (.text.LCD_PrintString)
                  000020c8    0000017c     main.o (.text.Process_Scale_Position)
                  00002244    00000138     main.o (.text.Display_Waveform)
                  0000237c    00000118     lcd_driver.o (.text.LCD_DrawRect)
                  00002494    00000112     lcd_driver.o (.text.LCD_DrawLine)
                  000025a6    00000002     libclang_rt.builtins.a : aeabi_div0.c.obj (.text.__aeabi_idiv0)
                  000025a8    00000110     dl_timer.o (.text.DL_Timer_initTimerMode)
                  000026b8    00000110     dl_timer.o (.text.DL_Timer_initTwoCCPWMMode)
                  000027c8    00000100     main.o (.text.Generate_Waveform)
                  000028c8    000000f0     main.o (.text.Generate_Chord_Sample)
                  000029b8    000000ec     dl_timer.o (.text.DL_Timer_initFourCCPWMMode)
                  00002aa4    000000e0     dl_sysctl_mspm0g1x0x_g3x0x.o (.text.DL_SYSCTL_configSYSPLL)
                  00002b84    000000dc     main.o (.text.Process_Key_Selection)
                  00002c60    000000dc     main.o (.text.Process_Musical_Controls)
                  00002d3c    000000d8     dl_rtc_common.o (.text.DL_RTC_Common_initCalendar)
                  00002e14    000000d4     ti_msp_dl_config.o (.text.SYSCFG_DL_ADC_ACCEL_init)
                  00002ee8    000000d4     ti_msp_dl_config.o (.text.SYSCFG_DL_initPower)
                  00002fbc    000000c8     main.o (.text.Calculate_Scale_Frequency)
                  00003084    000000b8     main.o (.text.Process_Accelerometer)
                  0000313c    000000b0     ti_msp_dl_config.o (.text.SYSCFG_DL_SYSCTL_SYSPLL_init)
                  000031ec    000000a4     ti_msp_dl_config.o (.text.SYSCFG_DL_SYSCTL_init)
                  00003290    000000a2     libclang_rt.builtins.a : udivmoddi4.S.obj (.text)
                  00003332    00000002                            : aeabi_div0.c.obj (.text.__aeabi_ldiv0)
                  00003334    000000a0     lcd_driver.o (.text.LCD_FillScreen)
                  000033d4    0000009c     main.o (.text.TIMG7_IRQHandler)
                  00003470    00000094     main.o (.text.Display_Scale_Info)
                  00003504    0000008c     main.o (.text.Process_Portamento)
                  00003590    0000008c     ti_msp_dl_config.o (.text.SYSCFG_DL_ADC_JOY_init)
                  0000361c    00000084     main.o (.text.__NVIC_SetPriority)
                  000036a0    00000084     ti_msp_dl_config.o (.text.__NVIC_SetPriority)
                  00003724    0000007c     main.o (.text.Change_Preset)
                  000037a0    0000007c     libc.a : copy_decompress_lzss.c.obj (.text:decompress:lzss)
                  0000381c    00000074     ti_msp_dl_config.o (.text.SYSCFG_DL_PWM_AUDIO_init)
                  00003890    00000074     libclang_rt.builtins.a : comparedf2.c.obj (.text.__gedf2)
                  00003904    0000006c     main.o (.text.Debug_LED_Update)
                  00003970    0000006c     lcd_driver.o (.text.LCD_SetWindow)
                  000039dc    00000068     libclang_rt.builtins.a : comparedf2.c.obj (.text.__ledf2)
                  00003a44    00000064     ti_msp_dl_config.o (.text.SYSCFG_DL_init)
                  00003aa8    00000062     libclang_rt.builtins.a : aeabi_dcmp.S.obj (.text.__aeabi_dcmp)
                  00003b0a    00000002     --HOLE-- [fill = 0]
                  00003b0c    00000060     main.o (.text.ADC1_IRQHandler)
                  00003b6c    00000060     ti_msp_dl_config.o (.text.DL_ADC12_initSeqSample)
                  00003bcc    00000058     lcd_driver.o (.text.LCD_PrintNumber)
                  00003c24    00000058     ti_msp_dl_config.o (.text.SYSCFG_DL_I2C_0_init)
                  00003c7c    00000058     ti_msp_dl_config.o (.text.SYSCFG_DL_I2C_1_init)
                  00003cd4    00000056     libclang_rt.builtins.a : aeabi_idivmod.S.obj (.text.__aeabi_idivmod)
                  00003d2a    00000054     dl_dma.o (.text.DL_DMA_configTransfer)
                  00003d7e    00000002     --HOLE-- [fill = 0]
                  00003d80    00000050     ti_msp_dl_config.o (.text.DL_GPIO_initPeripheralInputFunctionFeatures)
                  00003dd0    00000050     lcd_driver.o (.text.LCD_WriteCommand)
                  00003e20    00000050     lcd_driver.o (.text.LCD_WriteData)
                  00003e70    00000050     ti_msp_dl_config.o (.text.SysTick_Config)
                  00003ec0    0000004e     lcd_driver.o (.text.LCD_DrawPixel)
                  00003f0e    00000002     --HOLE-- [fill = 0]
                  00003f10    0000004c     dl_adc12.o (.text.DL_ADC12_setClockConfig)
                  00003f5c    0000004c     ti_msp_dl_config.o (.text.DL_GPIO_initDigitalInputFeatures)
                  00003fa8    0000004c     dl_sysctl_mspm0g1x0x_g3x0x.o (.text.DL_SYSCTL_switchMCLKfromSYSOSCtoHSCLK)
                  00003ff4    0000004c     libc.a : snprintf.c.obj (.text.snprintf)
                  00004040    0000004a     ti_msp_dl_config.o (.text.DL_ADC12_configConversionMem)
                  0000408a    00000002     --HOLE-- [fill = 0]
                  0000408c    00000048     dl_spi.o (.text.DL_SPI_init)
                  000040d4    00000046     dl_dma.o (.text.DL_DMA_initChannel)
                  0000411a    00000002     --HOLE-- [fill = 0]
                  0000411c    00000044     main.o (.text.Change_Scale_Type)
                  00004160    00000044     main.o (.text.Process_Arpeggiator)
                  000041a4    00000040     dl_timer.o (.text.DL_Timer_setCaptureCompareOutCtl)
                  000041e4    00000040     ti_msp_dl_config.o (.text.SYSCFG_DL_SPI_LCD_init)
                  00004224    00000040     main.o (.text.SysTick_Handler)
                  00004264    00000040     libclang_rt.builtins.a : aeabi_uidivmod.S.obj (.text.__aeabi_uidivmod)
                  000042a4    00000040     libc.a : atoi.c.obj (.text.atoi)
                  000042e4    0000003c     main.o (.text.Change_Instrument)
                  00004320    0000003c     dl_timer.o (.text.DL_Timer_setCaptureCompareCtl)
                  0000435c    0000003c     dl_timer.o (.text.DL_Timer_setCounterControl)
                  00004398    0000003c     ti_msp_dl_config.o (.text.DL_Timer_setCounterControl)
                  000043d4    0000003c     ti_msp_dl_config.o (.text.SYSCFG_DL_DMA_CH1_init)
                  00004410    0000003c     ti_msp_dl_config.o (.text.SYSCFG_DL_TIMER_SAMPLE_init)
                  0000444c    0000003c     libc.a : autoinit.c.obj (.text:__TI_auto_init_nobinit_nopinit)
                  00004488    0000003a     libclang_rt.builtins.a : muldsi3.S.obj (.text.__muldsi3)
                  000044c2    00000002     --HOLE-- [fill = 0]
                  000044c4    00000038     dl_dma.o (.text.DL_DMA_setTrigger)
                  000044fc    00000038     ti_msp_dl_config.o (.text.DL_OPA_init)
                  00004534    00000034     main.o (.text.ADC0_IRQHandler)
                  00004568    00000034     ti_msp_dl_config.o (.text.DL_DMA_setPublisherChanID)
                  0000459c    00000034     dl_i2c.o (.text.DL_I2C_setClockConfig)
                  000045d0    00000034     dl_timer.o (.text.DL_Timer_setCaptCompUpdateMethod)
                  00004604    00000034     dl_timer.o (.text.DL_Timer_setCaptureCompareAction)
                  00004638    00000034     dl_timer.o (.text.DL_Timer_setCaptureCompareInput)
                  0000466c    00000034     dl_timer.o (.text.DL_Timer_setClockConfig)
                  000046a0    00000034     main.o (.text.HardFault_Handler)
                  000046d4    00000030     main.o (.text.DL_ADC12_getMemResult)
                  00004704    00000030     ti_msp_dl_config.o (.text.DL_DMA_setTransferSize)
                  00004734    00000030     ti_msp_dl_config.o (.text.DL_GPAMP_init)
                  00004764    00000030     ti_msp_dl_config.o (.text.DL_SPI_setFIFOThreshold)
                  00004794    00000030     ti_msp_dl_config.o (.text.SYSCFG_DL_OPA_0_init)
                  000047c4    00000030     libc.a : snprintf.c.obj (.text._outs)
                  000047f4    0000002c     dl_timer.o (.text.DL_Timer_setCaptureCompareValue)
                  00004820    0000002c     main.o (.text.__NVIC_ClearPendingIRQ)
                  0000484c    0000002c     main.o (.text.__NVIC_EnableIRQ)
                  00004878    00000028     dl_adc12.o (.text.DL_Common_updateReg)
                  000048a0    00000028     dl_dma.o (.text.DL_Common_updateReg)
                  000048c8    00000028     dl_i2c.o (.text.DL_Common_updateReg)
                  000048f0    00000028     dl_rtc_common.o (.text.DL_Common_updateReg)
                  00004918    00000028     dl_spi.o (.text.DL_Common_updateReg)
                  00004940    00000028     dl_sysctl_mspm0g1x0x_g3x0x.o (.text.DL_Common_updateReg)
                  00004968    00000028     dl_timer.o (.text.DL_Common_updateReg)
                  00004990    00000028     ti_msp_dl_config.o (.text.DL_Common_updateReg)
                  000049b8    00000028     ti_msp_dl_config.o (.text.DL_I2C_setControllerRXFIFOThreshold)
                  000049e0    00000028     ti_msp_dl_config.o (.text.DL_I2C_setControllerTXFIFOThreshold)
                  00004a08    00000028     ti_msp_dl_config.o (.text.DL_OPA_setGainBandwidth)
                  00004a30    00000028     dl_sysctl_mspm0g1x0x_g3x0x.o (.text.DL_SYSCTL_configFCC)
                  00004a58    00000028     ti_msp_dl_config.o (.text.DL_SYSCTL_setPowerPolicySTANDBY0)
                  00004a80    00000028     main.o (.text.Low_Pass_Filter)
                  00004aa8    00000028     ti_msp_dl_config.o (.text.SYSCFG_DL_RTC_init)
                  00004ad0    00000028     libclang_rt.builtins.a : floatunsisf.S.obj (.text.__floatunsisf)
                  00004af8    00000028     libc.a : boot_cortex_m.c.obj (.text:_c_int00_noargs)
                  00004b20    00000026     main.o (.text.DL_DMA_enableChannel)
                  00004b46    00000026     ti_msp_dl_config.o (.text.DL_I2C_setAnalogGlitchFilterPulseWidth)
                  00004b6c    00000024     ti_msp_dl_config.o (.text.DL_SPI_setBitRateSerialClockDivider)
                  00004b90    00000024     dl_spi.o (.text.DL_SPI_setClockConfig)
                  00004bb4    00000024     main.o (.text.SysTick_Init)
                  00004bd8    00000024     libclang_rt.builtins.a : floatunsidf.S.obj (.text.__floatunsidf)
                  00004bfc    00000024                            : muldi3.S.obj (.text.__muldi3)
                  00004c20    00000022     libc.a : memccpy.c.obj (.text.memccpy)
                  00004c42    00000002     --HOLE-- [fill = 0]
                  00004c44    00000020     dl_sysctl_mspm0g1x0x_g3x0x.o (.text.DL_CORE_configInstruction)
                  00004c64    00000020     dl_rtc_common.o (.text.DL_RTC_Common_setCalendarYearBinary)
                  00004c84    00000020     ti_msp_dl_config.o (.text.DL_SYSCTL_setFlashWaitState)
                  00004ca4    00000020     ti_msp_dl_config.o (.text.DL_SYSCTL_setMFPCLKSource)
                  00004cc4    00000020     dl_timer.o (.text.DL_Timer_setCounterValueAfterEnable)
                  00004ce4    00000020     main.o (.text.DMA_IRQHandler)
                  00004d04    0000001e     libclang_rt.builtins.a : ashldi3.S.obj (.text.__ashldi3)
                  00004d22    00000002     --HOLE-- [fill = 0]
                  00004d24    0000001c     ti_msp_dl_config.o (.text.DL_ADC12_clearInterruptStatus)
                  00004d40    0000001c     ti_msp_dl_config.o (.text.DL_ADC12_enableEvent)
                  00004d5c    0000001c     ti_msp_dl_config.o (.text.DL_ADC12_enableInterrupt)
                  00004d78    0000001c     main.o (.text.DL_ADC12_startConversion)
                  00004d94    0000001c     ti_msp_dl_config.o (.text.DL_DMA_enableInterrupt)
                  00004db0    0000001c     ti_msp_dl_config.o (.text.DL_GPAMP_setRailToRailInputMode)
                  00004dcc    0000001c     ti_msp_dl_config.o (.text.DL_GPIO_enableHiZ)
                  00004de8    0000001c     ti_msp_dl_config.o (.text.DL_GPIO_initPeripheralOutputFunction)
                  00004e04    0000001c     ti_msp_dl_config.o (.text.DL_GPIO_setLowerPinsInputFilter)
                  00004e20    0000001c     ti_msp_dl_config.o (.text.DL_GPIO_setLowerPinsPolarity)
                  00004e3c    0000001c     dl_rtc_common.o (.text.DL_RTC_Common_setCalendarMinutesBCD)
                  00004e58    0000001c     dl_rtc_common.o (.text.DL_RTC_Common_setCalendarMinutesBinary)
                  00004e74    0000001c     dl_rtc_common.o (.text.DL_RTC_Common_setCalendarMonthBCD)
                  00004e90    0000001c     dl_rtc_common.o (.text.DL_RTC_Common_setCalendarMonthBinary)
                  00004eac    0000001c     dl_rtc_common.o (.text.DL_RTC_Common_setCalendarSecondsBCD)
                  00004ec8    0000001c     dl_rtc_common.o (.text.DL_RTC_Common_setCalendarSecondsBinary)
                  00004ee4    0000001c     dl_rtc_common.o (.text.DL_RTC_Common_setCalendarYearBCD)
                  00004f00    0000001c     dl_rtc_common.o (.text.DL_RTC_Common_setClockFormat)
                  00004f1c    0000001c     ti_msp_dl_config.o (.text.DL_SYSCTL_setFCCPeriods)
                  00004f38    0000001c     ti_msp_dl_config.o (.text.DL_SYSCTL_setMCLKDivider)
                  00004f54    0000001c     ti_msp_dl_config.o (.text.DL_SYSCTL_setSYSOSCFreq)
                  00004f70    0000001c     ti_msp_dl_config.o (.text.DL_SYSCTL_setULPCLKDivider)
                  00004f8c    0000001c     ti_msp_dl_config.o (.text.DL_SYSCTL_setVBOOSTConfig)
                  00004fa8    0000001c     ti_msp_dl_config.o (.text.DL_Timer_enableInterrupt)
                  00004fc4    0000001c     ti_msp_dl_config.o (.text.SYSCFG_DL_SYSCTL_CLK_init)
                  00004fe0    0000001a     ti_msp_dl_config.o (.text.DL_ADC12_setSubscriberChanID)
                  00004ffa    0000001a     dl_rtc_common.o (.text.DL_RTC_Common_setCalendarHoursBCD)
                  00005014    0000001a     dl_rtc_common.o (.text.DL_RTC_Common_setCalendarHoursBinary)
                  0000502e    00000002     --HOLE-- [fill = 0]
                  00005030    00000018     ti_msp_dl_config.o (.text.DL_ADC12_enablePower)
                  00005048    00000018     ti_msp_dl_config.o (.text.DL_ADC12_reset)
                  00005060    00000018     ti_msp_dl_config.o (.text.DL_ADC12_setSampleTime0)
                  00005078    00000018     ti_msp_dl_config.o (.text.DL_DMA_clearInterruptStatus)
                  00005090    00000018     ti_msp_dl_config.o (.text.DL_GPIO_enableOutput)
                  000050a8    00000018     ti_msp_dl_config.o (.text.DL_GPIO_enablePower)
                  000050c0    00000018     ti_msp_dl_config.o (.text.DL_GPIO_initDigitalOutput)
                  000050d8    00000018     ti_msp_dl_config.o (.text.DL_GPIO_reset)
                  000050f0    00000018     ti_msp_dl_config.o (.text.DL_GPIO_setAnalogInternalResistor)
                  00005108    00000018     lcd_driver.o (.text.DL_GPIO_setPins)
                  00005120    00000018     main.o (.text.DL_GPIO_setPins)
                  00005138    00000018     ti_msp_dl_config.o (.text.DL_GPIO_setPins)
                  00005150    00000018     ti_msp_dl_config.o (.text.DL_GPIO_setUpperPinsPolarity)
                  00005168    00000018     main.o (.text.DL_GPIO_togglePins)
                  00005180    00000018     ti_msp_dl_config.o (.text.DL_I2C_enableAnalogGlitchFilter)
                  00005198    00000018     ti_msp_dl_config.o (.text.DL_I2C_enableController)
                  000051b0    00000018     ti_msp_dl_config.o (.text.DL_I2C_enableControllerClockStretching)
                  000051c8    00000018     ti_msp_dl_config.o (.text.DL_I2C_enablePower)
                  000051e0    00000018     ti_msp_dl_config.o (.text.DL_I2C_reset)
                  000051f8    00000018     ti_msp_dl_config.o (.text.DL_I2C_setTimerPeriod)
                  00005210    00000018     ti_msp_dl_config.o (.text.DL_OPA_enablePower)
                  00005228    00000018     ti_msp_dl_config.o (.text.DL_OPA_enableRailToRailInput)
                  00005240    00000018     ti_msp_dl_config.o (.text.DL_OPA_reset)
                  00005258    00000018     ti_msp_dl_config.o (.text.DL_RTC_Common_enablePower)
                  00005270    00000018     ti_msp_dl_config.o (.text.DL_RTC_Common_reset)
                  00005288    00000018     ti_msp_dl_config.o (.text.DL_SPI_enable)
                  000052a0    00000018     ti_msp_dl_config.o (.text.DL_SPI_enablePower)
                  000052b8    00000018     lcd_driver.o (.text.DL_SPI_isBusy)
                  000052d0    00000018     ti_msp_dl_config.o (.text.DL_SPI_reset)
                  000052e8    00000018     ti_msp_dl_config.o (.text.DL_SYSCTL_enableInterrupt)
                  00005300    00000018     ti_msp_dl_config.o (.text.DL_SYSCTL_setBORThreshold)
                  00005318    00000018     dl_sysctl_mspm0g1x0x_g3x0x.o (.text.DL_SYSCTL_setHSCLKSource)
                  00005330    00000018     ti_msp_dl_config.o (.text.DL_Timer_enablePower)
                  00005348    00000018     ti_msp_dl_config.o (.text.DL_Timer_reset)
                  00005360    00000018     dl_timer.o (.text.DL_Timer_setLoadValue)
                  00005378    00000018     main.o (.text.DL_Timer_startCounter)
                  00005390    00000018     ti_msp_dl_config.o (.text.SYSCFG_DL_DMA_init)
                  000053a8    00000018     ti_msp_dl_config.o (.text.SYSCFG_DL_GPAMP_0_init)
                  000053c0    00000018     libc.a : snprintf.c.obj (.text._outc)
                  000053d8    00000016     main.o (.text.DL_ADC12_enableConversions)
                  000053ee    00000016     ti_msp_dl_config.o (.text.DL_ADC12_enableConversions)
                  00005404    00000016     ti_msp_dl_config.o (.text.DL_GPIO_enableGlobalFastWake)
                  0000541a    00000016     main.o (.text.DL_GPIO_readPins)
                  00005430    00000016     ti_msp_dl_config.o (.text.DL_OPA_enable)
                  00005446    00000016     lcd_driver.o (.text.DL_SPI_transmitData8)
                  0000545c    00000016     libc.a : copy_zero_init.c.obj (.text:decompress:ZI:__TI_zero_init_nomemset)
                  00005472    00000014     dl_common.o (.text.DL_Common_delayCycles)
                  00005486    00000002     --HOLE-- [fill = 0]
                  00005488    00000014     ti_msp_dl_config.o (.text.DL_FlashCTL_enableInterrupt)
                  0000549c    00000014     lcd_driver.o (.text.DL_GPIO_clearPins)
                  000054b0    00000014     main.o (.text.DL_GPIO_clearPins)
                  000054c4    00000014     ti_msp_dl_config.o (.text.DL_GPIO_clearPins)
                  000054d8    00000014     ti_msp_dl_config.o (.text.DL_I2C_resetControllerTransfer)
                  000054ec    00000014     dl_sysctl_mspm0g1x0x_g3x0x.o (.text.DL_SYSCTL_disableSYSPLL)
                  00005500    00000014     ti_msp_dl_config.o (.text.DL_SYSCTL_disableSYSPLL)
                  00005514    00000014     ti_msp_dl_config.o (.text.DL_SYSCTL_enableMFCLK)
                  00005528    00000014     dl_sysctl_mspm0g1x0x_g3x0x.o (.text.DL_SYSCTL_enableSYSPLL)
                  0000553c    00000014     ti_msp_dl_config.o (.text.DL_SYSCTL_enableSYSPLL)
                  00005550    00000014     ti_msp_dl_config.o (.text.DL_Timer_enableClock)
                  00005564    00000014     ti_msp_dl_config.o (.text.DL_Timer_setCCPDirection)
                  00005578    00000014     main.o (.text.Trigger_Note_Off)
                  0000558c    00000014     main.o (.text.Trigger_Note_On)
                  000055a0    00000014     libclang_rt.builtins.a : aeabi_uldivmod.S.obj (.text.__aeabi_uldivmod)
                  000055b4    00000012     main.o (.text.DL_ADC12_getPendingInterrupt)
                  000055c6    00000012     main.o (.text.DL_DMA_getPendingInterrupt)
                  000055d8    00000012     main.o (.text.DL_Timer_getPendingInterrupt)
                  000055ea    00000012     libc.a : memcpy16.S.obj (.text:TI_memcpy_small)
                  000055fc    00000012            : copy_decompress_none.c.obj (.text:decompress:none)
                  0000560e    00000002     --HOLE-- [fill = 0]
                  00005610    00000010     dl_sysctl_mspm0g1x0x_g3x0x.o (.text.DL_CORE_getInstructionConfig)
                  00005620    00000010     ti_msp_dl_config.o (.text.DL_GPAMP_enable)
                  00005630    00000010     ti_msp_dl_config.o (.text.DL_SYSCTL_disableHFXT)
                  00005640    00000010     ti_msp_dl_config.o (.text.DL_SYSCTL_enableMFPCLK)
                  00005650    00000010     ti_msp_dl_config.o (.text.DL_SYSCTL_isFCCDone)
                  00005660    00000010     ti_msp_dl_config.o (.text.DL_SYSCTL_startFCC)
                  00005670    00000010     ti_msp_dl_config.o (.text.SYSCFG_DL_SYSTICK_init)
                  00005680    00000010     libc.a : wcslen.c.obj (.text.wcslen)
                  00005690    0000000e     libclang_rt.builtins.a : aeabi_memset.S.obj (.text.__aeabi_memset)
                  0000569e    0000000e     libc.a : _printfi.c.obj (.text.strlen)
                  000056ac    0000000e            : memset16.S.obj (.text:TI_memset_small)
                  000056ba    00000002     --HOLE-- [fill = 0]
                  000056bc    0000000c     dl_sysctl_mspm0g1x0x_g3x0x.o (.text.DL_SYSCTL_getClockStatus)
                  000056c8    0000000c     ti_msp_dl_config.o (.text.DL_SYSCTL_getClockStatus)
                  000056d4    0000000c     ti_msp_dl_config.o (.text.DL_SYSCTL_readFCC)
                  000056e0    0000000c     libclang_rt.builtins.a : aeabi_memset.S.obj (.text.__aeabi_memclr)
                  000056ec    00000008     libc.a : aeabi_portable.c.obj (.text.__aeabi_errno_addr)
                  000056f4    00000008     libclang_rt.builtins.a : aeabi_memcpy.S.obj (.text.__aeabi_memcpy)
                  000056fc    00000006     libc.a : exit.c.obj (.text:abort)
                  00005702    00000004     startup_mspm0g350x_ticlang.o (.text.Default_Handler)
                  00005706    00000004     libsysbm.a : hostexit.c.obj (.text.HOSTexit)
                  0000570a    00000004     startup_mspm0g350x_ticlang.o (.text.Reset_Handler)
                  0000570e    00000002     --HOLE-- [fill = 0]
                  00005710    00000010     libc.a : boot_cortex_m.c.obj (.tramp._c_int00_noargs.1)
                  00005720    00000004            : pre_init.c.obj (.text._system_pre_init)
                  00005724    00000004     --HOLE-- [fill = 0]

.cinit     0    00005fb0    00000088     
                  00005fb0    00000061     (.cinit..data.load) [load image, compression = lzss]
                  00006011    00000003     --HOLE-- [fill = 0]
                  00006014    0000000c     (__TI_handler_table)
                  00006020    00000008     (.cinit..bss.load) [load image, compression = zero_init]
                  00006028    00000010     (__TI_cinit_table)

.rodata    0    00005730    00000880     
                  00005730    00000222     lcd_driver.o (.rodata.font_6x8)
                  00005952    00000200     main.o (.rodata.sine_table)
                  00005b52    0000000e     main.o (.rodata.ROOT_FREQUENCIES)
                  00005b60    00000101     libc.a : aeabi_ctype.S.obj (.rodata:__aeabi_ctype_table_)
                  00005c61    00000003     ti_msp_dl_config.o (.rodata.gPWM_AUDIOClockConfig)
                  00005c64    00000064     main.o (.rodata.INSTRUMENTS)
                  00005cc8    00000064     main.o (.rodata.PITCH_BEND_TABLE)
                  00005d2c    00000032     main.o (.rodata..L__const.Calculate_Scale_Frequency.semitone_ratio)
                  00005d5e    00000030     main.o (.rodata.SCALE_INTERVALS)
                  00005d8e    00000002     ti_msp_dl_config.o (.rodata.gI2C_0ClockConfig)
                  00005d90    00000028     ti_msp_dl_config.o (.rodata.gSYSPLLConfig)
                  00005db8    00000022     ti_msp_dl_config.o (.rodata..L__const.SYSCFG_DL_GPIO_init.unusedPinIndexes)
                  00005dda    00000002     ti_msp_dl_config.o (.rodata.gI2C_1ClockConfig)
                  00005ddc    00000018     main.o (.rodata.PRESETS)
                  00005df4    00000018     ti_msp_dl_config.o (.rodata.gDMA_CH1Config)
                  00005e0c    00000014     main.o (.rodata..L__const.Display_Update.env_names)
                  00005e20    00000014     ti_msp_dl_config.o (.rodata.gTIMER_SAMPLETimerConfig)
                  00005e34    00000011     libc.a : _printfi.c.obj (.rodata.str1.10348868589481759720.1)
                  00005e45    00000011            : _printfi.c.obj (.rodata.str1.15363888844622738466.1)
                  00005e56    00000002     ti_msp_dl_config.o (.rodata.gSPI_LCD_clockConfig)
                  00005e58    0000000c     main.o (.rodata..L__const.Display_Update.chord_names)
                  00005e64    0000000c     main.o (.rodata.str1.17100691992556644108.1)
                  00005e70    0000000a     ti_msp_dl_config.o (.rodata.gOPA_0Config0)
                  00005e7a    0000000a     ti_msp_dl_config.o (.rodata.gSPI_LCD_config)
                  00005e84    0000000a     main.o (.rodata.str1.18227636981041470289.1)
                  00005e8e    00000009     main.o (.rodata.CHORD_INTERVALS)
                  00005e97    00000009     main.o (.rodata.str1.14402440632258215044.1)
                  00005ea0    00000008     ti_msp_dl_config.o (.rodata.gADC_ACCELClockConfig)
                  00005ea8    00000008     ti_msp_dl_config.o (.rodata.gADC_JOYClockConfig)
                  00005eb0    00000008     ti_msp_dl_config.o (.rodata.gGPAMP_0Config)
                  00005eb8    00000008     ti_msp_dl_config.o (.rodata.gPWM_AUDIOConfig)
                  00005ec0    00000008     ti_msp_dl_config.o (.rodata.gRTCCalendarConfig)
                  00005ec8    00000008     main.o (.rodata.str1.15996357275703397564.1)
                  00005ed0    00000008     main.o (.rodata.str1.16265332423659789559.1)
                  00005ed8    00000008     main.o (.rodata.str1.288608917962107522.1)
                  00005ee0    00000008     main.o (.rodata.str1.5043408953494467246.1)
                  00005ee8    00000008     main.o (.rodata.str1.8320541211001259012.1)
                  00005ef0    00000006     main.o (.rodata.str1.12180500075719773345.1)
                  00005ef6    00000006     main.o (.rodata.str1.15159059442110792349.1)
                  00005efc    00000006     main.o (.rodata.str1.18092426736022315238.1)
                  00005f02    00000006     main.o (.rodata.str1.2563708670032483588.1)
                  00005f08    00000006     main.o (.rodata.str1.2846389346932560359.1)
                  00005f0e    00000006     main.o (.rodata.str1.7784929982665794503.1)
                  00005f14    00000006     main.o (.rodata.str1.8096991282711418442.1)
                  00005f1a    00000006     main.o (.rodata.str1.8154729771448623357.1)
                  00005f20    00000005     main.o (.rodata.str1.10720410773482754683.1)
                  00005f25    00000005     main.o (.rodata.str1.10865113624938808685.1)
                  00005f2a    00000005     main.o (.rodata.str1.11321157723316767883.1)
                  00005f2f    00000005     main.o (.rodata.str1.13288086030101331538.1)
                  00005f34    00000005     main.o (.rodata.str1.14112174005742061988.1)
                  00005f39    00000005     main.o (.rodata.str1.14466178792657420020.1)
                  00005f3e    00000005     main.o (.rodata.str1.16302215771116645891.1)
                  00005f43    00000005     main.o (.rodata.str1.17045314124001216156.1)
                  00005f48    00000005     main.o (.rodata.str1.7702501944640899365.1)
                  00005f4d    00000005     main.o (.rodata.str1.8076846746581808073.1)
                  00005f52    00000005     main.o (.rodata.str1.8828068777338075035.1)
                  00005f57    00000004     main.o (.rodata.str1.10313062130652730376.1)
                  00005f5b    00000004     main.o (.rodata.str1.10635229749459437609.1)
                  00005f5f    00000004     main.o (.rodata.str1.11702106008850790973.1)
                  00005f63    00000004     main.o (.rodata.str1.11870794119293528247.1)
                  00005f67    00000004     main.o (.rodata.str1.1311392489248731986.1)
                  00005f6b    00000004     main.o (.rodata.str1.13782249893155712474.1)
                  00005f6f    00000004     main.o (.rodata.str1.14079361385603432444.1)
                  00005f73    00000004     main.o (.rodata.str1.16631870348416990953.1)
                  00005f77    00000004     main.o (.rodata.str1.17376258722486336754.1)
                  00005f7b    00000004     main.o (.rodata.str1.3530083166107438000.1)
                  00005f7f    00000004     lcd_driver.o (.rodata.str1.4301156551425074819.1)
                  00005f83    00000004     main.o (.rodata.str1.7996925722583989644.1)
                  00005f87    00000004     main.o (.rodata.str1.8428454045432808059.1)
                  00005f8b    00000004     main.o (.rodata.str1.9059077390166914652.1)
                  00005f8f    00000003     ti_msp_dl_config.o (.rodata.gTIMER_SAMPLEClockConfig)
                  00005f92    00000003     main.o (.rodata.str1.2123964117280943167.1)
                  00005f95    00000003     main.o (.rodata.str1.2763581881760962609.1)
                  00005f98    00000003     main.o (.rodata.str1.8108965883388295311.1)
                  00005f9b    00000002     main.o (.rodata.str1.10224226614597680209.1)
                  00005f9d    00000002     main.o (.rodata.str1.11822182024223342093.1)
                  00005f9f    00000002     main.o (.rodata.str1.13030671760666898970.1)
                  00005fa1    00000002     main.o (.rodata.str1.2624144126699937905.1)
                  00005fa3    00000002     main.o (.rodata.str1.39260288392874984.1)
                  00005fa5    00000002     main.o (.rodata.str1.403738606202455663.1)
                  00005fa7    00000002     main.o (.rodata.str1.6554448696319176064.1)
                  00005fa9    00000001     main.o (.rodata.str1.6891813955777630061.1)
                  00005faa    00000006     --HOLE-- [fill = 0]

.init_array 
*          0    00000000    00000000     UNINITIALIZED

.binit     0    00000000    00000000     

.sysmem    0    20200000    00001000     UNINITIALIZED
                  20200000    00000010     libc.a : memory.c.obj (.sysmem)
                  20200010    00000ff0     --HOLE--

.bss       0    20201000    000001c4     UNINITIALIZED
                  20201000    000000bc     ti_msp_dl_config.o (.bss.gPWM_AUDIOBackup)
                  202010bc    000000a0     ti_msp_dl_config.o (.bss.gTIMER_SAMPLEBackup)
                  2020115c    0000003c     main.o (.bss.gSynthState)
                  20201198    00000028     ti_msp_dl_config.o (.bss.gSPI_LCDBackup)
                  202011c0    00000004     main.o (.bss.gADC0_DMA_Buffer)

.data      0    202011c4    00000140     UNINITIALIZED
                  202011c4    00000080     main.o (.data.waveform_buffer)
                  20201244    0000001c     main.o (.data.KEY_NAMES)
                  20201260    00000018     main.o (.data.SCALE_NAMES)
                  20201278    00000014     main.o (.data.arpeggiator)
                  2020128c    0000000c     main.o (.data.envelope)
                  20201298    0000000c     main.o (.data.g_chord_increments)
                  202012a4    0000000c     main.o (.data.g_chord_phases)
                  202012b0    00000006     main.o (.data.btn_joy_sel_sm)
                  202012b6    00000006     main.o (.data.btn_s1_sm)
                  202012bc    00000006     main.o (.data.btn_s2_sm)
                  202012c2    00000006     main.o (.data.scale_state)
                  202012c8    00000004     main.o (.data.DEBUG_main_loop_count)
                  202012cc    00000004     main.o (.data.DEBUG_timer_irq_count)
                  202012d0    00000004     libc.a : aeabi_portable.c.obj (.data.__aeabi_errno)
                  202012d4    00000004     main.o (.data.base_frequency_hz)
                  202012d8    00000004     main.o (.data.current_frequency_hz)
                  202012dc    00000004     main.o (.data.g_phase)
                  202012e0    00000004     main.o (.data.g_phase_increment)
                  202012e4    00000004     main.o (.data.g_systick_count)
                  202012e8    00000004     main.o (.data.target_frequency_hz)
                  202012ec    00000002     main.o (.data.Low_Pass_Filter.prev_sample)
                  202012ee    00000002     main.o (.data.Process_Key_Selection.last_joy_x)
                  202012f0    00000002     main.o (.data.Process_Musical_Controls.last_joy_y)
                  202012f2    00000002     main.o (.data.Process_Scale_Position.last_accel_x)
                  202012f4    00000002     main.o (.data.tremolo_phase)
                  202012f6    00000002     main.o (.data.vibrato_phase)
                  202012f8    00000001     main.o (.data.Generate_Audio_Sample.waveform_decimate_counter)
                  202012f9    00000001     main.o (.data.Process_Key_Selection.first_run)
                  202012fa    00000001     main.o (.data.Process_Musical_Controls.first_run)
                  202012fb    00000001     main.o (.data.Process_Scale_Position.first_run)
                  202012fc    00000001     main.o (.data.Process_Scale_Position.last_position)
                  202012fd    00000001     main.o (.data.chord_mode)
                  202012fe    00000001     main.o (.data.current_instrument)
                  202012ff    00000001     main.o (.data.current_octave_shift)
                  20201300    00000001     main.o (.data.current_preset)
                  20201301    00000001     main.o (.data.effects_enabled)
                  20201302    00000001     main.o (.data.gADC0_DMA_Complete)
                  20201303    00000001     main.o (.data.waveform_write_index)

.stack     0    20207e00    00000200     UNINITIALIZED
                  20207e00    00000004     libc.a : boot_cortex_m.c.obj (.stack)
                  20207e04    000001fc     --HOLE--

__llvm_prf_cnts 
*          0    20200000    00000000     UNINITIALIZED

__llvm_prf_bits 
*          0    20200000    00000000     UNINITIALIZED

MODULE SUMMARY

       Module                         code    ro data   rw data
       ------                         ----    -------   -------
    .\
       main.o                         8376    1139      380    
       lcd_driver.o                   2230    550       0      
       startup_mspm0g350x_ticlang.o   8       192       0      
    +--+------------------------------+-------+---------+---------+
       Total:                         10614   1881      380    
                                                               
    .\syscfg\
       ti_msp_dl_config.o             4820    190       388    
    +--+------------------------------+-------+---------+---------+
       Total:                         4820    190       388    
                                                               
    .\ti\driverlib\
       dl_timer.o                     1312    0         0      
       dl_rtc_common.o                564     0         0      
       dl_dma.o                       250     0         0      
       dl_spi.o                       148     0         0      
       dl_adc12.o                     116     0         0      
       dl_i2c.o                       92      0         0      
       dl_common.o                    20      0         0      
    +--+------------------------------+-------+---------+---------+
       Total:                         2502    0         0      
                                                               
    .\ti\driverlib\m0p\sysctl\
       dl_sysctl_mspm0g1x0x_g3x0x.o   504     0         0      
    +--+------------------------------+-------+---------+---------+
       Total:                         504     0         0      
                                                               
    C:\ti\ccs2040\ccs\tools\compiler\ti-cgt-armllvm_4.0.4.LTS\lib\armv6m-ti-none-eabi/c/libc.a
       _printfi.c.obj                 2166    34        0      
       aeabi_ctype.S.obj              0       257       0      
       snprintf.c.obj                 148     0         0      
       copy_decompress_lzss.c.obj     124     0         0      
       atoi.c.obj                     64      0         0      
       autoinit.c.obj                 60      0         0      
       boot_cortex_m.c.obj            56      0         0      
       memccpy.c.obj                  34      0         0      
       copy_zero_init.c.obj           22      0         0      
       copy_decompress_none.c.obj     18      0         0      
       memcpy16.S.obj                 18      0         0      
       wcslen.c.obj                   16      0         0      
       memset16.S.obj                 14      0         0      
       aeabi_portable.c.obj           8       0         4      
       exit.c.obj                     6       0         0      
       pre_init.c.obj                 4       0         0      
    +--+------------------------------+-------+---------+---------+
       Total:                         2758    291       4      
                                                               
    C:\ti\ccs2040\ccs\tools\compiler\ti-cgt-armllvm_4.0.4.LTS\lib\armv6m-ti-none-eabi/c/libsysbm.a
       hostexit.c.obj                 4       0         0      
    +--+------------------------------+-------+---------+---------+
       Total:                         4       0         0      
                                                               
    C:\ti\ccs2040\ccs\tools\compiler\ti-cgt-armllvm_4.0.4.LTS\lib\armv6m-ti-none-eabi/libclang_rt.builtins.a
       comparedf2.c.obj               220     0         0      
       udivmoddi4.S.obj               162     0         0      
       aeabi_dcmp.S.obj               98      0         0      
       aeabi_idivmod.S.obj            86      0         0      
       aeabi_uidivmod.S.obj           64      0         0      
       muldsi3.S.obj                  58      0         0      
       floatunsisf.S.obj              40      0         0      
       floatunsidf.S.obj              36      0         0      
       muldi3.S.obj                   36      0         0      
       ashldi3.S.obj                  30      0         0      
       aeabi_memset.S.obj             26      0         0      
       aeabi_uldivmod.S.obj           20      0         0      
       aeabi_memcpy.S.obj             8       0         0      
       aeabi_div0.c.obj               4       0         0      
    +--+------------------------------+-------+---------+---------+
       Total:                         888     0         0      
                                                               
       Heap:                          0       0         4096   
       Stack:                         0       0         512    
       Linker Generated:              0       133       0      
    +--+------------------------------+-------+---------+---------+
       Grand Total:                   22090   2495      5380   


LINKER GENERATED COPY TABLES

__TI_cinit_table @ 00006028 records: 2, size/record: 8, table size: 16
	.data: load addr=00005fb0, load size=00000061 bytes, run addr=202011c4, run size=00000140 bytes, compression=lzss
	.bss: load addr=00006020, load size=00000008 bytes, run addr=20201000, run size=000001c4 bytes, compression=zero_init


LINKER GENERATED HANDLER TABLE

__TI_handler_table @ 00006014 records: 3, size/record: 4, table size: 12
	index: 0, handler: __TI_decompress_lzss
	index: 1, handler: __TI_decompress_none
	index: 2, handler: __TI_zero_init


FAR CALL TRAMPOLINES

callee name               trampoline name
   callee addr  tramp addr   call addr  call info
--------------  -----------  ---------  ----------------
_c_int00_noargs           $Tramp$TT$L$PI$$_c_int00_noargs
   00004af9     00005710     0000570a   startup_mspm0g350x_ticlang.o (.text.Reset_Handler)

[1 trampolines]
[1 trampoline calls]


GLOBAL SYMBOLS: SORTED ALPHABETICALLY BY Name 

address   name                                 
-------   ----                                 
00004535  ADC0_IRQHandler                      
00003b0d  ADC1_IRQHandler                      
00005703  AES_IRQHandler                       
00005706  C$$EXIT                              
00005703  CANFD0_IRQHandler                    
000042e5  Change_Instrument                    
00003725  Change_Preset                        
00005703  DAC0_IRQHandler                      
202012c8  DEBUG_main_loop_count                
202012cc  DEBUG_timer_irq_count                
00003f11  DL_ADC12_setClockConfig              
00005473  DL_Common_delayCycles                
000040d5  DL_DMA_initChannel                   
0000459d  DL_I2C_setClockConfig                
00002d3d  DL_RTC_Common_initCalendar           
0000408d  DL_SPI_init                          
00004b91  DL_SPI_setClockConfig                
00004a31  DL_SYSCTL_configFCC                  
00002aa5  DL_SYSCTL_configSYSPLL               
00003fa9  DL_SYSCTL_switchMCLKfromSYSOSCtoHSCLK
000029b9  DL_Timer_initFourCCPWMMode           
000025a9  DL_Timer_initTimerMode               
000045d1  DL_Timer_setCaptCompUpdateMethod     
00004605  DL_Timer_setCaptureCompareAction     
00004321  DL_Timer_setCaptureCompareCtl        
00004639  DL_Timer_setCaptureCompareInput      
000041a5  DL_Timer_setCaptureCompareOutCtl     
000047f5  DL_Timer_setCaptureCompareValue      
0000466d  DL_Timer_setClockConfig              
00004ce5  DMA_IRQHandler                       
00005703  Default_Handler                      
00005703  GROUP0_IRQHandler                    
00005703  GROUP1_IRQHandler                    
00005707  HOSTexit                             
000046a1  HardFault_Handler                    
00005703  I2C0_IRQHandler                      
00005703  I2C1_IRQHandler                      
00002495  LCD_DrawLine                         
00003ec1  LCD_DrawPixel                        
0000237d  LCD_DrawRect                         
00003335  LCD_FillScreen                       
000017b5  LCD_Init                             
00003bcd  LCD_PrintNumber                      
00001f49  LCD_PrintString                      
00005703  NMI_Handler                          
00005703  PendSV_Handler                       
00005703  RTC_IRQHandler                       
0000570b  Reset_Handler                        
00005703  SPI0_IRQHandler                      
00005703  SPI1_IRQHandler                      
00005703  SVC_Handler                          
00002e15  SYSCFG_DL_ADC_ACCEL_init             
00003591  SYSCFG_DL_ADC_JOY_init               
000043d5  SYSCFG_DL_DMA_CH1_init               
00005391  SYSCFG_DL_DMA_init                   
000053a9  SYSCFG_DL_GPAMP_0_init               
00001a15  SYSCFG_DL_GPIO_init                  
00003c25  SYSCFG_DL_I2C_0_init                 
00003c7d  SYSCFG_DL_I2C_1_init                 
00004795  SYSCFG_DL_OPA_0_init                 
0000381d  SYSCFG_DL_PWM_AUDIO_init             
00004aa9  SYSCFG_DL_RTC_init                   
000041e5  SYSCFG_DL_SPI_LCD_init               
00004fc5  SYSCFG_DL_SYSCTL_CLK_init            
0000313d  SYSCFG_DL_SYSCTL_SYSPLL_init         
000031ed  SYSCFG_DL_SYSCTL_init                
00005671  SYSCFG_DL_SYSTICK_init               
00004411  SYSCFG_DL_TIMER_SAMPLE_init          
00003a45  SYSCFG_DL_init                       
00002ee9  SYSCFG_DL_initPower                  
00004225  SysTick_Handler                      
00005703  TIMA0_IRQHandler                     
00005703  TIMA1_IRQHandler                     
00005703  TIMG0_IRQHandler                     
00005703  TIMG12_IRQHandler                    
00005703  TIMG6_IRQHandler                     
000033d5  TIMG7_IRQHandler                     
00005703  TIMG8_IRQHandler                     
000055eb  TI_memcpy_small                      
000056ad  TI_memset_small                      
00005579  Trigger_Note_Off                     
0000558d  Trigger_Note_On                      
00005703  UART0_IRQHandler                     
00005703  UART1_IRQHandler                     
00005703  UART2_IRQHandler                     
00005703  UART3_IRQHandler                     
20208000  __STACK_END                          
00000200  __STACK_SIZE                         
00001000  __SYSMEM_SIZE                        
00000000  __TI_ATRegion0_region_sz             
00000000  __TI_ATRegion0_src_addr              
00000000  __TI_ATRegion0_trg_addr              
00000000  __TI_ATRegion1_region_sz             
00000000  __TI_ATRegion1_src_addr              
00000000  __TI_ATRegion1_trg_addr              
00000000  __TI_ATRegion2_region_sz             
00000000  __TI_ATRegion2_src_addr              
00000000  __TI_ATRegion2_trg_addr              
00006028  __TI_CINIT_Base                      
00006038  __TI_CINIT_Limit                     
00006038  __TI_CINIT_Warm                      
00006014  __TI_Handler_Table_Base              
00006020  __TI_Handler_Table_Limit             
0000444d  __TI_auto_init_nobinit_nopinit       
000037a1  __TI_decompress_lzss                 
000055fd  __TI_decompress_none                 
ffffffff  __TI_pprof_out_hndl                  
000000c1  __TI_printfi_nofloat                 
ffffffff  __TI_prof_data_size                  
ffffffff  __TI_prof_data_start                 
00000000  __TI_static_base__                   
0000545d  __TI_zero_init_nomemset              
00005b60  __aeabi_ctype_table_                 
00005b60  __aeabi_ctype_table_C                
00003aa9  __aeabi_dcmpeq                       
00003ae5  __aeabi_dcmpge                       
00003af9  __aeabi_dcmpgt                       
00003ad1  __aeabi_dcmple                       
00003abd  __aeabi_dcmplt                       
202012d0  __aeabi_errno                        
000056ed  __aeabi_errno_addr                   
00003cd5  __aeabi_idiv                         
000025a7  __aeabi_idiv0                        
00003cd5  __aeabi_idivmod                      
00003333  __aeabi_ldiv0                        
00004d05  __aeabi_llsl                         
00004bfd  __aeabi_lmul                         
000056e1  __aeabi_memclr                       
000056e1  __aeabi_memclr4                      
000056e1  __aeabi_memclr8                      
000056f5  __aeabi_memcpy                       
000056f5  __aeabi_memcpy4                      
000056f5  __aeabi_memcpy8                      
00005691  __aeabi_memset                       
00005691  __aeabi_memset4                      
00005691  __aeabi_memset8                      
00004bd9  __aeabi_ui2d                         
00004ad1  __aeabi_ui2f                         
00004265  __aeabi_uidiv                        
00004265  __aeabi_uidivmod                     
000055a1  __aeabi_uldivmod                     
00004d05  __ashldi3                            
ffffffff  __binit__                            
000039dd  __cmpdf2                             
000039dd  __eqdf2                              
00004bd9  __floatunsidf                        
00004ad1  __floatunsisf                        
00003891  __gedf2                              
00003891  __gtdf2                              
000039dd  __ledf2                              
000039dd  __ltdf2                              
UNDEFED   __mpu_init                           
00004bfd  __muldi3                             
00004489  __muldsi3                            
000039dd  __nedf2                              
20207e00  __stack                              
20200000  __start___llvm_prf_bits              
20200000  __start___llvm_prf_cnts              
20200000  __stop___llvm_prf_bits               
20200000  __stop___llvm_prf_cnts               
00003291  __udivmoddi4                         
00004af9  _c_int00_noargs                      
20200000  _sys_memory                          
UNDEFED   _system_post_cinit                   
00005721  _system_pre_init                     
000056fd  abort                                
000042a5  atoi                                 
ffffffff  binit                                
20201000  gPWM_AUDIOBackup                     
20201198  gSPI_LCDBackup                       
2020115c  gSynthState                          
202010bc  gTIMER_SAMPLEBackup                  
20201298  g_chord_increments                   
202012a4  g_chord_phases                       
202012dc  g_phase                              
202012e0  g_phase_increment                    
202012e4  g_systick_count                      
00000000  interruptVectors                     
00000e05  main                                 
00004c21  memccpy                              
00003ff5  snprintf                             
00005681  wcslen                               


GLOBAL SYMBOLS: SORTED BY Symbol Address 

address   name                                 
-------   ----                                 
00000000  __TI_ATRegion0_region_sz             
00000000  __TI_ATRegion0_src_addr              
00000000  __TI_ATRegion0_trg_addr              
00000000  __TI_ATRegion1_region_sz             
00000000  __TI_ATRegion1_src_addr              
00000000  __TI_ATRegion1_trg_addr              
00000000  __TI_ATRegion2_region_sz             
00000000  __TI_ATRegion2_src_addr              
00000000  __TI_ATRegion2_trg_addr              
00000000  __TI_static_base__                   
00000000  interruptVectors                     
000000c1  __TI_printfi_nofloat                 
00000200  __STACK_SIZE                         
00000e05  main                                 
00001000  __SYSMEM_SIZE                        
000017b5  LCD_Init                             
00001a15  SYSCFG_DL_GPIO_init                  
00001f49  LCD_PrintString                      
0000237d  LCD_DrawRect                         
00002495  LCD_DrawLine                         
000025a7  __aeabi_idiv0                        
000025a9  DL_Timer_initTimerMode               
000029b9  DL_Timer_initFourCCPWMMode           
00002aa5  DL_SYSCTL_configSYSPLL               
00002d3d  DL_RTC_Common_initCalendar           
00002e15  SYSCFG_DL_ADC_ACCEL_init             
00002ee9  SYSCFG_DL_initPower                  
0000313d  SYSCFG_DL_SYSCTL_SYSPLL_init         
000031ed  SYSCFG_DL_SYSCTL_init                
00003291  __udivmoddi4                         
00003333  __aeabi_ldiv0                        
00003335  LCD_FillScreen                       
000033d5  TIMG7_IRQHandler                     
00003591  SYSCFG_DL_ADC_JOY_init               
00003725  Change_Preset                        
000037a1  __TI_decompress_lzss                 
0000381d  SYSCFG_DL_PWM_AUDIO_init             
00003891  __gedf2                              
00003891  __gtdf2                              
000039dd  __cmpdf2                             
000039dd  __eqdf2                              
000039dd  __ledf2                              
000039dd  __ltdf2                              
000039dd  __nedf2                              
00003a45  SYSCFG_DL_init                       
00003aa9  __aeabi_dcmpeq                       
00003abd  __aeabi_dcmplt                       
00003ad1  __aeabi_dcmple                       
00003ae5  __aeabi_dcmpge                       
00003af9  __aeabi_dcmpgt                       
00003b0d  ADC1_IRQHandler                      
00003bcd  LCD_PrintNumber                      
00003c25  SYSCFG_DL_I2C_0_init                 
00003c7d  SYSCFG_DL_I2C_1_init                 
00003cd5  __aeabi_idiv                         
00003cd5  __aeabi_idivmod                      
00003ec1  LCD_DrawPixel                        
00003f11  DL_ADC12_setClockConfig              
00003fa9  DL_SYSCTL_switchMCLKfromSYSOSCtoHSCLK
00003ff5  snprintf                             
0000408d  DL_SPI_init                          
000040d5  DL_DMA_initChannel                   
000041a5  DL_Timer_setCaptureCompareOutCtl     
000041e5  SYSCFG_DL_SPI_LCD_init               
00004225  SysTick_Handler                      
00004265  __aeabi_uidiv                        
00004265  __aeabi_uidivmod                     
000042a5  atoi                                 
000042e5  Change_Instrument                    
00004321  DL_Timer_setCaptureCompareCtl        
000043d5  SYSCFG_DL_DMA_CH1_init               
00004411  SYSCFG_DL_TIMER_SAMPLE_init          
0000444d  __TI_auto_init_nobinit_nopinit       
00004489  __muldsi3                            
00004535  ADC0_IRQHandler                      
0000459d  DL_I2C_setClockConfig                
000045d1  DL_Timer_setCaptCompUpdateMethod     
00004605  DL_Timer_setCaptureCompareAction     
00004639  DL_Timer_setCaptureCompareInput      
0000466d  DL_Timer_setClockConfig              
000046a1  HardFault_Handler                    
00004795  SYSCFG_DL_OPA_0_init                 
000047f5  DL_Timer_setCaptureCompareValue      
00004a31  DL_SYSCTL_configFCC                  
00004aa9  SYSCFG_DL_RTC_init                   
00004ad1  __aeabi_ui2f                         
00004ad1  __floatunsisf                        
00004af9  _c_int00_noargs                      
00004b91  DL_SPI_setClockConfig                
00004bd9  __aeabi_ui2d                         
00004bd9  __floatunsidf                        
00004bfd  __aeabi_lmul                         
00004bfd  __muldi3                             
00004c21  memccpy                              
00004ce5  DMA_IRQHandler                       
00004d05  __aeabi_llsl                         
00004d05  __ashldi3                            
00004fc5  SYSCFG_DL_SYSCTL_CLK_init            
00005391  SYSCFG_DL_DMA_init                   
000053a9  SYSCFG_DL_GPAMP_0_init               
0000545d  __TI_zero_init_nomemset              
00005473  DL_Common_delayCycles                
00005579  Trigger_Note_Off                     
0000558d  Trigger_Note_On                      
000055a1  __aeabi_uldivmod                     
000055eb  TI_memcpy_small                      
000055fd  __TI_decompress_none                 
00005671  SYSCFG_DL_SYSTICK_init               
00005681  wcslen                               
00005691  __aeabi_memset                       
00005691  __aeabi_memset4                      
00005691  __aeabi_memset8                      
000056ad  TI_memset_small                      
000056e1  __aeabi_memclr                       
000056e1  __aeabi_memclr4                      
000056e1  __aeabi_memclr8                      
000056ed  __aeabi_errno_addr                   
000056f5  __aeabi_memcpy                       
000056f5  __aeabi_memcpy4                      
000056f5  __aeabi_memcpy8                      
000056fd  abort                                
00005703  AES_IRQHandler                       
00005703  CANFD0_IRQHandler                    
00005703  DAC0_IRQHandler                      
00005703  Default_Handler                      
00005703  GROUP0_IRQHandler                    
00005703  GROUP1_IRQHandler                    
00005703  I2C0_IRQHandler                      
00005703  I2C1_IRQHandler                      
00005703  NMI_Handler                          
00005703  PendSV_Handler                       
00005703  RTC_IRQHandler                       
00005703  SPI0_IRQHandler                      
00005703  SPI1_IRQHandler                      
00005703  SVC_Handler                          
00005703  TIMA0_IRQHandler                     
00005703  TIMA1_IRQHandler                     
00005703  TIMG0_IRQHandler                     
00005703  TIMG12_IRQHandler                    
00005703  TIMG6_IRQHandler                     
00005703  TIMG8_IRQHandler                     
00005703  UART0_IRQHandler                     
00005703  UART1_IRQHandler                     
00005703  UART2_IRQHandler                     
00005703  UART3_IRQHandler                     
00005706  C$$EXIT                              
00005707  HOSTexit                             
0000570b  Reset_Handler                        
00005721  _system_pre_init                     
00005b60  __aeabi_ctype_table_                 
00005b60  __aeabi_ctype_table_C                
00006014  __TI_Handler_Table_Base              
00006020  __TI_Handler_Table_Limit             
00006028  __TI_CINIT_Base                      
00006038  __TI_CINIT_Limit                     
00006038  __TI_CINIT_Warm                      
20200000  __start___llvm_prf_bits              
20200000  __start___llvm_prf_cnts              
20200000  __stop___llvm_prf_bits               
20200000  __stop___llvm_prf_cnts               
20200000  _sys_memory                          
20201000  gPWM_AUDIOBackup                     
202010bc  gTIMER_SAMPLEBackup                  
2020115c  gSynthState                          
20201198  gSPI_LCDBackup                       
20201298  g_chord_increments                   
202012a4  g_chord_phases                       
202012c8  DEBUG_main_loop_count                
202012cc  DEBUG_timer_irq_count                
202012d0  __aeabi_errno                        
202012dc  g_phase                              
202012e0  g_phase_increment                    
202012e4  g_systick_count                      
20207e00  __stack                              
20208000  __STACK_END                          
ffffffff  __TI_pprof_out_hndl                  
ffffffff  __TI_prof_data_size                  
ffffffff  __TI_prof_data_start                 
ffffffff  __binit__                            
ffffffff  binit                                
UNDEFED   __mpu_init                           
UNDEFED   _system_post_cinit                   

[182 symbols]
