******************************************************************************
            TI ARM Clang Linker PC v4.0.4                      
******************************************************************************
>> Linked Sat Dec 20 11:20:19 2025

OUTPUT FILE NAME:   <Motion_Music_studio.out>
ENTRY POINT SYMBOL: "_c_int00_noargs"  address: 00001f89


MEMORY CONFIGURATION

         name            origin    length      used     unused   attr    fill
----------------------  --------  ---------  --------  --------  ----  --------
  FLASH                 00000000   00020000  00002a38  0001d5c8  R  X
  SRAM                  20200000   00008000  000002fc  00007d04  RW X
  BCR_CONFIG            41c00000   000000ff  00000000  000000ff  R   
  BSL_CONFIG            41c00100   00000080  00000000  00000080  R   


SEGMENT ALLOCATION MAP

run origin  load origin   length   init length attrs members
----------  ----------- ---------- ----------- ----- -------
00000000    00000000    00002a38   00002a38    r-x
  00000000    00000000    000000c0   000000c0    r-- .intvecs
  000000c0    000000c0    000026b0   000026b0    r-x .text
  00002770    00002770    00000298   00000298    r-- .rodata
  00002a08    00002a08    00000030   00000030    r-- .cinit
20200000    20200000    000000fc   00000000    rw-
  20200000    20200000    000000f4   00000000    rw- .bss
  202000f4    202000f4    00000008   00000000    rw- .data
20207e00    20207e00    00000200   00000000    rw-
  20207e00    20207e00    00000200   00000000    rw- .stack


SECTION ALLOCATION MAP

 output                                  attributes/
section   page    origin      length       input sections
--------  ----  ----------  ----------   ----------------
.intvecs   0    00000000    000000c0     
                  00000000    000000c0     startup_mspm0g350x_ticlang.o (.intvecs)

.text      0    000000c0    000026b0     
                  000000c0    000001a0     ti_msp_dl_config.o (.text.SYSCFG_DL_GPIO_init)
                  00000260    00000164     main.o (.text.Generate_Audio_Sample)
                  000003c4    00000110     dl_timer.o (.text.DL_Timer_initTimerMode)
                  000004d4    00000110     dl_timer.o (.text.DL_Timer_initTwoCCPWMMode)
                  000005e4    0000010c     libclang_rt.builtins.a : divdf3.S.obj (.text.__divdf3)
                  000006f0    000000ec     dl_timer.o (.text.DL_Timer_initFourCCPWMMode)
                  000007dc    000000e4     libclang_rt.builtins.a : muldf3.S.obj (.text.__muldf3)
                  000008c0    000000e0     dl_sysctl_mspm0g1x0x_g3x0x.o (.text.DL_SYSCTL_configSYSPLL)
                  000009a0    000000dc     main.o (.text.main)
                  00000a7c    000000d8     libclang_rt.builtins.a : addsf3.S.obj (.text)
                  00000b54    000000c0     ti_msp_dl_config.o (.text.SYSCFG_DL_initPower)
                  00000c14    000000b4     main.o (.text.Process_Input)
                  00000cc8    000000b0     ti_msp_dl_config.o (.text.SYSCFG_DL_SYSCTL_SYSPLL_init)
                  00000d78    000000a8     ti_msp_dl_config.o (.text.SYSCFG_DL_ADC_ACCEL_init)
                  00000e20    000000a4     ti_msp_dl_config.o (.text.SYSCFG_DL_SYSCTL_init)
                  00000ec4    0000009c     ti_msp_dl_config.o (.text.SYSCFG_DL_ADC_MIC_JOY_init)
                  00000f60    0000008c     libclang_rt.builtins.a : mulsf3.S.obj (.text.__mulsf3)
                  00000fec    00000084     ti_msp_dl_config.o (.text.__NVIC_SetPriority)
                  00001070    00000082     libclang_rt.builtins.a : divsf3.S.obj (.text.__divsf3)
                  000010f2    00000002                            : aeabi_div0.c.obj (.text.__aeabi_idiv0)
                  000010f4    0000007c     libc.a : copy_decompress_lzss.c.obj (.text:decompress:lzss)
                  00001170    00000074     ti_msp_dl_config.o (.text.SYSCFG_DL_PWM_AUDIO_init)
                  000011e4    00000074     libclang_rt.builtins.a : comparedf2.c.obj (.text.__gedf2)
                  00001258    00000070     main.o (.text.ADC0_IRQHandler)
                  000012c8    00000068     libclang_rt.builtins.a : comparedf2.c.obj (.text.__ledf2)
                  00001330    00000064     main.o (.text.ADC1_IRQHandler)
                  00001394    00000062     libclang_rt.builtins.a : aeabi_dcmp.S.obj (.text.__aeabi_dcmp)
                  000013f6    00000002     --HOLE-- [fill = 0]
                  000013f8    00000062                            : aeabi_fcmp.S.obj (.text.__aeabi_fcmp)
                  0000145a    00000002     --HOLE-- [fill = 0]
                  0000145c    00000060     ti_msp_dl_config.o (.text.DL_ADC12_initSeqSample)
                  000014bc    0000005c     main.o (.text.Update_Display)
                  00001518    00000058     ti_msp_dl_config.o (.text.SYSCFG_DL_I2C_0_init)
                  00001570    00000058     ti_msp_dl_config.o (.text.SYSCFG_DL_I2C_1_init)
                  000015c8    00000056     libclang_rt.builtins.a : aeabi_idivmod.S.obj (.text.__aeabi_idivmod)
                  0000161e    00000002     --HOLE-- [fill = 0]
                  00001620    00000050     ti_msp_dl_config.o (.text.DL_GPIO_initPeripheralInputFunctionFeatures)
                  00001670    0000004c     dl_adc12.o (.text.DL_ADC12_setClockConfig)
                  000016bc    0000004c     ti_msp_dl_config.o (.text.DL_GPIO_initDigitalInputFeatures)
                  00001708    0000004c     dl_sysctl_mspm0g1x0x_g3x0x.o (.text.DL_SYSCTL_switchMCLKfromSYSOSCtoHSCLK)
                  00001754    0000004c     ti_msp_dl_config.o (.text.SYSCFG_DL_init)
                  000017a0    0000004a     ti_msp_dl_config.o (.text.DL_ADC12_configConversionMem)
                  000017ea    00000002     --HOLE-- [fill = 0]
                  000017ec    00000048     dl_spi.o (.text.DL_SPI_init)
                  00001834    00000048     main.o (.text.TIMG7_IRQHandler)
                  0000187c    00000042     libclang_rt.builtins.a : fixunsdfsi.S.obj (.text.__fixunsdfsi)
                  000018be    00000002     --HOLE-- [fill = 0]
                  000018c0    00000040     dl_timer.o (.text.DL_Timer_setCaptureCompareOutCtl)
                  00001900    00000040     ti_msp_dl_config.o (.text.SYSCFG_DL_SPI_LCD_init)
                  00001940    00000040     ti_msp_dl_config.o (.text.SYSCFG_DL_TIMER_SAMPLE_init)
                  00001980    00000040     libclang_rt.builtins.a : aeabi_uidivmod.S.obj (.text.__aeabi_uidivmod)
                  000019c0    00000040                            : extendsfdf2.S.obj (.text.__extendsfdf2)
                  00001a00    0000003c     dl_timer.o (.text.DL_Timer_setCaptureCompareCtl)
                  00001a3c    0000003c     dl_timer.o (.text.DL_Timer_setCounterControl)
                  00001a78    0000003c     ti_msp_dl_config.o (.text.DL_Timer_setCounterControl)
                  00001ab4    0000003c     main.o (.text.Update_Audio_Params)
                  00001af0    0000003c     libclang_rt.builtins.a : comparesf2.S.obj (.text.__gtsf2)
                  00001b2c    0000003c     libc.a : autoinit.c.obj (.text:__TI_auto_init_nobinit_nopinit)
                  00001b68    0000003a     libclang_rt.builtins.a : comparesf2.S.obj (.text.__eqsf2)
                  00001ba2    00000002     --HOLE-- [fill = 0]
                  00001ba4    0000003a                            : muldsi3.S.obj (.text.__muldsi3)
                  00001bde    00000002     --HOLE-- [fill = 0]
                  00001be0    00000034     dl_i2c.o (.text.DL_I2C_setClockConfig)
                  00001c14    00000034     dl_timer.o (.text.DL_Timer_setCaptCompUpdateMethod)
                  00001c48    00000034     dl_timer.o (.text.DL_Timer_setCaptureCompareAction)
                  00001c7c    00000034     dl_timer.o (.text.DL_Timer_setCaptureCompareInput)
                  00001cb0    00000034     dl_timer.o (.text.DL_Timer_setClockConfig)
                  00001ce4    00000034     dl_vref.o (.text.DL_VREF_configReference)
                  00001d18    00000030     main.o (.text.DL_ADC12_getMemResult)
                  00001d48    00000030     ti_msp_dl_config.o (.text.DL_SPI_setFIFOThreshold)
                  00001d78    0000002c     dl_timer.o (.text.DL_Timer_setCaptureCompareValue)
                  00001da4    0000002c     main.o (.text.__NVIC_EnableIRQ)
                  00001dd0    00000028     dl_adc12.o (.text.DL_Common_updateReg)
                  00001df8    00000028     dl_i2c.o (.text.DL_Common_updateReg)
                  00001e20    00000028     dl_spi.o (.text.DL_Common_updateReg)
                  00001e48    00000028     dl_sysctl_mspm0g1x0x_g3x0x.o (.text.DL_Common_updateReg)
                  00001e70    00000028     dl_timer.o (.text.DL_Common_updateReg)
                  00001e98    00000028     ti_msp_dl_config.o (.text.DL_Common_updateReg)
                  00001ec0    00000028     ti_msp_dl_config.o (.text.DL_I2C_setControllerRXFIFOThreshold)
                  00001ee8    00000028     ti_msp_dl_config.o (.text.DL_I2C_setControllerTXFIFOThreshold)
                  00001f10    00000028     dl_sysctl_mspm0g1x0x_g3x0x.o (.text.DL_SYSCTL_configFCC)
                  00001f38    00000028     ti_msp_dl_config.o (.text.DL_SYSCTL_setPowerPolicySTANDBY0)
                  00001f60    00000028     libclang_rt.builtins.a : floatunsisf.S.obj (.text.__floatunsisf)
                  00001f88    00000028     libc.a : boot_cortex_m.c.obj (.text:_c_int00_noargs)
                  00001fb0    00000026     ti_msp_dl_config.o (.text.DL_I2C_setAnalogGlitchFilterPulseWidth)
                  00001fd6    00000002     --HOLE-- [fill = 0]
                  00001fd8    00000024     ti_msp_dl_config.o (.text.DL_SPI_setBitRateSerialClockDivider)
                  00001ffc    00000024     dl_spi.o (.text.DL_SPI_setClockConfig)
                  00002020    00000024     libclang_rt.builtins.a : floatunsidf.S.obj (.text.__floatunsidf)
                  00002044    00000020     dl_sysctl_mspm0g1x0x_g3x0x.o (.text.DL_CORE_configInstruction)
                  00002064    00000020     ti_msp_dl_config.o (.text.DL_GPIO_initPeripheralInputFunction)
                  00002084    00000020     ti_msp_dl_config.o (.text.DL_SYSCTL_setFlashWaitState)
                  000020a4    00000020     ti_msp_dl_config.o (.text.DL_SYSCTL_setMFPCLKSource)
                  000020c4    00000020     dl_timer.o (.text.DL_Timer_setCounterValueAfterEnable)
                  000020e4    0000001c     ti_msp_dl_config.o (.text.DL_ADC12_clearInterruptStatus)
                  00002100    0000001c     ti_msp_dl_config.o (.text.DL_ADC12_enableInterrupt)
                  0000211c    0000001c     main.o (.text.DL_ADC12_startConversion)
                  00002138    0000001c     ti_msp_dl_config.o (.text.DL_GPIO_clearInterruptStatus)
                  00002154    0000001c     ti_msp_dl_config.o (.text.DL_GPIO_enableHiZ)
                  00002170    0000001c     ti_msp_dl_config.o (.text.DL_GPIO_enableInterrupt)
                  0000218c    0000001c     ti_msp_dl_config.o (.text.DL_GPIO_initPeripheralOutputFunction)
                  000021a8    0000001c     ti_msp_dl_config.o (.text.DL_GPIO_setLowerPinsPolarity)
                  000021c4    0000001c     ti_msp_dl_config.o (.text.DL_SYSCTL_setFCCPeriods)
                  000021e0    0000001c     ti_msp_dl_config.o (.text.DL_SYSCTL_setMCLKDivider)
                  000021fc    0000001c     ti_msp_dl_config.o (.text.DL_SYSCTL_setSYSOSCFreq)
                  00002218    0000001c     ti_msp_dl_config.o (.text.DL_SYSCTL_setULPCLKDivider)
                  00002234    0000001c     ti_msp_dl_config.o (.text.DL_SYSCTL_setVBOOSTConfig)
                  00002250    0000001c     ti_msp_dl_config.o (.text.DL_Timer_enableInterrupt)
                  0000226c    0000001c     ti_msp_dl_config.o (.text.SYSCFG_DL_SYSCTL_CLK_init)
                  00002288    0000001c     ti_msp_dl_config.o (.text.SYSCFG_DL_VREF_init)
                  000022a4    00000018     ti_msp_dl_config.o (.text.DL_ADC12_enablePower)
                  000022bc    00000018     ti_msp_dl_config.o (.text.DL_ADC12_reset)
                  000022d4    00000018     ti_msp_dl_config.o (.text.DL_ADC12_setSampleTime0)
                  000022ec    00000018     ti_msp_dl_config.o (.text.DL_GPIO_enableOutput)
                  00002304    00000018     ti_msp_dl_config.o (.text.DL_GPIO_enablePower)
                  0000231c    00000018     ti_msp_dl_config.o (.text.DL_GPIO_initDigitalOutput)
                  00002334    00000018     ti_msp_dl_config.o (.text.DL_GPIO_reset)
                  0000234c    00000018     main.o (.text.DL_GPIO_setPins)
                  00002364    00000018     ti_msp_dl_config.o (.text.DL_GPIO_setPins)
                  0000237c    00000018     main.o (.text.DL_GPIO_togglePins)
                  00002394    00000018     ti_msp_dl_config.o (.text.DL_I2C_enableAnalogGlitchFilter)
                  000023ac    00000018     ti_msp_dl_config.o (.text.DL_I2C_enableController)
                  000023c4    00000018     ti_msp_dl_config.o (.text.DL_I2C_enableControllerClockStretching)
                  000023dc    00000018     ti_msp_dl_config.o (.text.DL_I2C_enablePower)
                  000023f4    00000018     ti_msp_dl_config.o (.text.DL_I2C_reset)
                  0000240c    00000018     ti_msp_dl_config.o (.text.DL_I2C_setTimerPeriod)
                  00002424    00000018     ti_msp_dl_config.o (.text.DL_SPI_enable)
                  0000243c    00000018     ti_msp_dl_config.o (.text.DL_SPI_enablePower)
                  00002454    00000018     ti_msp_dl_config.o (.text.DL_SPI_reset)
                  0000246c    00000018     ti_msp_dl_config.o (.text.DL_SYSCTL_enableInterrupt)
                  00002484    00000018     ti_msp_dl_config.o (.text.DL_SYSCTL_setBORThreshold)
                  0000249c    00000018     dl_sysctl_mspm0g1x0x_g3x0x.o (.text.DL_SYSCTL_setHSCLKSource)
                  000024b4    00000018     ti_msp_dl_config.o (.text.DL_Timer_enablePower)
                  000024cc    00000018     ti_msp_dl_config.o (.text.DL_Timer_reset)
                  000024e4    00000018     dl_timer.o (.text.DL_Timer_setLoadValue)
                  000024fc    00000018     ti_msp_dl_config.o (.text.DL_VREF_enablePower)
                  00002514    00000018     ti_msp_dl_config.o (.text.DL_VREF_reset)
                  0000252c    00000016     main.o (.text.DL_ADC12_enableConversions)
                  00002542    00000016     ti_msp_dl_config.o (.text.DL_ADC12_enableConversions)
                  00002558    00000016     ti_msp_dl_config.o (.text.DL_GPIO_enableGlobalFastWake)
                  0000256e    00000016     libc.a : copy_zero_init.c.obj (.text:decompress:ZI:__TI_zero_init_nomemset)
                  00002584    00000014     dl_common.o (.text.DL_Common_delayCycles)
                  00002598    00000014     ti_msp_dl_config.o (.text.DL_FlashCTL_enableInterrupt)
                  000025ac    00000014     main.o (.text.DL_GPIO_clearPins)
                  000025c0    00000014     ti_msp_dl_config.o (.text.DL_GPIO_clearPins)
                  000025d4    00000014     ti_msp_dl_config.o (.text.DL_I2C_resetControllerTransfer)
                  000025e8    00000014     dl_sysctl_mspm0g1x0x_g3x0x.o (.text.DL_SYSCTL_disableSYSPLL)
                  000025fc    00000014     ti_msp_dl_config.o (.text.DL_SYSCTL_disableSYSPLL)
                  00002610    00000014     ti_msp_dl_config.o (.text.DL_SYSCTL_enableMFCLK)
                  00002624    00000014     dl_sysctl_mspm0g1x0x_g3x0x.o (.text.DL_SYSCTL_enableSYSPLL)
                  00002638    00000014     ti_msp_dl_config.o (.text.DL_SYSCTL_enableSYSPLL)
                  0000264c    00000014     ti_msp_dl_config.o (.text.DL_Timer_enableClock)
                  00002660    00000014     ti_msp_dl_config.o (.text.DL_Timer_setCCPDirection)
                  00002674    00000012     main.o (.text.DL_ADC12_getPendingInterrupt)
                  00002686    00000012     main.o (.text.DL_Timer_getPendingInterrupt)
                  00002698    00000012     libc.a : memcpy16.S.obj (.text:TI_memcpy_small)
                  000026aa    00000012            : copy_decompress_none.c.obj (.text:decompress:none)
                  000026bc    00000010     dl_sysctl_mspm0g1x0x_g3x0x.o (.text.DL_CORE_getInstructionConfig)
                  000026cc    00000010     ti_msp_dl_config.o (.text.DL_SYSCTL_disableHFXT)
                  000026dc    00000010     ti_msp_dl_config.o (.text.DL_SYSCTL_enableMFPCLK)
                  000026ec    00000010     ti_msp_dl_config.o (.text.DL_SYSCTL_isFCCDone)
                  000026fc    00000010     ti_msp_dl_config.o (.text.DL_SYSCTL_startFCC)
                  0000270c    0000000e     libc.a : memset16.S.obj (.text:TI_memset_small)
                  0000271a    00000002     --HOLE-- [fill = 0]
                  0000271c    0000000c     dl_sysctl_mspm0g1x0x_g3x0x.o (.text.DL_SYSCTL_getClockStatus)
                  00002728    0000000c     ti_msp_dl_config.o (.text.DL_SYSCTL_getClockStatus)
                  00002734    0000000c     ti_msp_dl_config.o (.text.DL_SYSCTL_readFCC)
                  00002740    0000000c     libclang_rt.builtins.a : aeabi_memset.S.obj (.text.__aeabi_memclr)
                  0000274c    00000008                            : aeabi_memcpy.S.obj (.text.__aeabi_memcpy)
                  00002754    00000006     libc.a : exit.c.obj (.text:abort)
                  0000275a    00000004     startup_mspm0g350x_ticlang.o (.text.Default_Handler)
                  0000275e    00000004     libsysbm.a : hostexit.c.obj (.text.HOSTexit)
                  00002762    00000004     startup_mspm0g350x_ticlang.o (.text.Reset_Handler)
                  00002766    00000004     libc.a : pre_init.c.obj (.text._system_pre_init)
                  0000276a    00000006     --HOLE-- [fill = 0]

.cinit     0    00002a08    00000030     
                  00002a08    0000000c     (__TI_handler_table)
                  00002a14    00000008     (.cinit..bss.load) [load image, compression = zero_init]
                  00002a1c    00000007     (.cinit..data.load) [load image, compression = lzss]
                  00002a23    00000001     --HOLE-- [fill = 0]
                  00002a24    00000010     (__TI_cinit_table)
                  00002a34    00000004     --HOLE-- [fill = 0]

.rodata    0    00002770    00000298     
                  00002770    00000200     main.o (.rodata.sine_table)
                  00002970    00000028     ti_msp_dl_config.o (.rodata.gSYSPLLConfig)
                  00002998    00000022     ti_msp_dl_config.o (.rodata..L__const.SYSCFG_DL_GPIO_init.unusedPinIndexes)
                  000029ba    00000002     ti_msp_dl_config.o (.rodata.gI2C_0ClockConfig)
                  000029bc    00000014     ti_msp_dl_config.o (.rodata.gTIMER_SAMPLETimerConfig)
                  000029d0    0000000a     ti_msp_dl_config.o (.rodata.gSPI_LCD_config)
                  000029da    00000002     ti_msp_dl_config.o (.rodata.gI2C_1ClockConfig)
                  000029dc    00000008     ti_msp_dl_config.o (.rodata.gADC_ACCELClockConfig)
                  000029e4    00000008     ti_msp_dl_config.o (.rodata.gADC_MIC_JOYClockConfig)
                  000029ec    00000008     ti_msp_dl_config.o (.rodata.gPWM_AUDIOConfig)
                  000029f4    00000008     ti_msp_dl_config.o (.rodata.gVREFConfig)
                  000029fc    00000003     ti_msp_dl_config.o (.rodata.gPWM_AUDIOClockConfig)
                  000029ff    00000003     ti_msp_dl_config.o (.rodata.gTIMER_SAMPLEClockConfig)
                  00002a02    00000002     ti_msp_dl_config.o (.rodata.gSPI_LCD_clockConfig)
                  00002a04    00000004     --HOLE-- [fill = 0]

.init_array 
*          0    00000000    00000000     UNINITIALIZED

.binit     0    00000000    00000000     

.bss       0    20200000    000000f4     UNINITIALIZED
                  20200000    000000a0     ti_msp_dl_config.o (.bss.gTIMER_SAMPLEBackup)
                  202000a0    0000002c     main.o (.bss.gSynthState)
                  202000cc    00000028     ti_msp_dl_config.o (.bss.gSPI_LCDBackup)

.data      0    202000f4    00000008     UNINITIALIZED
                  202000f4    00000004     main.o (.data.phase)
                  202000f8    00000004     main.o (.data.phase_increment)

.stack     0    20207e00    00000200     UNINITIALIZED
                  20207e00    00000004     libc.a : boot_cortex_m.c.obj (.stack)
                  20207e04    000001fc     --HOLE--

__llvm_prf_cnts 
*          0    20200000    00000000     UNINITIALIZED

__llvm_prf_bits 
*          0    20200000    00000000     UNINITIALIZED

MODULE SUMMARY

       Module                         code   ro data   rw data
       ------                         ----   -------   -------
    .\
       ti_msp_dl_config.o             3928   148       200    
       main.o                         1438   512       52     
       startup_mspm0g350x_ticlang.o   8      192       0      
    +--+------------------------------+------+---------+---------+
       Total:                         5374   852       252    
                                                              
    .\ti\driverlib\
       dl_timer.o                     1312   0         0      
       dl_spi.o                       148    0         0      
       dl_adc12.o                     116    0         0      
       dl_i2c.o                       92     0         0      
       dl_vref.o                      52     0         0      
       dl_common.o                    20     0         0      
    +--+------------------------------+------+---------+---------+
       Total:                         1740   0         0      
                                                              
    .\ti\driverlib\m0p\sysctl\
       dl_sysctl_mspm0g1x0x_g3x0x.o   504    0         0      
    +--+------------------------------+------+---------+---------+
       Total:                         504    0         0      
                                                              
    C:\ti\ccs2040\ccs\tools\compiler\ti-cgt-armllvm_4.0.4.LTS\lib\armv6m-ti-none-eabi/c/libc.a
       copy_decompress_lzss.c.obj     124    0         0      
       autoinit.c.obj                 60     0         0      
       boot_cortex_m.c.obj            40     0         0      
       copy_zero_init.c.obj           22     0         0      
       copy_decompress_none.c.obj     18     0         0      
       memcpy16.S.obj                 18     0         0      
       memset16.S.obj                 14     0         0      
       exit.c.obj                     6      0         0      
       pre_init.c.obj                 4      0         0      
    +--+------------------------------+------+---------+---------+
       Total:                         306    0         0      
                                                              
    C:\ti\ccs2040\ccs\tools\compiler\ti-cgt-armllvm_4.0.4.LTS\lib\armv6m-ti-none-eabi/c/libsysbm.a
       hostexit.c.obj                 4      0         0      
    +--+------------------------------+------+---------+---------+
       Total:                         4      0         0      
                                                              
    C:\ti\ccs2040\ccs\tools\compiler\ti-cgt-armllvm_4.0.4.LTS\lib\armv6m-ti-none-eabi/libclang_rt.builtins.a
       divdf3.S.obj                   268    0         0      
       muldf3.S.obj                   228    0         0      
       comparedf2.c.obj               220    0         0      
       addsf3.S.obj                   216    0         0      
       mulsf3.S.obj                   140    0         0      
       divsf3.S.obj                   130    0         0      
       comparesf2.S.obj               118    0         0      
       aeabi_dcmp.S.obj               98     0         0      
       aeabi_fcmp.S.obj               98     0         0      
       aeabi_idivmod.S.obj            86     0         0      
       fixunsdfsi.S.obj               66     0         0      
       aeabi_uidivmod.S.obj           64     0         0      
       extendsfdf2.S.obj              64     0         0      
       muldsi3.S.obj                  58     0         0      
       floatunsisf.S.obj              40     0         0      
       floatunsidf.S.obj              36     0         0      
       aeabi_memset.S.obj             12     0         0      
       aeabi_memcpy.S.obj             8      0         0      
       aeabi_div0.c.obj               2      0         0      
    +--+------------------------------+------+---------+---------+
       Total:                         1952   0         0      
                                                              
       Stack:                         0      0         512    
       Linker Generated:              0      43        0      
    +--+------------------------------+------+---------+---------+
       Grand Total:                   9880   895       764    


LINKER GENERATED COPY TABLES

__TI_cinit_table @ 00002a24 records: 2, size/record: 8, table size: 16
	.bss: load addr=00002a14, load size=00000008 bytes, run addr=20200000, run size=000000f4 bytes, compression=zero_init
	.data: load addr=00002a1c, load size=00000007 bytes, run addr=202000f4, run size=00000008 bytes, compression=lzss


LINKER GENERATED HANDLER TABLE

__TI_handler_table @ 00002a08 records: 3, size/record: 4, table size: 12
	index: 0, handler: __TI_decompress_lzss
	index: 1, handler: __TI_decompress_none
	index: 2, handler: __TI_zero_init


GLOBAL SYMBOLS: SORTED ALPHABETICALLY BY Name 

address   name                                 
-------   ----                                 
00001259  ADC0_IRQHandler                      
00001331  ADC1_IRQHandler                      
0000275b  AES_IRQHandler                       
0000275e  C$$EXIT                              
0000275b  CANFD0_IRQHandler                    
0000275b  DAC0_IRQHandler                      
00001671  DL_ADC12_setClockConfig              
00002585  DL_Common_delayCycles                
00001be1  DL_I2C_setClockConfig                
000017ed  DL_SPI_init                          
00001ffd  DL_SPI_setClockConfig                
00001f11  DL_SYSCTL_configFCC                  
000008c1  DL_SYSCTL_configSYSPLL               
00001709  DL_SYSCTL_switchMCLKfromSYSOSCtoHSCLK
000006f1  DL_Timer_initFourCCPWMMode           
000003c5  DL_Timer_initTimerMode               
00001c15  DL_Timer_setCaptCompUpdateMethod     
00001c49  DL_Timer_setCaptureCompareAction     
00001a01  DL_Timer_setCaptureCompareCtl        
00001c7d  DL_Timer_setCaptureCompareInput      
000018c1  DL_Timer_setCaptureCompareOutCtl     
00001d79  DL_Timer_setCaptureCompareValue      
00001cb1  DL_Timer_setClockConfig              
00001ce5  DL_VREF_configReference              
0000275b  DMA_IRQHandler                       
0000275b  Default_Handler                      
0000275b  GROUP0_IRQHandler                    
0000275b  GROUP1_IRQHandler                    
0000275f  HOSTexit                             
0000275b  HardFault_Handler                    
0000275b  I2C0_IRQHandler                      
0000275b  I2C1_IRQHandler                      
0000275b  NMI_Handler                          
0000275b  PendSV_Handler                       
0000275b  RTC_IRQHandler                       
00002763  Reset_Handler                        
0000275b  SPI0_IRQHandler                      
0000275b  SPI1_IRQHandler                      
0000275b  SVC_Handler                          
00000d79  SYSCFG_DL_ADC_ACCEL_init             
00000ec5  SYSCFG_DL_ADC_MIC_JOY_init           
000000c1  SYSCFG_DL_GPIO_init                  
00001519  SYSCFG_DL_I2C_0_init                 
00001571  SYSCFG_DL_I2C_1_init                 
00001171  SYSCFG_DL_PWM_AUDIO_init             
00001901  SYSCFG_DL_SPI_LCD_init               
0000226d  SYSCFG_DL_SYSCTL_CLK_init            
00000cc9  SYSCFG_DL_SYSCTL_SYSPLL_init         
00000e21  SYSCFG_DL_SYSCTL_init                
00001941  SYSCFG_DL_TIMER_SAMPLE_init          
00002289  SYSCFG_DL_VREF_init                  
00001755  SYSCFG_DL_init                       
00000b55  SYSCFG_DL_initPower                  
0000275b  SysTick_Handler                      
0000275b  TIMA0_IRQHandler                     
0000275b  TIMA1_IRQHandler                     
0000275b  TIMG0_IRQHandler                     
0000275b  TIMG12_IRQHandler                    
0000275b  TIMG6_IRQHandler                     
00001835  TIMG7_IRQHandler                     
0000275b  TIMG8_IRQHandler                     
00002699  TI_memcpy_small                      
0000270d  TI_memset_small                      
0000275b  UART0_IRQHandler                     
0000275b  UART1_IRQHandler                     
0000275b  UART2_IRQHandler                     
0000275b  UART3_IRQHandler                     
20208000  __STACK_END                          
00000200  __STACK_SIZE                         
00000000  __TI_ATRegion0_region_sz             
00000000  __TI_ATRegion0_src_addr              
00000000  __TI_ATRegion0_trg_addr              
00000000  __TI_ATRegion1_region_sz             
00000000  __TI_ATRegion1_src_addr              
00000000  __TI_ATRegion1_trg_addr              
00000000  __TI_ATRegion2_region_sz             
00000000  __TI_ATRegion2_src_addr              
00000000  __TI_ATRegion2_trg_addr              
00002a24  __TI_CINIT_Base                      
00002a34  __TI_CINIT_Limit                     
00002a34  __TI_CINIT_Warm                      
00002a08  __TI_Handler_Table_Base              
00002a14  __TI_Handler_Table_Limit             
00001b2d  __TI_auto_init_nobinit_nopinit       
000010f5  __TI_decompress_lzss                 
000026ab  __TI_decompress_none                 
ffffffff  __TI_pprof_out_hndl                  
ffffffff  __TI_prof_data_size                  
ffffffff  __TI_prof_data_start                 
00000000  __TI_static_base__                   
0000256f  __TI_zero_init_nomemset              
00000a87  __addsf3                             
0000187d  __aeabi_d2uiz                        
00001395  __aeabi_dcmpeq                       
000013d1  __aeabi_dcmpge                       
000013e5  __aeabi_dcmpgt                       
000013bd  __aeabi_dcmple                       
000013a9  __aeabi_dcmplt                       
000005e5  __aeabi_ddiv                         
000007dd  __aeabi_dmul                         
000019c1  __aeabi_f2d                          
00000a87  __aeabi_fadd                         
000013f9  __aeabi_fcmpeq                       
00001435  __aeabi_fcmpge                       
00001449  __aeabi_fcmpgt                       
00001421  __aeabi_fcmple                       
0000140d  __aeabi_fcmplt                       
00001071  __aeabi_fdiv                         
00000f61  __aeabi_fmul                         
00000a7d  __aeabi_fsub                         
000015c9  __aeabi_idiv                         
000010f3  __aeabi_idiv0                        
000015c9  __aeabi_idivmod                      
00002741  __aeabi_memclr                       
00002741  __aeabi_memclr4                      
00002741  __aeabi_memclr8                      
0000274d  __aeabi_memcpy                       
0000274d  __aeabi_memcpy4                      
0000274d  __aeabi_memcpy8                      
00002021  __aeabi_ui2d                         
00001f61  __aeabi_ui2f                         
00001981  __aeabi_uidiv                        
00001981  __aeabi_uidivmod                     
ffffffff  __binit__                            
000012c9  __cmpdf2                             
00001b69  __cmpsf2                             
000005e5  __divdf3                             
00001071  __divsf3                             
000012c9  __eqdf2                              
00001b69  __eqsf2                              
000019c1  __extendsfdf2                        
0000187d  __fixunsdfsi                         
00002021  __floatunsidf                        
00001f61  __floatunsisf                        
000011e5  __gedf2                              
00001af1  __gesf2                              
000011e5  __gtdf2                              
00001af1  __gtsf2                              
000012c9  __ledf2                              
00001b69  __lesf2                              
000012c9  __ltdf2                              
00001b69  __ltsf2                              
UNDEFED   __mpu_init                           
000007dd  __muldf3                             
00001ba5  __muldsi3                            
00000f61  __mulsf3                             
000012c9  __nedf2                              
00001b69  __nesf2                              
20207e00  __stack                              
20200000  __start___llvm_prf_bits              
20200000  __start___llvm_prf_cnts              
20200000  __stop___llvm_prf_bits               
20200000  __stop___llvm_prf_cnts               
00000a7d  __subsf3                             
00001f89  _c_int00_noargs                      
UNDEFED   _system_post_cinit                   
00002767  _system_pre_init                     
00002755  abort                                
ffffffff  binit                                
202000cc  gSPI_LCDBackup                       
202000a0  gSynthState                          
20200000  gTIMER_SAMPLEBackup                  
00000000  interruptVectors                     
000009a1  main                                 


GLOBAL SYMBOLS: SORTED BY Symbol Address 

address   name                                 
-------   ----                                 
00000000  __TI_ATRegion0_region_sz             
00000000  __TI_ATRegion0_src_addr              
00000000  __TI_ATRegion0_trg_addr              
00000000  __TI_ATRegion1_region_sz             
00000000  __TI_ATRegion1_src_addr              
00000000  __TI_ATRegion1_trg_addr              
00000000  __TI_ATRegion2_region_sz             
00000000  __TI_ATRegion2_src_addr              
00000000  __TI_ATRegion2_trg_addr              
00000000  __TI_static_base__                   
00000000  interruptVectors                     
000000c1  SYSCFG_DL_GPIO_init                  
00000200  __STACK_SIZE                         
000003c5  DL_Timer_initTimerMode               
000005e5  __aeabi_ddiv                         
000005e5  __divdf3                             
000006f1  DL_Timer_initFourCCPWMMode           
000007dd  __aeabi_dmul                         
000007dd  __muldf3                             
000008c1  DL_SYSCTL_configSYSPLL               
000009a1  main                                 
00000a7d  __aeabi_fsub                         
00000a7d  __subsf3                             
00000a87  __addsf3                             
00000a87  __aeabi_fadd                         
00000b55  SYSCFG_DL_initPower                  
00000cc9  SYSCFG_DL_SYSCTL_SYSPLL_init         
00000d79  SYSCFG_DL_ADC_ACCEL_init             
00000e21  SYSCFG_DL_SYSCTL_init                
00000ec5  SYSCFG_DL_ADC_MIC_JOY_init           
00000f61  __aeabi_fmul                         
00000f61  __mulsf3                             
00001071  __aeabi_fdiv                         
00001071  __divsf3                             
000010f3  __aeabi_idiv0                        
000010f5  __TI_decompress_lzss                 
00001171  SYSCFG_DL_PWM_AUDIO_init             
000011e5  __gedf2                              
000011e5  __gtdf2                              
00001259  ADC0_IRQHandler                      
000012c9  __cmpdf2                             
000012c9  __eqdf2                              
000012c9  __ledf2                              
000012c9  __ltdf2                              
000012c9  __nedf2                              
00001331  ADC1_IRQHandler                      
00001395  __aeabi_dcmpeq                       
000013a9  __aeabi_dcmplt                       
000013bd  __aeabi_dcmple                       
000013d1  __aeabi_dcmpge                       
000013e5  __aeabi_dcmpgt                       
000013f9  __aeabi_fcmpeq                       
0000140d  __aeabi_fcmplt                       
00001421  __aeabi_fcmple                       
00001435  __aeabi_fcmpge                       
00001449  __aeabi_fcmpgt                       
00001519  SYSCFG_DL_I2C_0_init                 
00001571  SYSCFG_DL_I2C_1_init                 
000015c9  __aeabi_idiv                         
000015c9  __aeabi_idivmod                      
00001671  DL_ADC12_setClockConfig              
00001709  DL_SYSCTL_switchMCLKfromSYSOSCtoHSCLK
00001755  SYSCFG_DL_init                       
000017ed  DL_SPI_init                          
00001835  TIMG7_IRQHandler                     
0000187d  __aeabi_d2uiz                        
0000187d  __fixunsdfsi                         
000018c1  DL_Timer_setCaptureCompareOutCtl     
00001901  SYSCFG_DL_SPI_LCD_init               
00001941  SYSCFG_DL_TIMER_SAMPLE_init          
00001981  __aeabi_uidiv                        
00001981  __aeabi_uidivmod                     
000019c1  __aeabi_f2d                          
000019c1  __extendsfdf2                        
00001a01  DL_Timer_setCaptureCompareCtl        
00001af1  __gesf2                              
00001af1  __gtsf2                              
00001b2d  __TI_auto_init_nobinit_nopinit       
00001b69  __cmpsf2                             
00001b69  __eqsf2                              
00001b69  __lesf2                              
00001b69  __ltsf2                              
00001b69  __nesf2                              
00001ba5  __muldsi3                            
00001be1  DL_I2C_setClockConfig                
00001c15  DL_Timer_setCaptCompUpdateMethod     
00001c49  DL_Timer_setCaptureCompareAction     
00001c7d  DL_Timer_setCaptureCompareInput      
00001cb1  DL_Timer_setClockConfig              
00001ce5  DL_VREF_configReference              
00001d79  DL_Timer_setCaptureCompareValue      
00001f11  DL_SYSCTL_configFCC                  
00001f61  __aeabi_ui2f                         
00001f61  __floatunsisf                        
00001f89  _c_int00_noargs                      
00001ffd  DL_SPI_setClockConfig                
00002021  __aeabi_ui2d                         
00002021  __floatunsidf                        
0000226d  SYSCFG_DL_SYSCTL_CLK_init            
00002289  SYSCFG_DL_VREF_init                  
0000256f  __TI_zero_init_nomemset              
00002585  DL_Common_delayCycles                
00002699  TI_memcpy_small                      
000026ab  __TI_decompress_none                 
0000270d  TI_memset_small                      
00002741  __aeabi_memclr                       
00002741  __aeabi_memclr4                      
00002741  __aeabi_memclr8                      
0000274d  __aeabi_memcpy                       
0000274d  __aeabi_memcpy4                      
0000274d  __aeabi_memcpy8                      
00002755  abort                                
0000275b  AES_IRQHandler                       
0000275b  CANFD0_IRQHandler                    
0000275b  DAC0_IRQHandler                      
0000275b  DMA_IRQHandler                       
0000275b  Default_Handler                      
0000275b  GROUP0_IRQHandler                    
0000275b  GROUP1_IRQHandler                    
0000275b  HardFault_Handler                    
0000275b  I2C0_IRQHandler                      
0000275b  I2C1_IRQHandler                      
0000275b  NMI_Handler                          
0000275b  PendSV_Handler                       
0000275b  RTC_IRQHandler                       
0000275b  SPI0_IRQHandler                      
0000275b  SPI1_IRQHandler                      
0000275b  SVC_Handler                          
0000275b  SysTick_Handler                      
0000275b  TIMA0_IRQHandler                     
0000275b  TIMA1_IRQHandler                     
0000275b  TIMG0_IRQHandler                     
0000275b  TIMG12_IRQHandler                    
0000275b  TIMG6_IRQHandler                     
0000275b  TIMG8_IRQHandler                     
0000275b  UART0_IRQHandler                     
0000275b  UART1_IRQHandler                     
0000275b  UART2_IRQHandler                     
0000275b  UART3_IRQHandler                     
0000275e  C$$EXIT                              
0000275f  HOSTexit                             
00002763  Reset_Handler                        
00002767  _system_pre_init                     
00002a08  __TI_Handler_Table_Base              
00002a14  __TI_Handler_Table_Limit             
00002a24  __TI_CINIT_Base                      
00002a34  __TI_CINIT_Limit                     
00002a34  __TI_CINIT_Warm                      
20200000  __start___llvm_prf_bits              
20200000  __start___llvm_prf_cnts              
20200000  __stop___llvm_prf_bits               
20200000  __stop___llvm_prf_cnts               
20200000  gTIMER_SAMPLEBackup                  
202000a0  gSynthState                          
202000cc  gSPI_LCDBackup                       
20207e00  __stack                              
20208000  __STACK_END                          
ffffffff  __TI_pprof_out_hndl                  
ffffffff  __TI_prof_data_size                  
ffffffff  __TI_prof_data_start                 
ffffffff  __binit__                            
ffffffff  binit                                
UNDEFED   __mpu_init                           
UNDEFED   _system_post_cinit                   

[164 symbols]
