******************************************************************************
            TI ARM Clang Linker PC v4.0.4                      
******************************************************************************
>> Linked Wed Dec 17 10:24:16 2025

OUTPUT FILE NAME:   <Motion_Music_studio.out>
ENTRY POINT SYMBOL: "_c_int00_noargs"  address: 000044f9


MEMORY CONFIGURATION

         name            origin    length      used     unused   attr    fill
----------------------  --------  ---------  --------  --------  ----  --------
  FLASH                 00000000   00020000  00004e50  0001b1b0  R  X
  SRAM                  20200000   00008000  000004ff  00007b01  RW X
  BCR_CONFIG            41c00000   000000ff  00000000  000000ff  R   
  BSL_CONFIG            41c00100   00000080  00000000  00000080  R   


SEGMENT ALLOCATION MAP

run origin  load origin   length   init length attrs members
----------  ----------- ---------- ----------- ----- -------
00000000    00000000    00004e50   00004e50    r-x
  00000000    00000000    000000c0   000000c0    r-- .intvecs
  000000c0    000000c0    000046c0   000046c0    r-x .text
  00004780    00004780    00000690   00000690    r-- .rodata
  00004e10    00004e10    00000040   00000040    r-- .cinit
20200000    20200000    000002ff   00000000    rw-
  20200000    20200000    000002c8   00000000    rw- .bss
  202002c8    202002c8    00000037   00000000    rw- .data
20207e00    20207e00    00000200   00000000    rw-
  20207e00    20207e00    00000200   00000000    rw- .stack


SECTION ALLOCATION MAP

 output                                  attributes/
section   page    origin      length       input sections
--------  ----  ----------  ----------   ----------------
.intvecs   0    00000000    000000c0     
                  00000000    000000c0     startup_mspm0g3507_minimal.o (.intvecs)

.text      0    000000c0    000046c0     
                  000000c0    000009d0     libc.a : _printfi.c.obj (.text:__TI_printfi)
                  00000a90    00000644            : k_rem_pio2.c.obj (.text.__kernel_rem_pio2)
                  000010d4    00000378     lcd_driver.o (.text.LCD_DrawWaveform)
                  0000144c    00000338     lcd_driver.o (.text.LCD_DrawLine)
                  00001784    00000228     main.o (.text.main)
                  000019ac    00000220     libc.a : _printfi.c.obj (.text._pconv_a)
                  00001bcc    000001dc            : _printfi.c.obj (.text._pconv_g)
                  00001da8    000001c8            : s_sinf.c.obj (.text.sinf)
                  00001f70    00000192     libclang_rt.builtins.a : adddf3.S.obj (.text.adddf3_subdf3)
                  00002102    00000002     startup_mspm0g3507_minimal.o (.text.Default_Handler)
                  00002104    00000180     lcd_driver.o (.text.LCD_FillRect)
                  00002284    0000016c     lcd_driver.o (.text.LCD_Init)
                  000023f0    00000148     main.o (.text.Update_Display)
                  00002538    00000144     libc.a : s_floor.c.obj (.text.floor)
                  0000267c    0000013c            : _printfi.c.obj (.text.fcvt)
                  000027b8    00000130     lcd_driver.o (.text.LCD_DrawChar)
                  000028e8    00000120     libc.a : _printfi.c.obj (.text._pconv_e)
                  00002a08    0000011c     lcd_driver.o (.text.LCD_Clear)
                  00002b24    00000118     lcd_driver.o (.text.LCD_SetWindow)
                  00002c3c    0000010c     libclang_rt.builtins.a : divdf3.S.obj (.text.__divdf3)
                  00002d48    00000104     dl_timer.o (.text.DL_Timer_initFourCCPWMMode)
                  00002e4c    000000fc     dl_timer.o (.text.DL_Timer_initTimerMode)
                  00002f48    000000e4     libclang_rt.builtins.a : muldf3.S.obj (.text.__muldf3)
                  0000302c    000000d8     libc.a : s_scalbn.c.obj (.text.scalbn)
                  00003104    000000d8     libclang_rt.builtins.a : addsf3.S.obj (.text)
                  000031dc    000000cc     main.o (.text.TIMG7_IRQHandler)
                  000032a8    000000c0     lcd_driver.o (.text.LCD_FillCircle)
                  00003368    000000c0     ti_msp_dl_config.o (.text.SYSCFG_DL_GPIO_init)
                  00003428    000000ac     libc.a : s_sinf.c.obj (.text.__kernel_sindf)
                  000034d4    000000a2     libclang_rt.builtins.a : udivmoddi4.S.obj (.text)
                  00003576    00000002                            : aeabi_div0.c.obj (.text.__aeabi_idiv0)
                  00003578    0000009c     libc.a : s_sinf.c.obj (.text.__kernel_cosdf)
                  00003614    0000009a            : memcpy16.S.obj (.text:memcpy)
                  000036ae    00000002     libclang_rt.builtins.a : aeabi_div0.c.obj (.text.__aeabi_ldiv0)
                  000036b0    0000008c                            : mulsf3.S.obj (.text.__mulsf3)
                  0000373c    00000082                            : divsf3.S.obj (.text.__divsf3)
                  000037be    00000002     --HOLE-- [fill = 0]
                  000037c0    0000007c     libc.a : copy_decompress_lzss.c.obj (.text:decompress:lzss)
                  0000383c    00000074     libclang_rt.builtins.a : comparedf2.c.obj (.text.__gedf2)
                  000038b0    00000074                            : truncdfsf2.S.obj (.text.__truncdfsf2)
                  00003924    00000070     ti_msp_dl_config.o (.text.SYSCFG_DL_initPower)
                  00003994    0000006c     ti_msp_dl_config.o (.text.SYSCFG_DL_PWM_AUDIO_init)
                  00003a00    00000068     libclang_rt.builtins.a : comparedf2.c.obj (.text.__ledf2)
                  00003a68    00000066     libc.a : _printfi.c.obj (.text._mcpy)
                  00003ace    00000002     --HOLE-- [fill = 0]
                  00003ad0    00000062     libclang_rt.builtins.a : aeabi_dcmp.S.obj (.text.__aeabi_dcmp)
                  00003b32    00000002     --HOLE-- [fill = 0]
                  00003b34    00000062                            : aeabi_fcmp.S.obj (.text.__aeabi_fcmp)
                  00003b96    00000062     libc.a : memset16.S.obj (.text:memset)
                  00003bf8    0000005c            : s_frexp.c.obj (.text.frexp)
                  00003c54    0000005a     lcd_driver.o (.text.LCD_DrawRect)
                  00003cae    00000058     libc.a : _ltoa.c.obj (.text.__TI_ltoa)
                  00003d06    00000058            : _printfi.c.obj (.text._pconv_f)
                  00003d5e    00000002     --HOLE-- [fill = 0]
                  00003d60    00000056     libclang_rt.builtins.a : aeabi_idivmod.S.obj (.text.__aeabi_idivmod)
                  00003db6    00000002     --HOLE-- [fill = 0]
                  00003db8    00000054     ti_msp_dl_config.o (.text.SYSCFG_DL_I2C_SENSORS_init)
                  00003e0c    00000052     libc.a : _printfi.c.obj (.text._ecpy)
                  00003e5e    00000002     --HOLE-- [fill = 0]
                  00003e60    00000050     main.o (.text.GPIOA_IRQHandler)
                  00003eb0    0000004c     ti_msp_dl_config.o (.text.SYSCFG_DL_SPI_LCD_init)
                  00003efc    0000004c     libc.a : snprintf.c.obj (.text.snprintf)
                  00003f48    0000004a     libclang_rt.builtins.a : fixdfsi.S.obj (.text.__fixdfsi)
                  00003f92    00000002     --HOLE-- [fill = 0]
                  00003f94    00000048     ti_msp_dl_config.o (.text.SYSCFG_DL_TIMER_SAMPLE_init)
                  00003fdc    00000044     dl_spi.o (.text.DL_SPI_init)
                  00004020    00000044     ti_msp_dl_config.o (.text.SYSCFG_DL_ADC_ACCEL_init)
                  00004064    00000042     libclang_rt.builtins.a : fixunsdfsi.S.obj (.text.__fixunsdfsi)
                  000040a6    00000002     --HOLE-- [fill = 0]
                  000040a8    00000040     dl_adc12.o (.text.DL_ADC12_setClockConfig)
                  000040e8    00000040     ti_msp_dl_config.o (.text.SYSCFG_DL_init)
                  00004128    00000040     libclang_rt.builtins.a : aeabi_uidivmod.S.obj (.text.__aeabi_uidivmod)
                  00004168    00000040                            : extendsfdf2.S.obj (.text.__extendsfdf2)
                  000041a8    00000040     libc.a : atoi.c.obj (.text.atoi)
                  000041e8    0000003c     ti_msp_dl_config.o (.text.SYSCFG_DL_ADC_MIC_JOY_init)
                  00004224    0000003c     libclang_rt.builtins.a : floatsisf.S.obj (.text.__floatsisf)
                  00004260    0000003c                            : comparesf2.S.obj (.text.__gtsf2)
                  0000429c    0000003c     libc.a : autoinit.c.obj (.text:__TI_auto_init_nobinit_nopinit)
                  000042d8    0000003a     libclang_rt.builtins.a : comparesf2.S.obj (.text.__eqsf2)
                  00004312    00000002     --HOLE-- [fill = 0]
                  00004314    0000003a                            : muldsi3.S.obj (.text.__muldsi3)
                  0000434e    00000002     --HOLE-- [fill = 0]
                  00004350    00000038                            : fixsfsi.S.obj (.text.__fixsfsi)
                  00004388    00000030     main.o (.text.ADC0_IRQHandler)
                  000043b8    00000030     ti_msp_dl_config.o (.text.SYSCFG_DL_SYSCTL_init)
                  000043e8    00000030     libc.a : _printfi.c.obj (.text._fcpy)
                  00004418    00000030            : snprintf.c.obj (.text._outs)
                  00004448    0000002e     lcd_driver.o (.text.LCD_DrawString)
                  00004476    00000002     --HOLE-- [fill = 0]
                  00004478    0000002c     libclang_rt.builtins.a : floatsidf.S.obj (.text.__floatsidf)
                  000044a4    0000002c     main.o (.text.delay_ms)
                  000044d0    00000028     libclang_rt.builtins.a : floatunsisf.S.obj (.text.__floatunsisf)
                  000044f8    00000028     libc.a : boot_cortex_m.c.obj (.text:_c_int00_noargs)
                  00004520    00000026     dl_i2c.o (.text.DL_I2C_setClockConfig)
                  00004546    00000002     --HOLE-- [fill = 0]
                  00004548    00000024     libclang_rt.builtins.a : muldi3.S.obj (.text.__muldi3)
                  0000456c    00000022     libc.a : memccpy.c.obj (.text.memccpy)
                  0000458e    00000002     --HOLE-- [fill = 0]
                  00004590    0000001e     libclang_rt.builtins.a : ashldi3.S.obj (.text.__ashldi3)
                  000045ae    00000002     --HOLE-- [fill = 0]
                  000045b0    0000001c     dl_timer.o (.text.DL_Timer_setCaptCompUpdateMethod)
                  000045cc    0000001c     dl_timer.o (.text.DL_Timer_setClockConfig)
                  000045e8    00000018     dl_timer.o (.text.DL_Timer_setCaptureCompareOutCtl)
                  00004600    00000018     libc.a : snprintf.c.obj (.text._outc)
                  00004618    00000016            : k_rem_pio2.c.obj (.text.OUTLINED_FUNCTION_0)
                  0000462e    00000002     --HOLE-- [fill = 0]
                  00004630    00000010     libclang_rt.builtins.a : adddf3.S.obj (.tramp.__aeabi_dadd.1)
                  00004640    00000016     libc.a : copy_zero_init.c.obj (.text:decompress:ZI:__TI_zero_init_nomemset)
                  00004656    00000002     --HOLE-- [fill = 0]
                  00004658    00000014     libclang_rt.builtins.a : aeabi_uldivmod.S.obj (.text.__aeabi_uldivmod)
                  0000466c    00000014     libc.a : _printfi.c.obj (.text.strchr)
                  00004680    00000012     dl_spi.o (.text.DL_SPI_setClockConfig)
                  00004692    00000012     libc.a : copy_decompress_none.c.obj (.text:decompress:none)
                  000046a4    00000010     dl_timer.o (.text.DL_Timer_setCaptureCompareValue)
                  000046b4    00000010     libc.a : k_rem_pio2.c.obj (.text.OUTLINED_FUNCTION_2)
                  000046c4    00000010            : wcslen.c.obj (.text.wcslen)
                  000046d4    0000000e     libclang_rt.builtins.a : aeabi_memset.S.obj (.text.__aeabi_memset)
                  000046e2    0000000e     libc.a : _printfi.c.obj (.text.strlen)
                  000046f0    0000000a     dl_common.o (.text.DL_Common_delayCycles)
                  000046fa    0000000a     libc.a : _printfi.c.obj (.text.OUTLINED_FUNCTION_0)
                  00004704    00000010     libclang_rt.builtins.a : adddf3.S.obj (.tramp.__aeabi_dsub.1)
                  00004714    0000000a     libc.a : _printfi.c.obj (.text.OUTLINED_FUNCTION_1)
                  0000471e    0000000a            : k_rem_pio2.c.obj (.text.OUTLINED_FUNCTION_1)
                  00004728    0000000a            : s_sinf.c.obj (.text.OUTLINED_FUNCTION_3)
                  00004732    00000002     --HOLE-- [fill = 0]
                  00004734    00000008            : aeabi_portable.c.obj (.text.__aeabi_errno_addr)
                  0000473c    00000008     libclang_rt.builtins.a : aeabi_memcpy.S.obj (.text.__aeabi_memcpy)
                  00004744    00000006     libc.a : s_sinf.c.obj (.text.OUTLINED_FUNCTION_0)
                  0000474a    00000002     --HOLE-- [fill = 0]
                  0000474c    00000010     libclang_rt.builtins.a : muldf3.S.obj (.tramp.__aeabi_dmul.1)
                  0000475c    00000006     libc.a : s_sinf.c.obj (.text.OUTLINED_FUNCTION_1)
                  00004762    00000006     startup_mspm0g3507_minimal.o (.text.ResetISR)
                  00004768    00000006     libc.a : exit.c.obj (.text:abort)
                  0000476e    00000004     libsysbm.a : hostexit.c.obj (.text.HOSTexit)
                  00004772    00000004     libc.a : s_sinf.c.obj (.text.OUTLINED_FUNCTION_2)
                  00004776    00000004            : pre_init.c.obj (.text._system_pre_init)
                  0000477a    00000006     --HOLE-- [fill = 0]

.cinit     0    00004e10    00000040     
                  00004e10    00000017     (.cinit..data.load) [load image, compression = lzss]
                  00004e27    00000001     --HOLE-- [fill = 0]
                  00004e28    0000000c     (__TI_handler_table)
                  00004e34    00000008     (.cinit..bss.load) [load image, compression = zero_init]
                  00004e3c    00000010     (__TI_cinit_table)
                  00004e4c    00000004     --HOLE-- [fill = 0]

.rodata    0    00004780    00000690     
                  00004780    00000200     main.o (.rodata.sine_table)
                  00004980    00000127     lcd_driver.o (.rodata.font_5x7)
                  00004aa7    00000001     --HOLE-- [fill = 0]
                  00004aa8    00000108     libc.a : k_rem_pio2.c.obj (.rodata.ipio2)
                  00004bb0    00000101            : aeabi_ctype.S.obj (.rodata:__aeabi_ctype_table_)
                  00004cb1    00000007     main.o (.rodata.str1.12180500075719773345.1)
                  00004cb8    00000040     libc.a : k_rem_pio2.c.obj (.rodata.PIo2)
                  00004cf8    00000014     ti_msp_dl_config.o (.rodata.gTIMER_SAMPLETimerConfig)
                  00004d0c    00000012     main.o (.rodata.str1.8108965883388295311.1)
                  00004d1e    00000011     libc.a : _printfi.c.obj (.rodata.str1.10348868589481759720.1)
                  00004d2f    00000011            : _printfi.c.obj (.rodata.str1.15363888844622738466.1)
                  00004d40    00000010     main.o (.rodata..L__const.Update_Display.wave_names)
                  00004d50    00000010     libc.a : k_rem_pio2.c.obj (.rodata.cst16)
                  00004d60    00000010     main.o (.rodata.cst16)
                  00004d70    0000000e     main.o (.rodata.str1.9059077390166914652.1)
                  00004d7e    0000000c     main.o (.rodata.str1.8154729771448623357.1)
                  00004d8a    0000000b     main.o (.rodata.str1.15159059442110792349.1)
                  00004d95    0000000b     main.o (.rodata.str1.16265332423659789559.1)
                  00004da0    0000000b     main.o (.rodata.str1.7702501944640899365.1)
                  00004dab    00000001     --HOLE-- [fill = 0]
                  00004dac    0000000a     ti_msp_dl_config.o (.rodata.gSPI_LCD_config)
                  00004db6    0000000a     main.o (.rodata.str1.15996357275703397564.1)
                  00004dc0    0000000a     main.o (.rodata.str1.17100691992556644108.1)
                  00004dca    00000002     ti_msp_dl_config.o (.rodata.gI2C_SENSORSClockConfig)
                  00004dcc    00000008     ti_msp_dl_config.o (.rodata.gADC_ACCELClockConfig)
                  00004dd4    00000008     ti_msp_dl_config.o (.rodata.gADC_MIC_JOYClockConfig)
                  00004ddc    00000008     ti_msp_dl_config.o (.rodata.gPWM_AUDIOConfig)
                  00004de4    00000008     main.o (.rodata.str1.14402440632258215044.1)
                  00004dec    00000008     main.o (.rodata.str1.2123964117280943167.1)
                  00004df4    00000005     main.o (.rodata.str1.2846389346932560359.1)
                  00004df9    00000004     main.o (.rodata.str1.14112174005742061988.1)
                  00004dfd    00000004     main.o (.rodata.str1.288608917962107522.1)
                  00004e01    00000003     ti_msp_dl_config.o (.rodata.gPWM_AUDIOClockConfig)
                  00004e04    00000003     ti_msp_dl_config.o (.rodata.gTIMER_SAMPLEClockConfig)
                  00004e07    00000002     ti_msp_dl_config.o (.rodata.gSPI_LCD_clockConfig)
                  00004e09    00000007     --HOLE-- [fill = 0]

.init_array 
*          0    00000000    00000000     UNINITIALIZED

.binit     0    00000000    00000000     

.bss       0    20200000    000002c8     UNINITIALIZED
                  20200000    00000200     startup_mspm0g3507_minimal.o (.bss.stack)
                  20200200    000000a0     (.common:gTIMER_SAMPLEBackup)
                  202002a0    00000028     (.common:gSPI_LCDBackup)

.data      0    202002c8    00000037     UNINITIALIZED
                  202002c8    00000020     main.o (.data.g_synthState)
                  202002e8    00000004     main.o (.data.Process_Input.last_update)
                  202002ec    00000004     libc.a : aeabi_portable.c.obj (.data.__aeabi_errno)
                  202002f0    00000004     main.o (.data.main.last_display)
                  202002f4    00000004     main.o (.data.phase)
                  202002f8    00000004     main.o (.data.phase_increment)
                  202002fc    00000001     main.o (.data.Process_Input.last_joy)
                  202002fd    00000001     main.o (.data.Process_Input.last_s1)
                  202002fe    00000001     main.o (.data.Process_Input.last_s2)

.stack     0    20207e00    00000200     UNINITIALIZED
                  20207e00    00000004     libc.a : boot_cortex_m.c.obj (.stack)
                  20207e04    000001fc     --HOLE--

__llvm_prf_cnts 
*          0    20200000    00000000     UNINITIALIZED

__llvm_prf_bits 
*          0    20200000    00000000     UNINITIALIZED

MODULE SUMMARY

       Module                         code    ro data   rw data
       ------                         ----    -------   -------
    .\
       main.o                         1256    677       51     
       ti_msp_dl_config.o             884     64        200    
       startup_mspm0g3507_minimal.o   8       192       512    
    +--+------------------------------+-------+---------+---------+
       Total:                         2148    933       763    
                                                               
    .\lcd\
       lcd_driver.o                   3656    295       0      
    +--+------------------------------+-------+---------+---------+
       Total:                         3656    295       0      
                                                               
    .\ti\driverlib\
       dl_timer.o                     608     0         0      
       dl_spi.o                       86      0         0      
       dl_adc12.o                     64      0         0      
       dl_i2c.o                       38      0         0      
       dl_common.o                    10      0         0      
    +--+------------------------------+-------+---------+---------+
       Total:                         806     0         0      
                                                               
    C:\ti\ccs2040\ccs\tools\compiler\ti-cgt-armllvm_4.0.4.LTS\lib\armv6m-ti-none-eabi/c/libc.a
       _printfi.c.obj                 4510    34        0      
       k_rem_pio2.c.obj               1652    344       0      
       s_sinf.c.obj                   810     0         0      
       s_floor.c.obj                  324     0         0      
       aeabi_ctype.S.obj              0       257       0      
       s_scalbn.c.obj                 216     0         0      
       memcpy16.S.obj                 154     0         0      
       snprintf.c.obj                 148     0         0      
       copy_decompress_lzss.c.obj     124     0         0      
       memset16.S.obj                 98      0         0      
       s_frexp.c.obj                  92      0         0      
       _ltoa.c.obj                    88      0         0      
       atoi.c.obj                     64      0         0      
       autoinit.c.obj                 60      0         0      
       boot_cortex_m.c.obj            40      0         0      
       memccpy.c.obj                  34      0         0      
       copy_zero_init.c.obj           22      0         0      
       copy_decompress_none.c.obj     18      0         0      
       wcslen.c.obj                   16      0         0      
       aeabi_portable.c.obj           8       0         4      
       exit.c.obj                     6       0         0      
       pre_init.c.obj                 4       0         0      
    +--+------------------------------+-------+---------+---------+
       Total:                         8488    635       4      
                                                               
    C:\ti\ccs2040\ccs\tools\compiler\ti-cgt-armllvm_4.0.4.LTS\lib\armv6m-ti-none-eabi/c/libsysbm.a
       hostexit.c.obj                 4       0         0      
    +--+------------------------------+-------+---------+---------+
       Total:                         4       0         0      
                                                               
    C:\ti\ccs2040\ccs\tools\compiler\ti-cgt-armllvm_4.0.4.LTS\lib\armv6m-ti-none-eabi/libclang_rt.builtins.a
       adddf3.S.obj                   434     0         0      
       divdf3.S.obj                   268     0         0      
       muldf3.S.obj                   244     0         0      
       comparedf2.c.obj               220     0         0      
       addsf3.S.obj                   216     0         0      
       udivmoddi4.S.obj               162     0         0      
       mulsf3.S.obj                   140     0         0      
       divsf3.S.obj                   130     0         0      
       comparesf2.S.obj               118     0         0      
       truncdfsf2.S.obj               116     0         0      
       aeabi_dcmp.S.obj               98      0         0      
       aeabi_fcmp.S.obj               98      0         0      
       aeabi_idivmod.S.obj            86      0         0      
       fixdfsi.S.obj                  74      0         0      
       fixunsdfsi.S.obj               66      0         0      
       aeabi_uidivmod.S.obj           64      0         0      
       extendsfdf2.S.obj              64      0         0      
       floatsisf.S.obj                60      0         0      
       muldsi3.S.obj                  58      0         0      
       fixsfsi.S.obj                  56      0         0      
       floatsidf.S.obj                44      0         0      
       floatunsisf.S.obj              40      0         0      
       muldi3.S.obj                   36      0         0      
       ashldi3.S.obj                  30      0         0      
       aeabi_uldivmod.S.obj           20      0         0      
       aeabi_memset.S.obj             14      0         0      
       aeabi_memcpy.S.obj             8       0         0      
       aeabi_div0.c.obj               4       0         0      
    +--+------------------------------+-------+---------+---------+
       Total:                         2968    0         0      
                                                               
       Stack:                         0       0         512    
       Linker Generated:              0       59        0      
    +--+------------------------------+-------+---------+---------+
       Grand Total:                   18070   1922      1279   


LINKER GENERATED COPY TABLES

__TI_cinit_table @ 00004e3c records: 2, size/record: 8, table size: 16
	.data: load addr=00004e10, load size=00000017 bytes, run addr=202002c8, run size=00000037 bytes, compression=lzss
	.bss: load addr=00004e34, load size=00000008 bytes, run addr=20200000, run size=000002c8 bytes, compression=zero_init


LINKER GENERATED HANDLER TABLE

__TI_handler_table @ 00004e28 records: 3, size/record: 4, table size: 12
	index: 0, handler: __TI_decompress_lzss
	index: 1, handler: __TI_decompress_none
	index: 2, handler: __TI_zero_init


FAR CALL TRAMPOLINES

callee name               trampoline name
   callee addr  tramp addr   call addr  call info
--------------  -----------  ---------  ----------------
__aeabi_dadd              $Tramp$TT$L$PI$$__aeabi_dadd
   00001f7b     00004630     0000462c   libc.a : k_rem_pio2.c.obj (.text.OUTLINED_FUNCTION_0)
                             00004726          : k_rem_pio2.c.obj (.text.OUTLINED_FUNCTION_1)
                             00004730          : s_sinf.c.obj (.text.OUTLINED_FUNCTION_3)
__aeabi_dsub              $Tramp$TT$L$PI$$__aeabi_dsub
   00001f71     00004704     00004702   libc.a : _printfi.c.obj (.text.OUTLINED_FUNCTION_0)
__aeabi_dmul              $Tramp$TT$L$PI$$__aeabi_dmul
   00002f49     0000474c     00004748   libc.a : s_sinf.c.obj (.text.OUTLINED_FUNCTION_0)
                             00004760          : s_sinf.c.obj (.text.OUTLINED_FUNCTION_1)

[3 trampolines]
[6 trampoline calls]


GLOBAL SYMBOLS: SORTED ALPHABETICALLY BY Name 

address   name                            
-------   ----                            
00004389  ADC0_IRQHandler                 
00002103  ADC1_IRQHandler                 
00002103  AES_IRQHandler                  
0000476e  C$$EXIT                         
00002103  CANFD0_IRQHandler               
000040a9  DL_ADC12_setClockConfig         
000046f1  DL_Common_delayCycles           
00004521  DL_I2C_setClockConfig           
00003fdd  DL_SPI_init                     
00004681  DL_SPI_setClockConfig           
00002d49  DL_Timer_initFourCCPWMMode      
00002e4d  DL_Timer_initTimerMode          
000045b1  DL_Timer_setCaptCompUpdateMethod
000045e9  DL_Timer_setCaptureCompareOutCtl
000046a5  DL_Timer_setCaptureCompareValue 
000045cd  DL_Timer_setClockConfig         
00002103  DMA_IRQHandler                  
00002103  Default_Handler                 
00003e61  GPIOA_IRQHandler                
00002103  GPIOB_IRQHandler                
00002103  GROUP0_IRQHandler               
0000476f  HOSTexit                        
00002103  HardFault_Handler               
00002103  I2C0_IRQHandler                 
00002103  I2C1_IRQHandler                 
00002103  I2C2_IRQHandler                 
00002a09  LCD_Clear                       
000027b9  LCD_DrawChar                    
0000144d  LCD_DrawLine                    
00003c55  LCD_DrawRect                    
00004449  LCD_DrawString                  
000010d5  LCD_DrawWaveform                
000032a9  LCD_FillCircle                  
00002105  LCD_FillRect                    
00002285  LCD_Init                        
00002103  NMI_Handler                     
00002103  PendSV_Handler                  
00002103  RTC_IRQHandler                  
00004763  ResetISR                        
00002103  SPI0_IRQHandler                 
00002103  SPI1_IRQHandler                 
00002103  SVC_Handler                     
00004021  SYSCFG_DL_ADC_ACCEL_init        
000041e9  SYSCFG_DL_ADC_MIC_JOY_init      
00003369  SYSCFG_DL_GPIO_init             
00003db9  SYSCFG_DL_I2C_SENSORS_init      
00003995  SYSCFG_DL_PWM_AUDIO_init        
00003eb1  SYSCFG_DL_SPI_LCD_init          
000043b9  SYSCFG_DL_SYSCTL_init           
00003f95  SYSCFG_DL_TIMER_SAMPLE_init     
000040e9  SYSCFG_DL_init                  
00003925  SYSCFG_DL_initPower             
00002103  SysTick_Handler                 
00002103  TIMG0_IRQHandler                
00002103  TIMG12_IRQHandler               
00002103  TIMG14_IRQHandler               
00002103  TIMG4_IRQHandler                
00002103  TIMG6_IRQHandler                
000031dd  TIMG7_IRQHandler                
00002103  TIMG8_IRQHandler                
00002103  UART0_IRQHandler                
00002103  UART1_IRQHandler                
00002103  UART2_IRQHandler                
00002103  UART3_IRQHandler                
20208000  __STACK_END                     
00000200  __STACK_SIZE                    
00000000  __TI_ATRegion0_region_sz        
00000000  __TI_ATRegion0_src_addr         
00000000  __TI_ATRegion0_trg_addr         
00000000  __TI_ATRegion1_region_sz        
00000000  __TI_ATRegion1_src_addr         
00000000  __TI_ATRegion1_trg_addr         
00000000  __TI_ATRegion2_region_sz        
00000000  __TI_ATRegion2_src_addr         
00000000  __TI_ATRegion2_trg_addr         
00004e3c  __TI_CINIT_Base                 
00004e4c  __TI_CINIT_Limit                
00004e4c  __TI_CINIT_Warm                 
00004e28  __TI_Handler_Table_Base         
00004e34  __TI_Handler_Table_Limit        
0000429d  __TI_auto_init_nobinit_nopinit  
000037c1  __TI_decompress_lzss            
00004693  __TI_decompress_none            
00003caf  __TI_ltoa                       
ffffffff  __TI_pprof_out_hndl             
000000c1  __TI_printfi                    
ffffffff  __TI_prof_data_size             
ffffffff  __TI_prof_data_start            
00000000  __TI_static_base__              
00004641  __TI_zero_init_nomemset         
00001f7b  __adddf3                        
0000310f  __addsf3                        
00004bb0  __aeabi_ctype_table_            
00004bb0  __aeabi_ctype_table_C           
000038b1  __aeabi_d2f                     
00003f49  __aeabi_d2iz                    
00004065  __aeabi_d2uiz                   
00001f7b  __aeabi_dadd                    
00003ad1  __aeabi_dcmpeq                  
00003b0d  __aeabi_dcmpge                  
00003b21  __aeabi_dcmpgt                  
00003af9  __aeabi_dcmple                  
00003ae5  __aeabi_dcmplt                  
00002c3d  __aeabi_ddiv                    
00002f49  __aeabi_dmul                    
00001f71  __aeabi_dsub                    
202002ec  __aeabi_errno                   
00004735  __aeabi_errno_addr              
00004169  __aeabi_f2d                     
00004351  __aeabi_f2iz                    
0000310f  __aeabi_fadd                    
00003b35  __aeabi_fcmpeq                  
00003b71  __aeabi_fcmpge                  
00003b85  __aeabi_fcmpgt                  
00003b5d  __aeabi_fcmple                  
00003b49  __aeabi_fcmplt                  
0000373d  __aeabi_fdiv                    
000036b1  __aeabi_fmul                    
00003105  __aeabi_fsub                    
00004479  __aeabi_i2d                     
00004225  __aeabi_i2f                     
00003d61  __aeabi_idiv                    
00003577  __aeabi_idiv0                   
00003d61  __aeabi_idivmod                 
000036af  __aeabi_ldiv0                   
00004591  __aeabi_llsl                    
00004549  __aeabi_lmul                    
0000473d  __aeabi_memcpy                  
0000473d  __aeabi_memcpy4                 
0000473d  __aeabi_memcpy8                 
000046d5  __aeabi_memset                  
000046d5  __aeabi_memset4                 
000046d5  __aeabi_memset8                 
000044d1  __aeabi_ui2f                    
00004129  __aeabi_uidiv                   
00004129  __aeabi_uidivmod                
00004659  __aeabi_uldivmod                
00004591  __ashldi3                       
ffffffff  __binit__                       
00003a01  __cmpdf2                        
000042d9  __cmpsf2                        
00002c3d  __divdf3                        
0000373d  __divsf3                        
00003a01  __eqdf2                         
000042d9  __eqsf2                         
00004169  __extendsfdf2                   
00003f49  __fixdfsi                       
00004351  __fixsfsi                       
00004065  __fixunsdfsi                    
00004479  __floatsidf                     
00004225  __floatsisf                     
000044d1  __floatunsisf                   
0000383d  __gedf2                         
00004261  __gesf2                         
0000383d  __gtdf2                         
00004261  __gtsf2                         
00000a91  __kernel_rem_pio2               
00003a01  __ledf2                         
000042d9  __lesf2                         
00003a01  __ltdf2                         
000042d9  __ltsf2                         
UNDEFED   __mpu_init                      
00002f49  __muldf3                        
00004549  __muldi3                        
00004315  __muldsi3                       
000036b1  __mulsf3                        
00003a01  __nedf2                         
000042d9  __nesf2                         
20207e00  __stack                         
20200000  __start___llvm_prf_bits         
20200000  __start___llvm_prf_cnts         
20200000  __stop___llvm_prf_bits          
20200000  __stop___llvm_prf_cnts          
00001f71  __subdf3                        
00003105  __subsf3                        
000038b1  __truncdfsf2                    
000034d5  __udivmoddi4                    
000044f9  _c_int00_noargs                 
UNDEFED   _system_post_cinit              
00004777  _system_pre_init                
00004769  abort                           
000041a9  atoi                            
ffffffff  binit                           
000044a5  delay_ms                        
00002539  floor                           
00002539  floorl                          
00003bf9  frexp                           
00003bf9  frexpl                          
202002a0  gSPI_LCDBackup                  
20200200  gTIMER_SAMPLEBackup             
202002c8  g_synthState                    
00000000  interruptVectors                
0000302d  ldexp                           
0000302d  ldexpl                          
00001785  main                            
0000456d  memccpy                         
00003615  memcpy                          
00003b97  memset                          
0000302d  scalbn                          
0000302d  scalbnl                         
00001da9  sinf                            
00003efd  snprintf                        
000046c5  wcslen                          


GLOBAL SYMBOLS: SORTED BY Symbol Address 

address   name                            
-------   ----                            
00000000  __TI_ATRegion0_region_sz        
00000000  __TI_ATRegion0_src_addr         
00000000  __TI_ATRegion0_trg_addr         
00000000  __TI_ATRegion1_region_sz        
00000000  __TI_ATRegion1_src_addr         
00000000  __TI_ATRegion1_trg_addr         
00000000  __TI_ATRegion2_region_sz        
00000000  __TI_ATRegion2_src_addr         
00000000  __TI_ATRegion2_trg_addr         
00000000  __TI_static_base__              
00000000  interruptVectors                
000000c1  __TI_printfi                    
00000200  __STACK_SIZE                    
00000a91  __kernel_rem_pio2               
000010d5  LCD_DrawWaveform                
0000144d  LCD_DrawLine                    
00001785  main                            
00001da9  sinf                            
00001f71  __aeabi_dsub                    
00001f71  __subdf3                        
00001f7b  __adddf3                        
00001f7b  __aeabi_dadd                    
00002103  ADC1_IRQHandler                 
00002103  AES_IRQHandler                  
00002103  CANFD0_IRQHandler               
00002103  DMA_IRQHandler                  
00002103  Default_Handler                 
00002103  GPIOB_IRQHandler                
00002103  GROUP0_IRQHandler               
00002103  HardFault_Handler               
00002103  I2C0_IRQHandler                 
00002103  I2C1_IRQHandler                 
00002103  I2C2_IRQHandler                 
00002103  NMI_Handler                     
00002103  PendSV_Handler                  
00002103  RTC_IRQHandler                  
00002103  SPI0_IRQHandler                 
00002103  SPI1_IRQHandler                 
00002103  SVC_Handler                     
00002103  SysTick_Handler                 
00002103  TIMG0_IRQHandler                
00002103  TIMG12_IRQHandler               
00002103  TIMG14_IRQHandler               
00002103  TIMG4_IRQHandler                
00002103  TIMG6_IRQHandler                
00002103  TIMG8_IRQHandler                
00002103  UART0_IRQHandler                
00002103  UART1_IRQHandler                
00002103  UART2_IRQHandler                
00002103  UART3_IRQHandler                
00002105  LCD_FillRect                    
00002285  LCD_Init                        
00002539  floor                           
00002539  floorl                          
000027b9  LCD_DrawChar                    
00002a09  LCD_Clear                       
00002c3d  __aeabi_ddiv                    
00002c3d  __divdf3                        
00002d49  DL_Timer_initFourCCPWMMode      
00002e4d  DL_Timer_initTimerMode          
00002f49  __aeabi_dmul                    
00002f49  __muldf3                        
0000302d  ldexp                           
0000302d  ldexpl                          
0000302d  scalbn                          
0000302d  scalbnl                         
00003105  __aeabi_fsub                    
00003105  __subsf3                        
0000310f  __addsf3                        
0000310f  __aeabi_fadd                    
000031dd  TIMG7_IRQHandler                
000032a9  LCD_FillCircle                  
00003369  SYSCFG_DL_GPIO_init             
000034d5  __udivmoddi4                    
00003577  __aeabi_idiv0                   
00003615  memcpy                          
000036af  __aeabi_ldiv0                   
000036b1  __aeabi_fmul                    
000036b1  __mulsf3                        
0000373d  __aeabi_fdiv                    
0000373d  __divsf3                        
000037c1  __TI_decompress_lzss            
0000383d  __gedf2                         
0000383d  __gtdf2                         
000038b1  __aeabi_d2f                     
000038b1  __truncdfsf2                    
00003925  SYSCFG_DL_initPower             
00003995  SYSCFG_DL_PWM_AUDIO_init        
00003a01  __cmpdf2                        
00003a01  __eqdf2                         
00003a01  __ledf2                         
00003a01  __ltdf2                         
00003a01  __nedf2                         
00003ad1  __aeabi_dcmpeq                  
00003ae5  __aeabi_dcmplt                  
00003af9  __aeabi_dcmple                  
00003b0d  __aeabi_dcmpge                  
00003b21  __aeabi_dcmpgt                  
00003b35  __aeabi_fcmpeq                  
00003b49  __aeabi_fcmplt                  
00003b5d  __aeabi_fcmple                  
00003b71  __aeabi_fcmpge                  
00003b85  __aeabi_fcmpgt                  
00003b97  memset                          
00003bf9  frexp                           
00003bf9  frexpl                          
00003c55  LCD_DrawRect                    
00003caf  __TI_ltoa                       
00003d61  __aeabi_idiv                    
00003d61  __aeabi_idivmod                 
00003db9  SYSCFG_DL_I2C_SENSORS_init      
00003e61  GPIOA_IRQHandler                
00003eb1  SYSCFG_DL_SPI_LCD_init          
00003efd  snprintf                        
00003f49  __aeabi_d2iz                    
00003f49  __fixdfsi                       
00003f95  SYSCFG_DL_TIMER_SAMPLE_init     
00003fdd  DL_SPI_init                     
00004021  SYSCFG_DL_ADC_ACCEL_init        
00004065  __aeabi_d2uiz                   
00004065  __fixunsdfsi                    
000040a9  DL_ADC12_setClockConfig         
000040e9  SYSCFG_DL_init                  
00004129  __aeabi_uidiv                   
00004129  __aeabi_uidivmod                
00004169  __aeabi_f2d                     
00004169  __extendsfdf2                   
000041a9  atoi                            
000041e9  SYSCFG_DL_ADC_MIC_JOY_init      
00004225  __aeabi_i2f                     
00004225  __floatsisf                     
00004261  __gesf2                         
00004261  __gtsf2                         
0000429d  __TI_auto_init_nobinit_nopinit  
000042d9  __cmpsf2                        
000042d9  __eqsf2                         
000042d9  __lesf2                         
000042d9  __ltsf2                         
000042d9  __nesf2                         
00004315  __muldsi3                       
00004351  __aeabi_f2iz                    
00004351  __fixsfsi                       
00004389  ADC0_IRQHandler                 
000043b9  SYSCFG_DL_SYSCTL_init           
00004449  LCD_DrawString                  
00004479  __aeabi_i2d                     
00004479  __floatsidf                     
000044a5  delay_ms                        
000044d1  __aeabi_ui2f                    
000044d1  __floatunsisf                   
000044f9  _c_int00_noargs                 
00004521  DL_I2C_setClockConfig           
00004549  __aeabi_lmul                    
00004549  __muldi3                        
0000456d  memccpy                         
00004591  __aeabi_llsl                    
00004591  __ashldi3                       
000045b1  DL_Timer_setCaptCompUpdateMethod
000045cd  DL_Timer_setClockConfig         
000045e9  DL_Timer_setCaptureCompareOutCtl
00004641  __TI_zero_init_nomemset         
00004659  __aeabi_uldivmod                
00004681  DL_SPI_setClockConfig           
00004693  __TI_decompress_none            
000046a5  DL_Timer_setCaptureCompareValue 
000046c5  wcslen                          
000046d5  __aeabi_memset                  
000046d5  __aeabi_memset4                 
000046d5  __aeabi_memset8                 
000046f1  DL_Common_delayCycles           
00004735  __aeabi_errno_addr              
0000473d  __aeabi_memcpy                  
0000473d  __aeabi_memcpy4                 
0000473d  __aeabi_memcpy8                 
00004763  ResetISR                        
00004769  abort                           
0000476e  C$$EXIT                         
0000476f  HOSTexit                        
00004777  _system_pre_init                
00004bb0  __aeabi_ctype_table_            
00004bb0  __aeabi_ctype_table_C           
00004e28  __TI_Handler_Table_Base         
00004e34  __TI_Handler_Table_Limit        
00004e3c  __TI_CINIT_Base                 
00004e4c  __TI_CINIT_Limit                
00004e4c  __TI_CINIT_Warm                 
20200000  __start___llvm_prf_bits         
20200000  __start___llvm_prf_cnts         
20200000  __stop___llvm_prf_bits          
20200000  __stop___llvm_prf_cnts          
20200200  gTIMER_SAMPLEBackup             
202002a0  gSPI_LCDBackup                  
202002c8  g_synthState                    
202002ec  __aeabi_errno                   
20207e00  __stack                         
20208000  __STACK_END                     
ffffffff  __TI_pprof_out_hndl             
ffffffff  __TI_prof_data_size             
ffffffff  __TI_prof_data_start            
ffffffff  __binit__                       
ffffffff  binit                           
UNDEFED   __mpu_init                      
UNDEFED   _system_post_cinit              

[203 symbols]
