******************************************************************************
            TI ARM Clang Linker PC v4.0.4                      
******************************************************************************
>> Linked Sat Dec 27 02:08:02 2025

OUTPUT FILE NAME:   <Motion_Music_studio.out>
ENTRY POINT SYMBOL: "_c_int00_noargs"  address: 00004561


MEMORY CONFIGURATION

         name            origin    length      used     unused   attr    fill
----------------------  --------  ---------  --------  --------  ----  --------
  FLASH                 00000000   00020000  000058b8  0001a748  R  X
  SRAM                  20200000   00008000  000014a5  00006b5b  RW X
  BCR_CONFIG            41c00000   000000ff  00000000  000000ff  R   
  BSL_CONFIG            41c00100   00000080  00000000  00000080  R   


SEGMENT ALLOCATION MAP

run origin  load origin   length   init length attrs members
----------  ----------- ---------- ----------- ----- -------
00000000    00000000    000058b8   000058b8    r-x
  00000000    00000000    000000c0   000000c0    r-- .intvecs
  000000c0    000000c0    00005000   00005000    r-x .text
  000050c0    000050c0    000007b0   000007b0    r-- .rodata
  00005870    00005870    00000048   00000048    r-- .cinit
20200000    20200000    000012a5   00000000    rw-
  20200000    20200000    00001000   00000000    rw- .sysmem
  20201000    20201000    000001c4   00000000    rw- .bss
  202011c4    202011c4    000000e1   00000000    rw- .data
20207e00    20207e00    00000200   00000000    rw-
  20207e00    20207e00    00000200   00000000    rw- .stack


SECTION ALLOCATION MAP

 output                                  attributes/
section   page    origin      length       input sections
--------  ----  ----------  ----------   ----------------
.intvecs   0    00000000    000000c0     
                  00000000    000000c0     startup_mspm0g350x_ticlang.o (.intvecs)

.text      0    000000c0    00005000     
                  000000c0    00000868     libc.a : _printfi.c.obj (.text:__TI_printfi_nofloat)
                  00000928    00000304     main.o (.text.Generate_Audio_Sample)
                  00000c2c    000002e4     main.o (.text.Display_Update)
                  00000f10    00000284     main.o (.text.Update_Phase_Increment)
                  00001194    00000264     main.o (.text.main)
                  000013f8    00000260     lcd_driver.o (.text.LCD_Init)
                  00001658    0000021c     ti_msp_dl_config.o (.text.SYSCFG_DL_GPIO_init)
                  00001874    000001a8     main.o (.text.Process_Envelope)
                  00001a1c    00000192     libclang_rt.builtins.a : adddf3.S.obj (.text.adddf3_subdf3)
                  00001bae    00000002                            : aeabi_div0.c.obj (.text.__aeabi_idiv0)
                  00001bb0    00000180     lcd_driver.o (.text.LCD_PrintString)
                  00001d30    00000138     main.o (.text.Display_Waveform)
                  00001e68    00000118     lcd_driver.o (.text.LCD_DrawRect)
                  00001f80    00000112     lcd_driver.o (.text.LCD_DrawLine)
                  00002092    00000002     libclang_rt.builtins.a : aeabi_div0.c.obj (.text.__aeabi_ldiv0)
                  00002094    00000110     dl_timer.o (.text.DL_Timer_initTimerMode)
                  000021a4    00000110     dl_timer.o (.text.DL_Timer_initTwoCCPWMMode)
                  000022b4    00000110     main.o (.text.Process_Buttons)
                  000023c4    0000010c     libclang_rt.builtins.a : divdf3.S.obj (.text.__divdf3)
                  000024d0    000000f8     main.o (.text.Generate_Chord_Sample)
                  000025c8    000000ec     dl_timer.o (.text.DL_Timer_initFourCCPWMMode)
                  000026b4    000000ec     main.o (.text.Process_Arpeggiator)
                  000027a0    000000e4     libclang_rt.builtins.a : muldf3.S.obj (.text.__muldf3)
                  00002884    000000e0     dl_sysctl_mspm0g1x0x_g3x0x.o (.text.DL_SYSCTL_configSYSPLL)
                  00002964    000000dc     main.o (.text.Generate_Waveform)
                  00002a40    000000d8     dl_rtc_common.o (.text.DL_RTC_Common_initCalendar)
                  00002b18    000000d8     main.o (.text.Process_Joystick)
                  00002bf0    000000d4     ti_msp_dl_config.o (.text.SYSCFG_DL_ADC_ACCEL_init)
                  00002cc4    000000c0     ti_msp_dl_config.o (.text.SYSCFG_DL_initPower)
                  00002d84    000000b0     main.o (.text.Process_Pitch_Bend)
                  00002e34    000000b0     ti_msp_dl_config.o (.text.SYSCFG_DL_SYSCTL_SYSPLL_init)
                  00002ee4    000000a4     ti_msp_dl_config.o (.text.SYSCFG_DL_SYSCTL_init)
                  00002f88    000000a2     libclang_rt.builtins.a : udivmoddi4.S.obj (.text)
                  0000302a    00000002     --HOLE-- [fill = 0]
                  0000302c    000000a0     lcd_driver.o (.text.LCD_FillScreen)
                  000030cc    00000090     ti_msp_dl_config.o (.text.SYSCFG_DL_ADC_JOY_init)
                  0000315c    00000084     ti_msp_dl_config.o (.text.__NVIC_SetPriority)
                  000031e0    0000007c     main.o (.text.Change_Preset)
                  0000325c    0000007c     libc.a : copy_decompress_lzss.c.obj (.text:decompress:lzss)
                  000032d8    00000078     main.o (.text.ADC0_IRQHandler)
                  00003350    00000074     ti_msp_dl_config.o (.text.SYSCFG_DL_PWM_AUDIO_init)
                  000033c4    00000074     libclang_rt.builtins.a : comparedf2.c.obj (.text.__gedf2)
                  00003438    0000006c     lcd_driver.o (.text.LCD_SetWindow)
                  000034a4    0000006c     main.o (.text.TIMG7_IRQHandler)
                  00003510    00000068     libclang_rt.builtins.a : comparedf2.c.obj (.text.__ledf2)
                  00003578    00000062                            : aeabi_dcmp.S.obj (.text.__aeabi_dcmp)
                  000035da    00000002     --HOLE-- [fill = 0]
                  000035dc    00000060     main.o (.text.ADC1_IRQHandler)
                  0000363c    00000060     ti_msp_dl_config.o (.text.DL_ADC12_initSeqSample)
                  0000369c    00000058     lcd_driver.o (.text.LCD_PrintNumber)
                  000036f4    00000058     ti_msp_dl_config.o (.text.SYSCFG_DL_I2C_0_init)
                  0000374c    00000058     ti_msp_dl_config.o (.text.SYSCFG_DL_I2C_1_init)
                  000037a4    00000058     ti_msp_dl_config.o (.text.SYSCFG_DL_init)
                  000037fc    00000056     libclang_rt.builtins.a : aeabi_idivmod.S.obj (.text.__aeabi_idivmod)
                  00003852    00000054     dl_dma.o (.text.DL_DMA_configTransfer)
                  000038a6    00000002     --HOLE-- [fill = 0]
                  000038a8    00000054     ti_msp_dl_config.o (.text.SYSCFG_DL_TIMER_SAMPLE_init)
                  000038fc    00000050     ti_msp_dl_config.o (.text.DL_GPIO_initPeripheralInputFunctionFeatures)
                  0000394c    00000050     lcd_driver.o (.text.LCD_WriteCommand)
                  0000399c    00000050     lcd_driver.o (.text.LCD_WriteData)
                  000039ec    0000004e     lcd_driver.o (.text.LCD_DrawPixel)
                  00003a3a    00000002     --HOLE-- [fill = 0]
                  00003a3c    0000004c     dl_adc12.o (.text.DL_ADC12_setClockConfig)
                  00003a88    0000004c     ti_msp_dl_config.o (.text.DL_GPIO_enableEvents)
                  00003ad4    0000004c     ti_msp_dl_config.o (.text.DL_GPIO_initDigitalInputFeatures)
                  00003b20    0000004c     dl_sysctl_mspm0g1x0x_g3x0x.o (.text.DL_SYSCTL_switchMCLKfromSYSOSCtoHSCLK)
                  00003b6c    0000004c     libc.a : snprintf.c.obj (.text.snprintf)
                  00003bb8    0000004a     ti_msp_dl_config.o (.text.DL_ADC12_configConversionMem)
                  00003c02    00000002     --HOLE-- [fill = 0]
                  00003c04    00000048     main.o (.text.Change_Instrument)
                  00003c4c    00000048     dl_spi.o (.text.DL_SPI_init)
                  00003c94    00000046     dl_dma.o (.text.DL_DMA_initChannel)
                  00003cda    00000002     --HOLE-- [fill = 0]
                  00003cdc    00000042     libclang_rt.builtins.a : fixunsdfsi.S.obj (.text.__fixunsdfsi)
                  00003d1e    00000002     --HOLE-- [fill = 0]
                  00003d20    00000040     dl_timer.o (.text.DL_Timer_setCaptureCompareOutCtl)
                  00003d60    00000040     ti_msp_dl_config.o (.text.SYSCFG_DL_SPI_LCD_init)
                  00003da0    00000040     libclang_rt.builtins.a : aeabi_uidivmod.S.obj (.text.__aeabi_uidivmod)
                  00003de0    00000040     libc.a : atoi.c.obj (.text.atoi)
                  00003e20    0000003c     dl_timer.o (.text.DL_Timer_setCaptureCompareCtl)
                  00003e5c    0000003c     dl_timer.o (.text.DL_Timer_setCounterControl)
                  00003e98    0000003c     ti_msp_dl_config.o (.text.DL_Timer_setCounterControl)
                  00003ed4    0000003c     ti_msp_dl_config.o (.text.SYSCFG_DL_DMA_CH1_init)
                  00003f10    0000003c     libc.a : autoinit.c.obj (.text:__TI_auto_init_nobinit_nopinit)
                  00003f4c    0000003a     libclang_rt.builtins.a : muldsi3.S.obj (.text.__muldsi3)
                  00003f86    00000002     --HOLE-- [fill = 0]
                  00003f88    00000038     dl_dma.o (.text.DL_DMA_setTrigger)
                  00003fc0    00000038     ti_msp_dl_config.o (.text.DL_GPIO_setPublisherChanID)
                  00003ff8    00000038     ti_msp_dl_config.o (.text.DL_Timer_setPublisherChanID)
                  00004030    00000034     ti_msp_dl_config.o (.text.DL_DMA_setPublisherChanID)
                  00004064    00000034     dl_i2c.o (.text.DL_I2C_setClockConfig)
                  00004098    00000034     dl_timer.o (.text.DL_Timer_setCaptCompUpdateMethod)
                  000040cc    00000034     dl_timer.o (.text.DL_Timer_setCaptureCompareAction)
                  00004100    00000034     dl_timer.o (.text.DL_Timer_setCaptureCompareInput)
                  00004134    00000034     dl_timer.o (.text.DL_Timer_setClockConfig)
                  00004168    00000034     main.o (.text.HardFault_Handler)
                  0000419c    00000030     main.o (.text.DL_ADC12_getMemResult)
                  000041cc    00000030     ti_msp_dl_config.o (.text.DL_DMA_setTransferSize)
                  000041fc    00000030     ti_msp_dl_config.o (.text.DL_SPI_setFIFOThreshold)
                  0000422c    00000030     libc.a : snprintf.c.obj (.text._outs)
                  0000425c    0000002c     dl_timer.o (.text.DL_Timer_setCaptureCompareValue)
                  00004288    0000002c     main.o (.text.__NVIC_EnableIRQ)
                  000042b4    0000002c     libclang_rt.builtins.a : floatsidf.S.obj (.text.__floatsidf)
                  000042e0    00000028     dl_adc12.o (.text.DL_Common_updateReg)
                  00004308    00000028     dl_dma.o (.text.DL_Common_updateReg)
                  00004330    00000028     dl_i2c.o (.text.DL_Common_updateReg)
                  00004358    00000028     dl_rtc_common.o (.text.DL_Common_updateReg)
                  00004380    00000028     dl_spi.o (.text.DL_Common_updateReg)
                  000043a8    00000028     dl_sysctl_mspm0g1x0x_g3x0x.o (.text.DL_Common_updateReg)
                  000043d0    00000028     dl_timer.o (.text.DL_Common_updateReg)
                  000043f8    00000028     ti_msp_dl_config.o (.text.DL_Common_updateReg)
                  00004420    00000028     ti_msp_dl_config.o (.text.DL_I2C_setControllerRXFIFOThreshold)
                  00004448    00000028     ti_msp_dl_config.o (.text.DL_I2C_setControllerTXFIFOThreshold)
                  00004470    00000028     dl_sysctl_mspm0g1x0x_g3x0x.o (.text.DL_SYSCTL_configFCC)
                  00004498    00000028     ti_msp_dl_config.o (.text.DL_SYSCTL_setPowerPolicySTANDBY0)
                  000044c0    00000028     ti_msp_dl_config.o (.text.DL_Timer_enableEvent)
                  000044e8    00000028     main.o (.text.DMA_IRQHandler)
                  00004510    00000028     ti_msp_dl_config.o (.text.SYSCFG_DL_RTC_init)
                  00004538    00000028     libclang_rt.builtins.a : floatunsisf.S.obj (.text.__floatunsisf)
                  00004560    00000028     libc.a : boot_cortex_m.c.obj (.text:_c_int00_noargs)
                  00004588    00000026     main.o (.text.DL_DMA_enableChannel)
                  000045ae    00000026     ti_msp_dl_config.o (.text.DL_I2C_setAnalogGlitchFilterPulseWidth)
                  000045d4    00000024     ti_msp_dl_config.o (.text.DL_SPI_setBitRateSerialClockDivider)
                  000045f8    00000024     dl_spi.o (.text.DL_SPI_setClockConfig)
                  0000461c    00000024     libclang_rt.builtins.a : floatunsidf.S.obj (.text.__floatunsidf)
                  00004640    00000024                            : muldi3.S.obj (.text.__muldi3)
                  00004664    00000022     libc.a : memccpy.c.obj (.text.memccpy)
                  00004686    00000002     --HOLE-- [fill = 0]
                  00004688    00000020     dl_sysctl_mspm0g1x0x_g3x0x.o (.text.DL_CORE_configInstruction)
                  000046a8    00000020     dl_rtc_common.o (.text.DL_RTC_Common_setCalendarYearBinary)
                  000046c8    00000020     ti_msp_dl_config.o (.text.DL_SYSCTL_setFlashWaitState)
                  000046e8    00000020     ti_msp_dl_config.o (.text.DL_SYSCTL_setMFPCLKSource)
                  00004708    00000020     dl_timer.o (.text.DL_Timer_setCounterValueAfterEnable)
                  00004728    0000001e     libclang_rt.builtins.a : ashldi3.S.obj (.text.__ashldi3)
                  00004746    00000002     --HOLE-- [fill = 0]
                  00004748    0000001c     ti_msp_dl_config.o (.text.DL_ADC12_clearInterruptStatus)
                  00004764    0000001c     ti_msp_dl_config.o (.text.DL_ADC12_enableEvent)
                  00004780    0000001c     ti_msp_dl_config.o (.text.DL_ADC12_enableInterrupt)
                  0000479c    0000001c     main.o (.text.DL_ADC12_startConversion)
                  000047b8    0000001c     ti_msp_dl_config.o (.text.DL_DMA_enableInterrupt)
                  000047d4    0000001c     ti_msp_dl_config.o (.text.DL_GPIO_clearInterruptStatus)
                  000047f0    0000001c     ti_msp_dl_config.o (.text.DL_GPIO_enableHiZ)
                  0000480c    0000001c     ti_msp_dl_config.o (.text.DL_GPIO_enableInterrupt)
                  00004828    0000001c     ti_msp_dl_config.o (.text.DL_GPIO_initPeripheralOutputFunction)
                  00004844    0000001c     ti_msp_dl_config.o (.text.DL_GPIO_setLowerPinsPolarity)
                  00004860    0000001c     dl_rtc_common.o (.text.DL_RTC_Common_setCalendarMinutesBCD)
                  0000487c    0000001c     dl_rtc_common.o (.text.DL_RTC_Common_setCalendarMinutesBinary)
                  00004898    0000001c     dl_rtc_common.o (.text.DL_RTC_Common_setCalendarMonthBCD)
                  000048b4    0000001c     dl_rtc_common.o (.text.DL_RTC_Common_setCalendarMonthBinary)
                  000048d0    0000001c     dl_rtc_common.o (.text.DL_RTC_Common_setCalendarSecondsBCD)
                  000048ec    0000001c     dl_rtc_common.o (.text.DL_RTC_Common_setCalendarSecondsBinary)
                  00004908    0000001c     dl_rtc_common.o (.text.DL_RTC_Common_setCalendarYearBCD)
                  00004924    0000001c     dl_rtc_common.o (.text.DL_RTC_Common_setClockFormat)
                  00004940    0000001c     ti_msp_dl_config.o (.text.DL_SYSCTL_setFCCPeriods)
                  0000495c    0000001c     ti_msp_dl_config.o (.text.DL_SYSCTL_setMCLKDivider)
                  00004978    0000001c     ti_msp_dl_config.o (.text.DL_SYSCTL_setSYSOSCFreq)
                  00004994    0000001c     ti_msp_dl_config.o (.text.DL_SYSCTL_setULPCLKDivider)
                  000049b0    0000001c     ti_msp_dl_config.o (.text.DL_SYSCTL_setVBOOSTConfig)
                  000049cc    0000001c     ti_msp_dl_config.o (.text.DL_Timer_enableInterrupt)
                  000049e8    0000001c     ti_msp_dl_config.o (.text.SYSCFG_DL_SYSCTL_CLK_init)
                  00004a04    0000001a     ti_msp_dl_config.o (.text.DL_ADC12_setSubscriberChanID)
                  00004a1e    0000001a     dl_rtc_common.o (.text.DL_RTC_Common_setCalendarHoursBCD)
                  00004a38    0000001a     dl_rtc_common.o (.text.DL_RTC_Common_setCalendarHoursBinary)
                  00004a52    00000002     --HOLE-- [fill = 0]
                  00004a54    00000018     ti_msp_dl_config.o (.text.DL_ADC12_enablePower)
                  00004a6c    00000018     ti_msp_dl_config.o (.text.DL_ADC12_reset)
                  00004a84    00000018     ti_msp_dl_config.o (.text.DL_ADC12_setSampleTime0)
                  00004a9c    00000018     ti_msp_dl_config.o (.text.DL_DMA_clearInterruptStatus)
                  00004ab4    00000018     ti_msp_dl_config.o (.text.DL_GPIO_enableOutput)
                  00004acc    00000018     ti_msp_dl_config.o (.text.DL_GPIO_enablePower)
                  00004ae4    00000018     ti_msp_dl_config.o (.text.DL_GPIO_initDigitalOutput)
                  00004afc    00000018     ti_msp_dl_config.o (.text.DL_GPIO_reset)
                  00004b14    00000018     ti_msp_dl_config.o (.text.DL_GPIO_setAnalogInternalResistor)
                  00004b2c    00000018     lcd_driver.o (.text.DL_GPIO_setPins)
                  00004b44    00000018     main.o (.text.DL_GPIO_setPins)
                  00004b5c    00000018     ti_msp_dl_config.o (.text.DL_GPIO_setPins)
                  00004b74    00000018     ti_msp_dl_config.o (.text.DL_GPIO_setUpperPinsPolarity)
                  00004b8c    00000018     main.o (.text.DL_GPIO_togglePins)
                  00004ba4    00000018     ti_msp_dl_config.o (.text.DL_I2C_enableAnalogGlitchFilter)
                  00004bbc    00000018     ti_msp_dl_config.o (.text.DL_I2C_enableController)
                  00004bd4    00000018     ti_msp_dl_config.o (.text.DL_I2C_enableControllerClockStretching)
                  00004bec    00000018     ti_msp_dl_config.o (.text.DL_I2C_enablePower)
                  00004c04    00000018     ti_msp_dl_config.o (.text.DL_I2C_reset)
                  00004c1c    00000018     ti_msp_dl_config.o (.text.DL_I2C_setTimerPeriod)
                  00004c34    00000018     ti_msp_dl_config.o (.text.DL_RTC_Common_enablePower)
                  00004c4c    00000018     ti_msp_dl_config.o (.text.DL_RTC_Common_reset)
                  00004c64    00000018     ti_msp_dl_config.o (.text.DL_SPI_enable)
                  00004c7c    00000018     ti_msp_dl_config.o (.text.DL_SPI_enablePower)
                  00004c94    00000018     lcd_driver.o (.text.DL_SPI_isBusy)
                  00004cac    00000018     ti_msp_dl_config.o (.text.DL_SPI_reset)
                  00004cc4    00000018     ti_msp_dl_config.o (.text.DL_SYSCTL_enableInterrupt)
                  00004cdc    00000018     ti_msp_dl_config.o (.text.DL_SYSCTL_setBORThreshold)
                  00004cf4    00000018     dl_sysctl_mspm0g1x0x_g3x0x.o (.text.DL_SYSCTL_setHSCLKSource)
                  00004d0c    00000018     ti_msp_dl_config.o (.text.DL_Timer_enablePower)
                  00004d24    00000018     ti_msp_dl_config.o (.text.DL_Timer_reset)
                  00004d3c    00000018     dl_timer.o (.text.DL_Timer_setLoadValue)
                  00004d54    00000018     main.o (.text.DL_Timer_startCounter)
                  00004d6c    00000018     ti_msp_dl_config.o (.text.SYSCFG_DL_DMA_init)
                  00004d84    00000018     libc.a : snprintf.c.obj (.text._outc)
                  00004d9c    00000016     main.o (.text.DL_ADC12_enableConversions)
                  00004db2    00000016     ti_msp_dl_config.o (.text.DL_ADC12_enableConversions)
                  00004dc8    00000016     ti_msp_dl_config.o (.text.DL_GPIO_enableGlobalFastWake)
                  00004dde    00000016     main.o (.text.DL_GPIO_readPins)
                  00004df4    00000016     lcd_driver.o (.text.DL_SPI_transmitData8)
                  00004e0a    00000016     libc.a : copy_zero_init.c.obj (.text:decompress:ZI:__TI_zero_init_nomemset)
                  00004e20    00000014     dl_common.o (.text.DL_Common_delayCycles)
                  00004e34    00000014     ti_msp_dl_config.o (.text.DL_FlashCTL_enableInterrupt)
                  00004e48    00000014     lcd_driver.o (.text.DL_GPIO_clearPins)
                  00004e5c    00000014     main.o (.text.DL_GPIO_clearPins)
                  00004e70    00000014     ti_msp_dl_config.o (.text.DL_GPIO_clearPins)
                  00004e84    00000014     ti_msp_dl_config.o (.text.DL_I2C_resetControllerTransfer)
                  00004e98    00000014     dl_sysctl_mspm0g1x0x_g3x0x.o (.text.DL_SYSCTL_disableSYSPLL)
                  00004eac    00000014     ti_msp_dl_config.o (.text.DL_SYSCTL_disableSYSPLL)
                  00004ec0    00000014     ti_msp_dl_config.o (.text.DL_SYSCTL_enableMFCLK)
                  00004ed4    00000014     dl_sysctl_mspm0g1x0x_g3x0x.o (.text.DL_SYSCTL_enableSYSPLL)
                  00004ee8    00000014     ti_msp_dl_config.o (.text.DL_SYSCTL_enableSYSPLL)
                  00004efc    00000014     ti_msp_dl_config.o (.text.DL_Timer_enableClock)
                  00004f10    00000014     ti_msp_dl_config.o (.text.DL_Timer_setCCPDirection)
                  00004f24    00000014     main.o (.text.Trigger_Note_Off)
                  00004f38    00000014     main.o (.text.Trigger_Note_On)
                  00004f4c    00000014     libclang_rt.builtins.a : aeabi_uldivmod.S.obj (.text.__aeabi_uldivmod)
                  00004f60    00000012     main.o (.text.DL_ADC12_getPendingInterrupt)
                  00004f72    00000012     main.o (.text.DL_DMA_getPendingInterrupt)
                  00004f84    00000012     main.o (.text.DL_Timer_getPendingInterrupt)
                  00004f96    00000012     libc.a : memcpy16.S.obj (.text:TI_memcpy_small)
                  00004fa8    00000012            : copy_decompress_none.c.obj (.text:decompress:none)
                  00004fba    00000002     --HOLE-- [fill = 0]
                  00004fbc    00000010     dl_sysctl_mspm0g1x0x_g3x0x.o (.text.DL_CORE_getInstructionConfig)
                  00004fcc    00000010     ti_msp_dl_config.o (.text.DL_SYSCTL_disableHFXT)
                  00004fdc    00000010     ti_msp_dl_config.o (.text.DL_SYSCTL_enableMFPCLK)
                  00004fec    00000010     ti_msp_dl_config.o (.text.DL_SYSCTL_isFCCDone)
                  00004ffc    00000010     ti_msp_dl_config.o (.text.DL_SYSCTL_startFCC)
                  0000500c    00000010     main.o (.text.Quantize_Semitones)
                  0000501c    00000010     libc.a : wcslen.c.obj (.text.wcslen)
                  0000502c    0000000e     libclang_rt.builtins.a : aeabi_memset.S.obj (.text.__aeabi_memset)
                  0000503a    0000000e     libc.a : _printfi.c.obj (.text.strlen)
                  00005048    0000000e            : memset16.S.obj (.text:TI_memset_small)
                  00005056    00000002     --HOLE-- [fill = 0]
                  00005058    0000000c     dl_sysctl_mspm0g1x0x_g3x0x.o (.text.DL_SYSCTL_getClockStatus)
                  00005064    0000000c     ti_msp_dl_config.o (.text.DL_SYSCTL_getClockStatus)
                  00005070    0000000c     ti_msp_dl_config.o (.text.DL_SYSCTL_readFCC)
                  0000507c    0000000c     libclang_rt.builtins.a : aeabi_memset.S.obj (.text.__aeabi_memclr)
                  00005088    00000008     libc.a : aeabi_portable.c.obj (.text.__aeabi_errno_addr)
                  00005090    00000008     libclang_rt.builtins.a : aeabi_memcpy.S.obj (.text.__aeabi_memcpy)
                  00005098    00000006     libc.a : exit.c.obj (.text:abort)
                  0000509e    00000004     startup_mspm0g350x_ticlang.o (.text.Default_Handler)
                  000050a2    00000004     libsysbm.a : hostexit.c.obj (.text.HOSTexit)
                  000050a6    00000004     startup_mspm0g350x_ticlang.o (.text.Reset_Handler)
                  000050aa    00000002     --HOLE-- [fill = 0]
                  000050ac    00000010     libc.a : boot_cortex_m.c.obj (.tramp._c_int00_noargs.1)
                  000050bc    00000004            : pre_init.c.obj (.text._system_pre_init)

.cinit     0    00005870    00000048     
                  00005870    0000001f     (.cinit..data.load) [load image, compression = lzss]
                  0000588f    00000001     --HOLE-- [fill = 0]
                  00005890    0000000c     (__TI_handler_table)
                  0000589c    00000008     (.cinit..bss.load) [load image, compression = zero_init]
                  000058a4    00000010     (__TI_cinit_table)
                  000058b4    00000004     --HOLE-- [fill = 0]

.rodata    0    000050c0    000007b0     
                  000050c0    00000222     lcd_driver.o (.rodata.font_6x8)
                  000052e2    00000200     main.o (.rodata.sine_table)
                  000054e2    00000002     ti_msp_dl_config.o (.rodata.gI2C_0ClockConfig)
                  000054e4    0000000c     main.o (.rodata..L__const.Display_Update.chord_names)
                  000054f0    00000101     libc.a : aeabi_ctype.S.obj (.rodata:__aeabi_ctype_table_)
                  000055f1    00000003     ti_msp_dl_config.o (.rodata.gPWM_AUDIOClockConfig)
                  000055f4    00000064     main.o (.rodata.INSTRUMENTS)
                  00005658    00000064     main.o (.rodata.PITCH_BEND_TABLE)
                  000056bc    00000028     ti_msp_dl_config.o (.rodata.gSYSPLLConfig)
                  000056e4    00000022     ti_msp_dl_config.o (.rodata..L__const.SYSCFG_DL_GPIO_init.unusedPinIndexes)
                  00005706    00000002     ti_msp_dl_config.o (.rodata.gI2C_1ClockConfig)
                  00005708    00000018     main.o (.rodata.PRESETS)
                  00005720    00000018     ti_msp_dl_config.o (.rodata.gDMA_CH1Config)
                  00005738    00000014     main.o (.rodata..L__const.Display_Update.arp_names)
                  0000574c    00000014     main.o (.rodata..L__const.Display_Update.env_names)
                  00005760    00000014     ti_msp_dl_config.o (.rodata.gTIMER_SAMPLETimerConfig)
                  00005774    00000011     libc.a : _printfi.c.obj (.rodata.str1.10348868589481759720.1)
                  00005785    00000011            : _printfi.c.obj (.rodata.str1.15363888844622738466.1)
                  00005796    0000000a     ti_msp_dl_config.o (.rodata.gSPI_LCD_config)
                  000057a0    0000000a     main.o (.rodata.str1.15159059442110792349.1)
                  000057aa    0000000a     main.o (.rodata.str1.8154729771448623357.1)
                  000057b4    00000009     main.o (.rodata.CHORD_INTERVALS)
                  000057bd    00000009     main.o (.rodata.str1.16265332423659789559.1)
                  000057c6    00000002     ti_msp_dl_config.o (.rodata.gSPI_LCD_clockConfig)
                  000057c8    00000008     ti_msp_dl_config.o (.rodata.gADC_ACCELClockConfig)
                  000057d0    00000008     ti_msp_dl_config.o (.rodata.gADC_JOYClockConfig)
                  000057d8    00000008     ti_msp_dl_config.o (.rodata.gPWM_AUDIOConfig)
                  000057e0    00000008     ti_msp_dl_config.o (.rodata.gRTCCalendarConfig)
                  000057e8    00000008     main.o (.rodata.str1.1311392489248731986.1)
                  000057f0    00000008     main.o (.rodata.str1.14112174005742061988.1)
                  000057f8    00000008     main.o (.rodata.str1.2846389346932560359.1)
                  00005800    00000008     main.o (.rodata.str1.7702501944640899365.1)
                  00005808    00000008     main.o (.rodata.str1.7784929982665794503.1)
                  00005810    00000006     main.o (.rodata.str1.17100691992556644108.1)
                  00005816    00000006     main.o (.rodata.str1.18227636981041470289.1)
                  0000581c    00000005     main.o (.rodata.str1.12180500075719773345.1)
                  00005821    00000005     main.o (.rodata.str1.16631870348416990953.1)
                  00005826    00000005     main.o (.rodata.str1.288608917962107522.1)
                  0000582b    00000004     main.o (.rodata.str1.10635229749459437609.1)
                  0000582f    00000004     main.o (.rodata.str1.11702106008850790973.1)
                  00005833    00000004     main.o (.rodata.str1.13288086030101331538.1)
                  00005837    00000004     main.o (.rodata.str1.14079361385603432444.1)
                  0000583b    00000004     main.o (.rodata.str1.14402440632258215044.1)
                  0000583f    00000004     main.o (.rodata.str1.17376258722486336754.1)
                  00005843    00000004     main.o (.rodata.str1.2123964117280943167.1)
                  00005847    00000004     main.o (.rodata.str1.2763581881760962609.1)
                  0000584b    00000004     main.o (.rodata.str1.3530083166107438000.1)
                  0000584f    00000004     lcd_driver.o (.rodata.str1.4301156551425074819.1)
                  00005853    00000004     main.o (.rodata.str1.8076846746581808073.1)
                  00005857    00000004     main.o (.rodata.str1.8108965883388295311.1)
                  0000585b    00000003     ti_msp_dl_config.o (.rodata.gTIMER_SAMPLEClockConfig)
                  0000585e    00000003     main.o (.rodata.str1.10313062130652730376.1)
                  00005861    00000003     main.o (.rodata.str1.13782249893155712474.1)
                  00005864    00000003     main.o (.rodata.str1.15996357275703397564.1)
                  00005867    00000003     main.o (.rodata.str1.6891813955777630061.1)
                  0000586a    00000003     main.o (.rodata.str1.9059077390166914652.1)
                  0000586d    00000001     main.o (.rodata.str1.11870794119293528247.1)
                  0000586e    00000002     --HOLE-- [fill = 0]

.init_array 
*          0    00000000    00000000     UNINITIALIZED

.binit     0    00000000    00000000     

.sysmem    0    20200000    00001000     UNINITIALIZED
                  20200000    00000010     libc.a : memory.c.obj (.sysmem)
                  20200010    00000ff0     --HOLE--

.bss       0    20201000    000001c4     UNINITIALIZED
                  20201000    000000bc     ti_msp_dl_config.o (.bss.gPWM_AUDIOBackup)
                  202010bc    000000a0     ti_msp_dl_config.o (.bss.gTIMER_SAMPLEBackup)
                  2020115c    0000003c     main.o (.bss.gSynthState)
                  20201198    00000028     ti_msp_dl_config.o (.bss.gSPI_LCDBackup)
                  202011c0    00000004     main.o (.bss.gADC0_DMA_Buffer)

.data      0    202011c4    000000e1     UNINITIALIZED
                  202011c4    00000080     main.o (.data.waveform_buffer)
                  20201244    00000014     main.o (.data.arpeggiator)
                  20201258    0000000c     main.o (.data.chord_increments)
                  20201264    0000000c     main.o (.data.chord_phases)
                  20201270    0000000c     main.o (.data.envelope)
                  2020127c    00000004     main.o (.data.Process_Buttons.s1_hold_counter)
                  20201280    00000004     main.o (.data.Process_Buttons.s1_prev)
                  20201284    00000004     main.o (.data.Process_Buttons.s2_prev)
                  20201288    00000004     libc.a : aeabi_portable.c.obj (.data.__aeabi_errno)
                  2020128c    00000004     main.o (.data.base_frequency_hz)
                  20201290    00000004     main.o (.data.phase)
                  20201294    00000004     main.o (.data.phase_increment)
                  20201298    00000002     main.o (.data.tremolo_phase)
                  2020129a    00000002     main.o (.data.vibrato_phase)
                  2020129c    00000001     main.o (.data.Generate_Audio_Sample.waveform_decimate_counter)
                  2020129d    00000001     main.o (.data.Process_Pitch_Bend.prev_semitones)
                  2020129e    00000001     main.o (.data.chord_mode)
                  2020129f    00000001     main.o (.data.current_instrument)
                  202012a0    00000001     main.o (.data.current_preset)
                  202012a1    00000001     main.o (.data.effects_enabled)
                  202012a2    00000001     main.o (.data.gADC0_DMA_Complete)
                  202012a3    00000001     main.o (.data.pitch_bend_semitones)
                  202012a4    00000001     main.o (.data.waveform_write_index)

.stack     0    20207e00    00000200     UNINITIALIZED
                  20207e00    00000004     libc.a : boot_cortex_m.c.obj (.stack)
                  20207e04    000001fc     --HOLE--

__llvm_prf_cnts 
*          0    20200000    00000000     UNINITIALIZED

__llvm_prf_bits 
*          0    20200000    00000000     UNINITIALIZED

MODULE SUMMARY

       Module                         code    ro data   rw data
       ------                         ----    -------   -------
    .\
       main.o                         5888    953       285    
       lcd_driver.o                   2230    550       0      
       startup_mspm0g350x_ticlang.o   8       192       0      
    +--+------------------------------+-------+---------+---------+
       Total:                         8126    1695      285    
                                                               
    .\syscfg\
       ti_msp_dl_config.o             4662    172       388    
    +--+------------------------------+-------+---------+---------+
       Total:                         4662    172       388    
                                                               
    .\ti\driverlib\
       dl_timer.o                     1312    0         0      
       dl_rtc_common.o                564     0         0      
       dl_dma.o                       250     0         0      
       dl_spi.o                       148     0         0      
       dl_adc12.o                     116     0         0      
       dl_i2c.o                       92      0         0      
       dl_common.o                    20      0         0      
    +--+------------------------------+-------+---------+---------+
       Total:                         2502    0         0      
                                                               
    .\ti\driverlib\m0p\sysctl\
       dl_sysctl_mspm0g1x0x_g3x0x.o   504     0         0      
    +--+------------------------------+-------+---------+---------+
       Total:                         504     0         0      
                                                               
    C:\ti\ccs2040\ccs\tools\compiler\ti-cgt-armllvm_4.0.4.LTS\lib\armv6m-ti-none-eabi/c/libc.a
       _printfi.c.obj                 2166    34        0      
       aeabi_ctype.S.obj              0       257       0      
       snprintf.c.obj                 148     0         0      
       copy_decompress_lzss.c.obj     124     0         0      
       atoi.c.obj                     64      0         0      
       autoinit.c.obj                 60      0         0      
       boot_cortex_m.c.obj            56      0         0      
       memccpy.c.obj                  34      0         0      
       copy_zero_init.c.obj           22      0         0      
       copy_decompress_none.c.obj     18      0         0      
       memcpy16.S.obj                 18      0         0      
       wcslen.c.obj                   16      0         0      
       memset16.S.obj                 14      0         0      
       aeabi_portable.c.obj           8       0         4      
       exit.c.obj                     6       0         0      
       pre_init.c.obj                 4       0         0      
    +--+------------------------------+-------+---------+---------+
       Total:                         2758    291       4      
                                                               
    C:\ti\ccs2040\ccs\tools\compiler\ti-cgt-armllvm_4.0.4.LTS\lib\armv6m-ti-none-eabi/c/libsysbm.a
       hostexit.c.obj                 4       0         0      
    +--+------------------------------+-------+---------+---------+
       Total:                         4       0         0      
                                                               
    C:\ti\ccs2040\ccs\tools\compiler\ti-cgt-armllvm_4.0.4.LTS\lib\armv6m-ti-none-eabi/libclang_rt.builtins.a
       adddf3.S.obj                   402     0         0      
       divdf3.S.obj                   268     0         0      
       muldf3.S.obj                   228     0         0      
       comparedf2.c.obj               220     0         0      
       udivmoddi4.S.obj               162     0         0      
       aeabi_dcmp.S.obj               98      0         0      
       aeabi_idivmod.S.obj            86      0         0      
       fixunsdfsi.S.obj               66      0         0      
       aeabi_uidivmod.S.obj           64      0         0      
       muldsi3.S.obj                  58      0         0      
       floatsidf.S.obj                44      0         0      
       floatunsisf.S.obj              40      0         0      
       floatunsidf.S.obj              36      0         0      
       muldi3.S.obj                   36      0         0      
       ashldi3.S.obj                  30      0         0      
       aeabi_memset.S.obj             26      0         0      
       aeabi_uldivmod.S.obj           20      0         0      
       aeabi_memcpy.S.obj             8       0         0      
       aeabi_div0.c.obj               4       0         0      
    +--+------------------------------+-------+---------+---------+
       Total:                         1896    0         0      
                                                               
       Heap:                          0       0         4096   
       Stack:                         0       0         512    
       Linker Generated:              0       67        0      
    +--+------------------------------+-------+---------+---------+
       Grand Total:                   20452   2225      5285   


LINKER GENERATED COPY TABLES

__TI_cinit_table @ 000058a4 records: 2, size/record: 8, table size: 16
	.data: load addr=00005870, load size=0000001f bytes, run addr=202011c4, run size=000000e1 bytes, compression=lzss
	.bss: load addr=0000589c, load size=00000008 bytes, run addr=20201000, run size=000001c4 bytes, compression=zero_init


LINKER GENERATED HANDLER TABLE

__TI_handler_table @ 00005890 records: 3, size/record: 4, table size: 12
	index: 0, handler: __TI_decompress_lzss
	index: 1, handler: __TI_decompress_none
	index: 2, handler: __TI_zero_init


FAR CALL TRAMPOLINES

callee name               trampoline name
   callee addr  tramp addr   call addr  call info
--------------  -----------  ---------  ----------------
_c_int00_noargs           $Tramp$TT$L$PI$$_c_int00_noargs
   00004561     000050ac     000050a6   startup_mspm0g350x_ticlang.o (.text.Reset_Handler)

[1 trampolines]
[1 trampoline calls]


GLOBAL SYMBOLS: SORTED ALPHABETICALLY BY Name 

address   name                                 
-------   ----                                 
000032d9  ADC0_IRQHandler                      
000035dd  ADC1_IRQHandler                      
0000509f  AES_IRQHandler                       
000050a2  C$$EXIT                              
0000509f  CANFD0_IRQHandler                    
0000509f  DAC0_IRQHandler                      
00003a3d  DL_ADC12_setClockConfig              
00004e21  DL_Common_delayCycles                
00003c95  DL_DMA_initChannel                   
00004065  DL_I2C_setClockConfig                
00002a41  DL_RTC_Common_initCalendar           
00003c4d  DL_SPI_init                          
000045f9  DL_SPI_setClockConfig                
00004471  DL_SYSCTL_configFCC                  
00002885  DL_SYSCTL_configSYSPLL               
00003b21  DL_SYSCTL_switchMCLKfromSYSOSCtoHSCLK
000025c9  DL_Timer_initFourCCPWMMode           
00002095  DL_Timer_initTimerMode               
00004099  DL_Timer_setCaptCompUpdateMethod     
000040cd  DL_Timer_setCaptureCompareAction     
00003e21  DL_Timer_setCaptureCompareCtl        
00004101  DL_Timer_setCaptureCompareInput      
00003d21  DL_Timer_setCaptureCompareOutCtl     
0000425d  DL_Timer_setCaptureCompareValue      
00004135  DL_Timer_setClockConfig              
000044e9  DMA_IRQHandler                       
0000509f  Default_Handler                      
0000509f  GROUP0_IRQHandler                    
0000509f  GROUP1_IRQHandler                    
000050a3  HOSTexit                             
00004169  HardFault_Handler                    
0000509f  I2C0_IRQHandler                      
0000509f  I2C1_IRQHandler                      
00001f81  LCD_DrawLine                         
000039ed  LCD_DrawPixel                        
00001e69  LCD_DrawRect                         
0000302d  LCD_FillScreen                       
000013f9  LCD_Init                             
0000369d  LCD_PrintNumber                      
00001bb1  LCD_PrintString                      
0000509f  NMI_Handler                          
0000509f  PendSV_Handler                       
000022b5  Process_Buttons                      
0000509f  RTC_IRQHandler                       
000050a7  Reset_Handler                        
0000509f  SPI0_IRQHandler                      
0000509f  SPI1_IRQHandler                      
0000509f  SVC_Handler                          
00002bf1  SYSCFG_DL_ADC_ACCEL_init             
000030cd  SYSCFG_DL_ADC_JOY_init               
00003ed5  SYSCFG_DL_DMA_CH1_init               
00004d6d  SYSCFG_DL_DMA_init                   
00001659  SYSCFG_DL_GPIO_init                  
000036f5  SYSCFG_DL_I2C_0_init                 
0000374d  SYSCFG_DL_I2C_1_init                 
00003351  SYSCFG_DL_PWM_AUDIO_init             
00004511  SYSCFG_DL_RTC_init                   
00003d61  SYSCFG_DL_SPI_LCD_init               
000049e9  SYSCFG_DL_SYSCTL_CLK_init            
00002e35  SYSCFG_DL_SYSCTL_SYSPLL_init         
00002ee5  SYSCFG_DL_SYSCTL_init                
000038a9  SYSCFG_DL_TIMER_SAMPLE_init          
000037a5  SYSCFG_DL_init                       
00002cc5  SYSCFG_DL_initPower                  
0000509f  SysTick_Handler                      
0000509f  TIMA0_IRQHandler                     
0000509f  TIMA1_IRQHandler                     
0000509f  TIMG0_IRQHandler                     
0000509f  TIMG12_IRQHandler                    
0000509f  TIMG6_IRQHandler                     
000034a5  TIMG7_IRQHandler                     
0000509f  TIMG8_IRQHandler                     
00004f97  TI_memcpy_small                      
00005049  TI_memset_small                      
0000509f  UART0_IRQHandler                     
0000509f  UART1_IRQHandler                     
0000509f  UART2_IRQHandler                     
0000509f  UART3_IRQHandler                     
20208000  __STACK_END                          
00000200  __STACK_SIZE                         
00001000  __SYSMEM_SIZE                        
00000000  __TI_ATRegion0_region_sz             
00000000  __TI_ATRegion0_src_addr              
00000000  __TI_ATRegion0_trg_addr              
00000000  __TI_ATRegion1_region_sz             
00000000  __TI_ATRegion1_src_addr              
00000000  __TI_ATRegion1_trg_addr              
00000000  __TI_ATRegion2_region_sz             
00000000  __TI_ATRegion2_src_addr              
00000000  __TI_ATRegion2_trg_addr              
000058a4  __TI_CINIT_Base                      
000058b4  __TI_CINIT_Limit                     
000058b4  __TI_CINIT_Warm                      
00005890  __TI_Handler_Table_Base              
0000589c  __TI_Handler_Table_Limit             
00003f11  __TI_auto_init_nobinit_nopinit       
0000325d  __TI_decompress_lzss                 
00004fa9  __TI_decompress_none                 
ffffffff  __TI_pprof_out_hndl                  
000000c1  __TI_printfi_nofloat                 
ffffffff  __TI_prof_data_size                  
ffffffff  __TI_prof_data_start                 
00000000  __TI_static_base__                   
00004e0b  __TI_zero_init_nomemset              
00001a27  __adddf3                             
000054f0  __aeabi_ctype_table_                 
000054f0  __aeabi_ctype_table_C                
00003cdd  __aeabi_d2uiz                        
00001a27  __aeabi_dadd                         
00003579  __aeabi_dcmpeq                       
000035b5  __aeabi_dcmpge                       
000035c9  __aeabi_dcmpgt                       
000035a1  __aeabi_dcmple                       
0000358d  __aeabi_dcmplt                       
000023c5  __aeabi_ddiv                         
000027a1  __aeabi_dmul                         
00001a1d  __aeabi_dsub                         
20201288  __aeabi_errno                        
00005089  __aeabi_errno_addr                   
000042b5  __aeabi_i2d                          
000037fd  __aeabi_idiv                         
00001baf  __aeabi_idiv0                        
000037fd  __aeabi_idivmod                      
00002093  __aeabi_ldiv0                        
00004729  __aeabi_llsl                         
00004641  __aeabi_lmul                         
0000507d  __aeabi_memclr                       
0000507d  __aeabi_memclr4                      
0000507d  __aeabi_memclr8                      
00005091  __aeabi_memcpy                       
00005091  __aeabi_memcpy4                      
00005091  __aeabi_memcpy8                      
0000502d  __aeabi_memset                       
0000502d  __aeabi_memset4                      
0000502d  __aeabi_memset8                      
0000461d  __aeabi_ui2d                         
00004539  __aeabi_ui2f                         
00003da1  __aeabi_uidiv                        
00003da1  __aeabi_uidivmod                     
00004f4d  __aeabi_uldivmod                     
00004729  __ashldi3                            
ffffffff  __binit__                            
00003511  __cmpdf2                             
000023c5  __divdf3                             
00003511  __eqdf2                              
00003cdd  __fixunsdfsi                         
000042b5  __floatsidf                          
0000461d  __floatunsidf                        
00004539  __floatunsisf                        
000033c5  __gedf2                              
000033c5  __gtdf2                              
00003511  __ledf2                              
00003511  __ltdf2                              
UNDEFED   __mpu_init                           
000027a1  __muldf3                             
00004641  __muldi3                             
00003f4d  __muldsi3                            
00003511  __nedf2                              
20207e00  __stack                              
20200000  __start___llvm_prf_bits              
20200000  __start___llvm_prf_cnts              
20200000  __stop___llvm_prf_bits               
20200000  __stop___llvm_prf_cnts               
00001a1d  __subdf3                             
00002f89  __udivmoddi4                         
00004561  _c_int00_noargs                      
20200000  _sys_memory                          
UNDEFED   _system_post_cinit                   
000050bd  _system_pre_init                     
00005099  abort                                
00003de1  atoi                                 
ffffffff  binit                                
20201000  gPWM_AUDIOBackup                     
20201198  gSPI_LCDBackup                       
2020115c  gSynthState                          
202010bc  gTIMER_SAMPLEBackup                  
00000000  interruptVectors                     
00001195  main                                 
00004665  memccpy                              
00003b6d  snprintf                             
0000501d  wcslen                               


GLOBAL SYMBOLS: SORTED BY Symbol Address 

address   name                                 
-------   ----                                 
00000000  __TI_ATRegion0_region_sz             
00000000  __TI_ATRegion0_src_addr              
00000000  __TI_ATRegion0_trg_addr              
00000000  __TI_ATRegion1_region_sz             
00000000  __TI_ATRegion1_src_addr              
00000000  __TI_ATRegion1_trg_addr              
00000000  __TI_ATRegion2_region_sz             
00000000  __TI_ATRegion2_src_addr              
00000000  __TI_ATRegion2_trg_addr              
00000000  __TI_static_base__                   
00000000  interruptVectors                     
000000c1  __TI_printfi_nofloat                 
00000200  __STACK_SIZE                         
00001000  __SYSMEM_SIZE                        
00001195  main                                 
000013f9  LCD_Init                             
00001659  SYSCFG_DL_GPIO_init                  
00001a1d  __aeabi_dsub                         
00001a1d  __subdf3                             
00001a27  __adddf3                             
00001a27  __aeabi_dadd                         
00001baf  __aeabi_idiv0                        
00001bb1  LCD_PrintString                      
00001e69  LCD_DrawRect                         
00001f81  LCD_DrawLine                         
00002093  __aeabi_ldiv0                        
00002095  DL_Timer_initTimerMode               
000022b5  Process_Buttons                      
000023c5  __aeabi_ddiv                         
000023c5  __divdf3                             
000025c9  DL_Timer_initFourCCPWMMode           
000027a1  __aeabi_dmul                         
000027a1  __muldf3                             
00002885  DL_SYSCTL_configSYSPLL               
00002a41  DL_RTC_Common_initCalendar           
00002bf1  SYSCFG_DL_ADC_ACCEL_init             
00002cc5  SYSCFG_DL_initPower                  
00002e35  SYSCFG_DL_SYSCTL_SYSPLL_init         
00002ee5  SYSCFG_DL_SYSCTL_init                
00002f89  __udivmoddi4                         
0000302d  LCD_FillScreen                       
000030cd  SYSCFG_DL_ADC_JOY_init               
0000325d  __TI_decompress_lzss                 
000032d9  ADC0_IRQHandler                      
00003351  SYSCFG_DL_PWM_AUDIO_init             
000033c5  __gedf2                              
000033c5  __gtdf2                              
000034a5  TIMG7_IRQHandler                     
00003511  __cmpdf2                             
00003511  __eqdf2                              
00003511  __ledf2                              
00003511  __ltdf2                              
00003511  __nedf2                              
00003579  __aeabi_dcmpeq                       
0000358d  __aeabi_dcmplt                       
000035a1  __aeabi_dcmple                       
000035b5  __aeabi_dcmpge                       
000035c9  __aeabi_dcmpgt                       
000035dd  ADC1_IRQHandler                      
0000369d  LCD_PrintNumber                      
000036f5  SYSCFG_DL_I2C_0_init                 
0000374d  SYSCFG_DL_I2C_1_init                 
000037a5  SYSCFG_DL_init                       
000037fd  __aeabi_idiv                         
000037fd  __aeabi_idivmod                      
000038a9  SYSCFG_DL_TIMER_SAMPLE_init          
000039ed  LCD_DrawPixel                        
00003a3d  DL_ADC12_setClockConfig              
00003b21  DL_SYSCTL_switchMCLKfromSYSOSCtoHSCLK
00003b6d  snprintf                             
00003c4d  DL_SPI_init                          
00003c95  DL_DMA_initChannel                   
00003cdd  __aeabi_d2uiz                        
00003cdd  __fixunsdfsi                         
00003d21  DL_Timer_setCaptureCompareOutCtl     
00003d61  SYSCFG_DL_SPI_LCD_init               
00003da1  __aeabi_uidiv                        
00003da1  __aeabi_uidivmod                     
00003de1  atoi                                 
00003e21  DL_Timer_setCaptureCompareCtl        
00003ed5  SYSCFG_DL_DMA_CH1_init               
00003f11  __TI_auto_init_nobinit_nopinit       
00003f4d  __muldsi3                            
00004065  DL_I2C_setClockConfig                
00004099  DL_Timer_setCaptCompUpdateMethod     
000040cd  DL_Timer_setCaptureCompareAction     
00004101  DL_Timer_setCaptureCompareInput      
00004135  DL_Timer_setClockConfig              
00004169  HardFault_Handler                    
0000425d  DL_Timer_setCaptureCompareValue      
000042b5  __aeabi_i2d                          
000042b5  __floatsidf                          
00004471  DL_SYSCTL_configFCC                  
000044e9  DMA_IRQHandler                       
00004511  SYSCFG_DL_RTC_init                   
00004539  __aeabi_ui2f                         
00004539  __floatunsisf                        
00004561  _c_int00_noargs                      
000045f9  DL_SPI_setClockConfig                
0000461d  __aeabi_ui2d                         
0000461d  __floatunsidf                        
00004641  __aeabi_lmul                         
00004641  __muldi3                             
00004665  memccpy                              
00004729  __aeabi_llsl                         
00004729  __ashldi3                            
000049e9  SYSCFG_DL_SYSCTL_CLK_init            
00004d6d  SYSCFG_DL_DMA_init                   
00004e0b  __TI_zero_init_nomemset              
00004e21  DL_Common_delayCycles                
00004f4d  __aeabi_uldivmod                     
00004f97  TI_memcpy_small                      
00004fa9  __TI_decompress_none                 
0000501d  wcslen                               
0000502d  __aeabi_memset                       
0000502d  __aeabi_memset4                      
0000502d  __aeabi_memset8                      
00005049  TI_memset_small                      
0000507d  __aeabi_memclr                       
0000507d  __aeabi_memclr4                      
0000507d  __aeabi_memclr8                      
00005089  __aeabi_errno_addr                   
00005091  __aeabi_memcpy                       
00005091  __aeabi_memcpy4                      
00005091  __aeabi_memcpy8                      
00005099  abort                                
0000509f  AES_IRQHandler                       
0000509f  CANFD0_IRQHandler                    
0000509f  DAC0_IRQHandler                      
0000509f  Default_Handler                      
0000509f  GROUP0_IRQHandler                    
0000509f  GROUP1_IRQHandler                    
0000509f  I2C0_IRQHandler                      
0000509f  I2C1_IRQHandler                      
0000509f  NMI_Handler                          
0000509f  PendSV_Handler                       
0000509f  RTC_IRQHandler                       
0000509f  SPI0_IRQHandler                      
0000509f  SPI1_IRQHandler                      
0000509f  SVC_Handler                          
0000509f  SysTick_Handler                      
0000509f  TIMA0_IRQHandler                     
0000509f  TIMA1_IRQHandler                     
0000509f  TIMG0_IRQHandler                     
0000509f  TIMG12_IRQHandler                    
0000509f  TIMG6_IRQHandler                     
0000509f  TIMG8_IRQHandler                     
0000509f  UART0_IRQHandler                     
0000509f  UART1_IRQHandler                     
0000509f  UART2_IRQHandler                     
0000509f  UART3_IRQHandler                     
000050a2  C$$EXIT                              
000050a3  HOSTexit                             
000050a7  Reset_Handler                        
000050bd  _system_pre_init                     
000054f0  __aeabi_ctype_table_                 
000054f0  __aeabi_ctype_table_C                
00005890  __TI_Handler_Table_Base              
0000589c  __TI_Handler_Table_Limit             
000058a4  __TI_CINIT_Base                      
000058b4  __TI_CINIT_Limit                     
000058b4  __TI_CINIT_Warm                      
20200000  __start___llvm_prf_bits              
20200000  __start___llvm_prf_cnts              
20200000  __stop___llvm_prf_bits               
20200000  __stop___llvm_prf_cnts               
20200000  _sys_memory                          
20201000  gPWM_AUDIOBackup                     
202010bc  gTIMER_SAMPLEBackup                  
2020115c  gSynthState                          
20201198  gSPI_LCDBackup                       
20201288  __aeabi_errno                        
20207e00  __stack                              
20208000  __STACK_END                          
ffffffff  __TI_pprof_out_hndl                  
ffffffff  __TI_prof_data_size                  
ffffffff  __TI_prof_data_start                 
ffffffff  __binit__                            
ffffffff  binit                                
UNDEFED   __mpu_init                           
UNDEFED   _system_post_cinit                   

[181 symbols]
