******************************************************************************
            TI ARM Clang Linker PC v4.0.4                      
******************************************************************************
>> Linked Mon Dec 22 00:52:28 2025

OUTPUT FILE NAME:   <Motion_Music_studio.out>
ENTRY POINT SYMBOL: "_c_int00_noargs"  address: 00002261


MEMORY CONFIGURATION

         name            origin    length      used     unused   attr    fill
----------------------  --------  ---------  --------  --------  ----  --------
  FLASH                 00000000   00020000  000035e0  0001ca20  R  X
  SRAM                  20200000   00008000  00000310  00007cf0  RW X
  BCR_CONFIG            41c00000   000000ff  00000000  000000ff  R   
  BSL_CONFIG            41c00100   00000080  00000000  00000080  R   


SEGMENT ALLOCATION MAP

run origin  load origin   length   init length attrs members
----------  ----------- ---------- ----------- ----- -------
00000000    00000000    000035e0   000035e0    r-x
  00000000    00000000    000000c0   000000c0    r-- .intvecs
  000000c0    000000c0    00002c48   00002c48    r-x .text
  00002d08    00002d08    000008a0   000008a0    r-- .rodata
  000035a8    000035a8    00000038   00000038    r-- .cinit
20200000    20200000    00000110   00000000    rw-
  20200000    20200000    000000f8   00000000    rw- .bss
  202000f8    202000f8    00000018   00000000    rw- .data
20207e00    20207e00    00000200   00000000    rw-
  20207e00    20207e00    00000200   00000000    rw- .stack


SECTION ALLOCATION MAP

 output                                  attributes/
section   page    origin      length       input sections
--------  ----  ----------  ----------   ----------------
.intvecs   0    00000000    000000c0     
                  00000000    000000c0     startup_mspm0g350x_ticlang.o (.intvecs)

.text      0    000000c0    00002c48     
                  000000c0    000001cc     ti_msp_dl_config.o (.text.SYSCFG_DL_GPIO_init)
                  0000028c    00000192     libclang_rt.builtins.a : adddf3.S.obj (.text.adddf3_subdf3)
                  0000041e    00000002     main.o (.text.Process_Accelerometer)
                  00000420    00000110     dl_timer.o (.text.DL_Timer_initTimerMode)
                  00000530    00000110     dl_timer.o (.text.DL_Timer_initTwoCCPWMMode)
                  00000640    0000010c     libclang_rt.builtins.a : divdf3.S.obj (.text.__divdf3)
                  0000074c    000000fc     main.o (.text.Process_Buttons)
                  00000848    000000f8     main.o (.text.main)
                  00000940    000000ec     dl_timer.o (.text.DL_Timer_initFourCCPWMMode)
                  00000a2c    000000e4     ti_msp_dl_config.o (.text.SYSCFG_DL_initPower)
                  00000b10    000000e4     libclang_rt.builtins.a : muldf3.S.obj (.text.__muldf3)
                  00000bf4    000000e0     dl_sysctl_mspm0g1x0x_g3x0x.o (.text.DL_SYSCTL_configSYSPLL)
                  00000cd4    000000e0     main.o (.text.TIMG7_IRQHandler)
                  00000db4    000000d8     dl_rtc_common.o (.text.DL_RTC_Common_initCalendar)
                  00000e8c    000000b4     ti_msp_dl_config.o (.text.SYSCFG_DL_ADC_MIC_JOY_init)
                  00000f40    000000b0     ti_msp_dl_config.o (.text.SYSCFG_DL_SYSCTL_SYSPLL_init)
                  00000ff0    000000ac     main.o (.text.Process_Joystick)
                  0000109c    000000a8     ti_msp_dl_config.o (.text.SYSCFG_DL_ADC_ACCEL_init)
                  00001144    000000a4     ti_msp_dl_config.o (.text.SYSCFG_DL_SYSCTL_init)
                  000011e8    0000008c     main.o (.text.Audio_Set_Waveform)
                  00001274    00000084     ti_msp_dl_config.o (.text.__NVIC_SetPriority)
                  000012f8    0000007c     libc.a : copy_decompress_lzss.c.obj (.text:decompress:lzss)
                  00001374    00000074     ti_msp_dl_config.o (.text.SYSCFG_DL_PWM_AUDIO_init)
                  000013e8    00000074     libclang_rt.builtins.a : comparedf2.c.obj (.text.__gedf2)
                  0000145c    00000068                            : comparedf2.c.obj (.text.__ledf2)
                  000014c4    00000062                            : aeabi_dcmp.S.obj (.text.__aeabi_dcmp)
                  00001526    00000002                            : aeabi_div0.c.obj (.text.__aeabi_idiv0)
                  00001528    00000060     main.o (.text.ADC0_IRQHandler)
                  00001588    00000060     ti_msp_dl_config.o (.text.DL_ADC12_initSeqSample)
                  000015e8    0000005c     main.o (.text.ADC1_IRQHandler)
                  00001644    00000058     ti_msp_dl_config.o (.text.SYSCFG_DL_I2C_0_init)
                  0000169c    00000058     ti_msp_dl_config.o (.text.SYSCFG_DL_I2C_1_init)
                  000016f4    00000054     main.o (.text.Audio_Update_Frequency)
                  00001748    00000054     ti_msp_dl_config.o (.text.SYSCFG_DL_TIMER_SAMPLE_init)
                  0000179c    00000050     ti_msp_dl_config.o (.text.DL_GPIO_initPeripheralInputFunctionFeatures)
                  000017ec    00000050     ti_msp_dl_config.o (.text.SYSCFG_DL_init)
                  0000183c    0000004c     dl_adc12.o (.text.DL_ADC12_setClockConfig)
                  00001888    0000004c     ti_msp_dl_config.o (.text.DL_GPIO_enableEvents)
                  000018d4    0000004c     ti_msp_dl_config.o (.text.DL_GPIO_initDigitalInputFeatures)
                  00001920    0000004c     dl_sysctl_mspm0g1x0x_g3x0x.o (.text.DL_SYSCTL_switchMCLKfromSYSOSCtoHSCLK)
                  0000196c    0000004a     ti_msp_dl_config.o (.text.DL_ADC12_configConversionMem)
                  000019b6    00000002     --HOLE-- [fill = 0]
                  000019b8    0000004a     libclang_rt.builtins.a : fixdfsi.S.obj (.text.__fixdfsi)
                  00001a02    00000002     --HOLE-- [fill = 0]
                  00001a04    00000048     dl_spi.o (.text.DL_SPI_init)
                  00001a4c    00000048     ti_msp_dl_config.o (.text.SYSCFG_DL_SPI_LCD_init)
                  00001a94    00000044     main.o (.text.ADC_To_Frequency)
                  00001ad8    00000042     libclang_rt.builtins.a : fixunsdfsi.S.obj (.text.__fixunsdfsi)
                  00001b1a    00000002     --HOLE-- [fill = 0]
                  00001b1c    00000040     dl_timer.o (.text.DL_Timer_setCaptureCompareOutCtl)
                  00001b5c    00000040     libclang_rt.builtins.a : aeabi_uidivmod.S.obj (.text.__aeabi_uidivmod)
                  00001b9c    0000003c     dl_timer.o (.text.DL_Timer_setCaptureCompareCtl)
                  00001bd8    0000003c     dl_timer.o (.text.DL_Timer_setCounterControl)
                  00001c14    0000003c     ti_msp_dl_config.o (.text.DL_Timer_setCounterControl)
                  00001c50    0000003c     main.o (.text.System_Init)
                  00001c8c    0000003c     libc.a : autoinit.c.obj (.text:__TI_auto_init_nobinit_nopinit)
                  00001cc8    0000003a     libclang_rt.builtins.a : muldsi3.S.obj (.text.__muldsi3)
                  00001d02    00000002     --HOLE-- [fill = 0]
                  00001d04    00000038     ti_msp_dl_config.o (.text.DL_GPIO_setPublisherChanID)
                  00001d3c    00000038     ti_msp_dl_config.o (.text.DL_Timer_setPublisherChanID)
                  00001d74    00000038     libclang_rt.builtins.a : fixsfsi.S.obj (.text.__fixsfsi)
                  00001dac    00000034     main.o (.text.Audio_Stop)
                  00001de0    00000034     dl_i2c.o (.text.DL_I2C_setClockConfig)
                  00001e14    00000034     dl_timer.o (.text.DL_Timer_setCaptCompUpdateMethod)
                  00001e48    00000034     dl_timer.o (.text.DL_Timer_setCaptureCompareAction)
                  00001e7c    00000034     dl_timer.o (.text.DL_Timer_setCaptureCompareInput)
                  00001eb0    00000034     dl_timer.o (.text.DL_Timer_setClockConfig)
                  00001ee4    00000034     dl_vref.o (.text.DL_VREF_configReference)
                  00001f18    00000030     main.o (.text.DL_ADC12_getMemResult)
                  00001f48    00000030     ti_msp_dl_config.o (.text.DL_SPI_setFIFOThreshold)
                  00001f78    00000030     iqmath.a : _IQNtoF.o (.text._IQ24toF)
                  00001fa8    0000002c     main.o (.text.Audio_Update_Volume)
                  00001fd4    0000002c     dl_timer.o (.text.DL_Timer_setCaptureCompareValue)
                  00002000    0000002c     main.o (.text.__NVIC_EnableIRQ)
                  0000202c    0000002c     libclang_rt.builtins.a : floatsidf.S.obj (.text.__floatsidf)
                  00002058    00000028     dl_adc12.o (.text.DL_Common_updateReg)
                  00002080    00000028     dl_i2c.o (.text.DL_Common_updateReg)
                  000020a8    00000028     dl_rtc_common.o (.text.DL_Common_updateReg)
                  000020d0    00000028     dl_spi.o (.text.DL_Common_updateReg)
                  000020f8    00000028     dl_sysctl_mspm0g1x0x_g3x0x.o (.text.DL_Common_updateReg)
                  00002120    00000028     dl_timer.o (.text.DL_Common_updateReg)
                  00002148    00000028     ti_msp_dl_config.o (.text.DL_Common_updateReg)
                  00002170    00000028     ti_msp_dl_config.o (.text.DL_I2C_setControllerRXFIFOThreshold)
                  00002198    00000028     ti_msp_dl_config.o (.text.DL_I2C_setControllerTXFIFOThreshold)
                  000021c0    00000028     dl_sysctl_mspm0g1x0x_g3x0x.o (.text.DL_SYSCTL_configFCC)
                  000021e8    00000028     ti_msp_dl_config.o (.text.DL_SYSCTL_setPowerPolicySTANDBY0)
                  00002210    00000028     ti_msp_dl_config.o (.text.DL_Timer_enableEvent)
                  00002238    00000028     ti_msp_dl_config.o (.text.SYSCFG_DL_RTC_init)
                  00002260    00000028     libc.a : boot_cortex_m.c.obj (.text:_c_int00_noargs)
                  00002288    00000026     ti_msp_dl_config.o (.text.DL_I2C_setAnalogGlitchFilterPulseWidth)
                  000022ae    00000002     --HOLE-- [fill = 0]
                  000022b0    00000024     ti_msp_dl_config.o (.text.DL_SPI_setBitRateSerialClockDivider)
                  000022d4    00000024     dl_spi.o (.text.DL_SPI_setClockConfig)
                  000022f8    00000024     libclang_rt.builtins.a : floatunsidf.S.obj (.text.__floatunsidf)
                  0000231c    00000020     main.o (.text.ADC_To_Volume)
                  0000233c    00000020     main.o (.text.Audio_Init)
                  0000235c    00000020     dl_sysctl_mspm0g1x0x_g3x0x.o (.text.DL_CORE_configInstruction)
                  0000237c    00000020     dl_rtc_common.o (.text.DL_RTC_Common_setCalendarYearBinary)
                  0000239c    00000020     ti_msp_dl_config.o (.text.DL_SYSCTL_setFlashWaitState)
                  000023bc    00000020     ti_msp_dl_config.o (.text.DL_SYSCTL_setMFPCLKSource)
                  000023dc    00000020     dl_timer.o (.text.DL_Timer_setCounterValueAfterEnable)
                  000023fc    0000001c     main.o (.text.Audio_Start)
                  00002418    0000001c     ti_msp_dl_config.o (.text.DL_ADC12_clearInterruptStatus)
                  00002434    0000001c     ti_msp_dl_config.o (.text.DL_ADC12_enableEvent)
                  00002450    0000001c     ti_msp_dl_config.o (.text.DL_ADC12_enableInterrupt)
                  0000246c    0000001c     main.o (.text.DL_ADC12_startConversion)
                  00002488    0000001c     ti_msp_dl_config.o (.text.DL_GPIO_clearInterruptStatus)
                  000024a4    0000001c     ti_msp_dl_config.o (.text.DL_GPIO_enableFastWakePins)
                  000024c0    0000001c     ti_msp_dl_config.o (.text.DL_GPIO_enableHiZ)
                  000024dc    0000001c     ti_msp_dl_config.o (.text.DL_GPIO_enableInterrupt)
                  000024f8    0000001c     ti_msp_dl_config.o (.text.DL_GPIO_initPeripheralOutputFunction)
                  00002514    0000001c     ti_msp_dl_config.o (.text.DL_GPIO_setLowerPinsPolarity)
                  00002530    0000001c     dl_rtc_common.o (.text.DL_RTC_Common_setCalendarMinutesBCD)
                  0000254c    0000001c     dl_rtc_common.o (.text.DL_RTC_Common_setCalendarMinutesBinary)
                  00002568    0000001c     dl_rtc_common.o (.text.DL_RTC_Common_setCalendarMonthBCD)
                  00002584    0000001c     dl_rtc_common.o (.text.DL_RTC_Common_setCalendarMonthBinary)
                  000025a0    0000001c     dl_rtc_common.o (.text.DL_RTC_Common_setCalendarSecondsBCD)
                  000025bc    0000001c     dl_rtc_common.o (.text.DL_RTC_Common_setCalendarSecondsBinary)
                  000025d8    0000001c     dl_rtc_common.o (.text.DL_RTC_Common_setCalendarYearBCD)
                  000025f4    0000001c     dl_rtc_common.o (.text.DL_RTC_Common_setClockFormat)
                  00002610    0000001c     ti_msp_dl_config.o (.text.DL_SYSCTL_setFCCPeriods)
                  0000262c    0000001c     ti_msp_dl_config.o (.text.DL_SYSCTL_setMCLKDivider)
                  00002648    0000001c     ti_msp_dl_config.o (.text.DL_SYSCTL_setSYSOSCFreq)
                  00002664    0000001c     ti_msp_dl_config.o (.text.DL_SYSCTL_setULPCLKDivider)
                  00002680    0000001c     ti_msp_dl_config.o (.text.DL_SYSCTL_setVBOOSTConfig)
                  0000269c    0000001c     ti_msp_dl_config.o (.text.DL_Timer_enableInterrupt)
                  000026b8    0000001c     ti_msp_dl_config.o (.text.SYSCFG_DL_SYSCTL_CLK_init)
                  000026d4    0000001c     ti_msp_dl_config.o (.text.SYSCFG_DL_VREF_init)
                  000026f0    0000001a     ti_msp_dl_config.o (.text.DL_ADC12_setSubscriberChanID)
                  0000270a    0000001a     dl_rtc_common.o (.text.DL_RTC_Common_setCalendarHoursBCD)
                  00002724    0000001a     dl_rtc_common.o (.text.DL_RTC_Common_setCalendarHoursBinary)
                  0000273e    00000002     --HOLE-- [fill = 0]
                  00002740    00000018     ti_msp_dl_config.o (.text.DL_ADC12_enablePower)
                  00002758    00000018     ti_msp_dl_config.o (.text.DL_ADC12_reset)
                  00002770    00000018     ti_msp_dl_config.o (.text.DL_ADC12_setSampleTime0)
                  00002788    00000018     ti_msp_dl_config.o (.text.DL_GPIO_enableOutput)
                  000027a0    00000018     ti_msp_dl_config.o (.text.DL_GPIO_enablePower)
                  000027b8    00000018     ti_msp_dl_config.o (.text.DL_GPIO_initDigitalOutput)
                  000027d0    00000018     ti_msp_dl_config.o (.text.DL_GPIO_reset)
                  000027e8    00000018     ti_msp_dl_config.o (.text.DL_GPIO_setAnalogInternalResistor)
                  00002800    00000018     main.o (.text.DL_GPIO_setPins)
                  00002818    00000018     ti_msp_dl_config.o (.text.DL_GPIO_setPins)
                  00002830    00000018     main.o (.text.DL_GPIO_togglePins)
                  00002848    00000018     ti_msp_dl_config.o (.text.DL_I2C_enableAnalogGlitchFilter)
                  00002860    00000018     ti_msp_dl_config.o (.text.DL_I2C_enableController)
                  00002878    00000018     ti_msp_dl_config.o (.text.DL_I2C_enableControllerClockStretching)
                  00002890    00000018     ti_msp_dl_config.o (.text.DL_I2C_enablePower)
                  000028a8    00000018     ti_msp_dl_config.o (.text.DL_I2C_reset)
                  000028c0    00000018     ti_msp_dl_config.o (.text.DL_I2C_setTimerPeriod)
                  000028d8    00000018     ti_msp_dl_config.o (.text.DL_MathACL_enablePower)
                  000028f0    00000018     ti_msp_dl_config.o (.text.DL_MathACL_reset)
                  00002908    00000018     ti_msp_dl_config.o (.text.DL_RTC_Common_enablePower)
                  00002920    00000018     ti_msp_dl_config.o (.text.DL_RTC_Common_reset)
                  00002938    00000018     ti_msp_dl_config.o (.text.DL_SPI_enable)
                  00002950    00000018     ti_msp_dl_config.o (.text.DL_SPI_enableLoopbackMode)
                  00002968    00000018     ti_msp_dl_config.o (.text.DL_SPI_enablePower)
                  00002980    00000018     ti_msp_dl_config.o (.text.DL_SPI_reset)
                  00002998    00000018     ti_msp_dl_config.o (.text.DL_SYSCTL_enableInterrupt)
                  000029b0    00000018     ti_msp_dl_config.o (.text.DL_SYSCTL_setBORThreshold)
                  000029c8    00000018     dl_sysctl_mspm0g1x0x_g3x0x.o (.text.DL_SYSCTL_setHSCLKSource)
                  000029e0    00000018     ti_msp_dl_config.o (.text.DL_Timer_enablePower)
                  000029f8    00000018     ti_msp_dl_config.o (.text.DL_Timer_reset)
                  00002a10    00000018     dl_timer.o (.text.DL_Timer_setLoadValue)
                  00002a28    00000018     main.o (.text.DL_Timer_startCounter)
                  00002a40    00000018     ti_msp_dl_config.o (.text.DL_VREF_enablePower)
                  00002a58    00000018     ti_msp_dl_config.o (.text.DL_VREF_reset)
                  00002a70    00000018     iqmath.a : _IQNdiv.o (.text._IQ24div)
                  00002a88    00000016     main.o (.text.DL_ADC12_enableConversions)
                  00002a9e    00000016     ti_msp_dl_config.o (.text.DL_ADC12_enableConversions)
                  00002ab4    00000016     main.o (.text.DL_GPIO_readPins)
                  00002aca    00000016     libc.a : copy_zero_init.c.obj (.text:decompress:ZI:__TI_zero_init_nomemset)
                  00002ae0    00000014     main.o (.text.Critical_Enter)
                  00002af4    00000014     dl_common.o (.text.DL_Common_delayCycles)
                  00002b08    00000014     ti_msp_dl_config.o (.text.DL_FlashCTL_enableInterrupt)
                  00002b1c    00000014     main.o (.text.DL_GPIO_clearPins)
                  00002b30    00000014     ti_msp_dl_config.o (.text.DL_GPIO_clearPins)
                  00002b44    00000014     ti_msp_dl_config.o (.text.DL_I2C_resetControllerTransfer)
                  00002b58    00000014     dl_sysctl_mspm0g1x0x_g3x0x.o (.text.DL_SYSCTL_disableSYSPLL)
                  00002b6c    00000014     ti_msp_dl_config.o (.text.DL_SYSCTL_disableSYSPLL)
                  00002b80    00000014     ti_msp_dl_config.o (.text.DL_SYSCTL_enableMFCLK)
                  00002b94    00000014     dl_sysctl_mspm0g1x0x_g3x0x.o (.text.DL_SYSCTL_enableSYSPLL)
                  00002ba8    00000014     ti_msp_dl_config.o (.text.DL_SYSCTL_enableSYSPLL)
                  00002bbc    00000014     ti_msp_dl_config.o (.text.DL_Timer_enableClock)
                  00002bd0    00000014     ti_msp_dl_config.o (.text.DL_Timer_setCCPDirection)
                  00002be4    00000012     main.o (.text.Critical_Exit)
                  00002bf6    00000012     main.o (.text.DL_ADC12_getPendingInterrupt)
                  00002c08    00000012     main.o (.text.DL_Timer_getPendingInterrupt)
                  00002c1a    00000012     libc.a : memcpy16.S.obj (.text:TI_memcpy_small)
                  00002c2c    00000012            : copy_decompress_none.c.obj (.text:decompress:none)
                  00002c3e    00000002     --HOLE-- [fill = 0]
                  00002c40    00000010     dl_sysctl_mspm0g1x0x_g3x0x.o (.text.DL_CORE_getInstructionConfig)
                  00002c50    00000010     ti_msp_dl_config.o (.text.DL_SYSCTL_disableHFXT)
                  00002c60    00000010     ti_msp_dl_config.o (.text.DL_SYSCTL_enableMFPCLK)
                  00002c70    00000010     ti_msp_dl_config.o (.text.DL_SYSCTL_isFCCDone)
                  00002c80    00000010     ti_msp_dl_config.o (.text.DL_SYSCTL_startFCC)
                  00002c90    0000000e     libc.a : memset16.S.obj (.text:TI_memset_small)
                  00002c9e    00000002     --HOLE-- [fill = 0]
                  00002ca0    0000000c     dl_sysctl_mspm0g1x0x_g3x0x.o (.text.DL_SYSCTL_getClockStatus)
                  00002cac    0000000c     ti_msp_dl_config.o (.text.DL_SYSCTL_getClockStatus)
                  00002cb8    0000000c     ti_msp_dl_config.o (.text.DL_SYSCTL_readFCC)
                  00002cc4    0000000c     libclang_rt.builtins.a : aeabi_memset.S.obj (.text.__aeabi_memclr)
                  00002cd0    00000008                            : aeabi_memcpy.S.obj (.text.__aeabi_memcpy)
                  00002cd8    00000006     libc.a : exit.c.obj (.text:abort)
                  00002cde    00000004     startup_mspm0g350x_ticlang.o (.text.Default_Handler)
                  00002ce2    00000004     libsysbm.a : hostexit.c.obj (.text.HOSTexit)
                  00002ce6    00000004     startup_mspm0g350x_ticlang.o (.text.Reset_Handler)
                  00002cea    00000002     --HOLE-- [fill = 0]
                  00002cec    00000010     libc.a : boot_cortex_m.c.obj (.tramp._c_int00_noargs.1)
                  00002cfc    00000004     main.o (.text.System_Sleep)
                  00002d00    00000004     libc.a : pre_init.c.obj (.text._system_pre_init)
                  00002d04    00000004     --HOLE-- [fill = 0]

.cinit     0    000035a8    00000038     
                  000035a8    00000011     (.cinit..data.load) [load image, compression = lzss]
                  000035b9    00000003     --HOLE-- [fill = 0]
                  000035bc    0000000c     (__TI_handler_table)
                  000035c8    00000008     (.cinit..bss.load) [load image, compression = zero_init]
                  000035d0    00000010     (__TI_cinit_table)

.rodata    0    00002d08    000008a0     
                  00002d08    00000200     main.o (.rodata.wavetable_sawtooth)
                  00002f08    00000200     main.o (.rodata.wavetable_sine)
                  00003108    00000200     main.o (.rodata.wavetable_square)
                  00003308    00000200     main.o (.rodata.wavetable_triangle)
                  00003508    00000028     ti_msp_dl_config.o (.rodata.gSYSPLLConfig)
                  00003530    00000022     ti_msp_dl_config.o (.rodata..L__const.SYSCFG_DL_GPIO_init.unusedPinIndexes)
                  00003552    00000002     ti_msp_dl_config.o (.rodata.gI2C_0ClockConfig)
                  00003554    00000014     ti_msp_dl_config.o (.rodata.gTIMER_SAMPLETimerConfig)
                  00003568    0000000a     ti_msp_dl_config.o (.rodata.gSPI_LCD_config)
                  00003572    00000002     ti_msp_dl_config.o (.rodata.gI2C_1ClockConfig)
                  00003574    00000008     ti_msp_dl_config.o (.rodata.gADC_ACCELClockConfig)
                  0000357c    00000008     ti_msp_dl_config.o (.rodata.gADC_MIC_JOYClockConfig)
                  00003584    00000008     ti_msp_dl_config.o (.rodata.gPWM_AUDIOConfig)
                  0000358c    00000008     ti_msp_dl_config.o (.rodata.gRTCCalendarConfig)
                  00003594    00000008     ti_msp_dl_config.o (.rodata.gVREFConfig)
                  0000359c    00000003     ti_msp_dl_config.o (.rodata.gPWM_AUDIOClockConfig)
                  0000359f    00000003     ti_msp_dl_config.o (.rodata.gTIMER_SAMPLEClockConfig)
                  000035a2    00000002     ti_msp_dl_config.o (.rodata.gSPI_LCD_clockConfig)
                  000035a4    00000004     --HOLE-- [fill = 0]

.init_array 
*          0    00000000    00000000     UNINITIALIZED

.binit     0    00000000    00000000     

.bss       0    20200000    000000f8     UNINITIALIZED
                  20200000    000000a0     ti_msp_dl_config.o (.bss.gTIMER_SAMPLEBackup)
                  202000a0    00000030     main.o (.bss.gSynthState)
                  202000d0    00000028     ti_msp_dl_config.o (.bss.gSPI_LCDBackup)

.data      0    202000f8    00000018     UNINITIALIZED
                  202000f8    00000004     main.o (.data.Process_Buttons.joy_prev)
                  202000fc    00000004     main.o (.data.Process_Buttons.last_poll)
                  20200100    00000004     main.o (.data.Process_Buttons.s1_prev)
                  20200104    00000004     main.o (.data.Process_Buttons.s2_prev)
                  20200108    00000004     main.o (.data.current_wavetable)
                  2020010c    00000002     main.o (.data.Process_Joystick.last_joy_x)
                  2020010e    00000002     main.o (.data.Process_Joystick.last_joy_y)

.stack     0    20207e00    00000200     UNINITIALIZED
                  20207e00    00000004     libc.a : boot_cortex_m.c.obj (.stack)
                  20207e04    000001fc     --HOLE--

__llvm_prf_cnts 
*          0    20200000    00000000     UNINITIALIZED

__llvm_prf_bits 
*          0    20200000    00000000     UNINITIALIZED

MODULE SUMMARY

       Module                         code    ro data   rw data
       ------                         ----    -------   -------
    .\
       ti_msp_dl_config.o             4504    156       200    
       main.o                         1960    2048      72     
       startup_mspm0g350x_ticlang.o   8       192       0      
    +--+------------------------------+-------+---------+---------+
       Total:                         6472    2396      272    
                                                               
    .\ti\driverlib\
       dl_timer.o                     1312    0         0      
       dl_rtc_common.o                564     0         0      
       dl_spi.o                       148     0         0      
       dl_adc12.o                     116     0         0      
       dl_i2c.o                       92      0         0      
       dl_vref.o                      52      0         0      
       dl_common.o                    20      0         0      
    +--+------------------------------+-------+---------+---------+
       Total:                         2304    0         0      
                                                               
    .\ti\driverlib\m0p\sysctl\
       dl_sysctl_mspm0g1x0x_g3x0x.o   504     0         0      
    +--+------------------------------+-------+---------+---------+
       Total:                         504     0         0      
                                                               
    C:/ti/mspm0_sdk_2_09_00_01/source/ti/iqmath/lib/ticlang/m0p/mathacl/mspm0g1x0x_g3x0x/iqmath.a
       _IQNtoF.o                      48      0         0      
       _IQNdiv.o                      24      0         0      
    +--+------------------------------+-------+---------+---------+
       Total:                         72      0         0      
                                                               
    C:\ti\ccs2040\ccs\tools\compiler\ti-cgt-armllvm_4.0.4.LTS\lib\armv6m-ti-none-eabi/c/libc.a
       copy_decompress_lzss.c.obj     124     0         0      
       autoinit.c.obj                 60      0         0      
       boot_cortex_m.c.obj            56      0         0      
       copy_zero_init.c.obj           22      0         0      
       copy_decompress_none.c.obj     18      0         0      
       memcpy16.S.obj                 18      0         0      
       memset16.S.obj                 14      0         0      
       exit.c.obj                     6       0         0      
       pre_init.c.obj                 4       0         0      
    +--+------------------------------+-------+---------+---------+
       Total:                         322     0         0      
                                                               
    C:\ti\ccs2040\ccs\tools\compiler\ti-cgt-armllvm_4.0.4.LTS\lib\armv6m-ti-none-eabi/c/libsysbm.a
       hostexit.c.obj                 4       0         0      
    +--+------------------------------+-------+---------+---------+
       Total:                         4       0         0      
                                                               
    C:\ti\ccs2040\ccs\tools\compiler\ti-cgt-armllvm_4.0.4.LTS\lib\armv6m-ti-none-eabi/libclang_rt.builtins.a
       adddf3.S.obj                   402     0         0      
       divdf3.S.obj                   268     0         0      
       muldf3.S.obj                   228     0         0      
       comparedf2.c.obj               220     0         0      
       aeabi_dcmp.S.obj               98      0         0      
       fixdfsi.S.obj                  74      0         0      
       fixunsdfsi.S.obj               66      0         0      
       aeabi_uidivmod.S.obj           64      0         0      
       muldsi3.S.obj                  58      0         0      
       fixsfsi.S.obj                  56      0         0      
       floatsidf.S.obj                44      0         0      
       floatunsidf.S.obj              36      0         0      
       aeabi_memset.S.obj             12      0         0      
       aeabi_memcpy.S.obj             8       0         0      
       aeabi_div0.c.obj               2       0         0      
    +--+------------------------------+-------+---------+---------+
       Total:                         1636    0         0      
                                                               
       Stack:                         0       0         512    
       Linker Generated:              0       53        0      
    +--+------------------------------+-------+---------+---------+
       Grand Total:                   11314   2449      784    


LINKER GENERATED COPY TABLES

__TI_cinit_table @ 000035d0 records: 2, size/record: 8, table size: 16
	.data: load addr=000035a8, load size=00000011 bytes, run addr=202000f8, run size=00000018 bytes, compression=lzss
	.bss: load addr=000035c8, load size=00000008 bytes, run addr=20200000, run size=000000f8 bytes, compression=zero_init


LINKER GENERATED HANDLER TABLE

__TI_handler_table @ 000035bc records: 3, size/record: 4, table size: 12
	index: 0, handler: __TI_decompress_lzss
	index: 1, handler: __TI_decompress_none
	index: 2, handler: __TI_zero_init


FAR CALL TRAMPOLINES

callee name               trampoline name
   callee addr  tramp addr   call addr  call info
--------------  -----------  ---------  ----------------
_c_int00_noargs           $Tramp$TT$L$PI$$_c_int00_noargs
   00002261     00002cec     00002ce6   startup_mspm0g350x_ticlang.o (.text.Reset_Handler)

[1 trampolines]
[1 trampoline calls]


GLOBAL SYMBOLS: SORTED ALPHABETICALLY BY Name 

address   name                                 
-------   ----                                 
00001529  ADC0_IRQHandler                      
000015e9  ADC1_IRQHandler                      
00002cdf  AES_IRQHandler                       
0000233d  Audio_Init                           
000011e9  Audio_Set_Waveform                   
000023fd  Audio_Start                          
00001dad  Audio_Stop                           
000016f5  Audio_Update_Frequency               
00001fa9  Audio_Update_Volume                  
00002ce2  C$$EXIT                              
00002cdf  CANFD0_IRQHandler                    
00002cdf  DAC0_IRQHandler                      
0000183d  DL_ADC12_setClockConfig              
00002af5  DL_Common_delayCycles                
00001de1  DL_I2C_setClockConfig                
00000db5  DL_RTC_Common_initCalendar           
00001a05  DL_SPI_init                          
000022d5  DL_SPI_setClockConfig                
000021c1  DL_SYSCTL_configFCC                  
00000bf5  DL_SYSCTL_configSYSPLL               
00001921  DL_SYSCTL_switchMCLKfromSYSOSCtoHSCLK
00000941  DL_Timer_initFourCCPWMMode           
00000421  DL_Timer_initTimerMode               
00001e15  DL_Timer_setCaptCompUpdateMethod     
00001e49  DL_Timer_setCaptureCompareAction     
00001b9d  DL_Timer_setCaptureCompareCtl        
00001e7d  DL_Timer_setCaptureCompareInput      
00001b1d  DL_Timer_setCaptureCompareOutCtl     
00001fd5  DL_Timer_setCaptureCompareValue      
00001eb1  DL_Timer_setClockConfig              
00001ee5  DL_VREF_configReference              
00002cdf  DMA_IRQHandler                       
00002cdf  Default_Handler                      
00002cdf  GROUP0_IRQHandler                    
00002cdf  GROUP1_IRQHandler                    
00002ce3  HOSTexit                             
00002cdf  HardFault_Handler                    
00002cdf  I2C0_IRQHandler                      
00002cdf  I2C1_IRQHandler                      
00002cdf  NMI_Handler                          
00002cdf  PendSV_Handler                       
0000041f  Process_Accelerometer                
0000074d  Process_Buttons                      
00000ff1  Process_Joystick                     
00002cdf  RTC_IRQHandler                       
00002ce7  Reset_Handler                        
00002cdf  SPI0_IRQHandler                      
00002cdf  SPI1_IRQHandler                      
00002cdf  SVC_Handler                          
0000109d  SYSCFG_DL_ADC_ACCEL_init             
00000e8d  SYSCFG_DL_ADC_MIC_JOY_init           
000000c1  SYSCFG_DL_GPIO_init                  
00001645  SYSCFG_DL_I2C_0_init                 
0000169d  SYSCFG_DL_I2C_1_init                 
00001375  SYSCFG_DL_PWM_AUDIO_init             
00002239  SYSCFG_DL_RTC_init                   
00001a4d  SYSCFG_DL_SPI_LCD_init               
000026b9  SYSCFG_DL_SYSCTL_CLK_init            
00000f41  SYSCFG_DL_SYSCTL_SYSPLL_init         
00001145  SYSCFG_DL_SYSCTL_init                
00001749  SYSCFG_DL_TIMER_SAMPLE_init          
000026d5  SYSCFG_DL_VREF_init                  
000017ed  SYSCFG_DL_init                       
00000a2d  SYSCFG_DL_initPower                  
00002cdf  SysTick_Handler                      
00001c51  System_Init                          
00002cdf  TIMA0_IRQHandler                     
00002cdf  TIMA1_IRQHandler                     
00002cdf  TIMG0_IRQHandler                     
00002cdf  TIMG12_IRQHandler                    
00002cdf  TIMG6_IRQHandler                     
00000cd5  TIMG7_IRQHandler                     
00002cdf  TIMG8_IRQHandler                     
00002c1b  TI_memcpy_small                      
00002c91  TI_memset_small                      
00002cdf  UART0_IRQHandler                     
00002cdf  UART1_IRQHandler                     
00002cdf  UART2_IRQHandler                     
00002cdf  UART3_IRQHandler                     
00002a71  _IQ24div                             
00001f79  _IQ24toF                             
20208000  __STACK_END                          
00000200  __STACK_SIZE                         
00000000  __TI_ATRegion0_region_sz             
00000000  __TI_ATRegion0_src_addr              
00000000  __TI_ATRegion0_trg_addr              
00000000  __TI_ATRegion1_region_sz             
00000000  __TI_ATRegion1_src_addr              
00000000  __TI_ATRegion1_trg_addr              
00000000  __TI_ATRegion2_region_sz             
00000000  __TI_ATRegion2_src_addr              
00000000  __TI_ATRegion2_trg_addr              
000035d0  __TI_CINIT_Base                      
000035e0  __TI_CINIT_Limit                     
000035e0  __TI_CINIT_Warm                      
000035bc  __TI_Handler_Table_Base              
000035c8  __TI_Handler_Table_Limit             
00001c8d  __TI_auto_init_nobinit_nopinit       
000012f9  __TI_decompress_lzss                 
00002c2d  __TI_decompress_none                 
ffffffff  __TI_pprof_out_hndl                  
ffffffff  __TI_prof_data_size                  
ffffffff  __TI_prof_data_start                 
00000000  __TI_static_base__                   
00002acb  __TI_zero_init_nomemset              
00000297  __adddf3                             
000019b9  __aeabi_d2iz                         
00001ad9  __aeabi_d2uiz                        
00000297  __aeabi_dadd                         
000014c5  __aeabi_dcmpeq                       
00001501  __aeabi_dcmpge                       
00001515  __aeabi_dcmpgt                       
000014ed  __aeabi_dcmple                       
000014d9  __aeabi_dcmplt                       
00000641  __aeabi_ddiv                         
00000b11  __aeabi_dmul                         
0000028d  __aeabi_dsub                         
00001d75  __aeabi_f2iz                         
0000202d  __aeabi_i2d                          
00001527  __aeabi_idiv0                        
00002cc5  __aeabi_memclr                       
00002cc5  __aeabi_memclr4                      
00002cc5  __aeabi_memclr8                      
00002cd1  __aeabi_memcpy                       
00002cd1  __aeabi_memcpy4                      
00002cd1  __aeabi_memcpy8                      
000022f9  __aeabi_ui2d                         
00001b5d  __aeabi_uidiv                        
00001b5d  __aeabi_uidivmod                     
ffffffff  __binit__                            
0000145d  __cmpdf2                             
00000641  __divdf3                             
0000145d  __eqdf2                              
000019b9  __fixdfsi                            
00001d75  __fixsfsi                            
00001ad9  __fixunsdfsi                         
0000202d  __floatsidf                          
000022f9  __floatunsidf                        
000013e9  __gedf2                              
000013e9  __gtdf2                              
0000145d  __ledf2                              
0000145d  __ltdf2                              
UNDEFED   __mpu_init                           
00000b11  __muldf3                             
00001cc9  __muldsi3                            
0000145d  __nedf2                              
20207e00  __stack                              
20200000  __start___llvm_prf_bits              
20200000  __start___llvm_prf_cnts              
20200000  __stop___llvm_prf_bits               
20200000  __stop___llvm_prf_cnts               
0000028d  __subdf3                             
00002261  _c_int00_noargs                      
UNDEFED   _system_post_cinit                   
00002d01  _system_pre_init                     
00002cd9  abort                                
ffffffff  binit                                
202000d0  gSPI_LCDBackup                       
202000a0  gSynthState                          
20200000  gTIMER_SAMPLEBackup                  
00000000  interruptVectors                     
00000849  main                                 
00002d08  wavetable_sawtooth                   
00002f08  wavetable_sine                       
00003108  wavetable_square                     
00003308  wavetable_triangle                   


GLOBAL SYMBOLS: SORTED BY Symbol Address 

address   name                                 
-------   ----                                 
00000000  __TI_ATRegion0_region_sz             
00000000  __TI_ATRegion0_src_addr              
00000000  __TI_ATRegion0_trg_addr              
00000000  __TI_ATRegion1_region_sz             
00000000  __TI_ATRegion1_src_addr              
00000000  __TI_ATRegion1_trg_addr              
00000000  __TI_ATRegion2_region_sz             
00000000  __TI_ATRegion2_src_addr              
00000000  __TI_ATRegion2_trg_addr              
00000000  __TI_static_base__                   
00000000  interruptVectors                     
000000c1  SYSCFG_DL_GPIO_init                  
00000200  __STACK_SIZE                         
0000028d  __aeabi_dsub                         
0000028d  __subdf3                             
00000297  __adddf3                             
00000297  __aeabi_dadd                         
0000041f  Process_Accelerometer                
00000421  DL_Timer_initTimerMode               
00000641  __aeabi_ddiv                         
00000641  __divdf3                             
0000074d  Process_Buttons                      
00000849  main                                 
00000941  DL_Timer_initFourCCPWMMode           
00000a2d  SYSCFG_DL_initPower                  
00000b11  __aeabi_dmul                         
00000b11  __muldf3                             
00000bf5  DL_SYSCTL_configSYSPLL               
00000cd5  TIMG7_IRQHandler                     
00000db5  DL_RTC_Common_initCalendar           
00000e8d  SYSCFG_DL_ADC_MIC_JOY_init           
00000f41  SYSCFG_DL_SYSCTL_SYSPLL_init         
00000ff1  Process_Joystick                     
0000109d  SYSCFG_DL_ADC_ACCEL_init             
00001145  SYSCFG_DL_SYSCTL_init                
000011e9  Audio_Set_Waveform                   
000012f9  __TI_decompress_lzss                 
00001375  SYSCFG_DL_PWM_AUDIO_init             
000013e9  __gedf2                              
000013e9  __gtdf2                              
0000145d  __cmpdf2                             
0000145d  __eqdf2                              
0000145d  __ledf2                              
0000145d  __ltdf2                              
0000145d  __nedf2                              
000014c5  __aeabi_dcmpeq                       
000014d9  __aeabi_dcmplt                       
000014ed  __aeabi_dcmple                       
00001501  __aeabi_dcmpge                       
00001515  __aeabi_dcmpgt                       
00001527  __aeabi_idiv0                        
00001529  ADC0_IRQHandler                      
000015e9  ADC1_IRQHandler                      
00001645  SYSCFG_DL_I2C_0_init                 
0000169d  SYSCFG_DL_I2C_1_init                 
000016f5  Audio_Update_Frequency               
00001749  SYSCFG_DL_TIMER_SAMPLE_init          
000017ed  SYSCFG_DL_init                       
0000183d  DL_ADC12_setClockConfig              
00001921  DL_SYSCTL_switchMCLKfromSYSOSCtoHSCLK
000019b9  __aeabi_d2iz                         
000019b9  __fixdfsi                            
00001a05  DL_SPI_init                          
00001a4d  SYSCFG_DL_SPI_LCD_init               
00001ad9  __aeabi_d2uiz                        
00001ad9  __fixunsdfsi                         
00001b1d  DL_Timer_setCaptureCompareOutCtl     
00001b5d  __aeabi_uidiv                        
00001b5d  __aeabi_uidivmod                     
00001b9d  DL_Timer_setCaptureCompareCtl        
00001c51  System_Init                          
00001c8d  __TI_auto_init_nobinit_nopinit       
00001cc9  __muldsi3                            
00001d75  __aeabi_f2iz                         
00001d75  __fixsfsi                            
00001dad  Audio_Stop                           
00001de1  DL_I2C_setClockConfig                
00001e15  DL_Timer_setCaptCompUpdateMethod     
00001e49  DL_Timer_setCaptureCompareAction     
00001e7d  DL_Timer_setCaptureCompareInput      
00001eb1  DL_Timer_setClockConfig              
00001ee5  DL_VREF_configReference              
00001f79  _IQ24toF                             
00001fa9  Audio_Update_Volume                  
00001fd5  DL_Timer_setCaptureCompareValue      
0000202d  __aeabi_i2d                          
0000202d  __floatsidf                          
000021c1  DL_SYSCTL_configFCC                  
00002239  SYSCFG_DL_RTC_init                   
00002261  _c_int00_noargs                      
000022d5  DL_SPI_setClockConfig                
000022f9  __aeabi_ui2d                         
000022f9  __floatunsidf                        
0000233d  Audio_Init                           
000023fd  Audio_Start                          
000026b9  SYSCFG_DL_SYSCTL_CLK_init            
000026d5  SYSCFG_DL_VREF_init                  
00002a71  _IQ24div                             
00002acb  __TI_zero_init_nomemset              
00002af5  DL_Common_delayCycles                
00002c1b  TI_memcpy_small                      
00002c2d  __TI_decompress_none                 
00002c91  TI_memset_small                      
00002cc5  __aeabi_memclr                       
00002cc5  __aeabi_memclr4                      
00002cc5  __aeabi_memclr8                      
00002cd1  __aeabi_memcpy                       
00002cd1  __aeabi_memcpy4                      
00002cd1  __aeabi_memcpy8                      
00002cd9  abort                                
00002cdf  AES_IRQHandler                       
00002cdf  CANFD0_IRQHandler                    
00002cdf  DAC0_IRQHandler                      
00002cdf  DMA_IRQHandler                       
00002cdf  Default_Handler                      
00002cdf  GROUP0_IRQHandler                    
00002cdf  GROUP1_IRQHandler                    
00002cdf  HardFault_Handler                    
00002cdf  I2C0_IRQHandler                      
00002cdf  I2C1_IRQHandler                      
00002cdf  NMI_Handler                          
00002cdf  PendSV_Handler                       
00002cdf  RTC_IRQHandler                       
00002cdf  SPI0_IRQHandler                      
00002cdf  SPI1_IRQHandler                      
00002cdf  SVC_Handler                          
00002cdf  SysTick_Handler                      
00002cdf  TIMA0_IRQHandler                     
00002cdf  TIMA1_IRQHandler                     
00002cdf  TIMG0_IRQHandler                     
00002cdf  TIMG12_IRQHandler                    
00002cdf  TIMG6_IRQHandler                     
00002cdf  TIMG8_IRQHandler                     
00002cdf  UART0_IRQHandler                     
00002cdf  UART1_IRQHandler                     
00002cdf  UART2_IRQHandler                     
00002cdf  UART3_IRQHandler                     
00002ce2  C$$EXIT                              
00002ce3  HOSTexit                             
00002ce7  Reset_Handler                        
00002d01  _system_pre_init                     
00002d08  wavetable_sawtooth                   
00002f08  wavetable_sine                       
00003108  wavetable_square                     
00003308  wavetable_triangle                   
000035bc  __TI_Handler_Table_Base              
000035c8  __TI_Handler_Table_Limit             
000035d0  __TI_CINIT_Base                      
000035e0  __TI_CINIT_Limit                     
000035e0  __TI_CINIT_Warm                      
20200000  __start___llvm_prf_bits              
20200000  __start___llvm_prf_cnts              
20200000  __stop___llvm_prf_bits               
20200000  __stop___llvm_prf_cnts               
20200000  gTIMER_SAMPLEBackup                  
202000a0  gSynthState                          
202000d0  gSPI_LCDBackup                       
20207e00  __stack                              
20208000  __STACK_END                          
ffffffff  __TI_pprof_out_hndl                  
ffffffff  __TI_prof_data_size                  
ffffffff  __TI_prof_data_start                 
ffffffff  __binit__                            
ffffffff  binit                                
UNDEFED   __mpu_init                           
UNDEFED   _system_post_cinit                   

[166 symbols]
