******************************************************************************
            TI ARM Clang Linker PC v4.0.4                      
******************************************************************************
>> Linked Thu Dec 18 08:00:08 2025

OUTPUT FILE NAME:   <Motion_Music_studio.out>
ENTRY POINT SYMBOL: "_c_int00_noargs"  address: 00004891


MEMORY CONFIGURATION

         name            origin    length      used     unused   attr    fill
----------------------  --------  ---------  --------  --------  ----  --------
  FLASH                 00000000   00020000  00005270  0001ad90  R  X
  SRAM                  20200000   00008000  000004ff  00007b01  RW X
  BCR_CONFIG            41c00000   000000ff  00000000  000000ff  R   
  BSL_CONFIG            41c00100   00000080  00000000  00000080  R   


SEGMENT ALLOCATION MAP

run origin  load origin   length   init length attrs members
----------  ----------- ---------- ----------- ----- -------
00000000    00000000    00005270   00005270    r-x
  00000000    00000000    000000c0   000000c0    r-- .intvecs
  000000c0    000000c0    00004ab0   00004ab0    r-x .text
  00004b70    00004b70    000006c0   000006c0    r-- .rodata
  00005230    00005230    00000040   00000040    r-- .cinit
20200000    20200000    000002ff   00000000    rw-
  20200000    20200000    000002c8   00000000    rw- .bss
  202002c8    202002c8    00000037   00000000    rw- .data
20207e00    20207e00    00000200   00000000    rw-
  20207e00    20207e00    00000200   00000000    rw- .stack


SECTION ALLOCATION MAP

 output                                  attributes/
section   page    origin      length       input sections
--------  ----  ----------  ----------   ----------------
.intvecs   0    00000000    000000c0     
                  00000000    000000c0     startup_mspm0g3507_minimal.o (.intvecs)

.text      0    000000c0    00004ab0     
                  000000c0    000009d0     libc.a : _printfi.c.obj (.text:__TI_printfi)
                  00000a90    00000644            : k_rem_pio2.c.obj (.text.__kernel_rem_pio2)
                  000010d4    00000378     lcd_driver.o (.text.LCD_DrawWaveform)
                  0000144c    00000338     lcd_driver.o (.text.LCD_DrawLine)
                  00001784    0000024c     main.o (.text.main)
                  000019d0    00000220     libc.a : _printfi.c.obj (.text._pconv_a)
                  00001bf0    000001dc            : _printfi.c.obj (.text._pconv_g)
                  00001dcc    000001c8            : s_sinf.c.obj (.text.sinf)
                  00001f94    00000192     libclang_rt.builtins.a : adddf3.S.obj (.text.adddf3_subdf3)
                  00002126    00000002     startup_mspm0g3507_minimal.o (.text.Default_Handler)
                  00002128    00000180     lcd_driver.o (.text.LCD_FillRect)
                  000022a8    0000016c     lcd_driver.o (.text.LCD_Init)
                  00002414    00000148     main.o (.text.Update_Display)
                  0000255c    00000144     libc.a : s_floor.c.obj (.text.floor)
                  000026a0    0000013c            : _printfi.c.obj (.text.fcvt)
                  000027dc    00000134     ti_msp_dl_config.o (.text.SYSCFG_DL_GPIO_init)
                  00002910    00000130     lcd_driver.o (.text.LCD_DrawChar)
                  00002a40    00000120     libc.a : _printfi.c.obj (.text._pconv_e)
                  00002b60    0000011c     lcd_driver.o (.text.LCD_Clear)
                  00002c7c    00000118     lcd_driver.o (.text.LCD_SetWindow)
                  00002d94    0000010c     libclang_rt.builtins.a : divdf3.S.obj (.text.__divdf3)
                  00002ea0    00000104     dl_timer.o (.text.DL_Timer_initFourCCPWMMode)
                  00002fa4    000000fc     dl_timer.o (.text.DL_Timer_initTimerMode)
                  000030a0    000000e4     libclang_rt.builtins.a : muldf3.S.obj (.text.__muldf3)
                  00003184    000000dc     dl_sysctl_mspm0g1x0x_g3x0x.o (.text.DL_SYSCTL_configSYSPLL)
                  00003260    000000d8     libc.a : s_scalbn.c.obj (.text.scalbn)
                  00003338    000000d8     libclang_rt.builtins.a : addsf3.S.obj (.text)
                  00003410    000000d4     main.o (.text.TIMG7_IRQHandler)
                  000034e4    000000c0     lcd_driver.o (.text.LCD_FillCircle)
                  000035a4    000000ac     ti_msp_dl_config.o (.text.SYSCFG_DL_SYSCTL_init)
                  00003650    000000ac     libc.a : s_sinf.c.obj (.text.__kernel_sindf)
                  000036fc    000000a2     libclang_rt.builtins.a : udivmoddi4.S.obj (.text)
                  0000379e    00000002                            : aeabi_div0.c.obj (.text.__aeabi_idiv0)
                  000037a0    0000009c     libc.a : s_sinf.c.obj (.text.__kernel_cosdf)
                  0000383c    0000009a            : memcpy16.S.obj (.text:memcpy)
                  000038d6    00000002     libclang_rt.builtins.a : aeabi_div0.c.obj (.text.__aeabi_ldiv0)
                  000038d8    0000008c                            : mulsf3.S.obj (.text.__mulsf3)
                  00003964    00000088     ti_msp_dl_config.o (.text.SYSCFG_DL_ADC_ACCEL_init)
                  000039ec    00000082     libclang_rt.builtins.a : divsf3.S.obj (.text.__divsf3)
                  00003a6e    00000002     --HOLE-- [fill = 0]
                  00003a70    00000080     ti_msp_dl_config.o (.text.SYSCFG_DL_ADC_MIC_JOY_init)
                  00003af0    0000007c     ti_msp_dl_config.o (.text.SYSCFG_DL_initPower)
                  00003b6c    0000007c     libc.a : copy_decompress_lzss.c.obj (.text:decompress:lzss)
                  00003be8    00000078     ti_msp_dl_config.o (.text.SYSCFG_DL_PWM_AUDIO_init)
                  00003c60    00000074     libclang_rt.builtins.a : comparedf2.c.obj (.text.__gedf2)
                  00003cd4    0000000a     dl_common.o (.text.DL_Common_delayCycles)
                  00003cde    00000002     --HOLE-- [fill = 0]
                  00003ce0    00000074     libclang_rt.builtins.a : truncdfsf2.S.obj (.text.__truncdfsf2)
                  00003d54    00000068                            : comparedf2.c.obj (.text.__ledf2)
                  00003dbc    00000066     libc.a : _printfi.c.obj (.text._mcpy)
                  00003e22    00000002     --HOLE-- [fill = 0]
                  00003e24    00000062     libclang_rt.builtins.a : aeabi_dcmp.S.obj (.text.__aeabi_dcmp)
                  00003e86    00000002     --HOLE-- [fill = 0]
                  00003e88    00000062                            : aeabi_fcmp.S.obj (.text.__aeabi_fcmp)
                  00003eea    00000062     libc.a : memset16.S.obj (.text:memset)
                  00003f4c    00000060     main.o (.text.delay_ms)
                  00003fac    0000005c     libc.a : s_frexp.c.obj (.text.frexp)
                  00004008    0000005a     lcd_driver.o (.text.LCD_DrawRect)
                  00004062    00000058     libc.a : _ltoa.c.obj (.text.__TI_ltoa)
                  000040ba    00000058            : _printfi.c.obj (.text._pconv_f)
                  00004112    00000002     --HOLE-- [fill = 0]
                  00004114    00000056     libclang_rt.builtins.a : aeabi_idivmod.S.obj (.text.__aeabi_idivmod)
                  0000416a    00000002     --HOLE-- [fill = 0]
                  0000416c    00000054     ti_msp_dl_config.o (.text.SYSCFG_DL_I2C_SENSORS_init)
                  000041c0    00000052     libc.a : _printfi.c.obj (.text._ecpy)
                  00004212    00000002     --HOLE-- [fill = 0]
                  00004214    00000050     main.o (.text.GPIOA_IRQHandler)
                  00004264    0000004c     ti_msp_dl_config.o (.text.SYSCFG_DL_SPI_LCD_init)
                  000042b0    0000004c     ti_msp_dl_config.o (.text.SYSCFG_DL_TIMER_SAMPLE_init)
                  000042fc    0000004c     libc.a : snprintf.c.obj (.text.snprintf)
                  00004348    0000004a     libclang_rt.builtins.a : fixdfsi.S.obj (.text.__fixdfsi)
                  00004392    00000002     --HOLE-- [fill = 0]
                  00004394    00000048     ti_msp_dl_config.o (.text.SYSCFG_DL_init)
                  000043dc    00000044     dl_spi.o (.text.DL_SPI_init)
                  00004420    00000044     dl_sysctl_mspm0g1x0x_g3x0x.o (.text.DL_SYSCTL_switchMCLKfromSYSOSCtoHSCLK)
                  00004464    00000042     libclang_rt.builtins.a : fixunsdfsi.S.obj (.text.__fixunsdfsi)
                  000044a6    00000002     --HOLE-- [fill = 0]
                  000044a8    00000040     dl_adc12.o (.text.DL_ADC12_setClockConfig)
                  000044e8    00000040     libclang_rt.builtins.a : aeabi_uidivmod.S.obj (.text.__aeabi_uidivmod)
                  00004528    00000040                            : extendsfdf2.S.obj (.text.__extendsfdf2)
                  00004568    00000040     libc.a : atoi.c.obj (.text.atoi)
                  000045a8    0000003c     main.o (.text.ADC0_IRQHandler)
                  000045e4    0000003c     main.o (.text.ADC1_IRQHandler)
                  00004620    0000003c     libclang_rt.builtins.a : floatsisf.S.obj (.text.__floatsisf)
                  0000465c    0000003c                            : comparesf2.S.obj (.text.__gtsf2)
                  00004698    0000003c     libc.a : autoinit.c.obj (.text:__TI_auto_init_nobinit_nopinit)
                  000046d4    0000003a     libclang_rt.builtins.a : comparesf2.S.obj (.text.__eqsf2)
                  0000470e    00000002     --HOLE-- [fill = 0]
                  00004710    0000003a                            : muldsi3.S.obj (.text.__muldsi3)
                  0000474a    00000002     --HOLE-- [fill = 0]
                  0000474c    00000038                            : fixsfsi.S.obj (.text.__fixsfsi)
                  00004784    00000030     libc.a : _printfi.c.obj (.text._fcpy)
                  000047b4    00000030            : snprintf.c.obj (.text._outs)
                  000047e4    0000002e     lcd_driver.o (.text.LCD_DrawString)
                  00004812    00000002     --HOLE-- [fill = 0]
                  00004814    0000002c     libclang_rt.builtins.a : floatsidf.S.obj (.text.__floatsidf)
                  00004840    00000028     ti_msp_dl_config.o (.text.SYSCFG_DL_SYSCTL_CLK_init)
                  00004868    00000028     libclang_rt.builtins.a : floatunsisf.S.obj (.text.__floatunsisf)
                  00004890    00000028     libc.a : boot_cortex_m.c.obj (.text:_c_int00_noargs)
                  000048b8    00000026     dl_i2c.o (.text.DL_I2C_setClockConfig)
                  000048de    00000002     --HOLE-- [fill = 0]
                  000048e0    00000024     libclang_rt.builtins.a : muldi3.S.obj (.text.__muldi3)
                  00004904    00000022     dl_vref.o (.text.DL_VREF_configReference)
                  00004926    00000022     libc.a : memccpy.c.obj (.text.memccpy)
                  00004948    0000001e     libclang_rt.builtins.a : ashldi3.S.obj (.text.__ashldi3)
                  00004966    00000002     --HOLE-- [fill = 0]
                  00004968    0000001c     dl_sysctl_mspm0g1x0x_g3x0x.o (.text.DL_SYSCTL_configFCC)
                  00004984    0000001c     dl_timer.o (.text.DL_Timer_setCaptCompUpdateMethod)
                  000049a0    0000001c     dl_timer.o (.text.DL_Timer_setClockConfig)
                  000049bc    0000001c     ti_msp_dl_config.o (.text.SYSCFG_DL_VREF_init)
                  000049d8    00000018     dl_timer.o (.text.DL_Timer_setCaptureCompareOutCtl)
                  000049f0    00000018     libc.a : snprintf.c.obj (.text._outc)
                  00004a08    00000016            : k_rem_pio2.c.obj (.text.OUTLINED_FUNCTION_0)
                  00004a1e    00000002     --HOLE-- [fill = 0]
                  00004a20    00000010     libclang_rt.builtins.a : adddf3.S.obj (.tramp.__aeabi_dadd.1)
                  00004a30    00000016     libc.a : copy_zero_init.c.obj (.text:decompress:ZI:__TI_zero_init_nomemset)
                  00004a46    00000002     --HOLE-- [fill = 0]
                  00004a48    00000014     libclang_rt.builtins.a : aeabi_uldivmod.S.obj (.text.__aeabi_uldivmod)
                  00004a5c    00000014     libc.a : _printfi.c.obj (.text.strchr)
                  00004a70    00000012     dl_spi.o (.text.DL_SPI_setClockConfig)
                  00004a82    00000012     libc.a : copy_decompress_none.c.obj (.text:decompress:none)
                  00004a94    00000010     dl_timer.o (.text.DL_Timer_setCaptureCompareValue)
                  00004aa4    00000010     libc.a : k_rem_pio2.c.obj (.text.OUTLINED_FUNCTION_2)
                  00004ab4    00000010            : wcslen.c.obj (.text.wcslen)
                  00004ac4    0000000e     libclang_rt.builtins.a : aeabi_memset.S.obj (.text.__aeabi_memset)
                  00004ad2    0000000e     libc.a : _printfi.c.obj (.text.strlen)
                  00004ae0    0000000a            : _printfi.c.obj (.text.OUTLINED_FUNCTION_0)
                  00004aea    00000002     --HOLE-- [fill = 0]
                  00004aec    00000010     libclang_rt.builtins.a : adddf3.S.obj (.tramp.__aeabi_dsub.1)
                  00004afc    0000000a     libc.a : _printfi.c.obj (.text.OUTLINED_FUNCTION_1)
                  00004b06    0000000a            : k_rem_pio2.c.obj (.text.OUTLINED_FUNCTION_1)
                  00004b10    0000000a            : s_sinf.c.obj (.text.OUTLINED_FUNCTION_3)
                  00004b1a    00000002     --HOLE-- [fill = 0]
                  00004b1c    00000008            : aeabi_portable.c.obj (.text.__aeabi_errno_addr)
                  00004b24    00000008     libclang_rt.builtins.a : aeabi_memcpy.S.obj (.text.__aeabi_memcpy)
                  00004b2c    00000006     libc.a : s_sinf.c.obj (.text.OUTLINED_FUNCTION_0)
                  00004b32    00000002     --HOLE-- [fill = 0]
                  00004b34    00000010     libclang_rt.builtins.a : muldf3.S.obj (.tramp.__aeabi_dmul.1)
                  00004b44    00000006     libc.a : s_sinf.c.obj (.text.OUTLINED_FUNCTION_1)
                  00004b4a    00000006     startup_mspm0g3507_minimal.o (.text.ResetISR)
                  00004b50    00000006     libc.a : exit.c.obj (.text:abort)
                  00004b56    00000004     libsysbm.a : hostexit.c.obj (.text.HOSTexit)
                  00004b5a    00000004     libc.a : s_sinf.c.obj (.text.OUTLINED_FUNCTION_2)
                  00004b5e    00000004            : pre_init.c.obj (.text._system_pre_init)
                  00004b62    0000000e     --HOLE-- [fill = 0]

.cinit     0    00005230    00000040     
                  00005230    00000017     (.cinit..data.load) [load image, compression = lzss]
                  00005247    00000001     --HOLE-- [fill = 0]
                  00005248    0000000c     (__TI_handler_table)
                  00005254    00000008     (.cinit..bss.load) [load image, compression = zero_init]
                  0000525c    00000010     (__TI_cinit_table)
                  0000526c    00000004     --HOLE-- [fill = 0]

.rodata    0    00004b70    000006c0     
                  00004b70    00000200     main.o (.rodata.sine_table)
                  00004d70    00000127     lcd_driver.o (.rodata.font_5x7)
                  00004e97    00000001     --HOLE-- [fill = 0]
                  00004e98    00000108     libc.a : k_rem_pio2.c.obj (.rodata.ipio2)
                  00004fa0    00000101            : aeabi_ctype.S.obj (.rodata:__aeabi_ctype_table_)
                  000050a1    00000007     main.o (.rodata.str1.12180500075719773345.1)
                  000050a8    00000040     libc.a : k_rem_pio2.c.obj (.rodata.PIo2)
                  000050e8    00000028     ti_msp_dl_config.o (.rodata.gSYSPLLConfig)
                  00005110    00000014     ti_msp_dl_config.o (.rodata.gTIMER_SAMPLETimerConfig)
                  00005124    00000012     main.o (.rodata.str1.8108965883388295311.1)
                  00005136    00000011     libc.a : _printfi.c.obj (.rodata.str1.10348868589481759720.1)
                  00005147    00000011            : _printfi.c.obj (.rodata.str1.15363888844622738466.1)
                  00005158    00000010     main.o (.rodata..L__const.Update_Display.wave_names)
                  00005168    00000010     libc.a : k_rem_pio2.c.obj (.rodata.cst16)
                  00005178    00000010     main.o (.rodata.cst16)
                  00005188    0000000e     main.o (.rodata.str1.9059077390166914652.1)
                  00005196    0000000c     main.o (.rodata.str1.8154729771448623357.1)
                  000051a2    0000000b     main.o (.rodata.str1.15159059442110792349.1)
                  000051ad    0000000b     main.o (.rodata.str1.16265332423659789559.1)
                  000051b8    0000000b     main.o (.rodata.str1.7702501944640899365.1)
                  000051c3    00000001     --HOLE-- [fill = 0]
                  000051c4    0000000a     ti_msp_dl_config.o (.rodata.gSPI_LCD_config)
                  000051ce    0000000a     main.o (.rodata.str1.15996357275703397564.1)
                  000051d8    00000008     ti_msp_dl_config.o (.rodata.gADC_ACCELClockConfig)
                  000051e0    00000008     ti_msp_dl_config.o (.rodata.gADC_MIC_JOYClockConfig)
                  000051e8    00000008     ti_msp_dl_config.o (.rodata.gPWM_AUDIOConfig)
                  000051f0    00000008     ti_msp_dl_config.o (.rodata.gVREFConfig)
                  000051f8    00000008     main.o (.rodata.str1.14402440632258215044.1)
                  00005200    00000008     main.o (.rodata.str1.2123964117280943167.1)
                  00005208    00000007     main.o (.rodata.str1.17100691992556644108.1)
                  0000520f    00000005     main.o (.rodata.str1.2846389346932560359.1)
                  00005214    00000004     main.o (.rodata.str1.14112174005742061988.1)
                  00005218    00000004     main.o (.rodata.str1.288608917962107522.1)
                  0000521c    00000003     ti_msp_dl_config.o (.rodata.gPWM_AUDIOClockConfig)
                  0000521f    00000003     ti_msp_dl_config.o (.rodata.gTIMER_SAMPLEClockConfig)
                  00005222    00000002     ti_msp_dl_config.o (.rodata.gI2C_SENSORSClockConfig)
                  00005224    00000002     ti_msp_dl_config.o (.rodata.gSPI_LCD_clockConfig)
                  00005226    0000000a     --HOLE-- [fill = 0]

.init_array 
*          0    00000000    00000000     UNINITIALIZED

.binit     0    00000000    00000000     

.bss       0    20200000    000002c8     UNINITIALIZED
                  20200000    00000200     startup_mspm0g3507_minimal.o (.bss.stack)
                  20200200    000000a0     (.common:gTIMER_SAMPLEBackup)
                  202002a0    00000028     (.common:gSPI_LCDBackup)

.data      0    202002c8    00000037     UNINITIALIZED
                  202002c8    00000020     main.o (.data.g_synthState)
                  202002e8    00000004     main.o (.data.Process_Input.last_update)
                  202002ec    00000004     libc.a : aeabi_portable.c.obj (.data.__aeabi_errno)
                  202002f0    00000004     main.o (.data.main.last_display)
                  202002f4    00000004     main.o (.data.phase)
                  202002f8    00000004     main.o (.data.phase_increment)
                  202002fc    00000001     main.o (.data.Process_Input.last_joy)
                  202002fd    00000001     main.o (.data.Process_Input.last_s1)
                  202002fe    00000001     main.o (.data.Process_Input.last_s2)

.stack     0    20207e00    00000200     UNINITIALIZED
                  20207e00    00000004     libc.a : boot_cortex_m.c.obj (.stack)
                  20207e04    000001fc     --HOLE--

__llvm_prf_cnts 
*          0    20200000    00000000     UNINITIALIZED

__llvm_prf_bits 
*          0    20200000    00000000     UNINITIALIZED

MODULE SUMMARY

       Module                         code    ro data   rw data
       ------                         ----    -------   -------
    .\
       main.o                         1424    674       51     
       ti_msp_dl_config.o             1364    112       200    
       startup_mspm0g3507_minimal.o   8       192       512    
    +--+------------------------------+-------+---------+---------+
       Total:                         2796    978       763    
                                                               
    .\lcd\
       lcd_driver.o                   3656    295       0      
    +--+------------------------------+-------+---------+---------+
       Total:                         3656    295       0      
                                                               
    .\ti\driverlib\
       dl_timer.o                     608     0         0      
       dl_spi.o                       86      0         0      
       dl_adc12.o                     64      0         0      
       dl_i2c.o                       38      0         0      
       dl_vref.o                      34      0         0      
       dl_common.o                    10      0         0      
    +--+------------------------------+-------+---------+---------+
       Total:                         840     0         0      
                                                               
    .\ti\driverlib\m0p\sysctl\
       dl_sysctl_mspm0g1x0x_g3x0x.o   316     0         0      
    +--+------------------------------+-------+---------+---------+
       Total:                         316     0         0      
                                                               
    C:\ti\ccs2040\ccs\tools\compiler\ti-cgt-armllvm_4.0.4.LTS\lib\armv6m-ti-none-eabi/c/libc.a
       _printfi.c.obj                 4510    34        0      
       k_rem_pio2.c.obj               1652    344       0      
       s_sinf.c.obj                   810     0         0      
       s_floor.c.obj                  324     0         0      
       aeabi_ctype.S.obj              0       257       0      
       s_scalbn.c.obj                 216     0         0      
       memcpy16.S.obj                 154     0         0      
       snprintf.c.obj                 148     0         0      
       copy_decompress_lzss.c.obj     124     0         0      
       memset16.S.obj                 98      0         0      
       s_frexp.c.obj                  92      0         0      
       _ltoa.c.obj                    88      0         0      
       atoi.c.obj                     64      0         0      
       autoinit.c.obj                 60      0         0      
       boot_cortex_m.c.obj            40      0         0      
       memccpy.c.obj                  34      0         0      
       copy_zero_init.c.obj           22      0         0      
       copy_decompress_none.c.obj     18      0         0      
       wcslen.c.obj                   16      0         0      
       aeabi_portable.c.obj           8       0         4      
       exit.c.obj                     6       0         0      
       pre_init.c.obj                 4       0         0      
    +--+------------------------------+-------+---------+---------+
       Total:                         8488    635       4      
                                                               
    C:\ti\ccs2040\ccs\tools\compiler\ti-cgt-armllvm_4.0.4.LTS\lib\armv6m-ti-none-eabi/c/libsysbm.a
       hostexit.c.obj                 4       0         0      
    +--+------------------------------+-------+---------+---------+
       Total:                         4       0         0      
                                                               
    C:\ti\ccs2040\ccs\tools\compiler\ti-cgt-armllvm_4.0.4.LTS\lib\armv6m-ti-none-eabi/libclang_rt.builtins.a
       adddf3.S.obj                   434     0         0      
       divdf3.S.obj                   268     0         0      
       muldf3.S.obj                   244     0         0      
       comparedf2.c.obj               220     0         0      
       addsf3.S.obj                   216     0         0      
       udivmoddi4.S.obj               162     0         0      
       mulsf3.S.obj                   140     0         0      
       divsf3.S.obj                   130     0         0      
       comparesf2.S.obj               118     0         0      
       truncdfsf2.S.obj               116     0         0      
       aeabi_dcmp.S.obj               98      0         0      
       aeabi_fcmp.S.obj               98      0         0      
       aeabi_idivmod.S.obj            86      0         0      
       fixdfsi.S.obj                  74      0         0      
       fixunsdfsi.S.obj               66      0         0      
       aeabi_uidivmod.S.obj           64      0         0      
       extendsfdf2.S.obj              64      0         0      
       floatsisf.S.obj                60      0         0      
       muldsi3.S.obj                  58      0         0      
       fixsfsi.S.obj                  56      0         0      
       floatsidf.S.obj                44      0         0      
       floatunsisf.S.obj              40      0         0      
       muldi3.S.obj                   36      0         0      
       ashldi3.S.obj                  30      0         0      
       aeabi_uldivmod.S.obj           20      0         0      
       aeabi_memset.S.obj             14      0         0      
       aeabi_memcpy.S.obj             8       0         0      
       aeabi_div0.c.obj               4       0         0      
    +--+------------------------------+-------+---------+---------+
       Total:                         2968    0         0      
                                                               
       Stack:                         0       0         512    
       Linker Generated:              0       59        0      
    +--+------------------------------+-------+---------+---------+
       Grand Total:                   19068   1967      1279   


LINKER GENERATED COPY TABLES

__TI_cinit_table @ 0000525c records: 2, size/record: 8, table size: 16
	.data: load addr=00005230, load size=00000017 bytes, run addr=202002c8, run size=00000037 bytes, compression=lzss
	.bss: load addr=00005254, load size=00000008 bytes, run addr=20200000, run size=000002c8 bytes, compression=zero_init


LINKER GENERATED HANDLER TABLE

__TI_handler_table @ 00005248 records: 3, size/record: 4, table size: 12
	index: 0, handler: __TI_decompress_lzss
	index: 1, handler: __TI_decompress_none
	index: 2, handler: __TI_zero_init


FAR CALL TRAMPOLINES

callee name               trampoline name
   callee addr  tramp addr   call addr  call info
--------------  -----------  ---------  ----------------
__aeabi_dadd              $Tramp$TT$L$PI$$__aeabi_dadd
   00001f9f     00004a20     00004a1c   libc.a : k_rem_pio2.c.obj (.text.OUTLINED_FUNCTION_0)
                             00004b0e          : k_rem_pio2.c.obj (.text.OUTLINED_FUNCTION_1)
                             00004b18          : s_sinf.c.obj (.text.OUTLINED_FUNCTION_3)
__aeabi_dsub              $Tramp$TT$L$PI$$__aeabi_dsub
   00001f95     00004aec     00004ae8   libc.a : _printfi.c.obj (.text.OUTLINED_FUNCTION_0)
__aeabi_dmul              $Tramp$TT$L$PI$$__aeabi_dmul
   000030a1     00004b34     00004b30   libc.a : s_sinf.c.obj (.text.OUTLINED_FUNCTION_0)
                             00004b48          : s_sinf.c.obj (.text.OUTLINED_FUNCTION_1)

[3 trampolines]
[6 trampoline calls]


GLOBAL SYMBOLS: SORTED ALPHABETICALLY BY Name 

address   name                                 
-------   ----                                 
000045a9  ADC0_IRQHandler                      
000045e5  ADC1_IRQHandler                      
00002127  AES_IRQHandler                       
00004b56  C$$EXIT                              
00002127  CANFD0_IRQHandler                    
000044a9  DL_ADC12_setClockConfig              
00003cd5  DL_Common_delayCycles                
000048b9  DL_I2C_setClockConfig                
000043dd  DL_SPI_init                          
00004a71  DL_SPI_setClockConfig                
00004969  DL_SYSCTL_configFCC                  
00003185  DL_SYSCTL_configSYSPLL               
00004421  DL_SYSCTL_switchMCLKfromSYSOSCtoHSCLK
00002ea1  DL_Timer_initFourCCPWMMode           
00002fa5  DL_Timer_initTimerMode               
00004985  DL_Timer_setCaptCompUpdateMethod     
000049d9  DL_Timer_setCaptureCompareOutCtl     
00004a95  DL_Timer_setCaptureCompareValue      
000049a1  DL_Timer_setClockConfig              
00004905  DL_VREF_configReference              
00002127  DMA_IRQHandler                       
00002127  Default_Handler                      
00004215  GPIOA_IRQHandler                     
00002127  GPIOB_IRQHandler                     
00002127  GROUP0_IRQHandler                    
00004b57  HOSTexit                             
00002127  HardFault_Handler                    
00002127  I2C0_IRQHandler                      
00002127  I2C1_IRQHandler                      
00002127  I2C2_IRQHandler                      
00002b61  LCD_Clear                            
00002911  LCD_DrawChar                         
0000144d  LCD_DrawLine                         
00004009  LCD_DrawRect                         
000047e5  LCD_DrawString                       
000010d5  LCD_DrawWaveform                     
000034e5  LCD_FillCircle                       
00002129  LCD_FillRect                         
000022a9  LCD_Init                             
00002127  NMI_Handler                          
00002127  PendSV_Handler                       
00002127  RTC_IRQHandler                       
00004b4b  ResetISR                             
00002127  SPI0_IRQHandler                      
00002127  SPI1_IRQHandler                      
00002127  SVC_Handler                          
00003965  SYSCFG_DL_ADC_ACCEL_init             
00003a71  SYSCFG_DL_ADC_MIC_JOY_init           
000027dd  SYSCFG_DL_GPIO_init                  
0000416d  SYSCFG_DL_I2C_SENSORS_init           
00003be9  SYSCFG_DL_PWM_AUDIO_init             
00004265  SYSCFG_DL_SPI_LCD_init               
00004841  SYSCFG_DL_SYSCTL_CLK_init            
000035a5  SYSCFG_DL_SYSCTL_init                
000042b1  SYSCFG_DL_TIMER_SAMPLE_init          
000049bd  SYSCFG_DL_VREF_init                  
00004395  SYSCFG_DL_init                       
00003af1  SYSCFG_DL_initPower                  
00002127  SysTick_Handler                      
00002127  TIMG0_IRQHandler                     
00002127  TIMG12_IRQHandler                    
00002127  TIMG14_IRQHandler                    
00002127  TIMG4_IRQHandler                     
00002127  TIMG6_IRQHandler                     
00003411  TIMG7_IRQHandler                     
00002127  TIMG8_IRQHandler                     
00002127  UART0_IRQHandler                     
00002127  UART1_IRQHandler                     
00002127  UART2_IRQHandler                     
00002127  UART3_IRQHandler                     
20208000  __STACK_END                          
00000200  __STACK_SIZE                         
00000000  __TI_ATRegion0_region_sz             
00000000  __TI_ATRegion0_src_addr              
00000000  __TI_ATRegion0_trg_addr              
00000000  __TI_ATRegion1_region_sz             
00000000  __TI_ATRegion1_src_addr              
00000000  __TI_ATRegion1_trg_addr              
00000000  __TI_ATRegion2_region_sz             
00000000  __TI_ATRegion2_src_addr              
00000000  __TI_ATRegion2_trg_addr              
0000525c  __TI_CINIT_Base                      
0000526c  __TI_CINIT_Limit                     
0000526c  __TI_CINIT_Warm                      
00005248  __TI_Handler_Table_Base              
00005254  __TI_Handler_Table_Limit             
00004699  __TI_auto_init_nobinit_nopinit       
00003b6d  __TI_decompress_lzss                 
00004a83  __TI_decompress_none                 
00004063  __TI_ltoa                            
ffffffff  __TI_pprof_out_hndl                  
000000c1  __TI_printfi                         
ffffffff  __TI_prof_data_size                  
ffffffff  __TI_prof_data_start                 
00000000  __TI_static_base__                   
00004a31  __TI_zero_init_nomemset              
00001f9f  __adddf3                             
00003343  __addsf3                             
00004fa0  __aeabi_ctype_table_                 
00004fa0  __aeabi_ctype_table_C                
00003ce1  __aeabi_d2f                          
00004349  __aeabi_d2iz                         
00004465  __aeabi_d2uiz                        
00001f9f  __aeabi_dadd                         
00003e25  __aeabi_dcmpeq                       
00003e61  __aeabi_dcmpge                       
00003e75  __aeabi_dcmpgt                       
00003e4d  __aeabi_dcmple                       
00003e39  __aeabi_dcmplt                       
00002d95  __aeabi_ddiv                         
000030a1  __aeabi_dmul                         
00001f95  __aeabi_dsub                         
202002ec  __aeabi_errno                        
00004b1d  __aeabi_errno_addr                   
00004529  __aeabi_f2d                          
0000474d  __aeabi_f2iz                         
00003343  __aeabi_fadd                         
00003e89  __aeabi_fcmpeq                       
00003ec5  __aeabi_fcmpge                       
00003ed9  __aeabi_fcmpgt                       
00003eb1  __aeabi_fcmple                       
00003e9d  __aeabi_fcmplt                       
000039ed  __aeabi_fdiv                         
000038d9  __aeabi_fmul                         
00003339  __aeabi_fsub                         
00004815  __aeabi_i2d                          
00004621  __aeabi_i2f                          
00004115  __aeabi_idiv                         
0000379f  __aeabi_idiv0                        
00004115  __aeabi_idivmod                      
000038d7  __aeabi_ldiv0                        
00004949  __aeabi_llsl                         
000048e1  __aeabi_lmul                         
00004b25  __aeabi_memcpy                       
00004b25  __aeabi_memcpy4                      
00004b25  __aeabi_memcpy8                      
00004ac5  __aeabi_memset                       
00004ac5  __aeabi_memset4                      
00004ac5  __aeabi_memset8                      
00004869  __aeabi_ui2f                         
000044e9  __aeabi_uidiv                        
000044e9  __aeabi_uidivmod                     
00004a49  __aeabi_uldivmod                     
00004949  __ashldi3                            
ffffffff  __binit__                            
00003d55  __cmpdf2                             
000046d5  __cmpsf2                             
00002d95  __divdf3                             
000039ed  __divsf3                             
00003d55  __eqdf2                              
000046d5  __eqsf2                              
00004529  __extendsfdf2                        
00004349  __fixdfsi                            
0000474d  __fixsfsi                            
00004465  __fixunsdfsi                         
00004815  __floatsidf                          
00004621  __floatsisf                          
00004869  __floatunsisf                        
00003c61  __gedf2                              
0000465d  __gesf2                              
00003c61  __gtdf2                              
0000465d  __gtsf2                              
00000a91  __kernel_rem_pio2                    
00003d55  __ledf2                              
000046d5  __lesf2                              
00003d55  __ltdf2                              
000046d5  __ltsf2                              
UNDEFED   __mpu_init                           
000030a1  __muldf3                             
000048e1  __muldi3                             
00004711  __muldsi3                            
000038d9  __mulsf3                             
00003d55  __nedf2                              
000046d5  __nesf2                              
20207e00  __stack                              
20200000  __start___llvm_prf_bits              
20200000  __start___llvm_prf_cnts              
20200000  __stop___llvm_prf_bits               
20200000  __stop___llvm_prf_cnts               
00001f95  __subdf3                             
00003339  __subsf3                             
00003ce1  __truncdfsf2                         
000036fd  __udivmoddi4                         
00004891  _c_int00_noargs                      
UNDEFED   _system_post_cinit                   
00004b5f  _system_pre_init                     
00004b51  abort                                
00004569  atoi                                 
ffffffff  binit                                
00003f4d  delay_ms                             
0000255d  floor                                
0000255d  floorl                               
00003fad  frexp                                
00003fad  frexpl                               
202002a0  gSPI_LCDBackup                       
20200200  gTIMER_SAMPLEBackup                  
202002c8  g_synthState                         
00000000  interruptVectors                     
00003261  ldexp                                
00003261  ldexpl                               
00001785  main                                 
00004927  memccpy                              
0000383d  memcpy                               
00003eeb  memset                               
00003261  scalbn                               
00003261  scalbnl                              
00001dcd  sinf                                 
000042fd  snprintf                             
00004ab5  wcslen                               


GLOBAL SYMBOLS: SORTED BY Symbol Address 

address   name                                 
-------   ----                                 
00000000  __TI_ATRegion0_region_sz             
00000000  __TI_ATRegion0_src_addr              
00000000  __TI_ATRegion0_trg_addr              
00000000  __TI_ATRegion1_region_sz             
00000000  __TI_ATRegion1_src_addr              
00000000  __TI_ATRegion1_trg_addr              
00000000  __TI_ATRegion2_region_sz             
00000000  __TI_ATRegion2_src_addr              
00000000  __TI_ATRegion2_trg_addr              
00000000  __TI_static_base__                   
00000000  interruptVectors                     
000000c1  __TI_printfi                         
00000200  __STACK_SIZE                         
00000a91  __kernel_rem_pio2                    
000010d5  LCD_DrawWaveform                     
0000144d  LCD_DrawLine                         
00001785  main                                 
00001dcd  sinf                                 
00001f95  __aeabi_dsub                         
00001f95  __subdf3                             
00001f9f  __adddf3                             
00001f9f  __aeabi_dadd                         
00002127  AES_IRQHandler                       
00002127  CANFD0_IRQHandler                    
00002127  DMA_IRQHandler                       
00002127  Default_Handler                      
00002127  GPIOB_IRQHandler                     
00002127  GROUP0_IRQHandler                    
00002127  HardFault_Handler                    
00002127  I2C0_IRQHandler                      
00002127  I2C1_IRQHandler                      
00002127  I2C2_IRQHandler                      
00002127  NMI_Handler                          
00002127  PendSV_Handler                       
00002127  RTC_IRQHandler                       
00002127  SPI0_IRQHandler                      
00002127  SPI1_IRQHandler                      
00002127  SVC_Handler                          
00002127  SysTick_Handler                      
00002127  TIMG0_IRQHandler                     
00002127  TIMG12_IRQHandler                    
00002127  TIMG14_IRQHandler                    
00002127  TIMG4_IRQHandler                     
00002127  TIMG6_IRQHandler                     
00002127  TIMG8_IRQHandler                     
00002127  UART0_IRQHandler                     
00002127  UART1_IRQHandler                     
00002127  UART2_IRQHandler                     
00002127  UART3_IRQHandler                     
00002129  LCD_FillRect                         
000022a9  LCD_Init                             
0000255d  floor                                
0000255d  floorl                               
000027dd  SYSCFG_DL_GPIO_init                  
00002911  LCD_DrawChar                         
00002b61  LCD_Clear                            
00002d95  __aeabi_ddiv                         
00002d95  __divdf3                             
00002ea1  DL_Timer_initFourCCPWMMode           
00002fa5  DL_Timer_initTimerMode               
000030a1  __aeabi_dmul                         
000030a1  __muldf3                             
00003185  DL_SYSCTL_configSYSPLL               
00003261  ldexp                                
00003261  ldexpl                               
00003261  scalbn                               
00003261  scalbnl                              
00003339  __aeabi_fsub                         
00003339  __subsf3                             
00003343  __addsf3                             
00003343  __aeabi_fadd                         
00003411  TIMG7_IRQHandler                     
000034e5  LCD_FillCircle                       
000035a5  SYSCFG_DL_SYSCTL_init                
000036fd  __udivmoddi4                         
0000379f  __aeabi_idiv0                        
0000383d  memcpy                               
000038d7  __aeabi_ldiv0                        
000038d9  __aeabi_fmul                         
000038d9  __mulsf3                             
00003965  SYSCFG_DL_ADC_ACCEL_init             
000039ed  __aeabi_fdiv                         
000039ed  __divsf3                             
00003a71  SYSCFG_DL_ADC_MIC_JOY_init           
00003af1  SYSCFG_DL_initPower                  
00003b6d  __TI_decompress_lzss                 
00003be9  SYSCFG_DL_PWM_AUDIO_init             
00003c61  __gedf2                              
00003c61  __gtdf2                              
00003cd5  DL_Common_delayCycles                
00003ce1  __aeabi_d2f                          
00003ce1  __truncdfsf2                         
00003d55  __cmpdf2                             
00003d55  __eqdf2                              
00003d55  __ledf2                              
00003d55  __ltdf2                              
00003d55  __nedf2                              
00003e25  __aeabi_dcmpeq                       
00003e39  __aeabi_dcmplt                       
00003e4d  __aeabi_dcmple                       
00003e61  __aeabi_dcmpge                       
00003e75  __aeabi_dcmpgt                       
00003e89  __aeabi_fcmpeq                       
00003e9d  __aeabi_fcmplt                       
00003eb1  __aeabi_fcmple                       
00003ec5  __aeabi_fcmpge                       
00003ed9  __aeabi_fcmpgt                       
00003eeb  memset                               
00003f4d  delay_ms                             
00003fad  frexp                                
00003fad  frexpl                               
00004009  LCD_DrawRect                         
00004063  __TI_ltoa                            
00004115  __aeabi_idiv                         
00004115  __aeabi_idivmod                      
0000416d  SYSCFG_DL_I2C_SENSORS_init           
00004215  GPIOA_IRQHandler                     
00004265  SYSCFG_DL_SPI_LCD_init               
000042b1  SYSCFG_DL_TIMER_SAMPLE_init          
000042fd  snprintf                             
00004349  __aeabi_d2iz                         
00004349  __fixdfsi                            
00004395  SYSCFG_DL_init                       
000043dd  DL_SPI_init                          
00004421  DL_SYSCTL_switchMCLKfromSYSOSCtoHSCLK
00004465  __aeabi_d2uiz                        
00004465  __fixunsdfsi                         
000044a9  DL_ADC12_setClockConfig              
000044e9  __aeabi_uidiv                        
000044e9  __aeabi_uidivmod                     
00004529  __aeabi_f2d                          
00004529  __extendsfdf2                        
00004569  atoi                                 
000045a9  ADC0_IRQHandler                      
000045e5  ADC1_IRQHandler                      
00004621  __aeabi_i2f                          
00004621  __floatsisf                          
0000465d  __gesf2                              
0000465d  __gtsf2                              
00004699  __TI_auto_init_nobinit_nopinit       
000046d5  __cmpsf2                             
000046d5  __eqsf2                              
000046d5  __lesf2                              
000046d5  __ltsf2                              
000046d5  __nesf2                              
00004711  __muldsi3                            
0000474d  __aeabi_f2iz                         
0000474d  __fixsfsi                            
000047e5  LCD_DrawString                       
00004815  __aeabi_i2d                          
00004815  __floatsidf                          
00004841  SYSCFG_DL_SYSCTL_CLK_init            
00004869  __aeabi_ui2f                         
00004869  __floatunsisf                        
00004891  _c_int00_noargs                      
000048b9  DL_I2C_setClockConfig                
000048e1  __aeabi_lmul                         
000048e1  __muldi3                             
00004905  DL_VREF_configReference              
00004927  memccpy                              
00004949  __aeabi_llsl                         
00004949  __ashldi3                            
00004969  DL_SYSCTL_configFCC                  
00004985  DL_Timer_setCaptCompUpdateMethod     
000049a1  DL_Timer_setClockConfig              
000049bd  SYSCFG_DL_VREF_init                  
000049d9  DL_Timer_setCaptureCompareOutCtl     
00004a31  __TI_zero_init_nomemset              
00004a49  __aeabi_uldivmod                     
00004a71  DL_SPI_setClockConfig                
00004a83  __TI_decompress_none                 
00004a95  DL_Timer_setCaptureCompareValue      
00004ab5  wcslen                               
00004ac5  __aeabi_memset                       
00004ac5  __aeabi_memset4                      
00004ac5  __aeabi_memset8                      
00004b1d  __aeabi_errno_addr                   
00004b25  __aeabi_memcpy                       
00004b25  __aeabi_memcpy4                      
00004b25  __aeabi_memcpy8                      
00004b4b  ResetISR                             
00004b51  abort                                
00004b56  C$$EXIT                              
00004b57  HOSTexit                             
00004b5f  _system_pre_init                     
00004fa0  __aeabi_ctype_table_                 
00004fa0  __aeabi_ctype_table_C                
00005248  __TI_Handler_Table_Base              
00005254  __TI_Handler_Table_Limit             
0000525c  __TI_CINIT_Base                      
0000526c  __TI_CINIT_Limit                     
0000526c  __TI_CINIT_Warm                      
20200000  __start___llvm_prf_bits              
20200000  __start___llvm_prf_cnts              
20200000  __stop___llvm_prf_bits               
20200000  __stop___llvm_prf_cnts               
20200200  gTIMER_SAMPLEBackup                  
202002a0  gSPI_LCDBackup                       
202002c8  g_synthState                         
202002ec  __aeabi_errno                        
20207e00  __stack                              
20208000  __STACK_END                          
ffffffff  __TI_pprof_out_hndl                  
ffffffff  __TI_prof_data_size                  
ffffffff  __TI_prof_data_start                 
ffffffff  __binit__                            
ffffffff  binit                                
UNDEFED   __mpu_init                           
UNDEFED   _system_post_cinit                   

[209 symbols]
