******************************************************************************
            TI ARM Clang Linker PC v4.0.4                      
******************************************************************************
>> Linked Wed Dec 24 08:55:35 2025

OUTPUT FILE NAME:   <Motion_Music_studio.out>
ENTRY POINT SYMBOL: "_c_int00_noargs"  address: 0000474d


MEMORY CONFIGURATION

         name            origin    length      used     unused   attr    fill
----------------------  --------  ---------  --------  --------  ----  --------
  FLASH                 00000000   00020000  000059e8  0001a618  R  X
  SRAM                  20200000   00008000  000013f2  00006c0e  RW X
  BCR_CONFIG            41c00000   000000ff  00000000  000000ff  R   
  BSL_CONFIG            41c00100   00000080  00000000  00000080  R   


SEGMENT ALLOCATION MAP

run origin  load origin   length   init length attrs members
----------  ----------- ---------- ----------- ----- -------
00000000    00000000    000059e8   000059e8    r-x
  00000000    00000000    000000c0   000000c0    r-- .intvecs
  000000c0    000000c0    000051c0   000051c0    r-x .text
  00005280    00005280    00000730   00000730    r-- .rodata
  000059b0    000059b0    00000038   00000038    r-- .cinit
20200000    20200000    000011f2   00000000    rw-
  20200000    20200000    00001000   00000000    rw- .sysmem
  20201000    20201000    000001c0   00000000    rw- .bss
  202011c0    202011c0    00000032   00000000    rw- .data
20207e00    20207e00    00000200   00000000    rw-
  20207e00    20207e00    00000200   00000000    rw- .stack


SECTION ALLOCATION MAP

 output                                  attributes/
section   page    origin      length       input sections
--------  ----  ----------  ----------   ----------------
.intvecs   0    00000000    000000c0     
                  00000000    000000c0     startup_mspm0g350x_ticlang.o (.intvecs)

.text      0    000000c0    000051c0     
                  000000c0    00000868     libc.a : _printfi.c.obj (.text:__TI_printfi_nofloat)
                  00000928    000006b8            : e_powf.c.obj (.text.powf)
                  00000fe0    0000031c     main.o (.text.Display_Update)
                  000012fc    00000260     lcd_driver.o (.text.LCD_Init)
                  0000155c    000001e4     main.o (.text.main)
                  00001740    000001d8     ti_msp_dl_config.o (.text.SYSCFG_DL_GPIO_init)
                  00001918    000001d4     main.o (.text.Process_Envelope)
                  00001aec    000001b4     main.o (.text.Generate_Audio_Sample)
                  00001ca0    00000192     libclang_rt.builtins.a : adddf3.S.obj (.text.adddf3_subdf3)
                  00001e32    00000002                            : aeabi_div0.c.obj (.text.__aeabi_idiv0)
                  00001e34    00000180     lcd_driver.o (.text.LCD_PrintString)
                  00001fb4    0000012c     main.o (.text.Process_Pitch_Bend)
                  000020e0    00000128     main.o (.text.Process_Buttons)
                  00002208    00000110     dl_timer.o (.text.DL_Timer_initTimerMode)
                  00002318    00000110     dl_timer.o (.text.DL_Timer_initTwoCCPWMMode)
                  00002428    0000010c     libclang_rt.builtins.a : divdf3.S.obj (.text.__divdf3)
                  00002534    00000100     lcd_driver.o (.text.LCD_DrawRect)
                  00002634    000000ec     dl_timer.o (.text.DL_Timer_initFourCCPWMMode)
                  00002720    000000e4     libclang_rt.builtins.a : muldf3.S.obj (.text.__muldf3)
                  00002804    000000e0     dl_sysctl_mspm0g1x0x_g3x0x.o (.text.DL_SYSCTL_configSYSPLL)
                  000028e4    000000dc     main.o (.text.Generate_Waveform)
                  000029c0    000000dc     main.o (.text.Process_Joystick)
                  00002a9c    000000d8     dl_rtc_common.o (.text.DL_RTC_Common_initCalendar)
                  00002b74    000000d8     libclang_rt.builtins.a : addsf3.S.obj (.text)
                  00002c4c    000000c0     ti_msp_dl_config.o (.text.SYSCFG_DL_initPower)
                  00002d0c    000000b8     main.o (.text.Apply_Harmonics)
                  00002dc4    000000b8     ti_msp_dl_config.o (.text.SYSCFG_DL_ADC_ACCEL_init)
                  00002e7c    000000b0     ti_msp_dl_config.o (.text.SYSCFG_DL_SYSCTL_SYSPLL_init)
                  00002f2c    000000b0     libc.a : s_scalbnf.c.obj (.text.scalbnf)
                  00002fdc    000000a4     ti_msp_dl_config.o (.text.SYSCFG_DL_SYSCTL_init)
                  00003080    000000a4     main.o (.text.Update_Phase_Increment)
                  00003124    000000a2     libclang_rt.builtins.a : udivmoddi4.S.obj (.text)
                  000031c6    00000002                            : aeabi_div0.c.obj (.text.__aeabi_ldiv0)
                  000031c8    000000a0     libc.a : e_sqrtf.c.obj (.text.sqrtf)
                  00003268    0000008c     ti_msp_dl_config.o (.text.SYSCFG_DL_ADC_MIC_JOY_init)
                  000032f4    0000008c     libclang_rt.builtins.a : mulsf3.S.obj (.text.__mulsf3)
                  00003380    00000084     main.o (.text.Display_Splash)
                  00003404    00000084     ti_msp_dl_config.o (.text.__NVIC_SetPriority)
                  00003488    00000082     libclang_rt.builtins.a : divsf3.S.obj (.text.__divsf3)
                  0000350a    00000002     --HOLE-- [fill = 0]
                  0000350c    0000007c     libc.a : copy_decompress_lzss.c.obj (.text:decompress:lzss)
                  00003588    00000074     ti_msp_dl_config.o (.text.SYSCFG_DL_PWM_AUDIO_init)
                  000035fc    00000074     libclang_rt.builtins.a : comparedf2.c.obj (.text.__gedf2)
                  00003670    0000006c     lcd_driver.o (.text.LCD_SetWindow)
                  000036dc    00000068     libclang_rt.builtins.a : comparedf2.c.obj (.text.__ledf2)
                  00003744    00000062                            : aeabi_dcmp.S.obj (.text.__aeabi_dcmp)
                  000037a6    00000002     --HOLE-- [fill = 0]
                  000037a8    00000062                            : aeabi_fcmp.S.obj (.text.__aeabi_fcmp)
                  0000380a    00000002     --HOLE-- [fill = 0]
                  0000380c    00000060     main.o (.text.ADC1_IRQHandler)
                  0000386c    00000060     ti_msp_dl_config.o (.text.DL_ADC12_initSeqSample)
                  000038cc    00000058     lcd_driver.o (.text.LCD_PrintNumber)
                  00003924    00000058     ti_msp_dl_config.o (.text.SYSCFG_DL_I2C_0_init)
                  0000397c    00000058     ti_msp_dl_config.o (.text.SYSCFG_DL_I2C_1_init)
                  000039d4    00000056     libclang_rt.builtins.a : aeabi_idivmod.S.obj (.text.__aeabi_idivmod)
                  00003a2a    00000002     --HOLE-- [fill = 0]
                  00003a2c    00000054     ti_msp_dl_config.o (.text.SYSCFG_DL_init)
                  00003a80    00000050     main.o (.text.ADC0_IRQHandler)
                  00003ad0    00000050     ti_msp_dl_config.o (.text.DL_GPIO_initPeripheralInputFunctionFeatures)
                  00003b20    00000050     main.o (.text.TIMG7_IRQHandler)
                  00003b70    0000004e     lcd_driver.o (.text.LCD_DrawPixel)
                  00003bbe    00000002     --HOLE-- [fill = 0]
                  00003bc0    0000004c     dl_adc12.o (.text.DL_ADC12_setClockConfig)
                  00003c0c    0000004c     ti_msp_dl_config.o (.text.DL_GPIO_initDigitalInputFeatures)
                  00003c58    0000004c     dl_sysctl_mspm0g1x0x_g3x0x.o (.text.DL_SYSCTL_switchMCLKfromSYSOSCtoHSCLK)
                  00003ca4    0000004c     ti_msp_dl_config.o (.text.SYSCFG_DL_TIMER_SAMPLE_init)
                  00003cf0    0000004c     libc.a : snprintf.c.obj (.text.snprintf)
                  00003d3c    0000004a     ti_msp_dl_config.o (.text.DL_ADC12_configConversionMem)
                  00003d86    00000002     --HOLE-- [fill = 0]
                  00003d88    00000048     main.o (.text.Change_Instrument)
                  00003dd0    00000048     dl_spi.o (.text.DL_SPI_init)
                  00003e18    00000048     ti_msp_dl_config.o (.text.SYSCFG_DL_SPI_LCD_init)
                  00003e60    00000042     libclang_rt.builtins.a : fixunsdfsi.S.obj (.text.__fixunsdfsi)
                  00003ea2    00000002     --HOLE-- [fill = 0]
                  00003ea4    00000040     dl_timer.o (.text.DL_Timer_setCaptureCompareOutCtl)
                  00003ee4    00000040     libclang_rt.builtins.a : aeabi_uidivmod.S.obj (.text.__aeabi_uidivmod)
                  00003f24    00000040                            : extendsfdf2.S.obj (.text.__extendsfdf2)
                  00003f64    00000040     libc.a : atoi.c.obj (.text.atoi)
                  00003fa4    0000003c     dl_timer.o (.text.DL_Timer_setCaptureCompareCtl)
                  00003fe0    0000003c     dl_timer.o (.text.DL_Timer_setCounterControl)
                  0000401c    0000003c     ti_msp_dl_config.o (.text.DL_Timer_setCounterControl)
                  00004058    0000003c     lcd_driver.o (.text.LCD_WriteCommand)
                  00004094    0000003c     lcd_driver.o (.text.LCD_WriteData)
                  000040d0    0000003c     libclang_rt.builtins.a : floatsisf.S.obj (.text.__floatsisf)
                  0000410c    0000003c                            : comparesf2.S.obj (.text.__gtsf2)
                  00004148    0000003c     libc.a : autoinit.c.obj (.text:__TI_auto_init_nobinit_nopinit)
                  00004184    0000003a     libclang_rt.builtins.a : comparesf2.S.obj (.text.__eqsf2)
                  000041be    00000002     --HOLE-- [fill = 0]
                  000041c0    0000003a                            : muldsi3.S.obj (.text.__muldsi3)
                  000041fa    00000002     --HOLE-- [fill = 0]
                  000041fc    00000038     ti_msp_dl_config.o (.text.DL_Timer_setPublisherChanID)
                  00004234    00000038     libclang_rt.builtins.a : fixsfsi.S.obj (.text.__fixsfsi)
                  0000426c    00000034     dl_i2c.o (.text.DL_I2C_setClockConfig)
                  000042a0    00000034     dl_timer.o (.text.DL_Timer_setCaptCompUpdateMethod)
                  000042d4    00000034     dl_timer.o (.text.DL_Timer_setCaptureCompareAction)
                  00004308    00000034     dl_timer.o (.text.DL_Timer_setCaptureCompareInput)
                  0000433c    00000034     dl_timer.o (.text.DL_Timer_setClockConfig)
                  00004370    00000034     main.o (.text.HardFault_Handler)
                  000043a4    00000032     libclang_rt.builtins.a : fixunssfsi.S.obj (.text.__fixunssfsi)
                  000043d6    00000002     --HOLE-- [fill = 0]
                  000043d8    00000030     main.o (.text.DL_ADC12_getMemResult)
                  00004408    00000030     ti_msp_dl_config.o (.text.DL_GPIO_initDigitalOutputFeatures)
                  00004438    00000030     ti_msp_dl_config.o (.text.DL_SPI_setFIFOThreshold)
                  00004468    00000030     libc.a : snprintf.c.obj (.text._outs)
                  00004498    0000002c     dl_timer.o (.text.DL_Timer_setCaptureCompareValue)
                  000044c4    0000002c     main.o (.text.__NVIC_EnableIRQ)
                  000044f0    0000002c     libclang_rt.builtins.a : floatsidf.S.obj (.text.__floatsidf)
                  0000451c    00000028     dl_adc12.o (.text.DL_Common_updateReg)
                  00004544    00000028     dl_i2c.o (.text.DL_Common_updateReg)
                  0000456c    00000028     dl_rtc_common.o (.text.DL_Common_updateReg)
                  00004594    00000028     dl_spi.o (.text.DL_Common_updateReg)
                  000045bc    00000028     dl_sysctl_mspm0g1x0x_g3x0x.o (.text.DL_Common_updateReg)
                  000045e4    00000028     dl_timer.o (.text.DL_Common_updateReg)
                  0000460c    00000028     ti_msp_dl_config.o (.text.DL_Common_updateReg)
                  00004634    00000028     ti_msp_dl_config.o (.text.DL_I2C_setControllerRXFIFOThreshold)
                  0000465c    00000028     ti_msp_dl_config.o (.text.DL_I2C_setControllerTXFIFOThreshold)
                  00004684    00000028     dl_sysctl_mspm0g1x0x_g3x0x.o (.text.DL_SYSCTL_configFCC)
                  000046ac    00000028     ti_msp_dl_config.o (.text.DL_SYSCTL_setPowerPolicySTANDBY0)
                  000046d4    00000028     ti_msp_dl_config.o (.text.DL_Timer_enableEvent)
                  000046fc    00000028     ti_msp_dl_config.o (.text.SYSCFG_DL_RTC_init)
                  00004724    00000028     libclang_rt.builtins.a : floatunsisf.S.obj (.text.__floatunsisf)
                  0000474c    00000028     libc.a : boot_cortex_m.c.obj (.text:_c_int00_noargs)
                  00004774    00000026     ti_msp_dl_config.o (.text.DL_I2C_setAnalogGlitchFilterPulseWidth)
                  0000479a    00000002     --HOLE-- [fill = 0]
                  0000479c    00000024     ti_msp_dl_config.o (.text.DL_SPI_setBitRateSerialClockDivider)
                  000047c0    00000024     dl_spi.o (.text.DL_SPI_setClockConfig)
                  000047e4    00000024     libclang_rt.builtins.a : floatunsidf.S.obj (.text.__floatunsidf)
                  00004808    00000024                            : muldi3.S.obj (.text.__muldi3)
                  0000482c    00000022     libc.a : memccpy.c.obj (.text.memccpy)
                  0000484e    00000002     --HOLE-- [fill = 0]
                  00004850    00000020     dl_sysctl_mspm0g1x0x_g3x0x.o (.text.DL_CORE_configInstruction)
                  00004870    00000020     dl_rtc_common.o (.text.DL_RTC_Common_setCalendarYearBinary)
                  00004890    00000020     ti_msp_dl_config.o (.text.DL_SYSCTL_setFlashWaitState)
                  000048b0    00000020     ti_msp_dl_config.o (.text.DL_SYSCTL_setMFPCLKSource)
                  000048d0    00000020     dl_timer.o (.text.DL_Timer_setCounterValueAfterEnable)
                  000048f0    0000001e     lcd_driver.o (.text.LCD_FillScreen)
                  0000490e    00000002     --HOLE-- [fill = 0]
                  00004910    0000001e     libclang_rt.builtins.a : ashldi3.S.obj (.text.__ashldi3)
                  0000492e    00000002     --HOLE-- [fill = 0]
                  00004930    0000001c     ti_msp_dl_config.o (.text.DL_ADC12_clearInterruptStatus)
                  0000494c    0000001c     ti_msp_dl_config.o (.text.DL_ADC12_enableInterrupt)
                  00004968    0000001c     main.o (.text.DL_ADC12_startConversion)
                  00004984    0000001c     ti_msp_dl_config.o (.text.DL_GPIO_clearInterruptStatus)
                  000049a0    0000001c     ti_msp_dl_config.o (.text.DL_GPIO_enableHiZ)
                  000049bc    0000001c     ti_msp_dl_config.o (.text.DL_GPIO_enableInterrupt)
                  000049d8    0000001c     ti_msp_dl_config.o (.text.DL_GPIO_initPeripheralOutputFunction)
                  000049f4    0000001c     ti_msp_dl_config.o (.text.DL_GPIO_setLowerPinsPolarity)
                  00004a10    0000001c     dl_rtc_common.o (.text.DL_RTC_Common_setCalendarMinutesBCD)
                  00004a2c    0000001c     dl_rtc_common.o (.text.DL_RTC_Common_setCalendarMinutesBinary)
                  00004a48    0000001c     dl_rtc_common.o (.text.DL_RTC_Common_setCalendarMonthBCD)
                  00004a64    0000001c     dl_rtc_common.o (.text.DL_RTC_Common_setCalendarMonthBinary)
                  00004a80    0000001c     dl_rtc_common.o (.text.DL_RTC_Common_setCalendarSecondsBCD)
                  00004a9c    0000001c     dl_rtc_common.o (.text.DL_RTC_Common_setCalendarSecondsBinary)
                  00004ab8    0000001c     dl_rtc_common.o (.text.DL_RTC_Common_setCalendarYearBCD)
                  00004ad4    0000001c     dl_rtc_common.o (.text.DL_RTC_Common_setClockFormat)
                  00004af0    0000001c     ti_msp_dl_config.o (.text.DL_SYSCTL_setFCCPeriods)
                  00004b0c    0000001c     ti_msp_dl_config.o (.text.DL_SYSCTL_setMCLKDivider)
                  00004b28    0000001c     ti_msp_dl_config.o (.text.DL_SYSCTL_setSYSOSCFreq)
                  00004b44    0000001c     ti_msp_dl_config.o (.text.DL_SYSCTL_setULPCLKDivider)
                  00004b60    0000001c     ti_msp_dl_config.o (.text.DL_SYSCTL_setVBOOSTConfig)
                  00004b7c    0000001c     ti_msp_dl_config.o (.text.DL_Timer_enableInterrupt)
                  00004b98    0000001c     ti_msp_dl_config.o (.text.SYSCFG_DL_SYSCTL_CLK_init)
                  00004bb4    0000001a     ti_msp_dl_config.o (.text.DL_ADC12_setSubscriberChanID)
                  00004bce    0000001a     dl_rtc_common.o (.text.DL_RTC_Common_setCalendarHoursBCD)
                  00004be8    0000001a     dl_rtc_common.o (.text.DL_RTC_Common_setCalendarHoursBinary)
                  00004c02    00000002     --HOLE-- [fill = 0]
                  00004c04    00000018     ti_msp_dl_config.o (.text.DL_ADC12_enablePower)
                  00004c1c    00000018     ti_msp_dl_config.o (.text.DL_ADC12_reset)
                  00004c34    00000018     ti_msp_dl_config.o (.text.DL_ADC12_setSampleTime0)
                  00004c4c    00000018     ti_msp_dl_config.o (.text.DL_GPIO_enableOutput)
                  00004c64    00000018     ti_msp_dl_config.o (.text.DL_GPIO_enablePower)
                  00004c7c    00000018     ti_msp_dl_config.o (.text.DL_GPIO_initDigitalOutput)
                  00004c94    00000018     ti_msp_dl_config.o (.text.DL_GPIO_reset)
                  00004cac    00000018     lcd_driver.o (.text.DL_GPIO_setPins)
                  00004cc4    00000018     main.o (.text.DL_GPIO_setPins)
                  00004cdc    00000018     ti_msp_dl_config.o (.text.DL_GPIO_setPins)
                  00004cf4    00000018     ti_msp_dl_config.o (.text.DL_GPIO_setUpperPinsPolarity)
                  00004d0c    00000018     main.o (.text.DL_GPIO_togglePins)
                  00004d24    00000018     ti_msp_dl_config.o (.text.DL_I2C_enableAnalogGlitchFilter)
                  00004d3c    00000018     ti_msp_dl_config.o (.text.DL_I2C_enableController)
                  00004d54    00000018     ti_msp_dl_config.o (.text.DL_I2C_enableControllerClockStretching)
                  00004d6c    00000018     ti_msp_dl_config.o (.text.DL_I2C_enablePower)
                  00004d84    00000018     ti_msp_dl_config.o (.text.DL_I2C_reset)
                  00004d9c    00000018     ti_msp_dl_config.o (.text.DL_I2C_setTimerPeriod)
                  00004db4    00000018     ti_msp_dl_config.o (.text.DL_RTC_Common_enablePower)
                  00004dcc    00000018     ti_msp_dl_config.o (.text.DL_RTC_Common_reset)
                  00004de4    00000018     ti_msp_dl_config.o (.text.DL_SPI_enable)
                  00004dfc    00000018     ti_msp_dl_config.o (.text.DL_SPI_enableLoopbackMode)
                  00004e14    00000018     ti_msp_dl_config.o (.text.DL_SPI_enablePower)
                  00004e2c    00000018     lcd_driver.o (.text.DL_SPI_isBusy)
                  00004e44    00000018     ti_msp_dl_config.o (.text.DL_SPI_reset)
                  00004e5c    00000018     ti_msp_dl_config.o (.text.DL_SYSCTL_enableInterrupt)
                  00004e74    00000018     ti_msp_dl_config.o (.text.DL_SYSCTL_setBORThreshold)
                  00004e8c    00000018     dl_sysctl_mspm0g1x0x_g3x0x.o (.text.DL_SYSCTL_setHSCLKSource)
                  00004ea4    00000018     ti_msp_dl_config.o (.text.DL_Timer_enablePower)
                  00004ebc    00000018     ti_msp_dl_config.o (.text.DL_Timer_reset)
                  00004ed4    00000018     dl_timer.o (.text.DL_Timer_setLoadValue)
                  00004eec    00000018     main.o (.text.DL_Timer_startCounter)
                  00004f04    00000018     libc.a : snprintf.c.obj (.text._outc)
                  00004f1c    00000016     main.o (.text.DL_ADC12_enableConversions)
                  00004f32    00000016     ti_msp_dl_config.o (.text.DL_ADC12_enableConversions)
                  00004f48    00000016     ti_msp_dl_config.o (.text.DL_GPIO_enableGlobalFastWake)
                  00004f5e    00000016     main.o (.text.DL_GPIO_readPins)
                  00004f74    00000016     lcd_driver.o (.text.DL_SPI_transmitData8)
                  00004f8a    00000016     libc.a : copy_zero_init.c.obj (.text:decompress:ZI:__TI_zero_init_nomemset)
                  00004fa0    00000014     dl_common.o (.text.DL_Common_delayCycles)
                  00004fb4    00000014     ti_msp_dl_config.o (.text.DL_FlashCTL_enableInterrupt)
                  00004fc8    00000014     lcd_driver.o (.text.DL_GPIO_clearPins)
                  00004fdc    00000014     main.o (.text.DL_GPIO_clearPins)
                  00004ff0    00000014     ti_msp_dl_config.o (.text.DL_GPIO_clearPins)
                  00005004    00000014     ti_msp_dl_config.o (.text.DL_I2C_resetControllerTransfer)
                  00005018    00000014     dl_sysctl_mspm0g1x0x_g3x0x.o (.text.DL_SYSCTL_disableSYSPLL)
                  0000502c    00000014     ti_msp_dl_config.o (.text.DL_SYSCTL_disableSYSPLL)
                  00005040    00000014     ti_msp_dl_config.o (.text.DL_SYSCTL_enableMFCLK)
                  00005054    00000014     dl_sysctl_mspm0g1x0x_g3x0x.o (.text.DL_SYSCTL_enableSYSPLL)
                  00005068    00000014     ti_msp_dl_config.o (.text.DL_SYSCTL_enableSYSPLL)
                  0000507c    00000014     ti_msp_dl_config.o (.text.DL_Timer_enableClock)
                  00005090    00000014     ti_msp_dl_config.o (.text.DL_Timer_setCCPDirection)
                  000050a4    00000014     main.o (.text.Trigger_Note_Off)
                  000050b8    00000014     main.o (.text.Trigger_Note_On)
                  000050cc    00000014     libclang_rt.builtins.a : aeabi_uldivmod.S.obj (.text.__aeabi_uldivmod)
                  000050e0    00000012     main.o (.text.DL_ADC12_getPendingInterrupt)
                  000050f2    00000012     main.o (.text.DL_Timer_getPendingInterrupt)
                  00005104    00000012     libc.a : memcpy16.S.obj (.text:TI_memcpy_small)
                  00005116    00000012            : copy_decompress_none.c.obj (.text:decompress:none)
                  00005128    00000010     dl_sysctl_mspm0g1x0x_g3x0x.o (.text.DL_CORE_getInstructionConfig)
                  00005138    00000010     ti_msp_dl_config.o (.text.DL_SYSCTL_disableHFXT)
                  00005148    00000010     ti_msp_dl_config.o (.text.DL_SYSCTL_enableMFPCLK)
                  00005158    00000010     ti_msp_dl_config.o (.text.DL_SYSCTL_isFCCDone)
                  00005168    00000010     ti_msp_dl_config.o (.text.DL_SYSCTL_startFCC)
                  00005178    00000010     libc.a : wcslen.c.obj (.text.wcslen)
                  00005188    0000000e     libclang_rt.builtins.a : aeabi_memset.S.obj (.text.__aeabi_memset)
                  00005196    0000000e     libc.a : _printfi.c.obj (.text.strlen)
                  000051a4    0000000e            : memset16.S.obj (.text:TI_memset_small)
                  000051b2    00000002     --HOLE-- [fill = 0]
                  000051b4    0000000c     dl_sysctl_mspm0g1x0x_g3x0x.o (.text.DL_SYSCTL_getClockStatus)
                  000051c0    0000000c     ti_msp_dl_config.o (.text.DL_SYSCTL_getClockStatus)
                  000051cc    0000000c     ti_msp_dl_config.o (.text.DL_SYSCTL_readFCC)
                  000051d8    0000000c     libclang_rt.builtins.a : aeabi_memset.S.obj (.text.__aeabi_memclr)
                  000051e4    00000008     libc.a : aeabi_portable.c.obj (.text.__aeabi_errno_addr)
                  000051ec    00000008     libclang_rt.builtins.a : aeabi_memcpy.S.obj (.text.__aeabi_memcpy)
                  000051f4    00000006     libc.a : e_powf.c.obj (.text.OUTLINED_FUNCTION_1)
                  000051fa    00000002     --HOLE-- [fill = 0]
                  000051fc    00000010     libclang_rt.builtins.a : mulsf3.S.obj (.tramp.__aeabi_fmul.1)
                  0000520c    00000006     libc.a : e_powf.c.obj (.text.OUTLINED_FUNCTION_3)
                  00005212    00000002     --HOLE-- [fill = 0]
                  00005214    00000010     libclang_rt.builtins.a : addsf3.S.obj (.tramp.__aeabi_fadd.1)
                  00005224    00000006     libc.a : e_powf.c.obj (.text.OUTLINED_FUNCTION_4)
                  0000522a    00000002     --HOLE-- [fill = 0]
                  0000522c    00000010     libclang_rt.builtins.a : addsf3.S.obj (.tramp.__aeabi_fsub.1)
                  0000523c    00000006     libc.a : e_powf.c.obj (.text.OUTLINED_FUNCTION_5)
                  00005242    00000006            : e_powf.c.obj (.text.OUTLINED_FUNCTION_6)
                  00005248    00000006            : exit.c.obj (.text:abort)
                  0000524e    00000004     startup_mspm0g350x_ticlang.o (.text.Default_Handler)
                  00005252    00000004     libsysbm.a : hostexit.c.obj (.text.HOSTexit)
                  00005256    00000004     libc.a : e_powf.c.obj (.text.OUTLINED_FUNCTION_0)
                  0000525a    00000004            : e_powf.c.obj (.text.OUTLINED_FUNCTION_2)
                  0000525e    00000004            : e_powf.c.obj (.text.OUTLINED_FUNCTION_7)
                  00005262    00000004            : e_powf.c.obj (.text.OUTLINED_FUNCTION_8)
                  00005266    00000004     startup_mspm0g350x_ticlang.o (.text.Reset_Handler)
                  0000526a    00000002     --HOLE-- [fill = 0]
                  0000526c    00000010     libc.a : boot_cortex_m.c.obj (.tramp._c_int00_noargs.1)
                  0000527c    00000004            : pre_init.c.obj (.text._system_pre_init)

.cinit     0    000059b0    00000038     
                  000059b0    00000013     (.cinit..data.load) [load image, compression = lzss]
                  000059c3    00000001     --HOLE-- [fill = 0]
                  000059c4    0000000c     (__TI_handler_table)
                  000059d0    00000008     (.cinit..bss.load) [load image, compression = zero_init]
                  000059d8    00000010     (__TI_cinit_table)

.rodata    0    00005280    00000730     
                  00005280    00000222     lcd_driver.o (.rodata.font_6x8)
                  000054a2    00000200     main.o (.rodata.sine_table)
                  000056a2    0000000c     main.o (.rodata.str1.12180500075719773345.1)
                  000056ae    00000002     ti_msp_dl_config.o (.rodata.gI2C_0ClockConfig)
                  000056b0    00000101     libc.a : aeabi_ctype.S.obj (.rodata:__aeabi_ctype_table_)
                  000057b1    00000003     ti_msp_dl_config.o (.rodata.gPWM_AUDIOClockConfig)
                  000057b4    00000064     main.o (.rodata.INSTRUMENTS)
                  00005818    00000028     ti_msp_dl_config.o (.rodata.gSYSPLLConfig)
                  00005840    00000022     ti_msp_dl_config.o (.rodata..L__const.SYSCFG_DL_GPIO_init.unusedPinIndexes)
                  00005862    00000002     ti_msp_dl_config.o (.rodata.gI2C_1ClockConfig)
                  00005864    00000018     libc.a : e_powf.c.obj (.rodata.cst8)
                  0000587c    00000014     main.o (.rodata..L__const.Display_Update.env_names)
                  00005890    00000014     ti_msp_dl_config.o (.rodata.gTIMER_SAMPLETimerConfig)
                  000058a4    00000011     libc.a : _printfi.c.obj (.rodata.str1.10348868589481759720.1)
                  000058b5    00000011            : _printfi.c.obj (.rodata.str1.15363888844622738466.1)
                  000058c6    00000011     main.o (.rodata.str1.288608917962107522.1)
                  000058d7    0000000f     main.o (.rodata.str1.10635229749459437609.1)
                  000058e6    0000000f     main.o (.rodata.str1.7702501944640899365.1)
                  000058f5    00000001     --HOLE-- [fill = 0]
                  000058f6    0000000a     ti_msp_dl_config.o (.rodata.gSPI_LCD_config)
                  00005900    00000008     ti_msp_dl_config.o (.rodata.gADC_ACCELClockConfig)
                  00005908    00000008     ti_msp_dl_config.o (.rodata.gADC_MIC_JOYClockConfig)
                  00005910    00000008     ti_msp_dl_config.o (.rodata.gPWM_AUDIOConfig)
                  00005918    00000008     ti_msp_dl_config.o (.rodata.gRTCCalendarConfig)
                  00005920    00000008     main.o (.rodata.str1.1311392489248731986.1)
                  00005928    00000008     main.o (.rodata.str1.17100691992556644108.1)
                  00005930    00000008     main.o (.rodata.str1.3530083166107438000.1)
                  00005938    00000007     main.o (.rodata.str1.14112174005742061988.1)
                  0000593f    00000006     main.o (.rodata.str1.14079361385603432444.1)
                  00005945    00000006     main.o (.rodata.str1.15159059442110792349.1)
                  0000594b    00000006     main.o (.rodata.str1.8076846746581808073.1)
                  00005951    00000006     main.o (.rodata.str1.8108965883388295311.1)
                  00005957    00000006     main.o (.rodata.str1.8154729771448623357.1)
                  0000595d    00000005     main.o (.rodata.str1.10313062130652730376.1)
                  00005962    00000005     main.o (.rodata.str1.16265332423659789559.1)
                  00005967    00000005     main.o (.rodata.str1.17376258722486336754.1)
                  0000596c    00000005     main.o (.rodata.str1.18227636981041470289.1)
                  00005971    00000005     main.o (.rodata.str1.2846389346932560359.1)
                  00005976    00000005     main.o (.rodata.str1.6891813955777630061.1)
                  0000597b    00000004     main.o (.rodata.str1.11702106008850790973.1)
                  0000597f    00000004     main.o (.rodata.str1.13288086030101331538.1)
                  00005983    00000004     main.o (.rodata.str1.14402440632258215044.1)
                  00005987    00000004     main.o (.rodata.str1.15996357275703397564.1)
                  0000598b    00000004     main.o (.rodata.str1.16631870348416990953.1)
                  0000598f    00000004     main.o (.rodata.str1.2123964117280943167.1)
                  00005993    00000004     main.o (.rodata.str1.2763581881760962609.1)
                  00005997    00000004     main.o (.rodata.str1.9059077390166914652.1)
                  0000599b    00000003     ti_msp_dl_config.o (.rodata.gTIMER_SAMPLEClockConfig)
                  0000599e    00000003     main.o (.rodata.str1.11870794119293528247.1)
                  000059a1    00000003     lcd_driver.o (.rodata.str1.4301156551425074819.1)
                  000059a4    00000002     ti_msp_dl_config.o (.rodata.gSPI_LCD_clockConfig)
                  000059a6    00000002     main.o (.rodata.str1.13782249893155712474.1)
                  000059a8    00000008     --HOLE-- [fill = 0]

.init_array 
*          0    00000000    00000000     UNINITIALIZED

.binit     0    00000000    00000000     

.sysmem    0    20200000    00001000     UNINITIALIZED
                  20200000    00000010     libc.a : memory.c.obj (.sysmem)
                  20200010    00000ff0     --HOLE--

.bss       0    20201000    000001c0     UNINITIALIZED
                  20201000    000000bc     ti_msp_dl_config.o (.bss.gPWM_AUDIOBackup)
                  202010bc    000000a0     ti_msp_dl_config.o (.bss.gTIMER_SAMPLEBackup)
                  2020115c    0000003c     main.o (.bss.gSynthState)
                  20201198    00000028     ti_msp_dl_config.o (.bss.gSPI_LCDBackup)

.data      0    202011c0    00000032     UNINITIALIZED
                  202011c0    0000000c     main.o (.data.envelope)
                  202011cc    00000004     main.o (.data.Process_Buttons.joy_prev)
                  202011d0    00000004     main.o (.data.Process_Buttons.s1_prev)
                  202011d4    00000004     main.o (.data.Process_Buttons.s2_prev)
                  202011d8    00000004     libc.a : aeabi_portable.c.obj (.data.__aeabi_errno)
                  202011dc    00000004     main.o (.data.base_frequency)
                  202011e0    00000004     main.o (.data.bent_frequency)
                  202011e4    00000004     main.o (.data.phase)
                  202011e8    00000004     main.o (.data.phase_increment)
                  202011ec    00000004     main.o (.data.pitch_bend_semitones)
                  202011f0    00000001     main.o (.data.current_instrument)
                  202011f1    00000001     main.o (.data.effects_enabled)

.stack     0    20207e00    00000200     UNINITIALIZED
                  20207e00    00000004     libc.a : boot_cortex_m.c.obj (.stack)
                  20207e04    000001fc     --HOLE--

__llvm_prf_cnts 
*          0    20200000    00000000     UNINITIALIZED

__llvm_prf_bits 
*          0    20200000    00000000     UNINITIALIZED

MODULE SUMMARY

       Module                         code    ro data   rw data
       ------                         ----    -------   -------
    .\
       main.o                         4412    819       106    
       lcd_driver.o                   1762    549       0      
       startup_mspm0g350x_ticlang.o   8       192       0      
    +--+------------------------------+-------+---------+---------+
       Total:                         6182    1560      106    
                                                               
    .\syscfg\
       ti_msp_dl_config.o             4210    148       388    
    +--+------------------------------+-------+---------+---------+
       Total:                         4210    148       388    
                                                               
    .\ti\driverlib\
       dl_timer.o                     1312    0         0      
       dl_rtc_common.o                564     0         0      
       dl_spi.o                       148     0         0      
       dl_adc12.o                     116     0         0      
       dl_i2c.o                       92      0         0      
       dl_common.o                    20      0         0      
    +--+------------------------------+-------+---------+---------+
       Total:                         2252    0         0      
                                                               
    .\ti\driverlib\m0p\sysctl\
       dl_sysctl_mspm0g1x0x_g3x0x.o   504     0         0      
    +--+------------------------------+-------+---------+---------+
       Total:                         504     0         0      
                                                               
    C:\ti\ccs2040\ccs\tools\compiler\ti-cgt-armllvm_4.0.4.LTS\lib\armv6m-ti-none-eabi/c/libc.a
       _printfi.c.obj                 2166    34        0      
       e_powf.c.obj                   1766    24        0      
       aeabi_ctype.S.obj              0       257       0      
       s_scalbnf.c.obj                176     0         0      
       e_sqrtf.c.obj                  160     0         0      
       snprintf.c.obj                 148     0         0      
       copy_decompress_lzss.c.obj     124     0         0      
       atoi.c.obj                     64      0         0      
       autoinit.c.obj                 60      0         0      
       boot_cortex_m.c.obj            56      0         0      
       memccpy.c.obj                  34      0         0      
       copy_zero_init.c.obj           22      0         0      
       copy_decompress_none.c.obj     18      0         0      
       memcpy16.S.obj                 18      0         0      
       wcslen.c.obj                   16      0         0      
       memset16.S.obj                 14      0         0      
       aeabi_portable.c.obj           8       0         4      
       exit.c.obj                     6       0         0      
       pre_init.c.obj                 4       0         0      
    +--+------------------------------+-------+---------+---------+
       Total:                         4860    315       4      
                                                               
    C:\ti\ccs2040\ccs\tools\compiler\ti-cgt-armllvm_4.0.4.LTS\lib\armv6m-ti-none-eabi/c/libsysbm.a
       hostexit.c.obj                 4       0         0      
    +--+------------------------------+-------+---------+---------+
       Total:                         4       0         0      
                                                               
    C:\ti\ccs2040\ccs\tools\compiler\ti-cgt-armllvm_4.0.4.LTS\lib\armv6m-ti-none-eabi/libclang_rt.builtins.a
       adddf3.S.obj                   402     0         0      
       divdf3.S.obj                   268     0         0      
       addsf3.S.obj                   248     0         0      
       muldf3.S.obj                   228     0         0      
       comparedf2.c.obj               220     0         0      
       udivmoddi4.S.obj               162     0         0      
       mulsf3.S.obj                   156     0         0      
       divsf3.S.obj                   130     0         0      
       comparesf2.S.obj               118     0         0      
       aeabi_dcmp.S.obj               98      0         0      
       aeabi_fcmp.S.obj               98      0         0      
       aeabi_idivmod.S.obj            86      0         0      
       fixunsdfsi.S.obj               66      0         0      
       aeabi_uidivmod.S.obj           64      0         0      
       extendsfdf2.S.obj              64      0         0      
       floatsisf.S.obj                60      0         0      
       muldsi3.S.obj                  58      0         0      
       fixsfsi.S.obj                  56      0         0      
       fixunssfsi.S.obj               50      0         0      
       floatsidf.S.obj                44      0         0      
       floatunsisf.S.obj              40      0         0      
       floatunsidf.S.obj              36      0         0      
       muldi3.S.obj                   36      0         0      
       ashldi3.S.obj                  30      0         0      
       aeabi_memset.S.obj             26      0         0      
       aeabi_uldivmod.S.obj           20      0         0      
       aeabi_memcpy.S.obj             8       0         0      
       aeabi_div0.c.obj               4       0         0      
    +--+------------------------------+-------+---------+---------+
       Total:                         2876    0         0      
                                                               
       Heap:                          0       0         4096   
       Stack:                         0       0         512    
       Linker Generated:              0       55        0      
    +--+------------------------------+-------+---------+---------+
       Grand Total:                   20888   2078      5106   


LINKER GENERATED COPY TABLES

__TI_cinit_table @ 000059d8 records: 2, size/record: 8, table size: 16
	.data: load addr=000059b0, load size=00000013 bytes, run addr=202011c0, run size=00000032 bytes, compression=lzss
	.bss: load addr=000059d0, load size=00000008 bytes, run addr=20201000, run size=000001c0 bytes, compression=zero_init


LINKER GENERATED HANDLER TABLE

__TI_handler_table @ 000059c4 records: 3, size/record: 4, table size: 12
	index: 0, handler: __TI_decompress_lzss
	index: 1, handler: __TI_decompress_none
	index: 2, handler: __TI_zero_init


FAR CALL TRAMPOLINES

callee name               trampoline name
   callee addr  tramp addr   call addr  call info
--------------  -----------  ---------  ----------------
__aeabi_fmul              $Tramp$TT$L$PI$$__aeabi_fmul
   000032f5     000051fc     000051f8   libc.a : e_powf.c.obj (.text.OUTLINED_FUNCTION_1)
                             00005258          : e_powf.c.obj (.text.OUTLINED_FUNCTION_0)
                             00005260          : e_powf.c.obj (.text.OUTLINED_FUNCTION_7)
__aeabi_fadd              $Tramp$TT$L$PI$$__aeabi_fadd
   00002b7f     00005214     00005210   libc.a : e_powf.c.obj (.text.OUTLINED_FUNCTION_3)
                             0000525c          : e_powf.c.obj (.text.OUTLINED_FUNCTION_2)
                             00005264          : e_powf.c.obj (.text.OUTLINED_FUNCTION_8)
__aeabi_fsub              $Tramp$TT$L$PI$$__aeabi_fsub
   00002b75     0000522c     00005228   libc.a : e_powf.c.obj (.text.OUTLINED_FUNCTION_4)
                             00005240          : e_powf.c.obj (.text.OUTLINED_FUNCTION_5)
                             00005246          : e_powf.c.obj (.text.OUTLINED_FUNCTION_6)
_c_int00_noargs           $Tramp$TT$L$PI$$_c_int00_noargs
   0000474d     0000526c     00005266   startup_mspm0g350x_ticlang.o (.text.Reset_Handler)

[4 trampolines]
[10 trampoline calls]


GLOBAL SYMBOLS: SORTED ALPHABETICALLY BY Name 

address   name                                 
-------   ----                                 
00003a81  ADC0_IRQHandler                      
0000380d  ADC1_IRQHandler                      
0000524f  AES_IRQHandler                       
00005252  C$$EXIT                              
0000524f  CANFD0_IRQHandler                    
0000524f  DAC0_IRQHandler                      
00003bc1  DL_ADC12_setClockConfig              
00004fa1  DL_Common_delayCycles                
0000426d  DL_I2C_setClockConfig                
00002a9d  DL_RTC_Common_initCalendar           
00003dd1  DL_SPI_init                          
000047c1  DL_SPI_setClockConfig                
00004685  DL_SYSCTL_configFCC                  
00002805  DL_SYSCTL_configSYSPLL               
00003c59  DL_SYSCTL_switchMCLKfromSYSOSCtoHSCLK
00002635  DL_Timer_initFourCCPWMMode           
00002209  DL_Timer_initTimerMode               
000042a1  DL_Timer_setCaptCompUpdateMethod     
000042d5  DL_Timer_setCaptureCompareAction     
00003fa5  DL_Timer_setCaptureCompareCtl        
00004309  DL_Timer_setCaptureCompareInput      
00003ea5  DL_Timer_setCaptureCompareOutCtl     
00004499  DL_Timer_setCaptureCompareValue      
0000433d  DL_Timer_setClockConfig              
0000524f  DMA_IRQHandler                       
0000524f  Default_Handler                      
0000524f  GROUP0_IRQHandler                    
0000524f  GROUP1_IRQHandler                    
00005253  HOSTexit                             
00004371  HardFault_Handler                    
0000524f  I2C0_IRQHandler                      
0000524f  I2C1_IRQHandler                      
00003b71  LCD_DrawPixel                        
00002535  LCD_DrawRect                         
000048f1  LCD_FillScreen                       
000012fd  LCD_Init                             
000038cd  LCD_PrintNumber                      
00001e35  LCD_PrintString                      
0000524f  NMI_Handler                          
0000524f  PendSV_Handler                       
000020e1  Process_Buttons                      
0000524f  RTC_IRQHandler                       
00005267  Reset_Handler                        
0000524f  SPI0_IRQHandler                      
0000524f  SPI1_IRQHandler                      
0000524f  SVC_Handler                          
00002dc5  SYSCFG_DL_ADC_ACCEL_init             
00003269  SYSCFG_DL_ADC_MIC_JOY_init           
00001741  SYSCFG_DL_GPIO_init                  
00003925  SYSCFG_DL_I2C_0_init                 
0000397d  SYSCFG_DL_I2C_1_init                 
00003589  SYSCFG_DL_PWM_AUDIO_init             
000046fd  SYSCFG_DL_RTC_init                   
00003e19  SYSCFG_DL_SPI_LCD_init               
00004b99  SYSCFG_DL_SYSCTL_CLK_init            
00002e7d  SYSCFG_DL_SYSCTL_SYSPLL_init         
00002fdd  SYSCFG_DL_SYSCTL_init                
00003ca5  SYSCFG_DL_TIMER_SAMPLE_init          
00003a2d  SYSCFG_DL_init                       
00002c4d  SYSCFG_DL_initPower                  
0000524f  SysTick_Handler                      
0000524f  TIMA0_IRQHandler                     
0000524f  TIMA1_IRQHandler                     
0000524f  TIMG0_IRQHandler                     
0000524f  TIMG12_IRQHandler                    
0000524f  TIMG6_IRQHandler                     
00003b21  TIMG7_IRQHandler                     
0000524f  TIMG8_IRQHandler                     
00005105  TI_memcpy_small                      
000051a5  TI_memset_small                      
0000524f  UART0_IRQHandler                     
0000524f  UART1_IRQHandler                     
0000524f  UART2_IRQHandler                     
0000524f  UART3_IRQHandler                     
20208000  __STACK_END                          
00000200  __STACK_SIZE                         
00001000  __SYSMEM_SIZE                        
00000000  __TI_ATRegion0_region_sz             
00000000  __TI_ATRegion0_src_addr              
00000000  __TI_ATRegion0_trg_addr              
00000000  __TI_ATRegion1_region_sz             
00000000  __TI_ATRegion1_src_addr              
00000000  __TI_ATRegion1_trg_addr              
00000000  __TI_ATRegion2_region_sz             
00000000  __TI_ATRegion2_src_addr              
00000000  __TI_ATRegion2_trg_addr              
000059d8  __TI_CINIT_Base                      
000059e8  __TI_CINIT_Limit                     
000059e8  __TI_CINIT_Warm                      
000059c4  __TI_Handler_Table_Base              
000059d0  __TI_Handler_Table_Limit             
00004149  __TI_auto_init_nobinit_nopinit       
0000350d  __TI_decompress_lzss                 
00005117  __TI_decompress_none                 
ffffffff  __TI_pprof_out_hndl                  
000000c1  __TI_printfi_nofloat                 
ffffffff  __TI_prof_data_size                  
ffffffff  __TI_prof_data_start                 
00000000  __TI_static_base__                   
00004f8b  __TI_zero_init_nomemset              
00001cab  __adddf3                             
00002b7f  __addsf3                             
000056b0  __aeabi_ctype_table_                 
000056b0  __aeabi_ctype_table_C                
00003e61  __aeabi_d2uiz                        
00001cab  __aeabi_dadd                         
00003745  __aeabi_dcmpeq                       
00003781  __aeabi_dcmpge                       
00003795  __aeabi_dcmpgt                       
0000376d  __aeabi_dcmple                       
00003759  __aeabi_dcmplt                       
00002429  __aeabi_ddiv                         
00002721  __aeabi_dmul                         
00001ca1  __aeabi_dsub                         
202011d8  __aeabi_errno                        
000051e5  __aeabi_errno_addr                   
00003f25  __aeabi_f2d                          
00004235  __aeabi_f2iz                         
000043a5  __aeabi_f2uiz                        
00002b7f  __aeabi_fadd                         
000037a9  __aeabi_fcmpeq                       
000037e5  __aeabi_fcmpge                       
000037f9  __aeabi_fcmpgt                       
000037d1  __aeabi_fcmple                       
000037bd  __aeabi_fcmplt                       
00003489  __aeabi_fdiv                         
000032f5  __aeabi_fmul                         
00002b75  __aeabi_fsub                         
000044f1  __aeabi_i2d                          
000040d1  __aeabi_i2f                          
000039d5  __aeabi_idiv                         
00001e33  __aeabi_idiv0                        
000039d5  __aeabi_idivmod                      
000031c7  __aeabi_ldiv0                        
00004911  __aeabi_llsl                         
00004809  __aeabi_lmul                         
000051d9  __aeabi_memclr                       
000051d9  __aeabi_memclr4                      
000051d9  __aeabi_memclr8                      
000051ed  __aeabi_memcpy                       
000051ed  __aeabi_memcpy4                      
000051ed  __aeabi_memcpy8                      
00005189  __aeabi_memset                       
00005189  __aeabi_memset4                      
00005189  __aeabi_memset8                      
000047e5  __aeabi_ui2d                         
00004725  __aeabi_ui2f                         
00003ee5  __aeabi_uidiv                        
00003ee5  __aeabi_uidivmod                     
000050cd  __aeabi_uldivmod                     
00004911  __ashldi3                            
ffffffff  __binit__                            
000036dd  __cmpdf2                             
00004185  __cmpsf2                             
00002429  __divdf3                             
00003489  __divsf3                             
000036dd  __eqdf2                              
00004185  __eqsf2                              
00003f25  __extendsfdf2                        
00004235  __fixsfsi                            
00003e61  __fixunsdfsi                         
000043a5  __fixunssfsi                         
000044f1  __floatsidf                          
000040d1  __floatsisf                          
000047e5  __floatunsidf                        
00004725  __floatunsisf                        
000035fd  __gedf2                              
0000410d  __gesf2                              
000035fd  __gtdf2                              
0000410d  __gtsf2                              
000036dd  __ledf2                              
00004185  __lesf2                              
000036dd  __ltdf2                              
00004185  __ltsf2                              
UNDEFED   __mpu_init                           
00002721  __muldf3                             
00004809  __muldi3                             
000041c1  __muldsi3                            
000032f5  __mulsf3                             
000036dd  __nedf2                              
00004185  __nesf2                              
20207e00  __stack                              
20200000  __start___llvm_prf_bits              
20200000  __start___llvm_prf_cnts              
20200000  __stop___llvm_prf_bits               
20200000  __stop___llvm_prf_cnts               
00001ca1  __subdf3                             
00002b75  __subsf3                             
00003125  __udivmoddi4                         
0000474d  _c_int00_noargs                      
20200000  _sys_memory                          
UNDEFED   _system_post_cinit                   
0000527d  _system_pre_init                     
00005249  abort                                
00003f65  atoi                                 
ffffffff  binit                                
20201000  gPWM_AUDIOBackup                     
20201198  gSPI_LCDBackup                       
2020115c  gSynthState                          
202010bc  gTIMER_SAMPLEBackup                  
00000000  interruptVectors                     
00002f2d  ldexpf                               
0000155d  main                                 
0000482d  memccpy                              
00000929  powf                                 
00002f2d  scalbnf                              
00003cf1  snprintf                             
000031c9  sqrtf                                
00005179  wcslen                               


GLOBAL SYMBOLS: SORTED BY Symbol Address 

address   name                                 
-------   ----                                 
00000000  __TI_ATRegion0_region_sz             
00000000  __TI_ATRegion0_src_addr              
00000000  __TI_ATRegion0_trg_addr              
00000000  __TI_ATRegion1_region_sz             
00000000  __TI_ATRegion1_src_addr              
00000000  __TI_ATRegion1_trg_addr              
00000000  __TI_ATRegion2_region_sz             
00000000  __TI_ATRegion2_src_addr              
00000000  __TI_ATRegion2_trg_addr              
00000000  __TI_static_base__                   
00000000  interruptVectors                     
000000c1  __TI_printfi_nofloat                 
00000200  __STACK_SIZE                         
00000929  powf                                 
00001000  __SYSMEM_SIZE                        
000012fd  LCD_Init                             
0000155d  main                                 
00001741  SYSCFG_DL_GPIO_init                  
00001ca1  __aeabi_dsub                         
00001ca1  __subdf3                             
00001cab  __adddf3                             
00001cab  __aeabi_dadd                         
00001e33  __aeabi_idiv0                        
00001e35  LCD_PrintString                      
000020e1  Process_Buttons                      
00002209  DL_Timer_initTimerMode               
00002429  __aeabi_ddiv                         
00002429  __divdf3                             
00002535  LCD_DrawRect                         
00002635  DL_Timer_initFourCCPWMMode           
00002721  __aeabi_dmul                         
00002721  __muldf3                             
00002805  DL_SYSCTL_configSYSPLL               
00002a9d  DL_RTC_Common_initCalendar           
00002b75  __aeabi_fsub                         
00002b75  __subsf3                             
00002b7f  __addsf3                             
00002b7f  __aeabi_fadd                         
00002c4d  SYSCFG_DL_initPower                  
00002dc5  SYSCFG_DL_ADC_ACCEL_init             
00002e7d  SYSCFG_DL_SYSCTL_SYSPLL_init         
00002f2d  ldexpf                               
00002f2d  scalbnf                              
00002fdd  SYSCFG_DL_SYSCTL_init                
00003125  __udivmoddi4                         
000031c7  __aeabi_ldiv0                        
000031c9  sqrtf                                
00003269  SYSCFG_DL_ADC_MIC_JOY_init           
000032f5  __aeabi_fmul                         
000032f5  __mulsf3                             
00003489  __aeabi_fdiv                         
00003489  __divsf3                             
0000350d  __TI_decompress_lzss                 
00003589  SYSCFG_DL_PWM_AUDIO_init             
000035fd  __gedf2                              
000035fd  __gtdf2                              
000036dd  __cmpdf2                             
000036dd  __eqdf2                              
000036dd  __ledf2                              
000036dd  __ltdf2                              
000036dd  __nedf2                              
00003745  __aeabi_dcmpeq                       
00003759  __aeabi_dcmplt                       
0000376d  __aeabi_dcmple                       
00003781  __aeabi_dcmpge                       
00003795  __aeabi_dcmpgt                       
000037a9  __aeabi_fcmpeq                       
000037bd  __aeabi_fcmplt                       
000037d1  __aeabi_fcmple                       
000037e5  __aeabi_fcmpge                       
000037f9  __aeabi_fcmpgt                       
0000380d  ADC1_IRQHandler                      
000038cd  LCD_PrintNumber                      
00003925  SYSCFG_DL_I2C_0_init                 
0000397d  SYSCFG_DL_I2C_1_init                 
000039d5  __aeabi_idiv                         
000039d5  __aeabi_idivmod                      
00003a2d  SYSCFG_DL_init                       
00003a81  ADC0_IRQHandler                      
00003b21  TIMG7_IRQHandler                     
00003b71  LCD_DrawPixel                        
00003bc1  DL_ADC12_setClockConfig              
00003c59  DL_SYSCTL_switchMCLKfromSYSOSCtoHSCLK
00003ca5  SYSCFG_DL_TIMER_SAMPLE_init          
00003cf1  snprintf                             
00003dd1  DL_SPI_init                          
00003e19  SYSCFG_DL_SPI_LCD_init               
00003e61  __aeabi_d2uiz                        
00003e61  __fixunsdfsi                         
00003ea5  DL_Timer_setCaptureCompareOutCtl     
00003ee5  __aeabi_uidiv                        
00003ee5  __aeabi_uidivmod                     
00003f25  __aeabi_f2d                          
00003f25  __extendsfdf2                        
00003f65  atoi                                 
00003fa5  DL_Timer_setCaptureCompareCtl        
000040d1  __aeabi_i2f                          
000040d1  __floatsisf                          
0000410d  __gesf2                              
0000410d  __gtsf2                              
00004149  __TI_auto_init_nobinit_nopinit       
00004185  __cmpsf2                             
00004185  __eqsf2                              
00004185  __lesf2                              
00004185  __ltsf2                              
00004185  __nesf2                              
000041c1  __muldsi3                            
00004235  __aeabi_f2iz                         
00004235  __fixsfsi                            
0000426d  DL_I2C_setClockConfig                
000042a1  DL_Timer_setCaptCompUpdateMethod     
000042d5  DL_Timer_setCaptureCompareAction     
00004309  DL_Timer_setCaptureCompareInput      
0000433d  DL_Timer_setClockConfig              
00004371  HardFault_Handler                    
000043a5  __aeabi_f2uiz                        
000043a5  __fixunssfsi                         
00004499  DL_Timer_setCaptureCompareValue      
000044f1  __aeabi_i2d                          
000044f1  __floatsidf                          
00004685  DL_SYSCTL_configFCC                  
000046fd  SYSCFG_DL_RTC_init                   
00004725  __aeabi_ui2f                         
00004725  __floatunsisf                        
0000474d  _c_int00_noargs                      
000047c1  DL_SPI_setClockConfig                
000047e5  __aeabi_ui2d                         
000047e5  __floatunsidf                        
00004809  __aeabi_lmul                         
00004809  __muldi3                             
0000482d  memccpy                              
000048f1  LCD_FillScreen                       
00004911  __aeabi_llsl                         
00004911  __ashldi3                            
00004b99  SYSCFG_DL_SYSCTL_CLK_init            
00004f8b  __TI_zero_init_nomemset              
00004fa1  DL_Common_delayCycles                
000050cd  __aeabi_uldivmod                     
00005105  TI_memcpy_small                      
00005117  __TI_decompress_none                 
00005179  wcslen                               
00005189  __aeabi_memset                       
00005189  __aeabi_memset4                      
00005189  __aeabi_memset8                      
000051a5  TI_memset_small                      
000051d9  __aeabi_memclr                       
000051d9  __aeabi_memclr4                      
000051d9  __aeabi_memclr8                      
000051e5  __aeabi_errno_addr                   
000051ed  __aeabi_memcpy                       
000051ed  __aeabi_memcpy4                      
000051ed  __aeabi_memcpy8                      
00005249  abort                                
0000524f  AES_IRQHandler                       
0000524f  CANFD0_IRQHandler                    
0000524f  DAC0_IRQHandler                      
0000524f  DMA_IRQHandler                       
0000524f  Default_Handler                      
0000524f  GROUP0_IRQHandler                    
0000524f  GROUP1_IRQHandler                    
0000524f  I2C0_IRQHandler                      
0000524f  I2C1_IRQHandler                      
0000524f  NMI_Handler                          
0000524f  PendSV_Handler                       
0000524f  RTC_IRQHandler                       
0000524f  SPI0_IRQHandler                      
0000524f  SPI1_IRQHandler                      
0000524f  SVC_Handler                          
0000524f  SysTick_Handler                      
0000524f  TIMA0_IRQHandler                     
0000524f  TIMA1_IRQHandler                     
0000524f  TIMG0_IRQHandler                     
0000524f  TIMG12_IRQHandler                    
0000524f  TIMG6_IRQHandler                     
0000524f  TIMG8_IRQHandler                     
0000524f  UART0_IRQHandler                     
0000524f  UART1_IRQHandler                     
0000524f  UART2_IRQHandler                     
0000524f  UART3_IRQHandler                     
00005252  C$$EXIT                              
00005253  HOSTexit                             
00005267  Reset_Handler                        
0000527d  _system_pre_init                     
000056b0  __aeabi_ctype_table_                 
000056b0  __aeabi_ctype_table_C                
000059c4  __TI_Handler_Table_Base              
000059d0  __TI_Handler_Table_Limit             
000059d8  __TI_CINIT_Base                      
000059e8  __TI_CINIT_Limit                     
000059e8  __TI_CINIT_Warm                      
20200000  __start___llvm_prf_bits              
20200000  __start___llvm_prf_cnts              
20200000  __stop___llvm_prf_bits               
20200000  __stop___llvm_prf_cnts               
20200000  _sys_memory                          
20201000  gPWM_AUDIOBackup                     
202010bc  gTIMER_SAMPLEBackup                  
2020115c  gSynthState                          
20201198  gSPI_LCDBackup                       
202011d8  __aeabi_errno                        
20207e00  __stack                              
20208000  __STACK_END                          
ffffffff  __TI_pprof_out_hndl                  
ffffffff  __TI_prof_data_size                  
ffffffff  __TI_prof_data_start                 
ffffffff  __binit__                            
ffffffff  binit                                
UNDEFED   __mpu_init                           
UNDEFED   _system_post_cinit                   

[209 symbols]
