******************************************************************************
            TI ARM Clang Linker PC v4.0.4                      
******************************************************************************
>> Linked Thu Dec 18 20:39:40 2025

OUTPUT FILE NAME:   <Motion_Music_studio.out>
ENTRY POINT SYMBOL: "_c_int00_noargs"  address: 00004d79


MEMORY CONFIGURATION

         name            origin    length      used     unused   attr    fill
----------------------  --------  ---------  --------  --------  ----  --------
  FLASH                 00000000   00020000  00005e80  0001a180  R  X
  SRAM                  20200000   00008000  00000aff  00007501  RW X
  BCR_CONFIG            41c00000   000000ff  00000000  000000ff  R   
  BSL_CONFIG            41c00100   00000080  00000000  00000080  R   


SEGMENT ALLOCATION MAP

run origin  load origin   length   init length attrs members
----------  ----------- ---------- ----------- ----- -------
00000000    00000000    00005e80   00005e80    r-x
  00000000    00000000    000000c0   000000c0    r-- .intvecs
  000000c0    000000c0    00005670   00005670    r-x .text
  00005730    00005730    00000720   00000720    r-- .rodata
  00005e50    00005e50    00000030   00000030    r-- .cinit
20200000    20200000    000008ff   00000000    rw-
  20200000    20200000    00000800   00000000    rw- .sysmem
  20200800    20200800    000000e8   00000000    rw- .bss
  202008e8    202008e8    00000017   00000000    rw- .data
20207e00    20207e00    00000200   00000200    rw-
  20207e00    20207e00    00000200   00000200    rw- .stack


SECTION ALLOCATION MAP

 output                                  attributes/
section   page    origin      length       input sections
--------  ----  ----------  ----------   ----------------
.intvecs   0    00000000    000000c0     
                  00000000    000000c0     startup_mspm0g350x_ticlang.o (.intvecs)

.text      0    000000c0    00005670     
                  000000c0    000009d0     libc.a : _printfi.c.obj (.text:__TI_printfi)
                  00000a90    00000644            : k_rem_pio2.c.obj (.text.__kernel_rem_pio2)
                  000010d4    00000274     main.o (.text.Process_Input)
                  00001348    00000220     libc.a : _printfi.c.obj (.text._pconv_a)
                  00001568    00000200     lcd_driver.o (.text.LCD_DrawWaveform)
                  00001768    000001dc     libc.a : _printfi.c.obj (.text._pconv_g)
                  00001944    000001c8            : s_sinf.c.obj (.text.sinf)
                  00001b0c    000001a8     main.o (.text.main)
                  00001cb4    0000019c     ti_msp_dl_config.o (.text.SYSCFG_DL_GPIO_init)
                  00001e50    00000192     libclang_rt.builtins.a : adddf3.S.obj (.text.adddf3_subdf3)
                  00001fe2    00000002                            : aeabi_div0.c.obj (.text.__aeabi_idiv0)
                  00001fe4    0000017c     main.o (.text.Update_Display)
                  00002160    00000164     lcd_driver.o (.text.LCD_DrawLine)
                  000022c4    0000015c     main.o (.text.Generate_Audio_Sample)
                  00002420    00000144     libc.a : s_floor.c.obj (.text.floor)
                  00002564    0000013c            : _printfi.c.obj (.text.fcvt)
                  000026a0    00000120            : _printfi.c.obj (.text._pconv_e)
                  000027c0    00000110     dl_timer.o (.text.DL_Timer_initTimerMode)
                  000028d0    00000110     dl_timer.o (.text.DL_Timer_initTwoCCPWMMode)
                  000029e0    0000010c     libclang_rt.builtins.a : divdf3.S.obj (.text.__divdf3)
                  00002aec    000000f4     lcd_driver.o (.text.LCD_DrawChar)
                  00002be0    000000ec     dl_sysctl_mspm0g1x0x_g3x0x.o (.text.DL_SYSCTL_configSYSPLL)
                  00002ccc    000000ec     dl_timer.o (.text.DL_Timer_initFourCCPWMMode)
                  00002db8    000000e4     libclang_rt.builtins.a : muldf3.S.obj (.text.__muldf3)
                  00002e9c    000000d8     libc.a : s_scalbn.c.obj (.text.scalbn)
                  00002f74    000000d8     libclang_rt.builtins.a : addsf3.S.obj (.text)
                  0000304c    000000c0     ti_msp_dl_config.o (.text.SYSCFG_DL_initPower)
                  0000310c    000000ba     lcd_driver.o (.text.LCD_FillRect)
                  000031c6    00000002     libclang_rt.builtins.a : aeabi_div0.c.obj (.text.__aeabi_ldiv0)
                  000031c8    000000ac     libc.a : s_sinf.c.obj (.text.__kernel_sindf)
                  00003274    000000a8     ti_msp_dl_config.o (.text.SYSCFG_DL_ADC_ACCEL_init)
                  0000331c    000000a4     lcd_driver.o (.text.LCD_DrawRect)
                  000033c0    000000a2     libclang_rt.builtins.a : udivmoddi4.S.obj (.text)
                  00003462    0000009c     lcd_driver.o (.text.LCD_FillCircle)
                  000034fe    00000002     --HOLE-- [fill = 0]
                  00003500    0000009c     ti_msp_dl_config.o (.text.SYSCFG_DL_ADC_MIC_JOY_init)
                  0000359c    0000009c     libc.a : s_sinf.c.obj (.text.__kernel_cosdf)
                  00003638    00000094     lcd_driver.o (.text.LCD_Init)
                  000036cc    0000008c     libclang_rt.builtins.a : mulsf3.S.obj (.text.__mulsf3)
                  00003758    00000084     ti_msp_dl_config.o (.text.__NVIC_SetPriority)
                  000037dc    00000082     libclang_rt.builtins.a : divsf3.S.obj (.text.__divsf3)
                  0000385e    00000002     --HOLE-- [fill = 0]
                  00003860    00000080     main.o (.text.delay_ms)
                  000038e0    0000007c     libc.a : copy_decompress_lzss.c.obj (.text:decompress:lzss)
                  0000395c    00000078     main.o (.text.HardFault_Handler)
                  000039d4    00000074     ti_msp_dl_config.o (.text.SYSCFG_DL_PWM_AUDIO_init)
                  00003a48    00000074     libclang_rt.builtins.a : comparedf2.c.obj (.text.__gedf2)
                  00003abc    00000004     startup_mspm0g350x_ticlang.o (.text.Default_Handler)
                  00003ac0    00000074     libclang_rt.builtins.a : truncdfsf2.S.obj (.text.__truncdfsf2)
                  00003b34    00000070     main.o (.text.GPIOA_IRQHandler)
                  00003ba4    0000006c     ti_msp_dl_config.o (.text.SYSCFG_DL_SYSCTL_init)
                  00003c10    00000068     libclang_rt.builtins.a : comparedf2.c.obj (.text.__ledf2)
                  00003c78    00000066     libc.a : _printfi.c.obj (.text._mcpy)
                  00003cde    00000002     --HOLE-- [fill = 0]
                  00003ce0    00000062     libclang_rt.builtins.a : aeabi_dcmp.S.obj (.text.__aeabi_dcmp)
                  00003d42    00000002     --HOLE-- [fill = 0]
                  00003d44    00000062                            : aeabi_fcmp.S.obj (.text.__aeabi_fcmp)
                  00003da6    00000002     --HOLE-- [fill = 0]
                  00003da8    00000060     main.o (.text.ADC0_IRQHandler)
                  00003e08    00000060     ti_msp_dl_config.o (.text.DL_ADC12_initSeqSample)
                  00003e68    0000005c     libc.a : s_frexp.c.obj (.text.frexp)
                  00003ec4    00000058     ti_msp_dl_config.o (.text.SYSCFG_DL_I2C_0_init)
                  00003f1c    00000058     ti_msp_dl_config.o (.text.SYSCFG_DL_I2C_1_init)
                  00003f74    00000058     libc.a : _ltoa.c.obj (.text.__TI_ltoa)
                  00003fcc    00000058            : _printfi.c.obj (.text._pconv_f)
                  00004024    00000056     libclang_rt.builtins.a : aeabi_idivmod.S.obj (.text.__aeabi_idivmod)
                  0000407a    00000054     lcd_driver.o (.text.LCD_DrawString)
                  000040ce    00000052     lcd_driver.o (.text.LCD_SetWindow)
                  00004120    00000052     libc.a : _printfi.c.obj (.text._ecpy)
                  00004172    00000002     --HOLE-- [fill = 0]
                  00004174    00000050     ti_msp_dl_config.o (.text.DL_GPIO_initPeripheralInputFunctionFeatures)
                  000041c4    0000004c     dl_adc12.o (.text.DL_ADC12_setClockConfig)
                  00004210    0000004c     ti_msp_dl_config.o (.text.DL_GPIO_initDigitalInputFeatures)
                  0000425c    0000004c     dl_sysctl_mspm0g1x0x_g3x0x.o (.text.DL_SYSCTL_switchMCLKfromSYSOSCtoHSCLK)
                  000042a8    0000004c     ti_msp_dl_config.o (.text.SYSCFG_DL_init)
                  000042f4    0000004c     libc.a : snprintf.c.obj (.text.snprintf)
                  00004340    0000004a     ti_msp_dl_config.o (.text.DL_ADC12_configConversionMem)
                  0000438a    00000002     --HOLE-- [fill = 0]
                  0000438c    0000004a     libclang_rt.builtins.a : fixdfsi.S.obj (.text.__fixdfsi)
                  000043d6    00000002     --HOLE-- [fill = 0]
                  000043d8    00000048     dl_spi.o (.text.DL_SPI_init)
                  00004420    00000048     lcd_driver.o (.text.LCD_Clear)
                  00004468    00000048     main.o (.text.check_stack_canary)
                  000044b0    00000044     lcd_driver.o (.text.LCD_DrawPixel)
                  000044f4    00000042     libclang_rt.builtins.a : fixunsdfsi.S.obj (.text.__fixunsdfsi)
                  00004536    00000002     --HOLE-- [fill = 0]
                  00004538    00000040     dl_timer.o (.text.DL_Timer_setCaptureCompareOutCtl)
                  00004578    00000040     ti_msp_dl_config.o (.text.SYSCFG_DL_SPI_LCD_init)
                  000045b8    00000040     ti_msp_dl_config.o (.text.SYSCFG_DL_TIMER_SAMPLE_init)
                  000045f8    00000040     libclang_rt.builtins.a : aeabi_uidivmod.S.obj (.text.__aeabi_uidivmod)
                  00004638    00000040                            : extendsfdf2.S.obj (.text.__extendsfdf2)
                  00004678    00000040     libc.a : atoi.c.obj (.text.atoi)
                  000046b8    0000003c     dl_timer.o (.text.DL_Timer_setCaptureCompareCtl)
                  000046f4    0000003c     dl_timer.o (.text.DL_Timer_setCounterControl)
                  00004730    0000003c     ti_msp_dl_config.o (.text.DL_Timer_setCounterControl)
                  0000476c    0000003c     main.o (.text.Update_Phase_Increment)
                  000047a8    0000003c     libclang_rt.builtins.a : floatsisf.S.obj (.text.__floatsisf)
                  000047e4    0000003c                            : comparesf2.S.obj (.text.__gtsf2)
                  00004820    0000003c     libc.a : autoinit.c.obj (.text:__TI_auto_init_nobinit_nopinit)
                  0000485c    0000003a     libclang_rt.builtins.a : comparesf2.S.obj (.text.__eqsf2)
                  00004896    00000002     --HOLE-- [fill = 0]
                  00004898    0000003a                            : muldsi3.S.obj (.text.__muldsi3)
                  000048d2    00000002     --HOLE-- [fill = 0]
                  000048d4    00000038                            : fixsfsi.S.obj (.text.__fixsfsi)
                  0000490c    00000034     dl_i2c.o (.text.DL_I2C_setClockConfig)
                  00004940    00000034     dl_timer.o (.text.DL_Timer_setCaptCompUpdateMethod)
                  00004974    00000034     dl_timer.o (.text.DL_Timer_setCaptureCompareAction)
                  000049a8    00000034     dl_timer.o (.text.DL_Timer_setCaptureCompareInput)
                  000049dc    00000034     dl_timer.o (.text.DL_Timer_setClockConfig)
                  00004a10    00000034     dl_vref.o (.text.DL_VREF_configReference)
                  00004a44    00000030     main.o (.text.DL_ADC12_getMemResult)
                  00004a74    00000030     ti_msp_dl_config.o (.text.DL_SPI_setFIFOThreshold)
                  00004aa4    00000030     lcd_driver.o (.text.LCD_WriteCommand)
                  00004ad4    00000030     lcd_driver.o (.text.LCD_WriteData)
                  00004b04    00000030     libc.a : _printfi.c.obj (.text._fcpy)
                  00004b34    00000030            : snprintf.c.obj (.text._outs)
                  00004b64    0000002c     dl_timer.o (.text.DL_Timer_setCaptureCompareValue)
                  00004b90    0000002c     main.o (.text.__NVIC_EnableIRQ)
                  00004bbc    0000002c     libclang_rt.builtins.a : floatsidf.S.obj (.text.__floatsidf)
                  00004be8    00000028     dl_adc12.o (.text.DL_Common_updateReg)
                  00004c10    00000028     dl_i2c.o (.text.DL_Common_updateReg)
                  00004c38    00000028     dl_spi.o (.text.DL_Common_updateReg)
                  00004c60    00000028     dl_sysctl_mspm0g1x0x_g3x0x.o (.text.DL_Common_updateReg)
                  00004c88    00000028     dl_timer.o (.text.DL_Common_updateReg)
                  00004cb0    00000028     ti_msp_dl_config.o (.text.DL_Common_updateReg)
                  00004cd8    00000028     ti_msp_dl_config.o (.text.DL_I2C_setControllerRXFIFOThreshold)
                  00004d00    00000028     ti_msp_dl_config.o (.text.DL_I2C_setControllerTXFIFOThreshold)
                  00004d28    00000028     ti_msp_dl_config.o (.text.DL_SYSCTL_setPowerPolicySTANDBY0)
                  00004d50    00000028     libclang_rt.builtins.a : floatunsisf.S.obj (.text.__floatunsisf)
                  00004d78    00000028     libc.a : boot_cortex_m.c.obj (.text:_c_int00_noargs)
                  00004da0    00000026     ti_msp_dl_config.o (.text.DL_I2C_setAnalogGlitchFilterPulseWidth)
                  00004dc6    00000002     --HOLE-- [fill = 0]
                  00004dc8    00000024     ti_msp_dl_config.o (.text.DL_SPI_setBitRateSerialClockDivider)
                  00004dec    00000024     dl_spi.o (.text.DL_SPI_setClockConfig)
                  00004e10    00000024     libclang_rt.builtins.a : muldi3.S.obj (.text.__muldi3)
                  00004e34    00000022     libc.a : memccpy.c.obj (.text.memccpy)
                  00004e56    00000002     --HOLE-- [fill = 0]
                  00004e58    00000020     dl_sysctl_mspm0g1x0x_g3x0x.o (.text.DL_CORE_configInstruction)
                  00004e78    00000020     ti_msp_dl_config.o (.text.DL_GPIO_initPeripheralInputFunction)
                  00004e98    00000020     ti_msp_dl_config.o (.text.DL_SYSCTL_setFlashWaitState)
                  00004eb8    00000020     ti_msp_dl_config.o (.text.DL_SYSCTL_setMFPCLKSource)
                  00004ed8    00000020     dl_timer.o (.text.DL_Timer_setCounterValueAfterEnable)
                  00004ef8    0000001e     lcd_driver.o (.text.LCD_WriteData16)
                  00004f16    00000002     --HOLE-- [fill = 0]
                  00004f18    0000001e     libclang_rt.builtins.a : ashldi3.S.obj (.text.__ashldi3)
                  00004f36    00000002     --HOLE-- [fill = 0]
                  00004f38    0000001c     ti_msp_dl_config.o (.text.DL_ADC12_clearInterruptStatus)
                  00004f54    0000001c     ti_msp_dl_config.o (.text.DL_ADC12_enableInterrupt)
                  00004f70    0000001c     main.o (.text.DL_ADC12_startConversion)
                  00004f8c    0000001c     main.o (.text.DL_GPIO_clearInterruptStatus)
                  00004fa8    0000001c     ti_msp_dl_config.o (.text.DL_GPIO_clearInterruptStatus)
                  00004fc4    0000001c     ti_msp_dl_config.o (.text.DL_GPIO_enableHiZ)
                  00004fe0    0000001c     ti_msp_dl_config.o (.text.DL_GPIO_enableInterrupt)
                  00004ffc    0000001c     ti_msp_dl_config.o (.text.DL_GPIO_initPeripheralOutputFunction)
                  00005018    0000001c     ti_msp_dl_config.o (.text.DL_GPIO_setLowerPinsPolarity)
                  00005034    0000001c     ti_msp_dl_config.o (.text.DL_SYSCTL_setMCLKDivider)
                  00005050    0000001c     ti_msp_dl_config.o (.text.DL_SYSCTL_setSYSOSCFreq)
                  0000506c    0000001c     ti_msp_dl_config.o (.text.DL_SYSCTL_setULPCLKDivider)
                  00005088    0000001c     ti_msp_dl_config.o (.text.DL_Timer_enableInterrupt)
                  000050a4    0000001c     ti_msp_dl_config.o (.text.SYSCFG_DL_SYSCTL_CLK_init)
                  000050c0    0000001c     ti_msp_dl_config.o (.text.SYSCFG_DL_VREF_init)
                  000050dc    0000001c     main.o (.text.TIMG7_IRQHandler)
                  000050f8    00000018     ti_msp_dl_config.o (.text.DL_ADC12_enablePower)
                  00005110    00000018     ti_msp_dl_config.o (.text.DL_ADC12_reset)
                  00005128    00000018     ti_msp_dl_config.o (.text.DL_ADC12_setSampleTime0)
                  00005140    00000018     ti_msp_dl_config.o (.text.DL_GPIO_enableOutput)
                  00005158    00000018     ti_msp_dl_config.o (.text.DL_GPIO_enablePower)
                  00005170    00000018     main.o (.text.DL_GPIO_getEnabledInterruptStatus)
                  00005188    00000018     ti_msp_dl_config.o (.text.DL_GPIO_initDigitalOutput)
                  000051a0    00000018     ti_msp_dl_config.o (.text.DL_GPIO_reset)
                  000051b8    00000018     lcd_driver.o (.text.DL_GPIO_setPins)
                  000051d0    00000018     main.o (.text.DL_GPIO_setPins)
                  000051e8    00000018     ti_msp_dl_config.o (.text.DL_GPIO_setPins)
                  00005200    00000018     main.o (.text.DL_GPIO_togglePins)
                  00005218    00000018     ti_msp_dl_config.o (.text.DL_I2C_enableAnalogGlitchFilter)
                  00005230    00000018     ti_msp_dl_config.o (.text.DL_I2C_enableController)
                  00005248    00000018     ti_msp_dl_config.o (.text.DL_I2C_enableControllerClockStretching)
                  00005260    00000018     ti_msp_dl_config.o (.text.DL_I2C_enablePower)
                  00005278    00000018     ti_msp_dl_config.o (.text.DL_I2C_reset)
                  00005290    00000018     ti_msp_dl_config.o (.text.DL_I2C_setTimerPeriod)
                  000052a8    00000018     ti_msp_dl_config.o (.text.DL_SPI_enable)
                  000052c0    00000018     ti_msp_dl_config.o (.text.DL_SPI_enablePower)
                  000052d8    00000018     lcd_driver.o (.text.DL_SPI_isBusy)
                  000052f0    00000018     ti_msp_dl_config.o (.text.DL_SPI_reset)
                  00005308    00000018     ti_msp_dl_config.o (.text.DL_SYSCTL_enableInterrupt)
                  00005320    00000018     ti_msp_dl_config.o (.text.DL_SYSCTL_setBORThreshold)
                  00005338    00000018     dl_sysctl_mspm0g1x0x_g3x0x.o (.text.DL_SYSCTL_setHSCLKSource)
                  00005350    00000018     ti_msp_dl_config.o (.text.DL_Timer_enablePower)
                  00005368    00000018     ti_msp_dl_config.o (.text.DL_Timer_reset)
                  00005380    00000018     dl_timer.o (.text.DL_Timer_setLoadValue)
                  00005398    00000018     ti_msp_dl_config.o (.text.DL_VREF_enablePower)
                  000053b0    00000018     ti_msp_dl_config.o (.text.DL_VREF_reset)
                  000053c8    00000018     libc.a : snprintf.c.obj (.text._outc)
                  000053e0    00000016     main.o (.text.DL_ADC12_enableConversions)
                  000053f6    00000016     ti_msp_dl_config.o (.text.DL_ADC12_enableConversions)
                  0000540c    00000016     ti_msp_dl_config.o (.text.DL_GPIO_enableGlobalFastWake)
                  00005422    00000016     lcd_driver.o (.text.DL_SPI_transmitData8)
                  00005438    00000016     libc.a : k_rem_pio2.c.obj (.text.OUTLINED_FUNCTION_0)
                  0000544e    00000002     --HOLE-- [fill = 0]
                  00005450    00000010     libclang_rt.builtins.a : adddf3.S.obj (.tramp.__aeabi_dadd.1)
                  00005460    00000016     libc.a : copy_zero_init.c.obj (.text:decompress:ZI:__TI_zero_init_nomemset)
                  00005476    00000014     dl_common.o (.text.DL_Common_delayCycles)
                  0000548a    00000002     --HOLE-- [fill = 0]
                  0000548c    00000014     ti_msp_dl_config.o (.text.DL_FlashCTL_enableInterrupt)
                  000054a0    00000014     lcd_driver.o (.text.DL_GPIO_clearPins)
                  000054b4    00000014     main.o (.text.DL_GPIO_clearPins)
                  000054c8    00000014     ti_msp_dl_config.o (.text.DL_GPIO_clearPins)
                  000054dc    00000014     ti_msp_dl_config.o (.text.DL_I2C_resetControllerTransfer)
                  000054f0    00000014     dl_sysctl_mspm0g1x0x_g3x0x.o (.text.DL_SYSCTL_disableSYSPLL)
                  00005504    00000014     ti_msp_dl_config.o (.text.DL_SYSCTL_disableSYSPLL)
                  00005518    00000014     ti_msp_dl_config.o (.text.DL_SYSCTL_enableMFCLK)
                  0000552c    00000014     ti_msp_dl_config.o (.text.DL_Timer_enableClock)
                  00005540    00000014     ti_msp_dl_config.o (.text.DL_Timer_setCCPDirection)
                  00005554    00000014     lcd_driver.o (.text.LCD_DC_Command)
                  00005568    00000014     lcd_driver.o (.text.LCD_DC_Data)
                  0000557c    00000014     libclang_rt.builtins.a : aeabi_uldivmod.S.obj (.text.__aeabi_uldivmod)
                  00005590    00000014     libc.a : _printfi.c.obj (.text.strchr)
                  000055a4    00000012     main.o (.text.DL_ADC12_getPendingInterrupt)
                  000055b6    00000012     main.o (.text.DL_Timer_getPendingInterrupt)
                  000055c8    00000012     libc.a : memcpy16.S.obj (.text:TI_memcpy_small)
                  000055da    00000012            : copy_decompress_none.c.obj (.text:decompress:none)
                  000055ec    00000010     dl_sysctl_mspm0g1x0x_g3x0x.o (.text.DL_CORE_getInstructionConfig)
                  000055fc    00000010     ti_msp_dl_config.o (.text.DL_SYSCTL_disableHFXT)
                  0000560c    00000010     ti_msp_dl_config.o (.text.DL_SYSCTL_enableMFPCLK)
                  0000561c    00000010     main.o (.text.DL_Timer_getTimerCount)
                  0000562c    00000010     libc.a : k_rem_pio2.c.obj (.text.OUTLINED_FUNCTION_2)
                  0000563c    00000010            : wcslen.c.obj (.text.wcslen)
                  0000564c    0000000e     libclang_rt.builtins.a : aeabi_memset.S.obj (.text.__aeabi_memset)
                  0000565a    0000000e     libc.a : _printfi.c.obj (.text.strlen)
                  00005668    0000000e            : memset16.S.obj (.text:TI_memset_small)
                  00005676    00000002     --HOLE-- [fill = 0]
                  00005678    0000000c     dl_sysctl_mspm0g1x0x_g3x0x.o (.text.DL_SYSCTL_getClockStatus)
                  00005684    0000000c     ti_msp_dl_config.o (.text.DL_SYSCTL_getClockStatus)
                  00005690    0000000a     libc.a : _printfi.c.obj (.text.OUTLINED_FUNCTION_0)
                  0000569a    00000002     --HOLE-- [fill = 0]
                  0000569c    00000010     libclang_rt.builtins.a : adddf3.S.obj (.tramp.__aeabi_dsub.1)
                  000056ac    0000000a     libc.a : _printfi.c.obj (.text.OUTLINED_FUNCTION_1)
                  000056b6    0000000a            : k_rem_pio2.c.obj (.text.OUTLINED_FUNCTION_1)
                  000056c0    0000000a            : s_sinf.c.obj (.text.OUTLINED_FUNCTION_3)
                  000056ca    0000000a     startup_mspm0g350x_ticlang.o (.text.ResetISR)
                  000056d4    00000008     libc.a : aeabi_portable.c.obj (.text.__aeabi_errno_addr)
                  000056dc    00000008     libclang_rt.builtins.a : aeabi_memcpy.S.obj (.text.__aeabi_memcpy)
                  000056e4    00000006     libc.a : s_sinf.c.obj (.text.OUTLINED_FUNCTION_0)
                  000056ea    00000002     --HOLE-- [fill = 0]
                  000056ec    00000010     libclang_rt.builtins.a : muldf3.S.obj (.tramp.__aeabi_dmul.1)
                  000056fc    00000006     libc.a : s_sinf.c.obj (.text.OUTLINED_FUNCTION_1)
                  00005702    00000006            : exit.c.obj (.text:abort)
                  00005708    00000004     libsysbm.a : hostexit.c.obj (.text.HOSTexit)
                  0000570c    00000004     libc.a : s_sinf.c.obj (.text.OUTLINED_FUNCTION_2)
                  00005710    00000010     libclang_rt.builtins.a : extendsfdf2.S.obj (.tramp.__aeabi_f2d.1)
                  00005720    00000004     libc.a : pre_init.c.obj (.text._system_pre_init)
                  00005724    0000000c     --HOLE-- [fill = 0]

.cinit     0    00005e50    00000030     
                  00005e50    0000000c     (__TI_handler_table)
                  00005e5c    00000008     (.cinit..bss.load) [load image, compression = zero_init]
                  00005e64    00000008     (.cinit..data.load) [load image, compression = lzss]
                  00005e6c    00000010     (__TI_cinit_table)
                  00005e7c    00000004     --HOLE-- [fill = 0]

.rodata    0    00005730    00000720     
                  00005730    00000200     main.o (.rodata.sine_table)
                  00005930    00000127     lcd_driver.o (.rodata.font_5x7)
                  00005a57    00000001     --HOLE-- [fill = 0]
                  00005a58    00000108     libc.a : k_rem_pio2.c.obj (.rodata.ipio2)
                  00005b60    00000101            : aeabi_ctype.S.obj (.rodata:__aeabi_ctype_table_)
                  00005c61    00000007     main.o (.rodata.str1.16265332423659789559.1)
                  00005c68    00000040     libc.a : k_rem_pio2.c.obj (.rodata.PIo2)
                  00005ca8    00000028     ti_msp_dl_config.o (.rodata.gSYSPLLConfig)
                  00005cd0    00000022     ti_msp_dl_config.o (.rodata..L__const.SYSCFG_DL_GPIO_init.unusedPinIndexes)
                  00005cf2    00000002     ti_msp_dl_config.o (.rodata.gI2C_0ClockConfig)
                  00005cf4    00000014     ti_msp_dl_config.o (.rodata.gTIMER_SAMPLETimerConfig)
                  00005d08    00000012     main.o (.rodata.str1.13782249893155712474.1)
                  00005d1a    00000011     libc.a : _printfi.c.obj (.rodata.str1.10348868589481759720.1)
                  00005d2b    00000011            : _printfi.c.obj (.rodata.str1.15363888844622738466.1)
                  00005d3c    00000011     main.o (.rodata.str1.17100691992556644108.1)
                  00005d4d    00000003     ti_msp_dl_config.o (.rodata.gPWM_AUDIOClockConfig)
                  00005d50    00000010     main.o (.rodata..L__const.Update_Display.wave_names)
                  00005d60    00000010     libc.a : k_rem_pio2.c.obj (.rodata.cst16)
                  00005d70    00000010     main.o (.rodata.str1.18227636981041470289.1)
                  00005d80    00000010     main.o (.rodata.str1.8154729771448623357.1)
                  00005d90    0000000e     main.o (.rodata.str1.6891813955777630061.1)
                  00005d9e    0000000c     main.o (.rodata.str1.12180500075719773345.1)
                  00005daa    0000000c     main.o (.rodata.str1.15159059442110792349.1)
                  00005db6    0000000c     main.o (.rodata.str1.288608917962107522.1)
                  00005dc2    0000000c     main.o (.rodata.str1.7702501944640899365.1)
                  00005dce    0000000b     main.o (.rodata.str1.11870794119293528247.1)
                  00005dd9    0000000b     main.o (.rodata.str1.14112174005742061988.1)
                  00005de4    0000000b     main.o (.rodata.str1.8076846746581808073.1)
                  00005def    00000001     --HOLE-- [fill = 0]
                  00005df0    0000000a     ti_msp_dl_config.o (.rodata.gSPI_LCD_config)
                  00005dfa    0000000a     main.o (.rodata.str1.14079361385603432444.1)
                  00005e04    00000008     ti_msp_dl_config.o (.rodata.gADC_ACCELClockConfig)
                  00005e0c    00000008     ti_msp_dl_config.o (.rodata.gADC_MIC_JOYClockConfig)
                  00005e14    00000008     ti_msp_dl_config.o (.rodata.gPWM_AUDIOConfig)
                  00005e1c    00000008     ti_msp_dl_config.o (.rodata.gVREFConfig)
                  00005e24    00000008     main.o (.rodata.str1.10313062130652730376.1)
                  00005e2c    00000008     main.o (.rodata.str1.2763581881760962609.1)
                  00005e34    00000007     main.o (.rodata.str1.2123964117280943167.1)
                  00005e3b    00000005     main.o (.rodata.str1.14402440632258215044.1)
                  00005e40    00000004     main.o (.rodata.str1.8108965883388295311.1)
                  00005e44    00000004     main.o (.rodata.str1.9059077390166914652.1)
                  00005e48    00000003     ti_msp_dl_config.o (.rodata.gTIMER_SAMPLEClockConfig)
                  00005e4b    00000002     ti_msp_dl_config.o (.rodata.gI2C_1ClockConfig)
                  00005e4d    00000002     ti_msp_dl_config.o (.rodata.gSPI_LCD_clockConfig)
                  00005e4f    00000001     --HOLE-- [fill = 0]

.init_array 
*          0    00000000    00000000     UNINITIALIZED

.binit     0    00000000    00000000     

.sysmem    0    20200000    00000800     UNINITIALIZED
                  20200000    00000010     libc.a : memory.c.obj (.sysmem)
                  20200010    000007f0     --HOLE--

.bss       0    20200800    000000e8     UNINITIALIZED
                  20200800    000000a0     ti_msp_dl_config.o (.bss.gTIMER_SAMPLEBackup)
                  202008a0    00000028     ti_msp_dl_config.o (.bss.gSPI_LCDBackup)
                  202008c8    00000020     main.o (.bss.g_synthState)

.data      0    202008e8    00000017     UNINITIALIZED
                  202008e8    00000004     main.o (.data.Process_Input.last_update)
                  202008ec    00000004     libc.a : aeabi_portable.c.obj (.data.__aeabi_errno)
                  202008f0    00000004     main.o (.data.main.last_display)
                  202008f4    00000004     main.o (.data.phase)
                  202008f8    00000004     main.o (.data.phase_increment)
                  202008fc    00000001     main.o (.data.Process_Input.last_joy)
                  202008fd    00000001     main.o (.data.Process_Input.last_s1)
                  202008fe    00000001     main.o (.data.Process_Input.last_s2)

.stack     0    20207e00    00000200     
                  20207e00    00000004     main.o (.stack)
                  20207e04    00000004     libc.a : boot_cortex_m.c.obj (.stack) [fill = 0]
                  20207e08    000001f8     --HOLE-- [fill = 0]

__llvm_prf_cnts 
*          0    20200000    00000000     UNINITIALIZED

__llvm_prf_bits 
*          0    20200000    00000000     UNINITIALIZED

MODULE SUMMARY

       Module                         code    ro data   rw data
       ------                         ----    -------   -------
    .\
       ti_msp_dl_config.o             3572    148       200    
       main.o                         2710    743       51     
       startup_mspm0g350x_ticlang.o   14      192       0      
    +--+------------------------------+-------+---------+---------+
       Total:                         6296    1083      251    
                                                               
    .\lcd\
       lcd_driver.o                   2328    295       0      
    +--+------------------------------+-------+---------+---------+
       Total:                         2328    295       0      
                                                               
    .\ti\driverlib\
       dl_timer.o                     1312    0         0      
       dl_spi.o                       148     0         0      
       dl_adc12.o                     116     0         0      
       dl_i2c.o                       92      0         0      
       dl_vref.o                      52      0         0      
       dl_common.o                    20      0         0      
    +--+------------------------------+-------+---------+---------+
       Total:                         1740    0         0      
                                                               
    .\ti\driverlib\m0p\sysctl\
       dl_sysctl_mspm0g1x0x_g3x0x.o   456     0         0      
    +--+------------------------------+-------+---------+---------+
       Total:                         456     0         0      
                                                               
    C:\ti\ccs2040\ccs\tools\compiler\ti-cgt-armllvm_4.0.4.LTS\lib\armv6m-ti-none-eabi/c/libc.a
       _printfi.c.obj                 4510    34        0      
       k_rem_pio2.c.obj               1652    344       0      
       s_sinf.c.obj                   810     0         0      
       s_floor.c.obj                  324     0         0      
       aeabi_ctype.S.obj              0       257       0      
       s_scalbn.c.obj                 216     0         0      
       snprintf.c.obj                 148     0         0      
       copy_decompress_lzss.c.obj     124     0         0      
       s_frexp.c.obj                  92      0         0      
       _ltoa.c.obj                    88      0         0      
       atoi.c.obj                     64      0         0      
       autoinit.c.obj                 60      0         0      
       boot_cortex_m.c.obj            40      0         0      
       memccpy.c.obj                  34      0         0      
       copy_zero_init.c.obj           22      0         0      
       copy_decompress_none.c.obj     18      0         0      
       memcpy16.S.obj                 18      0         0      
       wcslen.c.obj                   16      0         0      
       memset16.S.obj                 14      0         0      
       aeabi_portable.c.obj           8       0         4      
       exit.c.obj                     6       0         0      
       pre_init.c.obj                 4       0         0      
    +--+------------------------------+-------+---------+---------+
       Total:                         8268    635       4      
                                                               
    C:\ti\ccs2040\ccs\tools\compiler\ti-cgt-armllvm_4.0.4.LTS\lib\armv6m-ti-none-eabi/c/libsysbm.a
       hostexit.c.obj                 4       0         0      
    +--+------------------------------+-------+---------+---------+
       Total:                         4       0         0      
                                                               
    C:\ti\ccs2040\ccs\tools\compiler\ti-cgt-armllvm_4.0.4.LTS\lib\armv6m-ti-none-eabi/libclang_rt.builtins.a
       adddf3.S.obj                   434     0         0      
       divdf3.S.obj                   268     0         0      
       muldf3.S.obj                   244     0         0      
       comparedf2.c.obj               220     0         0      
       addsf3.S.obj                   216     0         0      
       udivmoddi4.S.obj               162     0         0      
       mulsf3.S.obj                   140     0         0      
       divsf3.S.obj                   130     0         0      
       comparesf2.S.obj               118     0         0      
       truncdfsf2.S.obj               116     0         0      
       aeabi_dcmp.S.obj               98      0         0      
       aeabi_fcmp.S.obj               98      0         0      
       aeabi_idivmod.S.obj            86      0         0      
       extendsfdf2.S.obj              80      0         0      
       fixdfsi.S.obj                  74      0         0      
       fixunsdfsi.S.obj               66      0         0      
       aeabi_uidivmod.S.obj           64      0         0      
       floatsisf.S.obj                60      0         0      
       muldsi3.S.obj                  58      0         0      
       fixsfsi.S.obj                  56      0         0      
       floatsidf.S.obj                44      0         0      
       floatunsisf.S.obj              40      0         0      
       muldi3.S.obj                   36      0         0      
       ashldi3.S.obj                  30      0         0      
       aeabi_uldivmod.S.obj           20      0         0      
       aeabi_memset.S.obj             14      0         0      
       aeabi_memcpy.S.obj             8       0         0      
       aeabi_div0.c.obj               4       0         0      
    +--+------------------------------+-------+---------+---------+
       Total:                         2984    0         0      
                                                               
       Heap:                          0       0         2048   
       Stack:                         0       0         512    
       Linker Generated:              0       44        0      
    +--+------------------------------+-------+---------+---------+
       Grand Total:                   22076   2057      2815   


LINKER GENERATED COPY TABLES

__TI_cinit_table @ 00005e6c records: 2, size/record: 8, table size: 16
	.bss: load addr=00005e5c, load size=00000008 bytes, run addr=20200800, run size=000000e8 bytes, compression=zero_init
	.data: load addr=00005e64, load size=00000008 bytes, run addr=202008e8, run size=00000017 bytes, compression=lzss


LINKER GENERATED HANDLER TABLE

__TI_handler_table @ 00005e50 records: 3, size/record: 4, table size: 12
	index: 0, handler: __TI_decompress_lzss
	index: 1, handler: __TI_decompress_none
	index: 2, handler: __TI_zero_init


FAR CALL TRAMPOLINES

callee name               trampoline name
   callee addr  tramp addr   call addr  call info
--------------  -----------  ---------  ----------------
__aeabi_dadd              $Tramp$TT$L$PI$$__aeabi_dadd
   00001e5b     00005450     0000544c   libc.a : k_rem_pio2.c.obj (.text.OUTLINED_FUNCTION_0)
                             000056be          : k_rem_pio2.c.obj (.text.OUTLINED_FUNCTION_1)
                             000056c8          : s_sinf.c.obj (.text.OUTLINED_FUNCTION_3)
__aeabi_dsub              $Tramp$TT$L$PI$$__aeabi_dsub
   00001e51     0000569c     00005698   libc.a : _printfi.c.obj (.text.OUTLINED_FUNCTION_0)
__aeabi_dmul              $Tramp$TT$L$PI$$__aeabi_dmul
   00002db9     000056ec     000056e8   libc.a : s_sinf.c.obj (.text.OUTLINED_FUNCTION_0)
                             00005700          : s_sinf.c.obj (.text.OUTLINED_FUNCTION_1)
__aeabi_f2d               $Tramp$TT$L$PI$$__aeabi_f2d
   00004639     00005710     0000570e   libc.a : s_sinf.c.obj (.text.OUTLINED_FUNCTION_2)

[4 trampolines]
[7 trampoline calls]


GLOBAL SYMBOLS: SORTED ALPHABETICALLY BY Name 

address   name                                 
-------   ----                                 
00003da9  ADC0_IRQHandler                      
00003abd  ADC1_IRQHandler                      
00003abd  AES_IRQHandler                       
00005708  C$$EXIT                              
00003abd  CANFD0_IRQHandler                    
000041c5  DL_ADC12_setClockConfig              
00005477  DL_Common_delayCycles                
0000490d  DL_I2C_setClockConfig                
000043d9  DL_SPI_init                          
00004ded  DL_SPI_setClockConfig                
00002be1  DL_SYSCTL_configSYSPLL               
0000425d  DL_SYSCTL_switchMCLKfromSYSOSCtoHSCLK
00002ccd  DL_Timer_initFourCCPWMMode           
000027c1  DL_Timer_initTimerMode               
00004941  DL_Timer_setCaptCompUpdateMethod     
00004975  DL_Timer_setCaptureCompareAction     
000046b9  DL_Timer_setCaptureCompareCtl        
000049a9  DL_Timer_setCaptureCompareInput      
00004539  DL_Timer_setCaptureCompareOutCtl     
00004b65  DL_Timer_setCaptureCompareValue      
000049dd  DL_Timer_setClockConfig              
00004a11  DL_VREF_configReference              
00003abd  DMA_IRQHandler                       
00003abd  Default_Handler                      
00003b35  GPIOA_IRQHandler                     
00003abd  GPIOB_IRQHandler                     
00003abd  GROUP0_IRQHandler                    
00005709  HOSTexit                             
0000395d  HardFault_Handler                    
00003abd  I2C0_IRQHandler                      
00003abd  I2C1_IRQHandler                      
00003abd  I2C2_IRQHandler                      
00004421  LCD_Clear                            
00002aed  LCD_DrawChar                         
00002161  LCD_DrawLine                         
000044b1  LCD_DrawPixel                        
0000331d  LCD_DrawRect                         
0000407b  LCD_DrawString                       
00001569  LCD_DrawWaveform                     
00003463  LCD_FillCircle                       
0000310d  LCD_FillRect                         
00003639  LCD_Init                             
00003abd  NMI_Handler                          
00003abd  PendSV_Handler                       
00003abd  RTC_IRQHandler                       
000056cb  ResetISR                             
00003abd  SPI0_IRQHandler                      
00003abd  SPI1_IRQHandler                      
00003abd  SVC_Handler                          
00003275  SYSCFG_DL_ADC_ACCEL_init             
00003501  SYSCFG_DL_ADC_MIC_JOY_init           
00001cb5  SYSCFG_DL_GPIO_init                  
00003ec5  SYSCFG_DL_I2C_0_init                 
00003f1d  SYSCFG_DL_I2C_1_init                 
000039d5  SYSCFG_DL_PWM_AUDIO_init             
00004579  SYSCFG_DL_SPI_LCD_init               
000050a5  SYSCFG_DL_SYSCTL_CLK_init            
00003ba5  SYSCFG_DL_SYSCTL_init                
000045b9  SYSCFG_DL_TIMER_SAMPLE_init          
000050c1  SYSCFG_DL_VREF_init                  
000042a9  SYSCFG_DL_init                       
0000304d  SYSCFG_DL_initPower                  
00003abd  SysTick_Handler                      
00003abd  TIMG0_IRQHandler                     
00003abd  TIMG12_IRQHandler                    
00003abd  TIMG14_IRQHandler                    
00003abd  TIMG4_IRQHandler                     
00003abd  TIMG6_IRQHandler                     
000050dd  TIMG7_IRQHandler                     
00003abd  TIMG8_IRQHandler                     
000055c9  TI_memcpy_small                      
00005669  TI_memset_small                      
00003abd  UART0_IRQHandler                     
00003abd  UART1_IRQHandler                     
00003abd  UART2_IRQHandler                     
00003abd  UART3_IRQHandler                     
20208000  __STACK_END                          
00000200  __STACK_SIZE                         
00000800  __SYSMEM_SIZE                        
00000000  __TI_ATRegion0_region_sz             
00000000  __TI_ATRegion0_src_addr              
00000000  __TI_ATRegion0_trg_addr              
00000000  __TI_ATRegion1_region_sz             
00000000  __TI_ATRegion1_src_addr              
00000000  __TI_ATRegion1_trg_addr              
00000000  __TI_ATRegion2_region_sz             
00000000  __TI_ATRegion2_src_addr              
00000000  __TI_ATRegion2_trg_addr              
00005e6c  __TI_CINIT_Base                      
00005e7c  __TI_CINIT_Limit                     
00005e7c  __TI_CINIT_Warm                      
00005e50  __TI_Handler_Table_Base              
00005e5c  __TI_Handler_Table_Limit             
00004821  __TI_auto_init_nobinit_nopinit       
000038e1  __TI_decompress_lzss                 
000055db  __TI_decompress_none                 
00003f75  __TI_ltoa                            
ffffffff  __TI_pprof_out_hndl                  
000000c1  __TI_printfi                         
ffffffff  __TI_prof_data_size                  
ffffffff  __TI_prof_data_start                 
00000000  __TI_static_base__                   
00005461  __TI_zero_init_nomemset              
00001e5b  __adddf3                             
00002f7f  __addsf3                             
00005b60  __aeabi_ctype_table_                 
00005b60  __aeabi_ctype_table_C                
00003ac1  __aeabi_d2f                          
0000438d  __aeabi_d2iz                         
000044f5  __aeabi_d2uiz                        
00001e5b  __aeabi_dadd                         
00003ce1  __aeabi_dcmpeq                       
00003d1d  __aeabi_dcmpge                       
00003d31  __aeabi_dcmpgt                       
00003d09  __aeabi_dcmple                       
00003cf5  __aeabi_dcmplt                       
000029e1  __aeabi_ddiv                         
00002db9  __aeabi_dmul                         
00001e51  __aeabi_dsub                         
202008ec  __aeabi_errno                        
000056d5  __aeabi_errno_addr                   
00004639  __aeabi_f2d                          
000048d5  __aeabi_f2iz                         
00002f7f  __aeabi_fadd                         
00003d45  __aeabi_fcmpeq                       
00003d81  __aeabi_fcmpge                       
00003d95  __aeabi_fcmpgt                       
00003d6d  __aeabi_fcmple                       
00003d59  __aeabi_fcmplt                       
000037dd  __aeabi_fdiv                         
000036cd  __aeabi_fmul                         
00002f75  __aeabi_fsub                         
00004bbd  __aeabi_i2d                          
000047a9  __aeabi_i2f                          
00004025  __aeabi_idiv                         
00001fe3  __aeabi_idiv0                        
00004025  __aeabi_idivmod                      
000031c7  __aeabi_ldiv0                        
00004f19  __aeabi_llsl                         
00004e11  __aeabi_lmul                         
000056dd  __aeabi_memcpy                       
000056dd  __aeabi_memcpy4                      
000056dd  __aeabi_memcpy8                      
0000564d  __aeabi_memset                       
0000564d  __aeabi_memset4                      
0000564d  __aeabi_memset8                      
00004d51  __aeabi_ui2f                         
000045f9  __aeabi_uidiv                        
000045f9  __aeabi_uidivmod                     
0000557d  __aeabi_uldivmod                     
00004f19  __ashldi3                            
ffffffff  __binit__                            
00003c11  __cmpdf2                             
0000485d  __cmpsf2                             
000029e1  __divdf3                             
000037dd  __divsf3                             
00003c11  __eqdf2                              
0000485d  __eqsf2                              
00004639  __extendsfdf2                        
0000438d  __fixdfsi                            
000048d5  __fixsfsi                            
000044f5  __fixunsdfsi                         
00004bbd  __floatsidf                          
000047a9  __floatsisf                          
00004d51  __floatunsisf                        
00003a49  __gedf2                              
000047e5  __gesf2                              
00003a49  __gtdf2                              
000047e5  __gtsf2                              
00000a91  __kernel_rem_pio2                    
00003c11  __ledf2                              
0000485d  __lesf2                              
00003c11  __ltdf2                              
0000485d  __ltsf2                              
UNDEFED   __mpu_init                           
00002db9  __muldf3                             
00004e11  __muldi3                             
00004899  __muldsi3                            
000036cd  __mulsf3                             
00003c11  __nedf2                              
0000485d  __nesf2                              
20207e04  __stack                              
20200000  __start___llvm_prf_bits              
20200000  __start___llvm_prf_cnts              
20200000  __stop___llvm_prf_bits               
20200000  __stop___llvm_prf_cnts               
00001e51  __subdf3                             
00002f75  __subsf3                             
00003ac1  __truncdfsf2                         
000033c1  __udivmoddi4                         
00004d79  _c_int00_noargs                      
20200000  _sys_memory                          
UNDEFED   _system_post_cinit                   
00005721  _system_pre_init                     
00005703  abort                                
00004679  atoi                                 
ffffffff  binit                                
00004469  check_stack_canary                   
00003861  delay_ms                             
00002421  floor                                
00002421  floorl                               
00003e69  frexp                                
00003e69  frexpl                               
202008a0  gSPI_LCDBackup                       
20200800  gTIMER_SAMPLEBackup                  
202008c8  g_synthState                         
00000000  interruptVectors                     
00002e9d  ldexp                                
00002e9d  ldexpl                               
00001b0d  main                                 
00004e35  memccpy                              
00002e9d  scalbn                               
00002e9d  scalbnl                              
00001945  sinf                                 
000042f5  snprintf                             
20207e00  stack_canary                         
0000563d  wcslen                               


GLOBAL SYMBOLS: SORTED BY Symbol Address 

address   name                                 
-------   ----                                 
00000000  __TI_ATRegion0_region_sz             
00000000  __TI_ATRegion0_src_addr              
00000000  __TI_ATRegion0_trg_addr              
00000000  __TI_ATRegion1_region_sz             
00000000  __TI_ATRegion1_src_addr              
00000000  __TI_ATRegion1_trg_addr              
00000000  __TI_ATRegion2_region_sz             
00000000  __TI_ATRegion2_src_addr              
00000000  __TI_ATRegion2_trg_addr              
00000000  __TI_static_base__                   
00000000  interruptVectors                     
000000c1  __TI_printfi                         
00000200  __STACK_SIZE                         
00000800  __SYSMEM_SIZE                        
00000a91  __kernel_rem_pio2                    
00001569  LCD_DrawWaveform                     
00001945  sinf                                 
00001b0d  main                                 
00001cb5  SYSCFG_DL_GPIO_init                  
00001e51  __aeabi_dsub                         
00001e51  __subdf3                             
00001e5b  __adddf3                             
00001e5b  __aeabi_dadd                         
00001fe3  __aeabi_idiv0                        
00002161  LCD_DrawLine                         
00002421  floor                                
00002421  floorl                               
000027c1  DL_Timer_initTimerMode               
000029e1  __aeabi_ddiv                         
000029e1  __divdf3                             
00002aed  LCD_DrawChar                         
00002be1  DL_SYSCTL_configSYSPLL               
00002ccd  DL_Timer_initFourCCPWMMode           
00002db9  __aeabi_dmul                         
00002db9  __muldf3                             
00002e9d  ldexp                                
00002e9d  ldexpl                               
00002e9d  scalbn                               
00002e9d  scalbnl                              
00002f75  __aeabi_fsub                         
00002f75  __subsf3                             
00002f7f  __addsf3                             
00002f7f  __aeabi_fadd                         
0000304d  SYSCFG_DL_initPower                  
0000310d  LCD_FillRect                         
000031c7  __aeabi_ldiv0                        
00003275  SYSCFG_DL_ADC_ACCEL_init             
0000331d  LCD_DrawRect                         
000033c1  __udivmoddi4                         
00003463  LCD_FillCircle                       
00003501  SYSCFG_DL_ADC_MIC_JOY_init           
00003639  LCD_Init                             
000036cd  __aeabi_fmul                         
000036cd  __mulsf3                             
000037dd  __aeabi_fdiv                         
000037dd  __divsf3                             
00003861  delay_ms                             
000038e1  __TI_decompress_lzss                 
0000395d  HardFault_Handler                    
000039d5  SYSCFG_DL_PWM_AUDIO_init             
00003a49  __gedf2                              
00003a49  __gtdf2                              
00003abd  ADC1_IRQHandler                      
00003abd  AES_IRQHandler                       
00003abd  CANFD0_IRQHandler                    
00003abd  DMA_IRQHandler                       
00003abd  Default_Handler                      
00003abd  GPIOB_IRQHandler                     
00003abd  GROUP0_IRQHandler                    
00003abd  I2C0_IRQHandler                      
00003abd  I2C1_IRQHandler                      
00003abd  I2C2_IRQHandler                      
00003abd  NMI_Handler                          
00003abd  PendSV_Handler                       
00003abd  RTC_IRQHandler                       
00003abd  SPI0_IRQHandler                      
00003abd  SPI1_IRQHandler                      
00003abd  SVC_Handler                          
00003abd  SysTick_Handler                      
00003abd  TIMG0_IRQHandler                     
00003abd  TIMG12_IRQHandler                    
00003abd  TIMG14_IRQHandler                    
00003abd  TIMG4_IRQHandler                     
00003abd  TIMG6_IRQHandler                     
00003abd  TIMG8_IRQHandler                     
00003abd  UART0_IRQHandler                     
00003abd  UART1_IRQHandler                     
00003abd  UART2_IRQHandler                     
00003abd  UART3_IRQHandler                     
00003ac1  __aeabi_d2f                          
00003ac1  __truncdfsf2                         
00003b35  GPIOA_IRQHandler                     
00003ba5  SYSCFG_DL_SYSCTL_init                
00003c11  __cmpdf2                             
00003c11  __eqdf2                              
00003c11  __ledf2                              
00003c11  __ltdf2                              
00003c11  __nedf2                              
00003ce1  __aeabi_dcmpeq                       
00003cf5  __aeabi_dcmplt                       
00003d09  __aeabi_dcmple                       
00003d1d  __aeabi_dcmpge                       
00003d31  __aeabi_dcmpgt                       
00003d45  __aeabi_fcmpeq                       
00003d59  __aeabi_fcmplt                       
00003d6d  __aeabi_fcmple                       
00003d81  __aeabi_fcmpge                       
00003d95  __aeabi_fcmpgt                       
00003da9  ADC0_IRQHandler                      
00003e69  frexp                                
00003e69  frexpl                               
00003ec5  SYSCFG_DL_I2C_0_init                 
00003f1d  SYSCFG_DL_I2C_1_init                 
00003f75  __TI_ltoa                            
00004025  __aeabi_idiv                         
00004025  __aeabi_idivmod                      
0000407b  LCD_DrawString                       
000041c5  DL_ADC12_setClockConfig              
0000425d  DL_SYSCTL_switchMCLKfromSYSOSCtoHSCLK
000042a9  SYSCFG_DL_init                       
000042f5  snprintf                             
0000438d  __aeabi_d2iz                         
0000438d  __fixdfsi                            
000043d9  DL_SPI_init                          
00004421  LCD_Clear                            
00004469  check_stack_canary                   
000044b1  LCD_DrawPixel                        
000044f5  __aeabi_d2uiz                        
000044f5  __fixunsdfsi                         
00004539  DL_Timer_setCaptureCompareOutCtl     
00004579  SYSCFG_DL_SPI_LCD_init               
000045b9  SYSCFG_DL_TIMER_SAMPLE_init          
000045f9  __aeabi_uidiv                        
000045f9  __aeabi_uidivmod                     
00004639  __aeabi_f2d                          
00004639  __extendsfdf2                        
00004679  atoi                                 
000046b9  DL_Timer_setCaptureCompareCtl        
000047a9  __aeabi_i2f                          
000047a9  __floatsisf                          
000047e5  __gesf2                              
000047e5  __gtsf2                              
00004821  __TI_auto_init_nobinit_nopinit       
0000485d  __cmpsf2                             
0000485d  __eqsf2                              
0000485d  __lesf2                              
0000485d  __ltsf2                              
0000485d  __nesf2                              
00004899  __muldsi3                            
000048d5  __aeabi_f2iz                         
000048d5  __fixsfsi                            
0000490d  DL_I2C_setClockConfig                
00004941  DL_Timer_setCaptCompUpdateMethod     
00004975  DL_Timer_setCaptureCompareAction     
000049a9  DL_Timer_setCaptureCompareInput      
000049dd  DL_Timer_setClockConfig              
00004a11  DL_VREF_configReference              
00004b65  DL_Timer_setCaptureCompareValue      
00004bbd  __aeabi_i2d                          
00004bbd  __floatsidf                          
00004d51  __aeabi_ui2f                         
00004d51  __floatunsisf                        
00004d79  _c_int00_noargs                      
00004ded  DL_SPI_setClockConfig                
00004e11  __aeabi_lmul                         
00004e11  __muldi3                             
00004e35  memccpy                              
00004f19  __aeabi_llsl                         
00004f19  __ashldi3                            
000050a5  SYSCFG_DL_SYSCTL_CLK_init            
000050c1  SYSCFG_DL_VREF_init                  
000050dd  TIMG7_IRQHandler                     
00005461  __TI_zero_init_nomemset              
00005477  DL_Common_delayCycles                
0000557d  __aeabi_uldivmod                     
000055c9  TI_memcpy_small                      
000055db  __TI_decompress_none                 
0000563d  wcslen                               
0000564d  __aeabi_memset                       
0000564d  __aeabi_memset4                      
0000564d  __aeabi_memset8                      
00005669  TI_memset_small                      
000056cb  ResetISR                             
000056d5  __aeabi_errno_addr                   
000056dd  __aeabi_memcpy                       
000056dd  __aeabi_memcpy4                      
000056dd  __aeabi_memcpy8                      
00005703  abort                                
00005708  C$$EXIT                              
00005709  HOSTexit                             
00005721  _system_pre_init                     
00005b60  __aeabi_ctype_table_                 
00005b60  __aeabi_ctype_table_C                
00005e50  __TI_Handler_Table_Base              
00005e5c  __TI_Handler_Table_Limit             
00005e6c  __TI_CINIT_Base                      
00005e7c  __TI_CINIT_Limit                     
00005e7c  __TI_CINIT_Warm                      
20200000  __start___llvm_prf_bits              
20200000  __start___llvm_prf_cnts              
20200000  __stop___llvm_prf_bits               
20200000  __stop___llvm_prf_cnts               
20200000  _sys_memory                          
20200800  gTIMER_SAMPLEBackup                  
202008a0  gSPI_LCDBackup                       
202008c8  g_synthState                         
202008ec  __aeabi_errno                        
20207e00  stack_canary                         
20207e04  __stack                              
20208000  __STACK_END                          
ffffffff  __TI_pprof_out_hndl                  
ffffffff  __TI_prof_data_size                  
ffffffff  __TI_prof_data_start                 
ffffffff  __binit__                            
ffffffff  binit                                
UNDEFED   __mpu_init                           
UNDEFED   _system_post_cinit                   

[217 symbols]
