******************************************************************************
            TI ARM Clang Linker PC v4.0.4                      
******************************************************************************
>> Linked Sun Dec 28 19:40:27 2025

OUTPUT FILE NAME:   <Motion_Music_studio.out>
ENTRY POINT SYMBOL: "_c_int00_noargs"  address: 00004aa5


MEMORY CONFIGURATION

         name            origin    length      used     unused   attr    fill
----------------------  --------  ---------  --------  --------  ----  --------
  FLASH                 00000000   00020000  00005fd8  0001a028  R  X
  SRAM                  20200000   00008000  00001501  00006aff  RW X
  BCR_CONFIG            41c00000   000000ff  00000000  000000ff  R   
  BSL_CONFIG            41c00100   00000080  00000000  00000080  R   


SEGMENT ALLOCATION MAP

run origin  load origin   length   init length attrs members
----------  ----------- ---------- ----------- ----- -------
00000000    00000000    00005fd8   00005fd8    r-x
  00000000    00000000    000000c0   000000c0    r-- .intvecs
  000000c0    000000c0    00005610   00005610    r-x .text
  000056d0    000056d0    00000880   00000880    r-- .rodata
  00005f50    00005f50    00000088   00000088    r-- .cinit
20200000    20200000    00001301   00000000    rw-
  20200000    20200000    00001000   00000000    rw- .sysmem
  20201000    20201000    000001c4   00000000    rw- .bss
  202011c4    202011c4    0000013d   00000000    rw- .data
20207e00    20207e00    00000200   00000000    rw-
  20207e00    20207e00    00000200   00000000    rw- .stack


SECTION ALLOCATION MAP

 output                                  attributes/
section   page    origin      length       input sections
--------  ----  ----------  ----------   ----------------
.intvecs   0    00000000    000000c0     
                  00000000    000000c0     startup_mspm0g350x_ticlang.o (.intvecs)

.text      0    000000c0    00005610     
                  000000c0    00000868     libc.a : _printfi.c.obj (.text:__TI_printfi_nofloat)
                  00000928    000004dc     main.o (.text.Display_Update)
                  00000e04    000003cc     main.o (.text.main)
                  000011d0    00000360     main.o (.text.Generate_Audio_Sample)
                  00001530    0000028c     main.o (.text.Update_Phase_Increment)
                  000017bc    00000260     lcd_driver.o (.text.LCD_Init)
                  00001a1c    000001e4     ti_msp_dl_config.o (.text.SYSCFG_DL_GPIO_init)
                  00001c00    000001a8     main.o (.text.Process_Envelope)
                  00001da8    00000198     main.o (.text.Button_StateMachine_Update)
                  00001f40    00000180     lcd_driver.o (.text.LCD_PrintString)
                  000020c0    0000016c     main.o (.text.Process_Scale_Position)
                  0000222c    00000138     main.o (.text.Display_Waveform)
                  00002364    00000118     lcd_driver.o (.text.LCD_DrawRect)
                  0000247c    00000112     lcd_driver.o (.text.LCD_DrawLine)
                  0000258e    00000002     libclang_rt.builtins.a : aeabi_div0.c.obj (.text.__aeabi_idiv0)
                  00002590    00000110     dl_timer.o (.text.DL_Timer_initTimerMode)
                  000026a0    00000110     dl_timer.o (.text.DL_Timer_initTwoCCPWMMode)
                  000027b0    00000100     main.o (.text.Generate_Waveform)
                  000028b0    000000f0     main.o (.text.Generate_Chord_Sample)
                  000029a0    000000ec     dl_timer.o (.text.DL_Timer_initFourCCPWMMode)
                  00002a8c    000000e0     dl_sysctl_mspm0g1x0x_g3x0x.o (.text.DL_SYSCTL_configSYSPLL)
                  00002b6c    000000d8     dl_rtc_common.o (.text.DL_RTC_Common_initCalendar)
                  00002c44    000000d4     ti_msp_dl_config.o (.text.SYSCFG_DL_ADC_ACCEL_init)
                  00002d18    000000d4     ti_msp_dl_config.o (.text.SYSCFG_DL_initPower)
                  00002dec    000000c8     main.o (.text.Calculate_Scale_Frequency)
                  00002eb4    000000bc     main.o (.text.Process_Key_Selection)
                  00002f70    000000bc     main.o (.text.Process_Musical_Controls)
                  0000302c    000000b8     main.o (.text.Process_Accelerometer)
                  000030e4    000000b0     ti_msp_dl_config.o (.text.SYSCFG_DL_SYSCTL_SYSPLL_init)
                  00003194    000000a4     ti_msp_dl_config.o (.text.SYSCFG_DL_SYSCTL_init)
                  00003238    000000a2     libclang_rt.builtins.a : udivmoddi4.S.obj (.text)
                  000032da    00000002                            : aeabi_div0.c.obj (.text.__aeabi_ldiv0)
                  000032dc    000000a0     lcd_driver.o (.text.LCD_FillScreen)
                  0000337c    0000009c     main.o (.text.TIMG7_IRQHandler)
                  00003418    00000094     main.o (.text.Display_Scale_Info)
                  000034ac    00000090     ti_msp_dl_config.o (.text.SYSCFG_DL_ADC_JOY_init)
                  0000353c    0000008c     main.o (.text.Process_Portamento)
                  000035c8    00000084     main.o (.text.__NVIC_SetPriority)
                  0000364c    00000084     ti_msp_dl_config.o (.text.__NVIC_SetPriority)
                  000036d0    0000007c     main.o (.text.Change_Preset)
                  0000374c    0000007c     libc.a : copy_decompress_lzss.c.obj (.text:decompress:lzss)
                  000037c8    00000074     ti_msp_dl_config.o (.text.SYSCFG_DL_PWM_AUDIO_init)
                  0000383c    00000074     libclang_rt.builtins.a : comparedf2.c.obj (.text.__gedf2)
                  000038b0    0000006c     main.o (.text.Debug_LED_Update)
                  0000391c    0000006c     lcd_driver.o (.text.LCD_SetWindow)
                  00003988    00000068     libclang_rt.builtins.a : comparedf2.c.obj (.text.__ledf2)
                  000039f0    00000064     ti_msp_dl_config.o (.text.SYSCFG_DL_init)
                  00003a54    00000062     libclang_rt.builtins.a : aeabi_dcmp.S.obj (.text.__aeabi_dcmp)
                  00003ab6    00000002     --HOLE-- [fill = 0]
                  00003ab8    00000060     main.o (.text.ADC1_IRQHandler)
                  00003b18    00000060     ti_msp_dl_config.o (.text.DL_ADC12_initSeqSample)
                  00003b78    00000058     lcd_driver.o (.text.LCD_PrintNumber)
                  00003bd0    00000058     ti_msp_dl_config.o (.text.SYSCFG_DL_I2C_0_init)
                  00003c28    00000058     ti_msp_dl_config.o (.text.SYSCFG_DL_I2C_1_init)
                  00003c80    00000056     libclang_rt.builtins.a : aeabi_idivmod.S.obj (.text.__aeabi_idivmod)
                  00003cd6    00000054     dl_dma.o (.text.DL_DMA_configTransfer)
                  00003d2a    00000002     --HOLE-- [fill = 0]
                  00003d2c    00000050     ti_msp_dl_config.o (.text.DL_GPIO_initPeripheralInputFunctionFeatures)
                  00003d7c    00000050     lcd_driver.o (.text.LCD_WriteCommand)
                  00003dcc    00000050     lcd_driver.o (.text.LCD_WriteData)
                  00003e1c    00000050     ti_msp_dl_config.o (.text.SysTick_Config)
                  00003e6c    0000004e     lcd_driver.o (.text.LCD_DrawPixel)
                  00003eba    00000002     --HOLE-- [fill = 0]
                  00003ebc    0000004c     dl_adc12.o (.text.DL_ADC12_setClockConfig)
                  00003f08    0000004c     ti_msp_dl_config.o (.text.DL_GPIO_initDigitalInputFeatures)
                  00003f54    0000004c     dl_sysctl_mspm0g1x0x_g3x0x.o (.text.DL_SYSCTL_switchMCLKfromSYSOSCtoHSCLK)
                  00003fa0    0000004c     libc.a : snprintf.c.obj (.text.snprintf)
                  00003fec    0000004a     ti_msp_dl_config.o (.text.DL_ADC12_configConversionMem)
                  00004036    00000002     --HOLE-- [fill = 0]
                  00004038    00000048     dl_spi.o (.text.DL_SPI_init)
                  00004080    00000046     dl_dma.o (.text.DL_DMA_initChannel)
                  000040c6    00000002     --HOLE-- [fill = 0]
                  000040c8    00000044     main.o (.text.Change_Scale_Type)
                  0000410c    00000044     main.o (.text.Process_Arpeggiator)
                  00004150    00000040     dl_timer.o (.text.DL_Timer_setCaptureCompareOutCtl)
                  00004190    00000040     ti_msp_dl_config.o (.text.SYSCFG_DL_SPI_LCD_init)
                  000041d0    00000040     main.o (.text.SysTick_Handler)
                  00004210    00000040     libclang_rt.builtins.a : aeabi_uidivmod.S.obj (.text.__aeabi_uidivmod)
                  00004250    00000040     libc.a : atoi.c.obj (.text.atoi)
                  00004290    0000003c     main.o (.text.Change_Instrument)
                  000042cc    0000003c     dl_timer.o (.text.DL_Timer_setCaptureCompareCtl)
                  00004308    0000003c     dl_timer.o (.text.DL_Timer_setCounterControl)
                  00004344    0000003c     ti_msp_dl_config.o (.text.DL_Timer_setCounterControl)
                  00004380    0000003c     ti_msp_dl_config.o (.text.SYSCFG_DL_DMA_CH1_init)
                  000043bc    0000003c     ti_msp_dl_config.o (.text.SYSCFG_DL_TIMER_SAMPLE_init)
                  000043f8    0000003c     libc.a : autoinit.c.obj (.text:__TI_auto_init_nobinit_nopinit)
                  00004434    0000003a     libclang_rt.builtins.a : muldsi3.S.obj (.text.__muldsi3)
                  0000446e    00000002     --HOLE-- [fill = 0]
                  00004470    00000038     dl_dma.o (.text.DL_DMA_setTrigger)
                  000044a8    00000038     ti_msp_dl_config.o (.text.DL_OPA_init)
                  000044e0    00000034     main.o (.text.ADC0_IRQHandler)
                  00004514    00000034     ti_msp_dl_config.o (.text.DL_DMA_setPublisherChanID)
                  00004548    00000034     dl_i2c.o (.text.DL_I2C_setClockConfig)
                  0000457c    00000034     dl_timer.o (.text.DL_Timer_setCaptCompUpdateMethod)
                  000045b0    00000034     dl_timer.o (.text.DL_Timer_setCaptureCompareAction)
                  000045e4    00000034     dl_timer.o (.text.DL_Timer_setCaptureCompareInput)
                  00004618    00000034     dl_timer.o (.text.DL_Timer_setClockConfig)
                  0000464c    00000034     main.o (.text.HardFault_Handler)
                  00004680    00000030     main.o (.text.DL_ADC12_getMemResult)
                  000046b0    00000030     ti_msp_dl_config.o (.text.DL_DMA_setTransferSize)
                  000046e0    00000030     ti_msp_dl_config.o (.text.DL_GPAMP_init)
                  00004710    00000030     ti_msp_dl_config.o (.text.DL_SPI_setFIFOThreshold)
                  00004740    00000030     ti_msp_dl_config.o (.text.SYSCFG_DL_OPA_0_init)
                  00004770    00000030     libc.a : snprintf.c.obj (.text._outs)
                  000047a0    0000002c     dl_timer.o (.text.DL_Timer_setCaptureCompareValue)
                  000047cc    0000002c     main.o (.text.__NVIC_ClearPendingIRQ)
                  000047f8    0000002c     main.o (.text.__NVIC_EnableIRQ)
                  00004824    00000028     dl_adc12.o (.text.DL_Common_updateReg)
                  0000484c    00000028     dl_dma.o (.text.DL_Common_updateReg)
                  00004874    00000028     dl_i2c.o (.text.DL_Common_updateReg)
                  0000489c    00000028     dl_rtc_common.o (.text.DL_Common_updateReg)
                  000048c4    00000028     dl_spi.o (.text.DL_Common_updateReg)
                  000048ec    00000028     dl_sysctl_mspm0g1x0x_g3x0x.o (.text.DL_Common_updateReg)
                  00004914    00000028     dl_timer.o (.text.DL_Common_updateReg)
                  0000493c    00000028     ti_msp_dl_config.o (.text.DL_Common_updateReg)
                  00004964    00000028     ti_msp_dl_config.o (.text.DL_I2C_setControllerRXFIFOThreshold)
                  0000498c    00000028     ti_msp_dl_config.o (.text.DL_I2C_setControllerTXFIFOThreshold)
                  000049b4    00000028     ti_msp_dl_config.o (.text.DL_OPA_setGainBandwidth)
                  000049dc    00000028     dl_sysctl_mspm0g1x0x_g3x0x.o (.text.DL_SYSCTL_configFCC)
                  00004a04    00000028     ti_msp_dl_config.o (.text.DL_SYSCTL_setPowerPolicySTANDBY0)
                  00004a2c    00000028     main.o (.text.Low_Pass_Filter)
                  00004a54    00000028     ti_msp_dl_config.o (.text.SYSCFG_DL_RTC_init)
                  00004a7c    00000028     libclang_rt.builtins.a : floatunsisf.S.obj (.text.__floatunsisf)
                  00004aa4    00000028     libc.a : boot_cortex_m.c.obj (.text:_c_int00_noargs)
                  00004acc    00000026     main.o (.text.DL_DMA_enableChannel)
                  00004af2    00000026     ti_msp_dl_config.o (.text.DL_I2C_setAnalogGlitchFilterPulseWidth)
                  00004b18    00000024     ti_msp_dl_config.o (.text.DL_SPI_setBitRateSerialClockDivider)
                  00004b3c    00000024     dl_spi.o (.text.DL_SPI_setClockConfig)
                  00004b60    00000024     main.o (.text.SysTick_Init)
                  00004b84    00000024     libclang_rt.builtins.a : floatunsidf.S.obj (.text.__floatunsidf)
                  00004ba8    00000024                            : muldi3.S.obj (.text.__muldi3)
                  00004bcc    00000022     libc.a : memccpy.c.obj (.text.memccpy)
                  00004bee    00000002     --HOLE-- [fill = 0]
                  00004bf0    00000020     dl_sysctl_mspm0g1x0x_g3x0x.o (.text.DL_CORE_configInstruction)
                  00004c10    00000020     dl_rtc_common.o (.text.DL_RTC_Common_setCalendarYearBinary)
                  00004c30    00000020     ti_msp_dl_config.o (.text.DL_SYSCTL_setFlashWaitState)
                  00004c50    00000020     ti_msp_dl_config.o (.text.DL_SYSCTL_setMFPCLKSource)
                  00004c70    00000020     dl_timer.o (.text.DL_Timer_setCounterValueAfterEnable)
                  00004c90    00000020     main.o (.text.DMA_IRQHandler)
                  00004cb0    0000001e     libclang_rt.builtins.a : ashldi3.S.obj (.text.__ashldi3)
                  00004cce    00000002     --HOLE-- [fill = 0]
                  00004cd0    0000001c     ti_msp_dl_config.o (.text.DL_ADC12_clearInterruptStatus)
                  00004cec    0000001c     ti_msp_dl_config.o (.text.DL_ADC12_enableEvent)
                  00004d08    0000001c     ti_msp_dl_config.o (.text.DL_ADC12_enableInterrupt)
                  00004d24    0000001c     main.o (.text.DL_ADC12_startConversion)
                  00004d40    0000001c     ti_msp_dl_config.o (.text.DL_DMA_enableInterrupt)
                  00004d5c    0000001c     ti_msp_dl_config.o (.text.DL_GPAMP_setRailToRailInputMode)
                  00004d78    0000001c     ti_msp_dl_config.o (.text.DL_GPIO_enableHiZ)
                  00004d94    0000001c     ti_msp_dl_config.o (.text.DL_GPIO_initPeripheralOutputFunction)
                  00004db0    0000001c     ti_msp_dl_config.o (.text.DL_GPIO_setLowerPinsInputFilter)
                  00004dcc    0000001c     ti_msp_dl_config.o (.text.DL_GPIO_setLowerPinsPolarity)
                  00004de8    0000001c     dl_rtc_common.o (.text.DL_RTC_Common_setCalendarMinutesBCD)
                  00004e04    0000001c     dl_rtc_common.o (.text.DL_RTC_Common_setCalendarMinutesBinary)
                  00004e20    0000001c     dl_rtc_common.o (.text.DL_RTC_Common_setCalendarMonthBCD)
                  00004e3c    0000001c     dl_rtc_common.o (.text.DL_RTC_Common_setCalendarMonthBinary)
                  00004e58    0000001c     dl_rtc_common.o (.text.DL_RTC_Common_setCalendarSecondsBCD)
                  00004e74    0000001c     dl_rtc_common.o (.text.DL_RTC_Common_setCalendarSecondsBinary)
                  00004e90    0000001c     dl_rtc_common.o (.text.DL_RTC_Common_setCalendarYearBCD)
                  00004eac    0000001c     dl_rtc_common.o (.text.DL_RTC_Common_setClockFormat)
                  00004ec8    0000001c     ti_msp_dl_config.o (.text.DL_SYSCTL_setFCCPeriods)
                  00004ee4    0000001c     ti_msp_dl_config.o (.text.DL_SYSCTL_setMCLKDivider)
                  00004f00    0000001c     ti_msp_dl_config.o (.text.DL_SYSCTL_setSYSOSCFreq)
                  00004f1c    0000001c     ti_msp_dl_config.o (.text.DL_SYSCTL_setULPCLKDivider)
                  00004f38    0000001c     ti_msp_dl_config.o (.text.DL_SYSCTL_setVBOOSTConfig)
                  00004f54    0000001c     ti_msp_dl_config.o (.text.DL_Timer_enableInterrupt)
                  00004f70    0000001c     ti_msp_dl_config.o (.text.SYSCFG_DL_SYSCTL_CLK_init)
                  00004f8c    0000001a     ti_msp_dl_config.o (.text.DL_ADC12_setSubscriberChanID)
                  00004fa6    0000001a     dl_rtc_common.o (.text.DL_RTC_Common_setCalendarHoursBCD)
                  00004fc0    0000001a     dl_rtc_common.o (.text.DL_RTC_Common_setCalendarHoursBinary)
                  00004fda    00000002     --HOLE-- [fill = 0]
                  00004fdc    00000018     ti_msp_dl_config.o (.text.DL_ADC12_enablePower)
                  00004ff4    00000018     ti_msp_dl_config.o (.text.DL_ADC12_reset)
                  0000500c    00000018     ti_msp_dl_config.o (.text.DL_ADC12_setSampleTime0)
                  00005024    00000018     ti_msp_dl_config.o (.text.DL_DMA_clearInterruptStatus)
                  0000503c    00000018     ti_msp_dl_config.o (.text.DL_GPIO_enableOutput)
                  00005054    00000018     ti_msp_dl_config.o (.text.DL_GPIO_enablePower)
                  0000506c    00000018     ti_msp_dl_config.o (.text.DL_GPIO_initDigitalOutput)
                  00005084    00000018     ti_msp_dl_config.o (.text.DL_GPIO_reset)
                  0000509c    00000018     ti_msp_dl_config.o (.text.DL_GPIO_setAnalogInternalResistor)
                  000050b4    00000018     lcd_driver.o (.text.DL_GPIO_setPins)
                  000050cc    00000018     main.o (.text.DL_GPIO_setPins)
                  000050e4    00000018     ti_msp_dl_config.o (.text.DL_GPIO_setPins)
                  000050fc    00000018     ti_msp_dl_config.o (.text.DL_GPIO_setUpperPinsPolarity)
                  00005114    00000018     main.o (.text.DL_GPIO_togglePins)
                  0000512c    00000018     ti_msp_dl_config.o (.text.DL_I2C_enableAnalogGlitchFilter)
                  00005144    00000018     ti_msp_dl_config.o (.text.DL_I2C_enableController)
                  0000515c    00000018     ti_msp_dl_config.o (.text.DL_I2C_enableControllerClockStretching)
                  00005174    00000018     ti_msp_dl_config.o (.text.DL_I2C_enablePower)
                  0000518c    00000018     ti_msp_dl_config.o (.text.DL_I2C_reset)
                  000051a4    00000018     ti_msp_dl_config.o (.text.DL_I2C_setTimerPeriod)
                  000051bc    00000018     ti_msp_dl_config.o (.text.DL_OPA_enablePower)
                  000051d4    00000018     ti_msp_dl_config.o (.text.DL_OPA_enableRailToRailInput)
                  000051ec    00000018     ti_msp_dl_config.o (.text.DL_OPA_reset)
                  00005204    00000018     ti_msp_dl_config.o (.text.DL_RTC_Common_enablePower)
                  0000521c    00000018     ti_msp_dl_config.o (.text.DL_RTC_Common_reset)
                  00005234    00000018     ti_msp_dl_config.o (.text.DL_SPI_enable)
                  0000524c    00000018     ti_msp_dl_config.o (.text.DL_SPI_enablePower)
                  00005264    00000018     lcd_driver.o (.text.DL_SPI_isBusy)
                  0000527c    00000018     ti_msp_dl_config.o (.text.DL_SPI_reset)
                  00005294    00000018     ti_msp_dl_config.o (.text.DL_SYSCTL_enableInterrupt)
                  000052ac    00000018     ti_msp_dl_config.o (.text.DL_SYSCTL_setBORThreshold)
                  000052c4    00000018     dl_sysctl_mspm0g1x0x_g3x0x.o (.text.DL_SYSCTL_setHSCLKSource)
                  000052dc    00000018     ti_msp_dl_config.o (.text.DL_Timer_enablePower)
                  000052f4    00000018     ti_msp_dl_config.o (.text.DL_Timer_reset)
                  0000530c    00000018     dl_timer.o (.text.DL_Timer_setLoadValue)
                  00005324    00000018     main.o (.text.DL_Timer_startCounter)
                  0000533c    00000018     ti_msp_dl_config.o (.text.SYSCFG_DL_DMA_init)
                  00005354    00000018     ti_msp_dl_config.o (.text.SYSCFG_DL_GPAMP_0_init)
                  0000536c    00000018     libc.a : snprintf.c.obj (.text._outc)
                  00005384    00000016     main.o (.text.DL_ADC12_enableConversions)
                  0000539a    00000016     ti_msp_dl_config.o (.text.DL_ADC12_enableConversions)
                  000053b0    00000016     ti_msp_dl_config.o (.text.DL_GPIO_enableGlobalFastWake)
                  000053c6    00000016     main.o (.text.DL_GPIO_readPins)
                  000053dc    00000016     ti_msp_dl_config.o (.text.DL_OPA_enable)
                  000053f2    00000016     lcd_driver.o (.text.DL_SPI_transmitData8)
                  00005408    00000016     libc.a : copy_zero_init.c.obj (.text:decompress:ZI:__TI_zero_init_nomemset)
                  0000541e    00000014     dl_common.o (.text.DL_Common_delayCycles)
                  00005432    00000002     --HOLE-- [fill = 0]
                  00005434    00000014     ti_msp_dl_config.o (.text.DL_FlashCTL_enableInterrupt)
                  00005448    00000014     lcd_driver.o (.text.DL_GPIO_clearPins)
                  0000545c    00000014     main.o (.text.DL_GPIO_clearPins)
                  00005470    00000014     ti_msp_dl_config.o (.text.DL_GPIO_clearPins)
                  00005484    00000014     ti_msp_dl_config.o (.text.DL_I2C_resetControllerTransfer)
                  00005498    00000014     dl_sysctl_mspm0g1x0x_g3x0x.o (.text.DL_SYSCTL_disableSYSPLL)
                  000054ac    00000014     ti_msp_dl_config.o (.text.DL_SYSCTL_disableSYSPLL)
                  000054c0    00000014     ti_msp_dl_config.o (.text.DL_SYSCTL_enableMFCLK)
                  000054d4    00000014     dl_sysctl_mspm0g1x0x_g3x0x.o (.text.DL_SYSCTL_enableSYSPLL)
                  000054e8    00000014     ti_msp_dl_config.o (.text.DL_SYSCTL_enableSYSPLL)
                  000054fc    00000014     ti_msp_dl_config.o (.text.DL_Timer_enableClock)
                  00005510    00000014     ti_msp_dl_config.o (.text.DL_Timer_setCCPDirection)
                  00005524    00000014     main.o (.text.Trigger_Note_Off)
                  00005538    00000014     main.o (.text.Trigger_Note_On)
                  0000554c    00000014     libclang_rt.builtins.a : aeabi_uldivmod.S.obj (.text.__aeabi_uldivmod)
                  00005560    00000012     main.o (.text.DL_ADC12_getPendingInterrupt)
                  00005572    00000012     main.o (.text.DL_DMA_getPendingInterrupt)
                  00005584    00000012     main.o (.text.DL_Timer_getPendingInterrupt)
                  00005596    00000012     libc.a : memcpy16.S.obj (.text:TI_memcpy_small)
                  000055a8    00000012            : copy_decompress_none.c.obj (.text:decompress:none)
                  000055ba    00000002     --HOLE-- [fill = 0]
                  000055bc    00000010     dl_sysctl_mspm0g1x0x_g3x0x.o (.text.DL_CORE_getInstructionConfig)
                  000055cc    00000010     ti_msp_dl_config.o (.text.DL_GPAMP_enable)
                  000055dc    00000010     ti_msp_dl_config.o (.text.DL_SYSCTL_disableHFXT)
                  000055ec    00000010     ti_msp_dl_config.o (.text.DL_SYSCTL_enableMFPCLK)
                  000055fc    00000010     ti_msp_dl_config.o (.text.DL_SYSCTL_isFCCDone)
                  0000560c    00000010     ti_msp_dl_config.o (.text.DL_SYSCTL_startFCC)
                  0000561c    00000010     ti_msp_dl_config.o (.text.SYSCFG_DL_SYSTICK_init)
                  0000562c    00000010     libc.a : wcslen.c.obj (.text.wcslen)
                  0000563c    0000000e     libclang_rt.builtins.a : aeabi_memset.S.obj (.text.__aeabi_memset)
                  0000564a    0000000e     libc.a : _printfi.c.obj (.text.strlen)
                  00005658    0000000e            : memset16.S.obj (.text:TI_memset_small)
                  00005666    00000002     --HOLE-- [fill = 0]
                  00005668    0000000c     dl_sysctl_mspm0g1x0x_g3x0x.o (.text.DL_SYSCTL_getClockStatus)
                  00005674    0000000c     ti_msp_dl_config.o (.text.DL_SYSCTL_getClockStatus)
                  00005680    0000000c     ti_msp_dl_config.o (.text.DL_SYSCTL_readFCC)
                  0000568c    0000000c     libclang_rt.builtins.a : aeabi_memset.S.obj (.text.__aeabi_memclr)
                  00005698    00000008     libc.a : aeabi_portable.c.obj (.text.__aeabi_errno_addr)
                  000056a0    00000008     libclang_rt.builtins.a : aeabi_memcpy.S.obj (.text.__aeabi_memcpy)
                  000056a8    00000006     libc.a : exit.c.obj (.text:abort)
                  000056ae    00000004     startup_mspm0g350x_ticlang.o (.text.Default_Handler)
                  000056b2    00000004     libsysbm.a : hostexit.c.obj (.text.HOSTexit)
                  000056b6    00000004     startup_mspm0g350x_ticlang.o (.text.Reset_Handler)
                  000056ba    00000002     --HOLE-- [fill = 0]
                  000056bc    00000010     libc.a : boot_cortex_m.c.obj (.tramp._c_int00_noargs.1)
                  000056cc    00000004            : pre_init.c.obj (.text._system_pre_init)

.cinit     0    00005f50    00000088     
                  00005f50    0000005d     (.cinit..data.load) [load image, compression = lzss]
                  00005fad    00000003     --HOLE-- [fill = 0]
                  00005fb0    0000000c     (__TI_handler_table)
                  00005fbc    00000008     (.cinit..bss.load) [load image, compression = zero_init]
                  00005fc4    00000010     (__TI_cinit_table)
                  00005fd4    00000004     --HOLE-- [fill = 0]

.rodata    0    000056d0    00000880     
                  000056d0    00000222     lcd_driver.o (.rodata.font_6x8)
                  000058f2    00000200     main.o (.rodata.sine_table)
                  00005af2    0000000e     main.o (.rodata.ROOT_FREQUENCIES)
                  00005b00    00000101     libc.a : aeabi_ctype.S.obj (.rodata:__aeabi_ctype_table_)
                  00005c01    00000003     ti_msp_dl_config.o (.rodata.gPWM_AUDIOClockConfig)
                  00005c04    00000064     main.o (.rodata.INSTRUMENTS)
                  00005c68    00000064     main.o (.rodata.PITCH_BEND_TABLE)
                  00005ccc    00000032     main.o (.rodata..L__const.Calculate_Scale_Frequency.semitone_ratio)
                  00005cfe    00000030     main.o (.rodata.SCALE_INTERVALS)
                  00005d2e    00000002     ti_msp_dl_config.o (.rodata.gI2C_0ClockConfig)
                  00005d30    00000028     ti_msp_dl_config.o (.rodata.gSYSPLLConfig)
                  00005d58    00000022     ti_msp_dl_config.o (.rodata..L__const.SYSCFG_DL_GPIO_init.unusedPinIndexes)
                  00005d7a    00000002     ti_msp_dl_config.o (.rodata.gI2C_1ClockConfig)
                  00005d7c    00000018     main.o (.rodata.PRESETS)
                  00005d94    00000018     ti_msp_dl_config.o (.rodata.gDMA_CH1Config)
                  00005dac    00000014     main.o (.rodata..L__const.Display_Update.env_names)
                  00005dc0    00000014     ti_msp_dl_config.o (.rodata.gTIMER_SAMPLETimerConfig)
                  00005dd4    00000011     libc.a : _printfi.c.obj (.rodata.str1.10348868589481759720.1)
                  00005de5    00000011            : _printfi.c.obj (.rodata.str1.15363888844622738466.1)
                  00005df6    00000002     ti_msp_dl_config.o (.rodata.gSPI_LCD_clockConfig)
                  00005df8    0000000c     main.o (.rodata..L__const.Display_Update.chord_names)
                  00005e04    0000000c     main.o (.rodata.str1.17100691992556644108.1)
                  00005e10    0000000a     ti_msp_dl_config.o (.rodata.gOPA_0Config0)
                  00005e1a    0000000a     ti_msp_dl_config.o (.rodata.gSPI_LCD_config)
                  00005e24    0000000a     main.o (.rodata.str1.18227636981041470289.1)
                  00005e2e    00000009     main.o (.rodata.CHORD_INTERVALS)
                  00005e37    00000009     main.o (.rodata.str1.14402440632258215044.1)
                  00005e40    00000008     ti_msp_dl_config.o (.rodata.gADC_ACCELClockConfig)
                  00005e48    00000008     ti_msp_dl_config.o (.rodata.gADC_JOYClockConfig)
                  00005e50    00000008     ti_msp_dl_config.o (.rodata.gGPAMP_0Config)
                  00005e58    00000008     ti_msp_dl_config.o (.rodata.gPWM_AUDIOConfig)
                  00005e60    00000008     ti_msp_dl_config.o (.rodata.gRTCCalendarConfig)
                  00005e68    00000008     main.o (.rodata.str1.15996357275703397564.1)
                  00005e70    00000008     main.o (.rodata.str1.16265332423659789559.1)
                  00005e78    00000008     main.o (.rodata.str1.288608917962107522.1)
                  00005e80    00000008     main.o (.rodata.str1.5043408953494467246.1)
                  00005e88    00000008     main.o (.rodata.str1.8320541211001259012.1)
                  00005e90    00000006     main.o (.rodata.str1.12180500075719773345.1)
                  00005e96    00000006     main.o (.rodata.str1.15159059442110792349.1)
                  00005e9c    00000006     main.o (.rodata.str1.18092426736022315238.1)
                  00005ea2    00000006     main.o (.rodata.str1.2563708670032483588.1)
                  00005ea8    00000006     main.o (.rodata.str1.2846389346932560359.1)
                  00005eae    00000006     main.o (.rodata.str1.7784929982665794503.1)
                  00005eb4    00000006     main.o (.rodata.str1.8096991282711418442.1)
                  00005eba    00000006     main.o (.rodata.str1.8154729771448623357.1)
                  00005ec0    00000005     main.o (.rodata.str1.10720410773482754683.1)
                  00005ec5    00000005     main.o (.rodata.str1.10865113624938808685.1)
                  00005eca    00000005     main.o (.rodata.str1.11321157723316767883.1)
                  00005ecf    00000005     main.o (.rodata.str1.13288086030101331538.1)
                  00005ed4    00000005     main.o (.rodata.str1.14112174005742061988.1)
                  00005ed9    00000005     main.o (.rodata.str1.14466178792657420020.1)
                  00005ede    00000005     main.o (.rodata.str1.16302215771116645891.1)
                  00005ee3    00000005     main.o (.rodata.str1.17045314124001216156.1)
                  00005ee8    00000005     main.o (.rodata.str1.7702501944640899365.1)
                  00005eed    00000005     main.o (.rodata.str1.8076846746581808073.1)
                  00005ef2    00000005     main.o (.rodata.str1.8828068777338075035.1)
                  00005ef7    00000004     main.o (.rodata.str1.10313062130652730376.1)
                  00005efb    00000004     main.o (.rodata.str1.10635229749459437609.1)
                  00005eff    00000004     main.o (.rodata.str1.11702106008850790973.1)
                  00005f03    00000004     main.o (.rodata.str1.11870794119293528247.1)
                  00005f07    00000004     main.o (.rodata.str1.1311392489248731986.1)
                  00005f0b    00000004     main.o (.rodata.str1.13782249893155712474.1)
                  00005f0f    00000004     main.o (.rodata.str1.14079361385603432444.1)
                  00005f13    00000004     main.o (.rodata.str1.16631870348416990953.1)
                  00005f17    00000004     main.o (.rodata.str1.17376258722486336754.1)
                  00005f1b    00000004     main.o (.rodata.str1.3530083166107438000.1)
                  00005f1f    00000004     lcd_driver.o (.rodata.str1.4301156551425074819.1)
                  00005f23    00000004     main.o (.rodata.str1.7996925722583989644.1)
                  00005f27    00000004     main.o (.rodata.str1.8428454045432808059.1)
                  00005f2b    00000004     main.o (.rodata.str1.9059077390166914652.1)
                  00005f2f    00000003     ti_msp_dl_config.o (.rodata.gTIMER_SAMPLEClockConfig)
                  00005f32    00000003     main.o (.rodata.str1.2123964117280943167.1)
                  00005f35    00000003     main.o (.rodata.str1.2763581881760962609.1)
                  00005f38    00000003     main.o (.rodata.str1.8108965883388295311.1)
                  00005f3b    00000002     main.o (.rodata.str1.10224226614597680209.1)
                  00005f3d    00000002     main.o (.rodata.str1.11822182024223342093.1)
                  00005f3f    00000002     main.o (.rodata.str1.13030671760666898970.1)
                  00005f41    00000002     main.o (.rodata.str1.2624144126699937905.1)
                  00005f43    00000002     main.o (.rodata.str1.39260288392874984.1)
                  00005f45    00000002     main.o (.rodata.str1.403738606202455663.1)
                  00005f47    00000002     main.o (.rodata.str1.6554448696319176064.1)
                  00005f49    00000001     main.o (.rodata.str1.6891813955777630061.1)
                  00005f4a    00000006     --HOLE-- [fill = 0]

.init_array 
*          0    00000000    00000000     UNINITIALIZED

.binit     0    00000000    00000000     

.sysmem    0    20200000    00001000     UNINITIALIZED
                  20200000    00000010     libc.a : memory.c.obj (.sysmem)
                  20200010    00000ff0     --HOLE--

.bss       0    20201000    000001c4     UNINITIALIZED
                  20201000    000000bc     ti_msp_dl_config.o (.bss.gPWM_AUDIOBackup)
                  202010bc    000000a0     ti_msp_dl_config.o (.bss.gTIMER_SAMPLEBackup)
                  2020115c    0000003c     main.o (.bss.gSynthState)
                  20201198    00000028     ti_msp_dl_config.o (.bss.gSPI_LCDBackup)
                  202011c0    00000004     main.o (.bss.gADC0_DMA_Buffer)

.data      0    202011c4    0000013d     UNINITIALIZED
                  202011c4    00000080     main.o (.data.waveform_buffer)
                  20201244    0000001c     main.o (.data.KEY_NAMES)
                  20201260    00000018     main.o (.data.SCALE_NAMES)
                  20201278    00000014     main.o (.data.arpeggiator)
                  2020128c    0000000c     main.o (.data.envelope)
                  20201298    0000000c     main.o (.data.g_chord_increments)
                  202012a4    0000000c     main.o (.data.g_chord_phases)
                  202012b0    00000006     main.o (.data.btn_joy_sel_sm)
                  202012b6    00000006     main.o (.data.btn_s1_sm)
                  202012bc    00000006     main.o (.data.btn_s2_sm)
                  202012c2    00000006     main.o (.data.scale_state)
                  202012c8    00000004     main.o (.data.DEBUG_main_loop_count)
                  202012cc    00000004     main.o (.data.DEBUG_timer_irq_count)
                  202012d0    00000004     libc.a : aeabi_portable.c.obj (.data.__aeabi_errno)
                  202012d4    00000004     main.o (.data.base_frequency_hz)
                  202012d8    00000004     main.o (.data.current_frequency_hz)
                  202012dc    00000004     main.o (.data.g_phase)
                  202012e0    00000004     main.o (.data.g_phase_increment)
                  202012e4    00000004     main.o (.data.g_systick_count)
                  202012e8    00000004     main.o (.data.target_frequency_hz)
                  202012ec    00000002     main.o (.data.Low_Pass_Filter.prev_sample)
                  202012ee    00000002     main.o (.data.Process_Key_Selection.last_joy_x)
                  202012f0    00000002     main.o (.data.Process_Musical_Controls.last_joy_y)
                  202012f2    00000002     main.o (.data.Process_Scale_Position.last_deviation)
                  202012f4    00000002     main.o (.data.tremolo_phase)
                  202012f6    00000002     main.o (.data.vibrato_phase)
                  202012f8    00000001     main.o (.data.Generate_Audio_Sample.waveform_decimate_counter)
                  202012f9    00000001     main.o (.data.Process_Scale_Position.last_position)
                  202012fa    00000001     main.o (.data.chord_mode)
                  202012fb    00000001     main.o (.data.current_instrument)
                  202012fc    00000001     main.o (.data.current_octave_shift)
                  202012fd    00000001     main.o (.data.current_preset)
                  202012fe    00000001     main.o (.data.effects_enabled)
                  202012ff    00000001     main.o (.data.gADC0_DMA_Complete)
                  20201300    00000001     main.o (.data.waveform_write_index)

.stack     0    20207e00    00000200     UNINITIALIZED
                  20207e00    00000004     libc.a : boot_cortex_m.c.obj (.stack)
                  20207e04    000001fc     --HOLE--

__llvm_prf_cnts 
*          0    20200000    00000000     UNINITIALIZED

__llvm_prf_bits 
*          0    20200000    00000000     UNINITIALIZED

MODULE SUMMARY

       Module                         code    ro data   rw data
       ------                         ----    -------   -------
    .\
       main.o                         8304    1139      377    
       lcd_driver.o                   2230    550       0      
       startup_mspm0g350x_ticlang.o   8       192       0      
    +--+------------------------------+-------+---------+---------+
       Total:                         10542   1881      377    
                                                               
    .\syscfg\
       ti_msp_dl_config.o             4808    190       388    
    +--+------------------------------+-------+---------+---------+
       Total:                         4808    190       388    
                                                               
    .\ti\driverlib\
       dl_timer.o                     1312    0         0      
       dl_rtc_common.o                564     0         0      
       dl_dma.o                       250     0         0      
       dl_spi.o                       148     0         0      
       dl_adc12.o                     116     0         0      
       dl_i2c.o                       92      0         0      
       dl_common.o                    20      0         0      
    +--+------------------------------+-------+---------+---------+
       Total:                         2502    0         0      
                                                               
    .\ti\driverlib\m0p\sysctl\
       dl_sysctl_mspm0g1x0x_g3x0x.o   504     0         0      
    +--+------------------------------+-------+---------+---------+
       Total:                         504     0         0      
                                                               
    C:\ti\ccs2040\ccs\tools\compiler\ti-cgt-armllvm_4.0.4.LTS\lib\armv6m-ti-none-eabi/c/libc.a
       _printfi.c.obj                 2166    34        0      
       aeabi_ctype.S.obj              0       257       0      
       snprintf.c.obj                 148     0         0      
       copy_decompress_lzss.c.obj     124     0         0      
       atoi.c.obj                     64      0         0      
       autoinit.c.obj                 60      0         0      
       boot_cortex_m.c.obj            56      0         0      
       memccpy.c.obj                  34      0         0      
       copy_zero_init.c.obj           22      0         0      
       copy_decompress_none.c.obj     18      0         0      
       memcpy16.S.obj                 18      0         0      
       wcslen.c.obj                   16      0         0      
       memset16.S.obj                 14      0         0      
       aeabi_portable.c.obj           8       0         4      
       exit.c.obj                     6       0         0      
       pre_init.c.obj                 4       0         0      
    +--+------------------------------+-------+---------+---------+
       Total:                         2758    291       4      
                                                               
    C:\ti\ccs2040\ccs\tools\compiler\ti-cgt-armllvm_4.0.4.LTS\lib\armv6m-ti-none-eabi/c/libsysbm.a
       hostexit.c.obj                 4       0         0      
    +--+------------------------------+-------+---------+---------+
       Total:                         4       0         0      
                                                               
    C:\ti\ccs2040\ccs\tools\compiler\ti-cgt-armllvm_4.0.4.LTS\lib\armv6m-ti-none-eabi/libclang_rt.builtins.a
       comparedf2.c.obj               220     0         0      
       udivmoddi4.S.obj               162     0         0      
       aeabi_dcmp.S.obj               98      0         0      
       aeabi_idivmod.S.obj            86      0         0      
       aeabi_uidivmod.S.obj           64      0         0      
       muldsi3.S.obj                  58      0         0      
       floatunsisf.S.obj              40      0         0      
       floatunsidf.S.obj              36      0         0      
       muldi3.S.obj                   36      0         0      
       ashldi3.S.obj                  30      0         0      
       aeabi_memset.S.obj             26      0         0      
       aeabi_uldivmod.S.obj           20      0         0      
       aeabi_memcpy.S.obj             8       0         0      
       aeabi_div0.c.obj               4       0         0      
    +--+------------------------------+-------+---------+---------+
       Total:                         888     0         0      
                                                               
       Heap:                          0       0         4096   
       Stack:                         0       0         512    
       Linker Generated:              0       129       0      
    +--+------------------------------+-------+---------+---------+
       Grand Total:                   22006   2491      5377   


LINKER GENERATED COPY TABLES

__TI_cinit_table @ 00005fc4 records: 2, size/record: 8, table size: 16
	.data: load addr=00005f50, load size=0000005d bytes, run addr=202011c4, run size=0000013d bytes, compression=lzss
	.bss: load addr=00005fbc, load size=00000008 bytes, run addr=20201000, run size=000001c4 bytes, compression=zero_init


LINKER GENERATED HANDLER TABLE

__TI_handler_table @ 00005fb0 records: 3, size/record: 4, table size: 12
	index: 0, handler: __TI_decompress_lzss
	index: 1, handler: __TI_decompress_none
	index: 2, handler: __TI_zero_init


FAR CALL TRAMPOLINES

callee name               trampoline name
   callee addr  tramp addr   call addr  call info
--------------  -----------  ---------  ----------------
_c_int00_noargs           $Tramp$TT$L$PI$$_c_int00_noargs
   00004aa5     000056bc     000056b6   startup_mspm0g350x_ticlang.o (.text.Reset_Handler)

[1 trampolines]
[1 trampoline calls]


GLOBAL SYMBOLS: SORTED ALPHABETICALLY BY Name 

address   name                                 
-------   ----                                 
000044e1  ADC0_IRQHandler                      
00003ab9  ADC1_IRQHandler                      
000056af  AES_IRQHandler                       
000056b2  C$$EXIT                              
000056af  CANFD0_IRQHandler                    
00004291  Change_Instrument                    
000036d1  Change_Preset                        
000056af  DAC0_IRQHandler                      
202012c8  DEBUG_main_loop_count                
202012cc  DEBUG_timer_irq_count                
00003ebd  DL_ADC12_setClockConfig              
0000541f  DL_Common_delayCycles                
00004081  DL_DMA_initChannel                   
00004549  DL_I2C_setClockConfig                
00002b6d  DL_RTC_Common_initCalendar           
00004039  DL_SPI_init                          
00004b3d  DL_SPI_setClockConfig                
000049dd  DL_SYSCTL_configFCC                  
00002a8d  DL_SYSCTL_configSYSPLL               
00003f55  DL_SYSCTL_switchMCLKfromSYSOSCtoHSCLK
000029a1  DL_Timer_initFourCCPWMMode           
00002591  DL_Timer_initTimerMode               
0000457d  DL_Timer_setCaptCompUpdateMethod     
000045b1  DL_Timer_setCaptureCompareAction     
000042cd  DL_Timer_setCaptureCompareCtl        
000045e5  DL_Timer_setCaptureCompareInput      
00004151  DL_Timer_setCaptureCompareOutCtl     
000047a1  DL_Timer_setCaptureCompareValue      
00004619  DL_Timer_setClockConfig              
00004c91  DMA_IRQHandler                       
000056af  Default_Handler                      
000056af  GROUP0_IRQHandler                    
000056af  GROUP1_IRQHandler                    
000056b3  HOSTexit                             
0000464d  HardFault_Handler                    
000056af  I2C0_IRQHandler                      
000056af  I2C1_IRQHandler                      
0000247d  LCD_DrawLine                         
00003e6d  LCD_DrawPixel                        
00002365  LCD_DrawRect                         
000032dd  LCD_FillScreen                       
000017bd  LCD_Init                             
00003b79  LCD_PrintNumber                      
00001f41  LCD_PrintString                      
000056af  NMI_Handler                          
000056af  PendSV_Handler                       
000056af  RTC_IRQHandler                       
000056b7  Reset_Handler                        
000056af  SPI0_IRQHandler                      
000056af  SPI1_IRQHandler                      
000056af  SVC_Handler                          
00002c45  SYSCFG_DL_ADC_ACCEL_init             
000034ad  SYSCFG_DL_ADC_JOY_init               
00004381  SYSCFG_DL_DMA_CH1_init               
0000533d  SYSCFG_DL_DMA_init                   
00005355  SYSCFG_DL_GPAMP_0_init               
00001a1d  SYSCFG_DL_GPIO_init                  
00003bd1  SYSCFG_DL_I2C_0_init                 
00003c29  SYSCFG_DL_I2C_1_init                 
00004741  SYSCFG_DL_OPA_0_init                 
000037c9  SYSCFG_DL_PWM_AUDIO_init             
00004a55  SYSCFG_DL_RTC_init                   
00004191  SYSCFG_DL_SPI_LCD_init               
00004f71  SYSCFG_DL_SYSCTL_CLK_init            
000030e5  SYSCFG_DL_SYSCTL_SYSPLL_init         
00003195  SYSCFG_DL_SYSCTL_init                
0000561d  SYSCFG_DL_SYSTICK_init               
000043bd  SYSCFG_DL_TIMER_SAMPLE_init          
000039f1  SYSCFG_DL_init                       
00002d19  SYSCFG_DL_initPower                  
000041d1  SysTick_Handler                      
000056af  TIMA0_IRQHandler                     
000056af  TIMA1_IRQHandler                     
000056af  TIMG0_IRQHandler                     
000056af  TIMG12_IRQHandler                    
000056af  TIMG6_IRQHandler                     
0000337d  TIMG7_IRQHandler                     
000056af  TIMG8_IRQHandler                     
00005597  TI_memcpy_small                      
00005659  TI_memset_small                      
00005525  Trigger_Note_Off                     
00005539  Trigger_Note_On                      
000056af  UART0_IRQHandler                     
000056af  UART1_IRQHandler                     
000056af  UART2_IRQHandler                     
000056af  UART3_IRQHandler                     
20208000  __STACK_END                          
00000200  __STACK_SIZE                         
00001000  __SYSMEM_SIZE                        
00000000  __TI_ATRegion0_region_sz             
00000000  __TI_ATRegion0_src_addr              
00000000  __TI_ATRegion0_trg_addr              
00000000  __TI_ATRegion1_region_sz             
00000000  __TI_ATRegion1_src_addr              
00000000  __TI_ATRegion1_trg_addr              
00000000  __TI_ATRegion2_region_sz             
00000000  __TI_ATRegion2_src_addr              
00000000  __TI_ATRegion2_trg_addr              
00005fc4  __TI_CINIT_Base                      
00005fd4  __TI_CINIT_Limit                     
00005fd4  __TI_CINIT_Warm                      
00005fb0  __TI_Handler_Table_Base              
00005fbc  __TI_Handler_Table_Limit             
000043f9  __TI_auto_init_nobinit_nopinit       
0000374d  __TI_decompress_lzss                 
000055a9  __TI_decompress_none                 
ffffffff  __TI_pprof_out_hndl                  
000000c1  __TI_printfi_nofloat                 
ffffffff  __TI_prof_data_size                  
ffffffff  __TI_prof_data_start                 
00000000  __TI_static_base__                   
00005409  __TI_zero_init_nomemset              
00005b00  __aeabi_ctype_table_                 
00005b00  __aeabi_ctype_table_C                
00003a55  __aeabi_dcmpeq                       
00003a91  __aeabi_dcmpge                       
00003aa5  __aeabi_dcmpgt                       
00003a7d  __aeabi_dcmple                       
00003a69  __aeabi_dcmplt                       
202012d0  __aeabi_errno                        
00005699  __aeabi_errno_addr                   
00003c81  __aeabi_idiv                         
0000258f  __aeabi_idiv0                        
00003c81  __aeabi_idivmod                      
000032db  __aeabi_ldiv0                        
00004cb1  __aeabi_llsl                         
00004ba9  __aeabi_lmul                         
0000568d  __aeabi_memclr                       
0000568d  __aeabi_memclr4                      
0000568d  __aeabi_memclr8                      
000056a1  __aeabi_memcpy                       
000056a1  __aeabi_memcpy4                      
000056a1  __aeabi_memcpy8                      
0000563d  __aeabi_memset                       
0000563d  __aeabi_memset4                      
0000563d  __aeabi_memset8                      
00004b85  __aeabi_ui2d                         
00004a7d  __aeabi_ui2f                         
00004211  __aeabi_uidiv                        
00004211  __aeabi_uidivmod                     
0000554d  __aeabi_uldivmod                     
00004cb1  __ashldi3                            
ffffffff  __binit__                            
00003989  __cmpdf2                             
00003989  __eqdf2                              
00004b85  __floatunsidf                        
00004a7d  __floatunsisf                        
0000383d  __gedf2                              
0000383d  __gtdf2                              
00003989  __ledf2                              
00003989  __ltdf2                              
UNDEFED   __mpu_init                           
00004ba9  __muldi3                             
00004435  __muldsi3                            
00003989  __nedf2                              
20207e00  __stack                              
20200000  __start___llvm_prf_bits              
20200000  __start___llvm_prf_cnts              
20200000  __stop___llvm_prf_bits               
20200000  __stop___llvm_prf_cnts               
00003239  __udivmoddi4                         
00004aa5  _c_int00_noargs                      
20200000  _sys_memory                          
UNDEFED   _system_post_cinit                   
000056cd  _system_pre_init                     
000056a9  abort                                
00004251  atoi                                 
ffffffff  binit                                
20201000  gPWM_AUDIOBackup                     
20201198  gSPI_LCDBackup                       
2020115c  gSynthState                          
202010bc  gTIMER_SAMPLEBackup                  
20201298  g_chord_increments                   
202012a4  g_chord_phases                       
202012dc  g_phase                              
202012e0  g_phase_increment                    
202012e4  g_systick_count                      
00000000  interruptVectors                     
00000e05  main                                 
00004bcd  memccpy                              
00003fa1  snprintf                             
0000562d  wcslen                               


GLOBAL SYMBOLS: SORTED BY Symbol Address 

address   name                                 
-------   ----                                 
00000000  __TI_ATRegion0_region_sz             
00000000  __TI_ATRegion0_src_addr              
00000000  __TI_ATRegion0_trg_addr              
00000000  __TI_ATRegion1_region_sz             
00000000  __TI_ATRegion1_src_addr              
00000000  __TI_ATRegion1_trg_addr              
00000000  __TI_ATRegion2_region_sz             
00000000  __TI_ATRegion2_src_addr              
00000000  __TI_ATRegion2_trg_addr              
00000000  __TI_static_base__                   
00000000  interruptVectors                     
000000c1  __TI_printfi_nofloat                 
00000200  __STACK_SIZE                         
00000e05  main                                 
00001000  __SYSMEM_SIZE                        
000017bd  LCD_Init                             
00001a1d  SYSCFG_DL_GPIO_init                  
00001f41  LCD_PrintString                      
00002365  LCD_DrawRect                         
0000247d  LCD_DrawLine                         
0000258f  __aeabi_idiv0                        
00002591  DL_Timer_initTimerMode               
000029a1  DL_Timer_initFourCCPWMMode           
00002a8d  DL_SYSCTL_configSYSPLL               
00002b6d  DL_RTC_Common_initCalendar           
00002c45  SYSCFG_DL_ADC_ACCEL_init             
00002d19  SYSCFG_DL_initPower                  
000030e5  SYSCFG_DL_SYSCTL_SYSPLL_init         
00003195  SYSCFG_DL_SYSCTL_init                
00003239  __udivmoddi4                         
000032db  __aeabi_ldiv0                        
000032dd  LCD_FillScreen                       
0000337d  TIMG7_IRQHandler                     
000034ad  SYSCFG_DL_ADC_JOY_init               
000036d1  Change_Preset                        
0000374d  __TI_decompress_lzss                 
000037c9  SYSCFG_DL_PWM_AUDIO_init             
0000383d  __gedf2                              
0000383d  __gtdf2                              
00003989  __cmpdf2                             
00003989  __eqdf2                              
00003989  __ledf2                              
00003989  __ltdf2                              
00003989  __nedf2                              
000039f1  SYSCFG_DL_init                       
00003a55  __aeabi_dcmpeq                       
00003a69  __aeabi_dcmplt                       
00003a7d  __aeabi_dcmple                       
00003a91  __aeabi_dcmpge                       
00003aa5  __aeabi_dcmpgt                       
00003ab9  ADC1_IRQHandler                      
00003b79  LCD_PrintNumber                      
00003bd1  SYSCFG_DL_I2C_0_init                 
00003c29  SYSCFG_DL_I2C_1_init                 
00003c81  __aeabi_idiv                         
00003c81  __aeabi_idivmod                      
00003e6d  LCD_DrawPixel                        
00003ebd  DL_ADC12_setClockConfig              
00003f55  DL_SYSCTL_switchMCLKfromSYSOSCtoHSCLK
00003fa1  snprintf                             
00004039  DL_SPI_init                          
00004081  DL_DMA_initChannel                   
00004151  DL_Timer_setCaptureCompareOutCtl     
00004191  SYSCFG_DL_SPI_LCD_init               
000041d1  SysTick_Handler                      
00004211  __aeabi_uidiv                        
00004211  __aeabi_uidivmod                     
00004251  atoi                                 
00004291  Change_Instrument                    
000042cd  DL_Timer_setCaptureCompareCtl        
00004381  SYSCFG_DL_DMA_CH1_init               
000043bd  SYSCFG_DL_TIMER_SAMPLE_init          
000043f9  __TI_auto_init_nobinit_nopinit       
00004435  __muldsi3                            
000044e1  ADC0_IRQHandler                      
00004549  DL_I2C_setClockConfig                
0000457d  DL_Timer_setCaptCompUpdateMethod     
000045b1  DL_Timer_setCaptureCompareAction     
000045e5  DL_Timer_setCaptureCompareInput      
00004619  DL_Timer_setClockConfig              
0000464d  HardFault_Handler                    
00004741  SYSCFG_DL_OPA_0_init                 
000047a1  DL_Timer_setCaptureCompareValue      
000049dd  DL_SYSCTL_configFCC                  
00004a55  SYSCFG_DL_RTC_init                   
00004a7d  __aeabi_ui2f                         
00004a7d  __floatunsisf                        
00004aa5  _c_int00_noargs                      
00004b3d  DL_SPI_setClockConfig                
00004b85  __aeabi_ui2d                         
00004b85  __floatunsidf                        
00004ba9  __aeabi_lmul                         
00004ba9  __muldi3                             
00004bcd  memccpy                              
00004c91  DMA_IRQHandler                       
00004cb1  __aeabi_llsl                         
00004cb1  __ashldi3                            
00004f71  SYSCFG_DL_SYSCTL_CLK_init            
0000533d  SYSCFG_DL_DMA_init                   
00005355  SYSCFG_DL_GPAMP_0_init               
00005409  __TI_zero_init_nomemset              
0000541f  DL_Common_delayCycles                
00005525  Trigger_Note_Off                     
00005539  Trigger_Note_On                      
0000554d  __aeabi_uldivmod                     
00005597  TI_memcpy_small                      
000055a9  __TI_decompress_none                 
0000561d  SYSCFG_DL_SYSTICK_init               
0000562d  wcslen                               
0000563d  __aeabi_memset                       
0000563d  __aeabi_memset4                      
0000563d  __aeabi_memset8                      
00005659  TI_memset_small                      
0000568d  __aeabi_memclr                       
0000568d  __aeabi_memclr4                      
0000568d  __aeabi_memclr8                      
00005699  __aeabi_errno_addr                   
000056a1  __aeabi_memcpy                       
000056a1  __aeabi_memcpy4                      
000056a1  __aeabi_memcpy8                      
000056a9  abort                                
000056af  AES_IRQHandler                       
000056af  CANFD0_IRQHandler                    
000056af  DAC0_IRQHandler                      
000056af  Default_Handler                      
000056af  GROUP0_IRQHandler                    
000056af  GROUP1_IRQHandler                    
000056af  I2C0_IRQHandler                      
000056af  I2C1_IRQHandler                      
000056af  NMI_Handler                          
000056af  PendSV_Handler                       
000056af  RTC_IRQHandler                       
000056af  SPI0_IRQHandler                      
000056af  SPI1_IRQHandler                      
000056af  SVC_Handler                          
000056af  TIMA0_IRQHandler                     
000056af  TIMA1_IRQHandler                     
000056af  TIMG0_IRQHandler                     
000056af  TIMG12_IRQHandler                    
000056af  TIMG6_IRQHandler                     
000056af  TIMG8_IRQHandler                     
000056af  UART0_IRQHandler                     
000056af  UART1_IRQHandler                     
000056af  UART2_IRQHandler                     
000056af  UART3_IRQHandler                     
000056b2  C$$EXIT                              
000056b3  HOSTexit                             
000056b7  Reset_Handler                        
000056cd  _system_pre_init                     
00005b00  __aeabi_ctype_table_                 
00005b00  __aeabi_ctype_table_C                
00005fb0  __TI_Handler_Table_Base              
00005fbc  __TI_Handler_Table_Limit             
00005fc4  __TI_CINIT_Base                      
00005fd4  __TI_CINIT_Limit                     
00005fd4  __TI_CINIT_Warm                      
20200000  __start___llvm_prf_bits              
20200000  __start___llvm_prf_cnts              
20200000  __stop___llvm_prf_bits               
20200000  __stop___llvm_prf_cnts               
20200000  _sys_memory                          
20201000  gPWM_AUDIOBackup                     
202010bc  gTIMER_SAMPLEBackup                  
2020115c  gSynthState                          
20201198  gSPI_LCDBackup                       
20201298  g_chord_increments                   
202012a4  g_chord_phases                       
202012c8  DEBUG_main_loop_count                
202012cc  DEBUG_timer_irq_count                
202012d0  __aeabi_errno                        
202012dc  g_phase                              
202012e0  g_phase_increment                    
202012e4  g_systick_count                      
20207e00  __stack                              
20208000  __STACK_END                          
ffffffff  __TI_pprof_out_hndl                  
ffffffff  __TI_prof_data_size                  
ffffffff  __TI_prof_data_start                 
ffffffff  __binit__                            
ffffffff  binit                                
UNDEFED   __mpu_init                           
UNDEFED   _system_post_cinit                   

[182 symbols]
