******************************************************************************
            TI ARM Clang Linker PC v4.0.4                      
******************************************************************************
>> Linked Sun Dec 21 22:17:38 2025

OUTPUT FILE NAME:   <Motion_Music_studio.out>
ENTRY POINT SYMBOL: "_c_int00_noargs"  address: 000021bd


MEMORY CONFIGURATION

         name            origin    length      used     unused   attr    fill
----------------------  --------  ---------  --------  --------  ----  --------
  FLASH                 00000000   00020000  00003508  0001caf8  R  X
  SRAM                  20200000   00008000  00000310  00007cf0  RW X
  BCR_CONFIG            41c00000   000000ff  00000000  000000ff  R   
  BSL_CONFIG            41c00100   00000080  00000000  00000080  R   


SEGMENT ALLOCATION MAP

run origin  load origin   length   init length attrs members
----------  ----------- ---------- ----------- ----- -------
00000000    00000000    00003508   00003508    r-x
  00000000    00000000    000000c0   000000c0    r-- .intvecs
  000000c0    000000c0    00002b70   00002b70    r-x .text
  00002c30    00002c30    000008a0   000008a0    r-- .rodata
  000034d0    000034d0    00000038   00000038    r-- .cinit
20200000    20200000    00000110   00000000    rw-
  20200000    20200000    000000f8   00000000    rw- .bss
  202000f8    202000f8    00000018   00000000    rw- .data
20207e00    20207e00    00000200   00000000    rw-
  20207e00    20207e00    00000200   00000000    rw- .stack


SECTION ALLOCATION MAP

 output                                  attributes/
section   page    origin      length       input sections
--------  ----  ----------  ----------   ----------------
.intvecs   0    00000000    000000c0     
                  00000000    000000c0     startup_mspm0g350x_ticlang.o (.intvecs)

.text      0    000000c0    00002b70     
                  000000c0    000001d8     ti_msp_dl_config.o (.text.SYSCFG_DL_GPIO_init)
                  00000298    00000192     libclang_rt.builtins.a : adddf3.S.obj (.text.adddf3_subdf3)
                  0000042a    00000002     main.o (.text.Process_Accelerometer)
                  0000042c    00000110     dl_timer.o (.text.DL_Timer_initTimerMode)
                  0000053c    00000110     dl_timer.o (.text.DL_Timer_initTwoCCPWMMode)
                  0000064c    0000010c     libclang_rt.builtins.a : divdf3.S.obj (.text.__divdf3)
                  00000758    000000fc     main.o (.text.Process_Buttons)
                  00000854    000000f8     main.o (.text.main)
                  0000094c    000000ec     dl_timer.o (.text.DL_Timer_initFourCCPWMMode)
                  00000a38    000000e4     libclang_rt.builtins.a : muldf3.S.obj (.text.__muldf3)
                  00000b1c    000000e0     dl_sysctl_mspm0g1x0x_g3x0x.o (.text.DL_SYSCTL_configSYSPLL)
                  00000bfc    000000d8     dl_rtc_common.o (.text.DL_RTC_Common_initCalendar)
                  00000cd4    000000d4     ti_msp_dl_config.o (.text.SYSCFG_DL_initPower)
                  00000da8    000000c4     main.o (.text.TIMG7_IRQHandler)
                  00000e6c    000000b4     ti_msp_dl_config.o (.text.SYSCFG_DL_ADC_MIC_JOY_init)
                  00000f20    000000b0     ti_msp_dl_config.o (.text.SYSCFG_DL_SYSCTL_SYSPLL_init)
                  00000fd0    000000ac     main.o (.text.Process_Joystick)
                  0000107c    000000a8     ti_msp_dl_config.o (.text.SYSCFG_DL_ADC_ACCEL_init)
                  00001124    000000a4     ti_msp_dl_config.o (.text.SYSCFG_DL_SYSCTL_init)
                  000011c8    0000008c     main.o (.text.Audio_Set_Waveform)
                  00001254    00000084     ti_msp_dl_config.o (.text.__NVIC_SetPriority)
                  000012d8    0000007c     libc.a : copy_decompress_lzss.c.obj (.text:decompress:lzss)
                  00001354    00000074     ti_msp_dl_config.o (.text.SYSCFG_DL_PWM_AUDIO_init)
                  000013c8    00000074     libclang_rt.builtins.a : comparedf2.c.obj (.text.__gedf2)
                  0000143c    00000068                            : comparedf2.c.obj (.text.__ledf2)
                  000014a4    00000062                            : aeabi_dcmp.S.obj (.text.__aeabi_dcmp)
                  00001506    00000002                            : aeabi_div0.c.obj (.text.__aeabi_idiv0)
                  00001508    00000060     main.o (.text.ADC0_IRQHandler)
                  00001568    00000060     ti_msp_dl_config.o (.text.DL_ADC12_initSeqSample)
                  000015c8    0000005c     main.o (.text.ADC1_IRQHandler)
                  00001624    00000058     ti_msp_dl_config.o (.text.SYSCFG_DL_I2C_0_init)
                  0000167c    00000058     ti_msp_dl_config.o (.text.SYSCFG_DL_I2C_1_init)
                  000016d4    00000054     main.o (.text.Audio_Update_Frequency)
                  00001728    00000054     ti_msp_dl_config.o (.text.SYSCFG_DL_TIMER_SAMPLE_init)
                  0000177c    00000050     ti_msp_dl_config.o (.text.DL_GPIO_initPeripheralInputFunctionFeatures)
                  000017cc    00000050     ti_msp_dl_config.o (.text.SYSCFG_DL_init)
                  0000181c    0000004c     dl_adc12.o (.text.DL_ADC12_setClockConfig)
                  00001868    0000004c     ti_msp_dl_config.o (.text.DL_GPIO_initDigitalInputFeatures)
                  000018b4    0000004c     dl_sysctl_mspm0g1x0x_g3x0x.o (.text.DL_SYSCTL_switchMCLKfromSYSOSCtoHSCLK)
                  00001900    0000004a     ti_msp_dl_config.o (.text.DL_ADC12_configConversionMem)
                  0000194a    00000002     --HOLE-- [fill = 0]
                  0000194c    0000004a     libclang_rt.builtins.a : fixdfsi.S.obj (.text.__fixdfsi)
                  00001996    00000002     --HOLE-- [fill = 0]
                  00001998    00000048     dl_spi.o (.text.DL_SPI_init)
                  000019e0    00000048     ti_msp_dl_config.o (.text.SYSCFG_DL_SPI_LCD_init)
                  00001a28    00000044     main.o (.text.ADC_To_Frequency)
                  00001a6c    00000042     libclang_rt.builtins.a : fixunsdfsi.S.obj (.text.__fixunsdfsi)
                  00001aae    00000002     --HOLE-- [fill = 0]
                  00001ab0    00000040     dl_timer.o (.text.DL_Timer_setCaptureCompareOutCtl)
                  00001af0    00000040     libclang_rt.builtins.a : aeabi_uidivmod.S.obj (.text.__aeabi_uidivmod)
                  00001b30    0000003c     dl_timer.o (.text.DL_Timer_setCaptureCompareCtl)
                  00001b6c    0000003c     dl_timer.o (.text.DL_Timer_setCounterControl)
                  00001ba8    0000003c     ti_msp_dl_config.o (.text.DL_Timer_setCounterControl)
                  00001be4    0000003c     main.o (.text.System_Init)
                  00001c20    0000003c     libc.a : autoinit.c.obj (.text:__TI_auto_init_nobinit_nopinit)
                  00001c5c    0000003a     libclang_rt.builtins.a : muldsi3.S.obj (.text.__muldsi3)
                  00001c96    00000002     --HOLE-- [fill = 0]
                  00001c98    00000038     ti_msp_dl_config.o (.text.DL_Timer_setPublisherChanID)
                  00001cd0    00000038     libclang_rt.builtins.a : fixsfsi.S.obj (.text.__fixsfsi)
                  00001d08    00000034     main.o (.text.Audio_Stop)
                  00001d3c    00000034     dl_i2c.o (.text.DL_I2C_setClockConfig)
                  00001d70    00000034     dl_timer.o (.text.DL_Timer_setCaptCompUpdateMethod)
                  00001da4    00000034     dl_timer.o (.text.DL_Timer_setCaptureCompareAction)
                  00001dd8    00000034     dl_timer.o (.text.DL_Timer_setCaptureCompareInput)
                  00001e0c    00000034     dl_timer.o (.text.DL_Timer_setClockConfig)
                  00001e40    00000034     dl_vref.o (.text.DL_VREF_configReference)
                  00001e74    00000030     main.o (.text.DL_ADC12_getMemResult)
                  00001ea4    00000030     ti_msp_dl_config.o (.text.DL_SPI_setFIFOThreshold)
                  00001ed4    00000030     iqmath.a : _IQNtoF.o (.text._IQ24toF)
                  00001f04    0000002c     main.o (.text.Audio_Update_Volume)
                  00001f30    0000002c     dl_timer.o (.text.DL_Timer_setCaptureCompareValue)
                  00001f5c    0000002c     main.o (.text.__NVIC_EnableIRQ)
                  00001f88    0000002c     libclang_rt.builtins.a : floatsidf.S.obj (.text.__floatsidf)
                  00001fb4    00000028     dl_adc12.o (.text.DL_Common_updateReg)
                  00001fdc    00000028     dl_i2c.o (.text.DL_Common_updateReg)
                  00002004    00000028     dl_rtc_common.o (.text.DL_Common_updateReg)
                  0000202c    00000028     dl_spi.o (.text.DL_Common_updateReg)
                  00002054    00000028     dl_sysctl_mspm0g1x0x_g3x0x.o (.text.DL_Common_updateReg)
                  0000207c    00000028     dl_timer.o (.text.DL_Common_updateReg)
                  000020a4    00000028     ti_msp_dl_config.o (.text.DL_Common_updateReg)
                  000020cc    00000028     ti_msp_dl_config.o (.text.DL_I2C_setControllerRXFIFOThreshold)
                  000020f4    00000028     ti_msp_dl_config.o (.text.DL_I2C_setControllerTXFIFOThreshold)
                  0000211c    00000028     dl_sysctl_mspm0g1x0x_g3x0x.o (.text.DL_SYSCTL_configFCC)
                  00002144    00000028     ti_msp_dl_config.o (.text.DL_SYSCTL_setPowerPolicySTANDBY0)
                  0000216c    00000028     ti_msp_dl_config.o (.text.DL_Timer_enableEvent)
                  00002194    00000028     ti_msp_dl_config.o (.text.SYSCFG_DL_RTC_init)
                  000021bc    00000028     libc.a : boot_cortex_m.c.obj (.text:_c_int00_noargs)
                  000021e4    00000026     ti_msp_dl_config.o (.text.DL_I2C_setAnalogGlitchFilterPulseWidth)
                  0000220a    00000002     --HOLE-- [fill = 0]
                  0000220c    00000024     ti_msp_dl_config.o (.text.DL_SPI_setBitRateSerialClockDivider)
                  00002230    00000024     dl_spi.o (.text.DL_SPI_setClockConfig)
                  00002254    00000024     libclang_rt.builtins.a : floatunsidf.S.obj (.text.__floatunsidf)
                  00002278    00000020     main.o (.text.ADC_To_Volume)
                  00002298    00000020     main.o (.text.Audio_Init)
                  000022b8    00000020     dl_sysctl_mspm0g1x0x_g3x0x.o (.text.DL_CORE_configInstruction)
                  000022d8    00000020     dl_rtc_common.o (.text.DL_RTC_Common_setCalendarYearBinary)
                  000022f8    00000020     ti_msp_dl_config.o (.text.DL_SYSCTL_setFlashWaitState)
                  00002318    00000020     ti_msp_dl_config.o (.text.DL_SYSCTL_setMFPCLKSource)
                  00002338    00000020     dl_timer.o (.text.DL_Timer_setCounterValueAfterEnable)
                  00002358    0000001c     main.o (.text.Audio_Start)
                  00002374    0000001c     ti_msp_dl_config.o (.text.DL_ADC12_clearInterruptStatus)
                  00002390    0000001c     ti_msp_dl_config.o (.text.DL_ADC12_enableEvent)
                  000023ac    0000001c     ti_msp_dl_config.o (.text.DL_ADC12_enableInterrupt)
                  000023c8    0000001c     main.o (.text.DL_ADC12_startConversion)
                  000023e4    0000001c     ti_msp_dl_config.o (.text.DL_GPIO_clearInterruptStatus)
                  00002400    0000001c     ti_msp_dl_config.o (.text.DL_GPIO_enableHiZ)
                  0000241c    0000001c     ti_msp_dl_config.o (.text.DL_GPIO_enableInterrupt)
                  00002438    0000001c     ti_msp_dl_config.o (.text.DL_GPIO_initPeripheralOutputFunction)
                  00002454    0000001c     ti_msp_dl_config.o (.text.DL_GPIO_setLowerPinsPolarity)
                  00002470    0000001c     dl_rtc_common.o (.text.DL_RTC_Common_setCalendarMinutesBCD)
                  0000248c    0000001c     dl_rtc_common.o (.text.DL_RTC_Common_setCalendarMinutesBinary)
                  000024a8    0000001c     dl_rtc_common.o (.text.DL_RTC_Common_setCalendarMonthBCD)
                  000024c4    0000001c     dl_rtc_common.o (.text.DL_RTC_Common_setCalendarMonthBinary)
                  000024e0    0000001c     dl_rtc_common.o (.text.DL_RTC_Common_setCalendarSecondsBCD)
                  000024fc    0000001c     dl_rtc_common.o (.text.DL_RTC_Common_setCalendarSecondsBinary)
                  00002518    0000001c     dl_rtc_common.o (.text.DL_RTC_Common_setCalendarYearBCD)
                  00002534    0000001c     dl_rtc_common.o (.text.DL_RTC_Common_setClockFormat)
                  00002550    0000001c     ti_msp_dl_config.o (.text.DL_SYSCTL_setFCCPeriods)
                  0000256c    0000001c     ti_msp_dl_config.o (.text.DL_SYSCTL_setMCLKDivider)
                  00002588    0000001c     ti_msp_dl_config.o (.text.DL_SYSCTL_setSYSOSCFreq)
                  000025a4    0000001c     ti_msp_dl_config.o (.text.DL_SYSCTL_setULPCLKDivider)
                  000025c0    0000001c     ti_msp_dl_config.o (.text.DL_SYSCTL_setVBOOSTConfig)
                  000025dc    0000001c     ti_msp_dl_config.o (.text.DL_Timer_enableInterrupt)
                  000025f8    0000001c     ti_msp_dl_config.o (.text.SYSCFG_DL_SYSCTL_CLK_init)
                  00002614    0000001c     ti_msp_dl_config.o (.text.SYSCFG_DL_VREF_init)
                  00002630    0000001a     ti_msp_dl_config.o (.text.DL_ADC12_setSubscriberChanID)
                  0000264a    0000001a     dl_rtc_common.o (.text.DL_RTC_Common_setCalendarHoursBCD)
                  00002664    0000001a     dl_rtc_common.o (.text.DL_RTC_Common_setCalendarHoursBinary)
                  0000267e    00000002     --HOLE-- [fill = 0]
                  00002680    00000018     ti_msp_dl_config.o (.text.DL_ADC12_enablePower)
                  00002698    00000018     ti_msp_dl_config.o (.text.DL_ADC12_reset)
                  000026b0    00000018     ti_msp_dl_config.o (.text.DL_ADC12_setSampleTime0)
                  000026c8    00000018     ti_msp_dl_config.o (.text.DL_GPIO_enableOutput)
                  000026e0    00000018     ti_msp_dl_config.o (.text.DL_GPIO_enablePower)
                  000026f8    00000018     ti_msp_dl_config.o (.text.DL_GPIO_initDigitalOutput)
                  00002710    00000018     ti_msp_dl_config.o (.text.DL_GPIO_reset)
                  00002728    00000018     ti_msp_dl_config.o (.text.DL_GPIO_setAnalogInternalResistor)
                  00002740    00000018     main.o (.text.DL_GPIO_setPins)
                  00002758    00000018     ti_msp_dl_config.o (.text.DL_GPIO_setPins)
                  00002770    00000018     main.o (.text.DL_GPIO_togglePins)
                  00002788    00000018     ti_msp_dl_config.o (.text.DL_I2C_enableAnalogGlitchFilter)
                  000027a0    00000018     ti_msp_dl_config.o (.text.DL_I2C_enableController)
                  000027b8    00000018     ti_msp_dl_config.o (.text.DL_I2C_enableControllerClockStretching)
                  000027d0    00000018     ti_msp_dl_config.o (.text.DL_I2C_enablePower)
                  000027e8    00000018     ti_msp_dl_config.o (.text.DL_I2C_reset)
                  00002800    00000018     ti_msp_dl_config.o (.text.DL_I2C_setTimerPeriod)
                  00002818    00000018     ti_msp_dl_config.o (.text.DL_RTC_Common_enablePower)
                  00002830    00000018     ti_msp_dl_config.o (.text.DL_RTC_Common_reset)
                  00002848    00000018     ti_msp_dl_config.o (.text.DL_SPI_enable)
                  00002860    00000018     ti_msp_dl_config.o (.text.DL_SPI_enableLoopbackMode)
                  00002878    00000018     ti_msp_dl_config.o (.text.DL_SPI_enablePower)
                  00002890    00000018     ti_msp_dl_config.o (.text.DL_SPI_reset)
                  000028a8    00000018     ti_msp_dl_config.o (.text.DL_SYSCTL_enableInterrupt)
                  000028c0    00000018     ti_msp_dl_config.o (.text.DL_SYSCTL_setBORThreshold)
                  000028d8    00000018     dl_sysctl_mspm0g1x0x_g3x0x.o (.text.DL_SYSCTL_setHSCLKSource)
                  000028f0    00000018     ti_msp_dl_config.o (.text.DL_Timer_enablePower)
                  00002908    00000018     ti_msp_dl_config.o (.text.DL_Timer_reset)
                  00002920    00000018     dl_timer.o (.text.DL_Timer_setLoadValue)
                  00002938    00000018     main.o (.text.DL_Timer_startCounter)
                  00002950    00000018     ti_msp_dl_config.o (.text.DL_VREF_enablePower)
                  00002968    00000018     ti_msp_dl_config.o (.text.DL_VREF_reset)
                  00002980    00000018     iqmath.a : _IQNdiv.o (.text._IQ24div)
                  00002998    00000016     main.o (.text.DL_ADC12_enableConversions)
                  000029ae    00000016     ti_msp_dl_config.o (.text.DL_ADC12_enableConversions)
                  000029c4    00000016     ti_msp_dl_config.o (.text.DL_GPIO_enableGlobalFastWake)
                  000029da    00000016     main.o (.text.DL_GPIO_readPins)
                  000029f0    00000016     libc.a : copy_zero_init.c.obj (.text:decompress:ZI:__TI_zero_init_nomemset)
                  00002a06    00000014     main.o (.text.Critical_Enter)
                  00002a1a    00000014     dl_common.o (.text.DL_Common_delayCycles)
                  00002a2e    00000002     --HOLE-- [fill = 0]
                  00002a30    00000014     ti_msp_dl_config.o (.text.DL_FlashCTL_enableInterrupt)
                  00002a44    00000014     main.o (.text.DL_GPIO_clearPins)
                  00002a58    00000014     ti_msp_dl_config.o (.text.DL_GPIO_clearPins)
                  00002a6c    00000014     ti_msp_dl_config.o (.text.DL_I2C_resetControllerTransfer)
                  00002a80    00000014     dl_sysctl_mspm0g1x0x_g3x0x.o (.text.DL_SYSCTL_disableSYSPLL)
                  00002a94    00000014     ti_msp_dl_config.o (.text.DL_SYSCTL_disableSYSPLL)
                  00002aa8    00000014     ti_msp_dl_config.o (.text.DL_SYSCTL_enableMFCLK)
                  00002abc    00000014     dl_sysctl_mspm0g1x0x_g3x0x.o (.text.DL_SYSCTL_enableSYSPLL)
                  00002ad0    00000014     ti_msp_dl_config.o (.text.DL_SYSCTL_enableSYSPLL)
                  00002ae4    00000014     ti_msp_dl_config.o (.text.DL_Timer_enableClock)
                  00002af8    00000014     ti_msp_dl_config.o (.text.DL_Timer_setCCPDirection)
                  00002b0c    00000012     main.o (.text.Critical_Exit)
                  00002b1e    00000012     main.o (.text.DL_ADC12_getPendingInterrupt)
                  00002b30    00000012     main.o (.text.DL_Timer_getPendingInterrupt)
                  00002b42    00000012     libc.a : memcpy16.S.obj (.text:TI_memcpy_small)
                  00002b54    00000012            : copy_decompress_none.c.obj (.text:decompress:none)
                  00002b66    00000002     --HOLE-- [fill = 0]
                  00002b68    00000010     dl_sysctl_mspm0g1x0x_g3x0x.o (.text.DL_CORE_getInstructionConfig)
                  00002b78    00000010     ti_msp_dl_config.o (.text.DL_SYSCTL_disableHFXT)
                  00002b88    00000010     ti_msp_dl_config.o (.text.DL_SYSCTL_enableMFPCLK)
                  00002b98    00000010     ti_msp_dl_config.o (.text.DL_SYSCTL_isFCCDone)
                  00002ba8    00000010     ti_msp_dl_config.o (.text.DL_SYSCTL_startFCC)
                  00002bb8    0000000e     libc.a : memset16.S.obj (.text:TI_memset_small)
                  00002bc6    00000002     --HOLE-- [fill = 0]
                  00002bc8    0000000c     dl_sysctl_mspm0g1x0x_g3x0x.o (.text.DL_SYSCTL_getClockStatus)
                  00002bd4    0000000c     ti_msp_dl_config.o (.text.DL_SYSCTL_getClockStatus)
                  00002be0    0000000c     ti_msp_dl_config.o (.text.DL_SYSCTL_readFCC)
                  00002bec    0000000c     libclang_rt.builtins.a : aeabi_memset.S.obj (.text.__aeabi_memclr)
                  00002bf8    00000008                            : aeabi_memcpy.S.obj (.text.__aeabi_memcpy)
                  00002c00    00000006     libc.a : exit.c.obj (.text:abort)
                  00002c06    00000004     startup_mspm0g350x_ticlang.o (.text.Default_Handler)
                  00002c0a    00000004     libsysbm.a : hostexit.c.obj (.text.HOSTexit)
                  00002c0e    00000004     startup_mspm0g350x_ticlang.o (.text.Reset_Handler)
                  00002c12    00000002     --HOLE-- [fill = 0]
                  00002c14    00000010     libc.a : boot_cortex_m.c.obj (.tramp._c_int00_noargs.1)
                  00002c24    00000004     main.o (.text.System_Sleep)
                  00002c28    00000004     libc.a : pre_init.c.obj (.text._system_pre_init)
                  00002c2c    00000004     --HOLE-- [fill = 0]

.cinit     0    000034d0    00000038     
                  000034d0    00000011     (.cinit..data.load) [load image, compression = lzss]
                  000034e1    00000003     --HOLE-- [fill = 0]
                  000034e4    0000000c     (__TI_handler_table)
                  000034f0    00000008     (.cinit..bss.load) [load image, compression = zero_init]
                  000034f8    00000010     (__TI_cinit_table)

.rodata    0    00002c30    000008a0     
                  00002c30    00000200     main.o (.rodata.wavetable_sawtooth)
                  00002e30    00000200     main.o (.rodata.wavetable_sine)
                  00003030    00000200     main.o (.rodata.wavetable_square)
                  00003230    00000200     main.o (.rodata.wavetable_triangle)
                  00003430    00000028     ti_msp_dl_config.o (.rodata.gSYSPLLConfig)
                  00003458    00000022     ti_msp_dl_config.o (.rodata..L__const.SYSCFG_DL_GPIO_init.unusedPinIndexes)
                  0000347a    00000002     ti_msp_dl_config.o (.rodata.gI2C_0ClockConfig)
                  0000347c    00000014     ti_msp_dl_config.o (.rodata.gTIMER_SAMPLETimerConfig)
                  00003490    0000000a     ti_msp_dl_config.o (.rodata.gSPI_LCD_config)
                  0000349a    00000002     ti_msp_dl_config.o (.rodata.gI2C_1ClockConfig)
                  0000349c    00000008     ti_msp_dl_config.o (.rodata.gADC_ACCELClockConfig)
                  000034a4    00000008     ti_msp_dl_config.o (.rodata.gADC_MIC_JOYClockConfig)
                  000034ac    00000008     ti_msp_dl_config.o (.rodata.gPWM_AUDIOConfig)
                  000034b4    00000008     ti_msp_dl_config.o (.rodata.gRTCCalendarConfig)
                  000034bc    00000008     ti_msp_dl_config.o (.rodata.gVREFConfig)
                  000034c4    00000003     ti_msp_dl_config.o (.rodata.gPWM_AUDIOClockConfig)
                  000034c7    00000003     ti_msp_dl_config.o (.rodata.gTIMER_SAMPLEClockConfig)
                  000034ca    00000002     ti_msp_dl_config.o (.rodata.gSPI_LCD_clockConfig)
                  000034cc    00000004     --HOLE-- [fill = 0]

.init_array 
*          0    00000000    00000000     UNINITIALIZED

.binit     0    00000000    00000000     

.bss       0    20200000    000000f8     UNINITIALIZED
                  20200000    000000a0     ti_msp_dl_config.o (.bss.gTIMER_SAMPLEBackup)
                  202000a0    00000030     main.o (.bss.gSynthState)
                  202000d0    00000028     ti_msp_dl_config.o (.bss.gSPI_LCDBackup)

.data      0    202000f8    00000018     UNINITIALIZED
                  202000f8    00000004     main.o (.data.Process_Buttons.joy_prev)
                  202000fc    00000004     main.o (.data.Process_Buttons.last_poll)
                  20200100    00000004     main.o (.data.Process_Buttons.s1_prev)
                  20200104    00000004     main.o (.data.Process_Buttons.s2_prev)
                  20200108    00000004     main.o (.data.current_wavetable)
                  2020010c    00000002     main.o (.data.Process_Joystick.last_joy_x)
                  2020010e    00000002     main.o (.data.Process_Joystick.last_joy_y)

.stack     0    20207e00    00000200     UNINITIALIZED
                  20207e00    00000004     libc.a : boot_cortex_m.c.obj (.stack)
                  20207e04    000001fc     --HOLE--

__llvm_prf_cnts 
*          0    20200000    00000000     UNINITIALIZED

__llvm_prf_bits 
*          0    20200000    00000000     UNINITIALIZED

MODULE SUMMARY

       Module                         code    ro data   rw data
       ------                         ----    -------   -------
    .\
       ti_msp_dl_config.o             4314    156       200    
       main.o                         1932    2048      72     
       startup_mspm0g350x_ticlang.o   8       192       0      
    +--+------------------------------+-------+---------+---------+
       Total:                         6254    2396      272    
                                                               
    .\ti\driverlib\
       dl_timer.o                     1312    0         0      
       dl_rtc_common.o                564     0         0      
       dl_spi.o                       148     0         0      
       dl_adc12.o                     116     0         0      
       dl_i2c.o                       92      0         0      
       dl_vref.o                      52      0         0      
       dl_common.o                    20      0         0      
    +--+------------------------------+-------+---------+---------+
       Total:                         2304    0         0      
                                                               
    .\ti\driverlib\m0p\sysctl\
       dl_sysctl_mspm0g1x0x_g3x0x.o   504     0         0      
    +--+------------------------------+-------+---------+---------+
       Total:                         504     0         0      
                                                               
    C:/ti/mspm0_sdk_2_09_00_01/source/ti/iqmath/lib/ticlang/m0p/mathacl/mspm0g1x0x_g3x0x/iqmath.a
       _IQNtoF.o                      48      0         0      
       _IQNdiv.o                      24      0         0      
    +--+------------------------------+-------+---------+---------+
       Total:                         72      0         0      
                                                               
    C:\ti\ccs2040\ccs\tools\compiler\ti-cgt-armllvm_4.0.4.LTS\lib\armv6m-ti-none-eabi/c/libc.a
       copy_decompress_lzss.c.obj     124     0         0      
       autoinit.c.obj                 60      0         0      
       boot_cortex_m.c.obj            56      0         0      
       copy_zero_init.c.obj           22      0         0      
       copy_decompress_none.c.obj     18      0         0      
       memcpy16.S.obj                 18      0         0      
       memset16.S.obj                 14      0         0      
       exit.c.obj                     6       0         0      
       pre_init.c.obj                 4       0         0      
    +--+------------------------------+-------+---------+---------+
       Total:                         322     0         0      
                                                               
    C:\ti\ccs2040\ccs\tools\compiler\ti-cgt-armllvm_4.0.4.LTS\lib\armv6m-ti-none-eabi/c/libsysbm.a
       hostexit.c.obj                 4       0         0      
    +--+------------------------------+-------+---------+---------+
       Total:                         4       0         0      
                                                               
    C:\ti\ccs2040\ccs\tools\compiler\ti-cgt-armllvm_4.0.4.LTS\lib\armv6m-ti-none-eabi/libclang_rt.builtins.a
       adddf3.S.obj                   402     0         0      
       divdf3.S.obj                   268     0         0      
       muldf3.S.obj                   228     0         0      
       comparedf2.c.obj               220     0         0      
       aeabi_dcmp.S.obj               98      0         0      
       fixdfsi.S.obj                  74      0         0      
       fixunsdfsi.S.obj               66      0         0      
       aeabi_uidivmod.S.obj           64      0         0      
       muldsi3.S.obj                  58      0         0      
       fixsfsi.S.obj                  56      0         0      
       floatsidf.S.obj                44      0         0      
       floatunsidf.S.obj              36      0         0      
       aeabi_memset.S.obj             12      0         0      
       aeabi_memcpy.S.obj             8       0         0      
       aeabi_div0.c.obj               2       0         0      
    +--+------------------------------+-------+---------+---------+
       Total:                         1636    0         0      
                                                               
       Stack:                         0       0         512    
       Linker Generated:              0       53        0      
    +--+------------------------------+-------+---------+---------+
       Grand Total:                   11096   2449      784    


LINKER GENERATED COPY TABLES

__TI_cinit_table @ 000034f8 records: 2, size/record: 8, table size: 16
	.data: load addr=000034d0, load size=00000011 bytes, run addr=202000f8, run size=00000018 bytes, compression=lzss
	.bss: load addr=000034f0, load size=00000008 bytes, run addr=20200000, run size=000000f8 bytes, compression=zero_init


LINKER GENERATED HANDLER TABLE

__TI_handler_table @ 000034e4 records: 3, size/record: 4, table size: 12
	index: 0, handler: __TI_decompress_lzss
	index: 1, handler: __TI_decompress_none
	index: 2, handler: __TI_zero_init


FAR CALL TRAMPOLINES

callee name               trampoline name
   callee addr  tramp addr   call addr  call info
--------------  -----------  ---------  ----------------
_c_int00_noargs           $Tramp$TT$L$PI$$_c_int00_noargs
   000021bd     00002c14     00002c0e   startup_mspm0g350x_ticlang.o (.text.Reset_Handler)

[1 trampolines]
[1 trampoline calls]


GLOBAL SYMBOLS: SORTED ALPHABETICALLY BY Name 

address   name                                 
-------   ----                                 
00001509  ADC0_IRQHandler                      
000015c9  ADC1_IRQHandler                      
00002c07  AES_IRQHandler                       
00002299  Audio_Init                           
000011c9  Audio_Set_Waveform                   
00002359  Audio_Start                          
00001d09  Audio_Stop                           
000016d5  Audio_Update_Frequency               
00001f05  Audio_Update_Volume                  
00002c0a  C$$EXIT                              
00002c07  CANFD0_IRQHandler                    
00002c07  DAC0_IRQHandler                      
0000181d  DL_ADC12_setClockConfig              
00002a1b  DL_Common_delayCycles                
00001d3d  DL_I2C_setClockConfig                
00000bfd  DL_RTC_Common_initCalendar           
00001999  DL_SPI_init                          
00002231  DL_SPI_setClockConfig                
0000211d  DL_SYSCTL_configFCC                  
00000b1d  DL_SYSCTL_configSYSPLL               
000018b5  DL_SYSCTL_switchMCLKfromSYSOSCtoHSCLK
0000094d  DL_Timer_initFourCCPWMMode           
0000042d  DL_Timer_initTimerMode               
00001d71  DL_Timer_setCaptCompUpdateMethod     
00001da5  DL_Timer_setCaptureCompareAction     
00001b31  DL_Timer_setCaptureCompareCtl        
00001dd9  DL_Timer_setCaptureCompareInput      
00001ab1  DL_Timer_setCaptureCompareOutCtl     
00001f31  DL_Timer_setCaptureCompareValue      
00001e0d  DL_Timer_setClockConfig              
00001e41  DL_VREF_configReference              
00002c07  DMA_IRQHandler                       
00002c07  Default_Handler                      
00002c07  GROUP0_IRQHandler                    
00002c07  GROUP1_IRQHandler                    
00002c0b  HOSTexit                             
00002c07  HardFault_Handler                    
00002c07  I2C0_IRQHandler                      
00002c07  I2C1_IRQHandler                      
00002c07  NMI_Handler                          
00002c07  PendSV_Handler                       
0000042b  Process_Accelerometer                
00000759  Process_Buttons                      
00000fd1  Process_Joystick                     
00002c07  RTC_IRQHandler                       
00002c0f  Reset_Handler                        
00002c07  SPI0_IRQHandler                      
00002c07  SPI1_IRQHandler                      
00002c07  SVC_Handler                          
0000107d  SYSCFG_DL_ADC_ACCEL_init             
00000e6d  SYSCFG_DL_ADC_MIC_JOY_init           
000000c1  SYSCFG_DL_GPIO_init                  
00001625  SYSCFG_DL_I2C_0_init                 
0000167d  SYSCFG_DL_I2C_1_init                 
00001355  SYSCFG_DL_PWM_AUDIO_init             
00002195  SYSCFG_DL_RTC_init                   
000019e1  SYSCFG_DL_SPI_LCD_init               
000025f9  SYSCFG_DL_SYSCTL_CLK_init            
00000f21  SYSCFG_DL_SYSCTL_SYSPLL_init         
00001125  SYSCFG_DL_SYSCTL_init                
00001729  SYSCFG_DL_TIMER_SAMPLE_init          
00002615  SYSCFG_DL_VREF_init                  
000017cd  SYSCFG_DL_init                       
00000cd5  SYSCFG_DL_initPower                  
00002c07  SysTick_Handler                      
00001be5  System_Init                          
00002c07  TIMA0_IRQHandler                     
00002c07  TIMA1_IRQHandler                     
00002c07  TIMG0_IRQHandler                     
00002c07  TIMG12_IRQHandler                    
00002c07  TIMG6_IRQHandler                     
00000da9  TIMG7_IRQHandler                     
00002c07  TIMG8_IRQHandler                     
00002b43  TI_memcpy_small                      
00002bb9  TI_memset_small                      
00002c07  UART0_IRQHandler                     
00002c07  UART1_IRQHandler                     
00002c07  UART2_IRQHandler                     
00002c07  UART3_IRQHandler                     
00002981  _IQ24div                             
00001ed5  _IQ24toF                             
20208000  __STACK_END                          
00000200  __STACK_SIZE                         
00000000  __TI_ATRegion0_region_sz             
00000000  __TI_ATRegion0_src_addr              
00000000  __TI_ATRegion0_trg_addr              
00000000  __TI_ATRegion1_region_sz             
00000000  __TI_ATRegion1_src_addr              
00000000  __TI_ATRegion1_trg_addr              
00000000  __TI_ATRegion2_region_sz             
00000000  __TI_ATRegion2_src_addr              
00000000  __TI_ATRegion2_trg_addr              
000034f8  __TI_CINIT_Base                      
00003508  __TI_CINIT_Limit                     
00003508  __TI_CINIT_Warm                      
000034e4  __TI_Handler_Table_Base              
000034f0  __TI_Handler_Table_Limit             
00001c21  __TI_auto_init_nobinit_nopinit       
000012d9  __TI_decompress_lzss                 
00002b55  __TI_decompress_none                 
ffffffff  __TI_pprof_out_hndl                  
ffffffff  __TI_prof_data_size                  
ffffffff  __TI_prof_data_start                 
00000000  __TI_static_base__                   
000029f1  __TI_zero_init_nomemset              
000002a3  __adddf3                             
0000194d  __aeabi_d2iz                         
00001a6d  __aeabi_d2uiz                        
000002a3  __aeabi_dadd                         
000014a5  __aeabi_dcmpeq                       
000014e1  __aeabi_dcmpge                       
000014f5  __aeabi_dcmpgt                       
000014cd  __aeabi_dcmple                       
000014b9  __aeabi_dcmplt                       
0000064d  __aeabi_ddiv                         
00000a39  __aeabi_dmul                         
00000299  __aeabi_dsub                         
00001cd1  __aeabi_f2iz                         
00001f89  __aeabi_i2d                          
00001507  __aeabi_idiv0                        
00002bed  __aeabi_memclr                       
00002bed  __aeabi_memclr4                      
00002bed  __aeabi_memclr8                      
00002bf9  __aeabi_memcpy                       
00002bf9  __aeabi_memcpy4                      
00002bf9  __aeabi_memcpy8                      
00002255  __aeabi_ui2d                         
00001af1  __aeabi_uidiv                        
00001af1  __aeabi_uidivmod                     
ffffffff  __binit__                            
0000143d  __cmpdf2                             
0000064d  __divdf3                             
0000143d  __eqdf2                              
0000194d  __fixdfsi                            
00001cd1  __fixsfsi                            
00001a6d  __fixunsdfsi                         
00001f89  __floatsidf                          
00002255  __floatunsidf                        
000013c9  __gedf2                              
000013c9  __gtdf2                              
0000143d  __ledf2                              
0000143d  __ltdf2                              
UNDEFED   __mpu_init                           
00000a39  __muldf3                             
00001c5d  __muldsi3                            
0000143d  __nedf2                              
20207e00  __stack                              
20200000  __start___llvm_prf_bits              
20200000  __start___llvm_prf_cnts              
20200000  __stop___llvm_prf_bits               
20200000  __stop___llvm_prf_cnts               
00000299  __subdf3                             
000021bd  _c_int00_noargs                      
UNDEFED   _system_post_cinit                   
00002c29  _system_pre_init                     
00002c01  abort                                
ffffffff  binit                                
202000d0  gSPI_LCDBackup                       
202000a0  gSynthState                          
20200000  gTIMER_SAMPLEBackup                  
00000000  interruptVectors                     
00000855  main                                 
00002c30  wavetable_sawtooth                   
00002e30  wavetable_sine                       
00003030  wavetable_square                     
00003230  wavetable_triangle                   


GLOBAL SYMBOLS: SORTED BY Symbol Address 

address   name                                 
-------   ----                                 
00000000  __TI_ATRegion0_region_sz             
00000000  __TI_ATRegion0_src_addr              
00000000  __TI_ATRegion0_trg_addr              
00000000  __TI_ATRegion1_region_sz             
00000000  __TI_ATRegion1_src_addr              
00000000  __TI_ATRegion1_trg_addr              
00000000  __TI_ATRegion2_region_sz             
00000000  __TI_ATRegion2_src_addr              
00000000  __TI_ATRegion2_trg_addr              
00000000  __TI_static_base__                   
00000000  interruptVectors                     
000000c1  SYSCFG_DL_GPIO_init                  
00000200  __STACK_SIZE                         
00000299  __aeabi_dsub                         
00000299  __subdf3                             
000002a3  __adddf3                             
000002a3  __aeabi_dadd                         
0000042b  Process_Accelerometer                
0000042d  DL_Timer_initTimerMode               
0000064d  __aeabi_ddiv                         
0000064d  __divdf3                             
00000759  Process_Buttons                      
00000855  main                                 
0000094d  DL_Timer_initFourCCPWMMode           
00000a39  __aeabi_dmul                         
00000a39  __muldf3                             
00000b1d  DL_SYSCTL_configSYSPLL               
00000bfd  DL_RTC_Common_initCalendar           
00000cd5  SYSCFG_DL_initPower                  
00000da9  TIMG7_IRQHandler                     
00000e6d  SYSCFG_DL_ADC_MIC_JOY_init           
00000f21  SYSCFG_DL_SYSCTL_SYSPLL_init         
00000fd1  Process_Joystick                     
0000107d  SYSCFG_DL_ADC_ACCEL_init             
00001125  SYSCFG_DL_SYSCTL_init                
000011c9  Audio_Set_Waveform                   
000012d9  __TI_decompress_lzss                 
00001355  SYSCFG_DL_PWM_AUDIO_init             
000013c9  __gedf2                              
000013c9  __gtdf2                              
0000143d  __cmpdf2                             
0000143d  __eqdf2                              
0000143d  __ledf2                              
0000143d  __ltdf2                              
0000143d  __nedf2                              
000014a5  __aeabi_dcmpeq                       
000014b9  __aeabi_dcmplt                       
000014cd  __aeabi_dcmple                       
000014e1  __aeabi_dcmpge                       
000014f5  __aeabi_dcmpgt                       
00001507  __aeabi_idiv0                        
00001509  ADC0_IRQHandler                      
000015c9  ADC1_IRQHandler                      
00001625  SYSCFG_DL_I2C_0_init                 
0000167d  SYSCFG_DL_I2C_1_init                 
000016d5  Audio_Update_Frequency               
00001729  SYSCFG_DL_TIMER_SAMPLE_init          
000017cd  SYSCFG_DL_init                       
0000181d  DL_ADC12_setClockConfig              
000018b5  DL_SYSCTL_switchMCLKfromSYSOSCtoHSCLK
0000194d  __aeabi_d2iz                         
0000194d  __fixdfsi                            
00001999  DL_SPI_init                          
000019e1  SYSCFG_DL_SPI_LCD_init               
00001a6d  __aeabi_d2uiz                        
00001a6d  __fixunsdfsi                         
00001ab1  DL_Timer_setCaptureCompareOutCtl     
00001af1  __aeabi_uidiv                        
00001af1  __aeabi_uidivmod                     
00001b31  DL_Timer_setCaptureCompareCtl        
00001be5  System_Init                          
00001c21  __TI_auto_init_nobinit_nopinit       
00001c5d  __muldsi3                            
00001cd1  __aeabi_f2iz                         
00001cd1  __fixsfsi                            
00001d09  Audio_Stop                           
00001d3d  DL_I2C_setClockConfig                
00001d71  DL_Timer_setCaptCompUpdateMethod     
00001da5  DL_Timer_setCaptureCompareAction     
00001dd9  DL_Timer_setCaptureCompareInput      
00001e0d  DL_Timer_setClockConfig              
00001e41  DL_VREF_configReference              
00001ed5  _IQ24toF                             
00001f05  Audio_Update_Volume                  
00001f31  DL_Timer_setCaptureCompareValue      
00001f89  __aeabi_i2d                          
00001f89  __floatsidf                          
0000211d  DL_SYSCTL_configFCC                  
00002195  SYSCFG_DL_RTC_init                   
000021bd  _c_int00_noargs                      
00002231  DL_SPI_setClockConfig                
00002255  __aeabi_ui2d                         
00002255  __floatunsidf                        
00002299  Audio_Init                           
00002359  Audio_Start                          
000025f9  SYSCFG_DL_SYSCTL_CLK_init            
00002615  SYSCFG_DL_VREF_init                  
00002981  _IQ24div                             
000029f1  __TI_zero_init_nomemset              
00002a1b  DL_Common_delayCycles                
00002b43  TI_memcpy_small                      
00002b55  __TI_decompress_none                 
00002bb9  TI_memset_small                      
00002bed  __aeabi_memclr                       
00002bed  __aeabi_memclr4                      
00002bed  __aeabi_memclr8                      
00002bf9  __aeabi_memcpy                       
00002bf9  __aeabi_memcpy4                      
00002bf9  __aeabi_memcpy8                      
00002c01  abort                                
00002c07  AES_IRQHandler                       
00002c07  CANFD0_IRQHandler                    
00002c07  DAC0_IRQHandler                      
00002c07  DMA_IRQHandler                       
00002c07  Default_Handler                      
00002c07  GROUP0_IRQHandler                    
00002c07  GROUP1_IRQHandler                    
00002c07  HardFault_Handler                    
00002c07  I2C0_IRQHandler                      
00002c07  I2C1_IRQHandler                      
00002c07  NMI_Handler                          
00002c07  PendSV_Handler                       
00002c07  RTC_IRQHandler                       
00002c07  SPI0_IRQHandler                      
00002c07  SPI1_IRQHandler                      
00002c07  SVC_Handler                          
00002c07  SysTick_Handler                      
00002c07  TIMA0_IRQHandler                     
00002c07  TIMA1_IRQHandler                     
00002c07  TIMG0_IRQHandler                     
00002c07  TIMG12_IRQHandler                    
00002c07  TIMG6_IRQHandler                     
00002c07  TIMG8_IRQHandler                     
00002c07  UART0_IRQHandler                     
00002c07  UART1_IRQHandler                     
00002c07  UART2_IRQHandler                     
00002c07  UART3_IRQHandler                     
00002c0a  C$$EXIT                              
00002c0b  HOSTexit                             
00002c0f  Reset_Handler                        
00002c29  _system_pre_init                     
00002c30  wavetable_sawtooth                   
00002e30  wavetable_sine                       
00003030  wavetable_square                     
00003230  wavetable_triangle                   
000034e4  __TI_Handler_Table_Base              
000034f0  __TI_Handler_Table_Limit             
000034f8  __TI_CINIT_Base                      
00003508  __TI_CINIT_Limit                     
00003508  __TI_CINIT_Warm                      
20200000  __start___llvm_prf_bits              
20200000  __start___llvm_prf_cnts              
20200000  __stop___llvm_prf_bits               
20200000  __stop___llvm_prf_cnts               
20200000  gTIMER_SAMPLEBackup                  
202000a0  gSynthState                          
202000d0  gSPI_LCDBackup                       
20207e00  __stack                              
20208000  __STACK_END                          
ffffffff  __TI_pprof_out_hndl                  
ffffffff  __TI_prof_data_size                  
ffffffff  __TI_prof_data_start                 
ffffffff  __binit__                            
ffffffff  binit                                
UNDEFED   __mpu_init                           
UNDEFED   _system_post_cinit                   

[166 symbols]
