******************************************************************************
            TI ARM Clang Linker PC v4.0.4                      
******************************************************************************
>> Linked Sat Dec 27 22:22:59 2025

OUTPUT FILE NAME:   <Motion_Music_studio.out>
ENTRY POINT SYMBOL: "_c_int00_noargs"  address: 000042bd


MEMORY CONFIGURATION

         name            origin    length      used     unused   attr    fill
----------------------  --------  ---------  --------  --------  ----  --------
  FLASH                 00000000   00020000  00005660  0001a9a0  R  X
  SRAM                  20200000   00008000  000014d0  00006b30  RW X
  BCR_CONFIG            41c00000   000000ff  00000000  000000ff  R   
  BSL_CONFIG            41c00100   00000080  00000000  00000080  R   


SEGMENT ALLOCATION MAP

run origin  load origin   length   init length attrs members
----------  ----------- ---------- ----------- ----- -------
00000000    00000000    00004e48   00004e48    r-x
  00000000    00000000    000000c0   000000c0    r-- .intvecs
  000000c0    000000c0    00004d88   00004d88    r-x .text
00004e50    00004e50    00000818   00000818    r--
  00004e50    00004e50    000007d0   000007d0    r-- .rodata
  00005620    00005620    00000048   00000048    r-- .cinit
20200000    20200000    000012d0   00000000    rw-
  20200000    20200000    00001000   00000000    rw- .sysmem
  20201000    20201000    000001c4   00000000    rw- .bss
  202011c4    202011c4    0000010c   00000000    rw- .data
20207e00    20207e00    00000200   00000000    rw-
  20207e00    20207e00    00000200   00000000    rw- .stack


SECTION ALLOCATION MAP

 output                                  attributes/
section   page    origin      length       input sections
--------  ----  ----------  ----------   ----------------
.intvecs   0    00000000    000000c0     
                  00000000    000000c0     startup_mspm0g350x_ticlang.o (.intvecs)

.text      0    000000c0    00004d88     
                  000000c0    00000868     libc.a : _printfi.c.obj (.text:__TI_printfi_nofloat)
                  00000928    00000348     main.o (.text.Display_Update)
                  00000c70    00000328     main.o (.text.Generate_Audio_Sample)
                  00000f98    00000308     main.o (.text.main)
                  000012a0    00000290     main.o (.text.Update_Phase_Increment)
                  00001530    00000260     lcd_driver.o (.text.LCD_Init)
                  00001790    000001e4     ti_msp_dl_config.o (.text.SYSCFG_DL_GPIO_init)
                  00001974    000001a8     main.o (.text.Process_Envelope)
                  00001b1c    00000180     lcd_driver.o (.text.LCD_PrintString)
                  00001c9c    00000138     main.o (.text.Display_Waveform)
                  00001dd4    00000118     lcd_driver.o (.text.LCD_DrawRect)
                  00001eec    00000112     lcd_driver.o (.text.LCD_DrawLine)
                  00001ffe    00000002     libclang_rt.builtins.a : aeabi_div0.c.obj (.text.__aeabi_idiv0)
                  00002000    00000110     dl_timer.o (.text.DL_Timer_initTimerMode)
                  00002110    00000110     dl_timer.o (.text.DL_Timer_initTwoCCPWMMode)
                  00002220    00000104     main.o (.text.Process_Joystick)
                  00002324    00000100     main.o (.text.Generate_Waveform)
                  00002424    000000f0     main.o (.text.Generate_Chord_Sample)
                  00002514    000000ec     dl_timer.o (.text.DL_Timer_initFourCCPWMMode)
                  00002600    000000e0     dl_sysctl_mspm0g1x0x_g3x0x.o (.text.DL_SYSCTL_configSYSPLL)
                  000026e0    000000d8     dl_rtc_common.o (.text.DL_RTC_Common_initCalendar)
                  000027b8    000000d4     ti_msp_dl_config.o (.text.SYSCFG_DL_ADC_ACCEL_init)
                  0000288c    000000c0     ti_msp_dl_config.o (.text.SYSCFG_DL_initPower)
                  0000294c    000000b0     ti_msp_dl_config.o (.text.SYSCFG_DL_SYSCTL_SYSPLL_init)
                  000029fc    000000a4     ti_msp_dl_config.o (.text.SYSCFG_DL_SYSCTL_init)
                  00002aa0    000000a2     libclang_rt.builtins.a : udivmoddi4.S.obj (.text)
                  00002b42    00000002                            : aeabi_div0.c.obj (.text.__aeabi_ldiv0)
                  00002b44    000000a0     lcd_driver.o (.text.LCD_FillScreen)
                  00002be4    0000009c     main.o (.text.TIMG7_IRQHandler)
                  00002c80    00000094     main.o (.text.Process_Accelerometer)
                  00002d14    00000090     ti_msp_dl_config.o (.text.SYSCFG_DL_ADC_JOY_init)
                  00002da4    0000008c     main.o (.text.Button_Update)
                  00002e30    0000008c     main.o (.text.Process_Portamento)
                  00002ebc    00000084     main.o (.text.__NVIC_SetPriority)
                  00002f40    00000084     ti_msp_dl_config.o (.text.__NVIC_SetPriority)
                  00002fc4    0000007c     main.o (.text.Change_Preset)
                  00003040    0000007c     libc.a : copy_decompress_lzss.c.obj (.text:decompress:lzss)
                  000030bc    00000074     ti_msp_dl_config.o (.text.SYSCFG_DL_PWM_AUDIO_init)
                  00003130    00000074     libclang_rt.builtins.a : comparedf2.c.obj (.text.__gedf2)
                  000031a4    0000006c     main.o (.text.Debug_LED_Update)
                  00003210    0000006c     lcd_driver.o (.text.LCD_SetWindow)
                  0000327c    00000068     libclang_rt.builtins.a : comparedf2.c.obj (.text.__ledf2)
                  000032e4    00000062                            : aeabi_dcmp.S.obj (.text.__aeabi_dcmp)
                  00003346    00000002     --HOLE-- [fill = 0]
                  00003348    00000060     main.o (.text.ADC1_IRQHandler)
                  000033a8    00000060     ti_msp_dl_config.o (.text.DL_ADC12_initSeqSample)
                  00003408    0000005c     ti_msp_dl_config.o (.text.SYSCFG_DL_init)
                  00003464    00000058     lcd_driver.o (.text.LCD_PrintNumber)
                  000034bc    00000058     ti_msp_dl_config.o (.text.SYSCFG_DL_I2C_0_init)
                  00003514    00000058     ti_msp_dl_config.o (.text.SYSCFG_DL_I2C_1_init)
                  0000356c    00000056     libclang_rt.builtins.a : aeabi_idivmod.S.obj (.text.__aeabi_idivmod)
                  000035c2    00000054     dl_dma.o (.text.DL_DMA_configTransfer)
                  00003616    00000002     --HOLE-- [fill = 0]
                  00003618    00000050     ti_msp_dl_config.o (.text.DL_GPIO_initPeripheralInputFunctionFeatures)
                  00003668    00000050     lcd_driver.o (.text.LCD_WriteCommand)
                  000036b8    00000050     lcd_driver.o (.text.LCD_WriteData)
                  00003708    00000050     ti_msp_dl_config.o (.text.SysTick_Config)
                  00003758    0000004e     lcd_driver.o (.text.LCD_DrawPixel)
                  000037a6    00000002     --HOLE-- [fill = 0]
                  000037a8    0000004c     main.o (.text.ADC0_IRQHandler)
                  000037f4    0000004c     dl_adc12.o (.text.DL_ADC12_setClockConfig)
                  00003840    0000004c     ti_msp_dl_config.o (.text.DL_GPIO_initDigitalInputFeatures)
                  0000388c    0000004c     dl_sysctl_mspm0g1x0x_g3x0x.o (.text.DL_SYSCTL_switchMCLKfromSYSOSCtoHSCLK)
                  000038d8    0000004c     libc.a : snprintf.c.obj (.text.snprintf)
                  00003924    0000004a     ti_msp_dl_config.o (.text.DL_ADC12_configConversionMem)
                  0000396e    00000002     --HOLE-- [fill = 0]
                  00003970    00000048     dl_spi.o (.text.DL_SPI_init)
                  000039b8    00000046     dl_dma.o (.text.DL_DMA_initChannel)
                  000039fe    00000002     --HOLE-- [fill = 0]
                  00003a00    00000044     main.o (.text.Process_Arpeggiator)
                  00003a44    00000040     dl_timer.o (.text.DL_Timer_setCaptureCompareOutCtl)
                  00003a84    00000040     ti_msp_dl_config.o (.text.SYSCFG_DL_SPI_LCD_init)
                  00003ac4    00000040     main.o (.text.SysTick_Handler)
                  00003b04    00000040     libclang_rt.builtins.a : aeabi_uidivmod.S.obj (.text.__aeabi_uidivmod)
                  00003b44    00000040     libc.a : atoi.c.obj (.text.atoi)
                  00003b84    0000003c     main.o (.text.Change_Instrument)
                  00003bc0    0000003c     dl_timer.o (.text.DL_Timer_setCaptureCompareCtl)
                  00003bfc    0000003c     dl_timer.o (.text.DL_Timer_setCounterControl)
                  00003c38    0000003c     ti_msp_dl_config.o (.text.DL_Timer_setCounterControl)
                  00003c74    0000003c     ti_msp_dl_config.o (.text.SYSCFG_DL_DMA_CH1_init)
                  00003cb0    0000003c     ti_msp_dl_config.o (.text.SYSCFG_DL_TIMER_SAMPLE_init)
                  00003cec    0000003c     libc.a : autoinit.c.obj (.text:__TI_auto_init_nobinit_nopinit)
                  00003d28    0000003a     libclang_rt.builtins.a : muldsi3.S.obj (.text.__muldsi3)
                  00003d62    00000002     --HOLE-- [fill = 0]
                  00003d64    00000038     dl_dma.o (.text.DL_DMA_setTrigger)
                  00003d9c    00000036     libclang_rt.builtins.a : floatundisf.S.obj (.text.__floatundisf)
                  00003dd2    00000002     --HOLE-- [fill = 0]
                  00003dd4    00000034     ti_msp_dl_config.o (.text.DL_DMA_setPublisherChanID)
                  00003e08    00000034     dl_i2c.o (.text.DL_I2C_setClockConfig)
                  00003e3c    00000034     dl_timer.o (.text.DL_Timer_setCaptCompUpdateMethod)
                  00003e70    00000034     dl_timer.o (.text.DL_Timer_setCaptureCompareAction)
                  00003ea4    00000034     dl_timer.o (.text.DL_Timer_setCaptureCompareInput)
                  00003ed8    00000034     dl_timer.o (.text.DL_Timer_setClockConfig)
                  00003f0c    00000034     main.o (.text.HardFault_Handler)
                  00003f40    00000030     main.o (.text.DL_ADC12_getMemResult)
                  00003f70    00000030     ti_msp_dl_config.o (.text.DL_DMA_setTransferSize)
                  00003fa0    00000030     ti_msp_dl_config.o (.text.DL_SPI_setFIFOThreshold)
                  00003fd0    00000030     main.o (.text.Low_Pass_Filter)
                  00004000    00000030     libc.a : snprintf.c.obj (.text._outs)
                  00004030    0000002c     dl_timer.o (.text.DL_Timer_setCaptureCompareValue)
                  0000405c    0000002c     main.o (.text.__NVIC_ClearPendingIRQ)
                  00004088    0000002c     main.o (.text.__NVIC_EnableIRQ)
                  000040b4    00000028     dl_adc12.o (.text.DL_Common_updateReg)
                  000040dc    00000028     dl_dma.o (.text.DL_Common_updateReg)
                  00004104    00000028     dl_i2c.o (.text.DL_Common_updateReg)
                  0000412c    00000028     dl_rtc_common.o (.text.DL_Common_updateReg)
                  00004154    00000028     dl_spi.o (.text.DL_Common_updateReg)
                  0000417c    00000028     dl_sysctl_mspm0g1x0x_g3x0x.o (.text.DL_Common_updateReg)
                  000041a4    00000028     dl_timer.o (.text.DL_Common_updateReg)
                  000041cc    00000028     ti_msp_dl_config.o (.text.DL_Common_updateReg)
                  000041f4    00000028     ti_msp_dl_config.o (.text.DL_I2C_setControllerRXFIFOThreshold)
                  0000421c    00000028     ti_msp_dl_config.o (.text.DL_I2C_setControllerTXFIFOThreshold)
                  00004244    00000028     dl_sysctl_mspm0g1x0x_g3x0x.o (.text.DL_SYSCTL_configFCC)
                  0000426c    00000028     ti_msp_dl_config.o (.text.DL_SYSCTL_setPowerPolicySTANDBY0)
                  00004294    00000028     ti_msp_dl_config.o (.text.SYSCFG_DL_RTC_init)
                  000042bc    00000028     libc.a : boot_cortex_m.c.obj (.text:_c_int00_noargs)
                  000042e4    00000026     main.o (.text.DL_DMA_enableChannel)
                  0000430a    00000026     ti_msp_dl_config.o (.text.DL_I2C_setAnalogGlitchFilterPulseWidth)
                  00004330    00000024     ti_msp_dl_config.o (.text.DL_SPI_setBitRateSerialClockDivider)
                  00004354    00000024     dl_spi.o (.text.DL_SPI_setClockConfig)
                  00004378    00000024     main.o (.text.SysTick_Init)
                  0000439c    00000024     libclang_rt.builtins.a : floatunsidf.S.obj (.text.__floatunsidf)
                  000043c0    00000024                            : muldi3.S.obj (.text.__muldi3)
                  000043e4    00000022     libc.a : memccpy.c.obj (.text.memccpy)
                  00004406    00000002     --HOLE-- [fill = 0]
                  00004408    00000020     dl_sysctl_mspm0g1x0x_g3x0x.o (.text.DL_CORE_configInstruction)
                  00004428    00000020     dl_rtc_common.o (.text.DL_RTC_Common_setCalendarYearBinary)
                  00004448    00000020     ti_msp_dl_config.o (.text.DL_SYSCTL_setFlashWaitState)
                  00004468    00000020     ti_msp_dl_config.o (.text.DL_SYSCTL_setMFPCLKSource)
                  00004488    00000020     dl_timer.o (.text.DL_Timer_setCounterValueAfterEnable)
                  000044a8    00000020     main.o (.text.DMA_IRQHandler)
                  000044c8    0000001e     libclang_rt.builtins.a : ashldi3.S.obj (.text.__ashldi3)
                  000044e6    00000002     --HOLE-- [fill = 0]
                  000044e8    0000001c     ti_msp_dl_config.o (.text.DL_ADC12_clearInterruptStatus)
                  00004504    0000001c     ti_msp_dl_config.o (.text.DL_ADC12_enableEvent)
                  00004520    0000001c     ti_msp_dl_config.o (.text.DL_ADC12_enableInterrupt)
                  0000453c    0000001c     main.o (.text.DL_ADC12_startConversion)
                  00004558    0000001c     ti_msp_dl_config.o (.text.DL_DMA_enableInterrupt)
                  00004574    0000001c     ti_msp_dl_config.o (.text.DL_GPIO_enableHiZ)
                  00004590    0000001c     ti_msp_dl_config.o (.text.DL_GPIO_initPeripheralOutputFunction)
                  000045ac    0000001c     ti_msp_dl_config.o (.text.DL_GPIO_setLowerPinsInputFilter)
                  000045c8    0000001c     ti_msp_dl_config.o (.text.DL_GPIO_setLowerPinsPolarity)
                  000045e4    0000001c     dl_rtc_common.o (.text.DL_RTC_Common_setCalendarMinutesBCD)
                  00004600    0000001c     dl_rtc_common.o (.text.DL_RTC_Common_setCalendarMinutesBinary)
                  0000461c    0000001c     dl_rtc_common.o (.text.DL_RTC_Common_setCalendarMonthBCD)
                  00004638    0000001c     dl_rtc_common.o (.text.DL_RTC_Common_setCalendarMonthBinary)
                  00004654    0000001c     dl_rtc_common.o (.text.DL_RTC_Common_setCalendarSecondsBCD)
                  00004670    0000001c     dl_rtc_common.o (.text.DL_RTC_Common_setCalendarSecondsBinary)
                  0000468c    0000001c     dl_rtc_common.o (.text.DL_RTC_Common_setCalendarYearBCD)
                  000046a8    0000001c     dl_rtc_common.o (.text.DL_RTC_Common_setClockFormat)
                  000046c4    0000001c     ti_msp_dl_config.o (.text.DL_SYSCTL_setFCCPeriods)
                  000046e0    0000001c     ti_msp_dl_config.o (.text.DL_SYSCTL_setMCLKDivider)
                  000046fc    0000001c     ti_msp_dl_config.o (.text.DL_SYSCTL_setSYSOSCFreq)
                  00004718    0000001c     ti_msp_dl_config.o (.text.DL_SYSCTL_setULPCLKDivider)
                  00004734    0000001c     ti_msp_dl_config.o (.text.DL_SYSCTL_setVBOOSTConfig)
                  00004750    0000001c     ti_msp_dl_config.o (.text.DL_Timer_enableInterrupt)
                  0000476c    0000001c     ti_msp_dl_config.o (.text.SYSCFG_DL_SYSCTL_CLK_init)
                  00004788    0000001a     ti_msp_dl_config.o (.text.DL_ADC12_setSubscriberChanID)
                  000047a2    0000001a     dl_rtc_common.o (.text.DL_RTC_Common_setCalendarHoursBCD)
                  000047bc    0000001a     dl_rtc_common.o (.text.DL_RTC_Common_setCalendarHoursBinary)
                  000047d6    00000002     --HOLE-- [fill = 0]
                  000047d8    00000018     ti_msp_dl_config.o (.text.DL_ADC12_enablePower)
                  000047f0    00000018     ti_msp_dl_config.o (.text.DL_ADC12_reset)
                  00004808    00000018     ti_msp_dl_config.o (.text.DL_ADC12_setSampleTime0)
                  00004820    00000018     ti_msp_dl_config.o (.text.DL_DMA_clearInterruptStatus)
                  00004838    00000018     ti_msp_dl_config.o (.text.DL_GPIO_enableOutput)
                  00004850    00000018     ti_msp_dl_config.o (.text.DL_GPIO_enablePower)
                  00004868    00000018     ti_msp_dl_config.o (.text.DL_GPIO_initDigitalOutput)
                  00004880    00000018     ti_msp_dl_config.o (.text.DL_GPIO_reset)
                  00004898    00000018     ti_msp_dl_config.o (.text.DL_GPIO_setAnalogInternalResistor)
                  000048b0    00000018     lcd_driver.o (.text.DL_GPIO_setPins)
                  000048c8    00000018     main.o (.text.DL_GPIO_setPins)
                  000048e0    00000018     ti_msp_dl_config.o (.text.DL_GPIO_setPins)
                  000048f8    00000018     ti_msp_dl_config.o (.text.DL_GPIO_setUpperPinsPolarity)
                  00004910    00000018     main.o (.text.DL_GPIO_togglePins)
                  00004928    00000018     ti_msp_dl_config.o (.text.DL_I2C_enableAnalogGlitchFilter)
                  00004940    00000018     ti_msp_dl_config.o (.text.DL_I2C_enableController)
                  00004958    00000018     ti_msp_dl_config.o (.text.DL_I2C_enableControllerClockStretching)
                  00004970    00000018     ti_msp_dl_config.o (.text.DL_I2C_enablePower)
                  00004988    00000018     ti_msp_dl_config.o (.text.DL_I2C_reset)
                  000049a0    00000018     ti_msp_dl_config.o (.text.DL_I2C_setTimerPeriod)
                  000049b8    00000018     ti_msp_dl_config.o (.text.DL_RTC_Common_enablePower)
                  000049d0    00000018     ti_msp_dl_config.o (.text.DL_RTC_Common_reset)
                  000049e8    00000018     ti_msp_dl_config.o (.text.DL_SPI_enable)
                  00004a00    00000018     ti_msp_dl_config.o (.text.DL_SPI_enablePower)
                  00004a18    00000018     lcd_driver.o (.text.DL_SPI_isBusy)
                  00004a30    00000018     ti_msp_dl_config.o (.text.DL_SPI_reset)
                  00004a48    00000018     ti_msp_dl_config.o (.text.DL_SYSCTL_enableInterrupt)
                  00004a60    00000018     ti_msp_dl_config.o (.text.DL_SYSCTL_setBORThreshold)
                  00004a78    00000018     dl_sysctl_mspm0g1x0x_g3x0x.o (.text.DL_SYSCTL_setHSCLKSource)
                  00004a90    00000018     ti_msp_dl_config.o (.text.DL_Timer_enablePower)
                  00004aa8    00000018     ti_msp_dl_config.o (.text.DL_Timer_reset)
                  00004ac0    00000018     dl_timer.o (.text.DL_Timer_setLoadValue)
                  00004ad8    00000018     main.o (.text.DL_Timer_startCounter)
                  00004af0    00000018     ti_msp_dl_config.o (.text.SYSCFG_DL_DMA_init)
                  00004b08    00000018     libc.a : snprintf.c.obj (.text._outc)
                  00004b20    00000016     main.o (.text.DL_ADC12_enableConversions)
                  00004b36    00000016     ti_msp_dl_config.o (.text.DL_ADC12_enableConversions)
                  00004b4c    00000016     ti_msp_dl_config.o (.text.DL_GPIO_enableGlobalFastWake)
                  00004b62    00000016     main.o (.text.DL_GPIO_readPins)
                  00004b78    00000016     lcd_driver.o (.text.DL_SPI_transmitData8)
                  00004b8e    00000016     libc.a : copy_zero_init.c.obj (.text:decompress:ZI:__TI_zero_init_nomemset)
                  00004ba4    00000014     dl_common.o (.text.DL_Common_delayCycles)
                  00004bb8    00000014     ti_msp_dl_config.o (.text.DL_FlashCTL_enableInterrupt)
                  00004bcc    00000014     lcd_driver.o (.text.DL_GPIO_clearPins)
                  00004be0    00000014     main.o (.text.DL_GPIO_clearPins)
                  00004bf4    00000014     ti_msp_dl_config.o (.text.DL_GPIO_clearPins)
                  00004c08    00000014     ti_msp_dl_config.o (.text.DL_I2C_resetControllerTransfer)
                  00004c1c    00000014     dl_sysctl_mspm0g1x0x_g3x0x.o (.text.DL_SYSCTL_disableSYSPLL)
                  00004c30    00000014     ti_msp_dl_config.o (.text.DL_SYSCTL_disableSYSPLL)
                  00004c44    00000014     ti_msp_dl_config.o (.text.DL_SYSCTL_enableMFCLK)
                  00004c58    00000014     dl_sysctl_mspm0g1x0x_g3x0x.o (.text.DL_SYSCTL_enableSYSPLL)
                  00004c6c    00000014     ti_msp_dl_config.o (.text.DL_SYSCTL_enableSYSPLL)
                  00004c80    00000014     ti_msp_dl_config.o (.text.DL_Timer_enableClock)
                  00004c94    00000014     ti_msp_dl_config.o (.text.DL_Timer_setCCPDirection)
                  00004ca8    00000014     main.o (.text.Trigger_Note_Off)
                  00004cbc    00000014     main.o (.text.Trigger_Note_On)
                  00004cd0    00000014     libclang_rt.builtins.a : aeabi_uldivmod.S.obj (.text.__aeabi_uldivmod)
                  00004ce4    00000012     main.o (.text.DL_ADC12_getPendingInterrupt)
                  00004cf6    00000012     main.o (.text.DL_DMA_getPendingInterrupt)
                  00004d08    00000012     main.o (.text.DL_Timer_getPendingInterrupt)
                  00004d1a    00000012     libc.a : memcpy16.S.obj (.text:TI_memcpy_small)
                  00004d2c    00000012            : copy_decompress_none.c.obj (.text:decompress:none)
                  00004d3e    00000002     --HOLE-- [fill = 0]
                  00004d40    00000010     dl_sysctl_mspm0g1x0x_g3x0x.o (.text.DL_CORE_getInstructionConfig)
                  00004d50    00000010     ti_msp_dl_config.o (.text.DL_SYSCTL_disableHFXT)
                  00004d60    00000010     ti_msp_dl_config.o (.text.DL_SYSCTL_enableMFPCLK)
                  00004d70    00000010     ti_msp_dl_config.o (.text.DL_SYSCTL_isFCCDone)
                  00004d80    00000010     ti_msp_dl_config.o (.text.DL_SYSCTL_startFCC)
                  00004d90    00000010     ti_msp_dl_config.o (.text.SYSCFG_DL_SYSTICK_init)
                  00004da0    00000010     libc.a : wcslen.c.obj (.text.wcslen)
                  00004db0    0000000e     libclang_rt.builtins.a : aeabi_memset.S.obj (.text.__aeabi_memset)
                  00004dbe    0000000e     libc.a : _printfi.c.obj (.text.strlen)
                  00004dcc    0000000e            : memset16.S.obj (.text:TI_memset_small)
                  00004dda    00000002     --HOLE-- [fill = 0]
                  00004ddc    0000000c     dl_sysctl_mspm0g1x0x_g3x0x.o (.text.DL_SYSCTL_getClockStatus)
                  00004de8    0000000c     ti_msp_dl_config.o (.text.DL_SYSCTL_getClockStatus)
                  00004df4    0000000c     ti_msp_dl_config.o (.text.DL_SYSCTL_readFCC)
                  00004e00    0000000c     libclang_rt.builtins.a : aeabi_memset.S.obj (.text.__aeabi_memclr)
                  00004e0c    00000008     libc.a : aeabi_portable.c.obj (.text.__aeabi_errno_addr)
                  00004e14    00000008     libclang_rt.builtins.a : aeabi_memcpy.S.obj (.text.__aeabi_memcpy)
                  00004e1c    00000006     libc.a : exit.c.obj (.text:abort)
                  00004e22    00000004     startup_mspm0g350x_ticlang.o (.text.Default_Handler)
                  00004e26    00000004     libsysbm.a : hostexit.c.obj (.text.HOSTexit)
                  00004e2a    00000004     startup_mspm0g350x_ticlang.o (.text.Reset_Handler)
                  00004e2e    00000002     --HOLE-- [fill = 0]
                  00004e30    00000010     libc.a : boot_cortex_m.c.obj (.tramp._c_int00_noargs.1)
                  00004e40    00000004            : pre_init.c.obj (.text._system_pre_init)
                  00004e44    00000004     --HOLE-- [fill = 0]

.cinit     0    00005620    00000048     
                  00005620    0000001f     (.cinit..data.load) [load image, compression = lzss]
                  0000563f    00000001     --HOLE-- [fill = 0]
                  00005640    0000000c     (__TI_handler_table)
                  0000564c    00000008     (.cinit..bss.load) [load image, compression = zero_init]
                  00005654    00000010     (__TI_cinit_table)
                  00005664    00000004     --HOLE-- [fill = 0]

.rodata    0    00004e50    000007d0     
                  00004e50    00000222     lcd_driver.o (.rodata.font_6x8)
                  00005072    00000200     main.o (.rodata.sine_table)
                  00005272    00000002     ti_msp_dl_config.o (.rodata.gI2C_0ClockConfig)
                  00005274    0000000c     main.o (.rodata..L__const.Display_Update.chord_names)
                  00005280    00000101     libc.a : aeabi_ctype.S.obj (.rodata:__aeabi_ctype_table_)
                  00005381    00000003     ti_msp_dl_config.o (.rodata.gPWM_AUDIOClockConfig)
                  00005384    00000064     main.o (.rodata.INSTRUMENTS)
                  000053e8    00000064     main.o (.rodata.PITCH_BEND_TABLE)
                  0000544c    00000028     ti_msp_dl_config.o (.rodata.gSYSPLLConfig)
                  00005474    00000022     ti_msp_dl_config.o (.rodata..L__const.SYSCFG_DL_GPIO_init.unusedPinIndexes)
                  00005496    0000001e     main.o (.rodata.HARMONIC_FREQUENCIES)
                  000054b4    00000018     main.o (.rodata.PRESETS)
                  000054cc    00000018     ti_msp_dl_config.o (.rodata.gDMA_CH1Config)
                  000054e4    00000014     main.o (.rodata..L__const.Display_Update.env_names)
                  000054f8    00000014     ti_msp_dl_config.o (.rodata.gTIMER_SAMPLETimerConfig)
                  0000550c    00000011     libc.a : _printfi.c.obj (.rodata.str1.10348868589481759720.1)
                  0000551d    00000011            : _printfi.c.obj (.rodata.str1.15363888844622738466.1)
                  0000552e    0000000c     main.o (.rodata.str1.17100691992556644108.1)
                  0000553a    0000000a     ti_msp_dl_config.o (.rodata.gSPI_LCD_config)
                  00005544    0000000a     main.o (.rodata.str1.18227636981041470289.1)
                  0000554e    00000009     main.o (.rodata.CHORD_INTERVALS)
                  00005557    00000009     main.o (.rodata.str1.14402440632258215044.1)
                  00005560    00000008     ti_msp_dl_config.o (.rodata.gADC_ACCELClockConfig)
                  00005568    00000008     ti_msp_dl_config.o (.rodata.gADC_JOYClockConfig)
                  00005570    00000008     ti_msp_dl_config.o (.rodata.gPWM_AUDIOConfig)
                  00005578    00000008     ti_msp_dl_config.o (.rodata.gRTCCalendarConfig)
                  00005580    00000008     main.o (.rodata.str1.1311392489248731986.1)
                  00005588    00000008     main.o (.rodata.str1.15996357275703397564.1)
                  00005590    00000008     main.o (.rodata.str1.16265332423659789559.1)
                  00005598    00000008     main.o (.rodata.str1.288608917962107522.1)
                  000055a0    00000008     main.o (.rodata.str1.7784929982665794503.1)
                  000055a8    00000006     main.o (.rodata.str1.12180500075719773345.1)
                  000055ae    00000006     main.o (.rodata.str1.15159059442110792349.1)
                  000055b4    00000006     main.o (.rodata.str1.16302215771116645891.1)
                  000055ba    00000006     main.o (.rodata.str1.2846389346932560359.1)
                  000055c0    00000006     main.o (.rodata.str1.8154729771448623357.1)
                  000055c6    00000005     main.o (.rodata.str1.14112174005742061988.1)
                  000055cb    00000005     main.o (.rodata.str1.16631870348416990953.1)
                  000055d0    00000005     main.o (.rodata.str1.7702501944640899365.1)
                  000055d5    00000004     main.o (.rodata.str1.10635229749459437609.1)
                  000055d9    00000004     main.o (.rodata.str1.11702106008850790973.1)
                  000055dd    00000004     main.o (.rodata.str1.11870794119293528247.1)
                  000055e1    00000004     main.o (.rodata.str1.13288086030101331538.1)
                  000055e5    00000004     main.o (.rodata.str1.13782249893155712474.1)
                  000055e9    00000004     main.o (.rodata.str1.17376258722486336754.1)
                  000055ed    00000004     main.o (.rodata.str1.2763581881760962609.1)
                  000055f1    00000004     main.o (.rodata.str1.3530083166107438000.1)
                  000055f5    00000004     lcd_driver.o (.rodata.str1.4301156551425074819.1)
                  000055f9    00000004     main.o (.rodata.str1.6891813955777630061.1)
                  000055fd    00000004     main.o (.rodata.str1.8076846746581808073.1)
                  00005601    00000004     main.o (.rodata.str1.9059077390166914652.1)
                  00005605    00000003     ti_msp_dl_config.o (.rodata.gTIMER_SAMPLEClockConfig)
                  00005608    00000003     main.o (.rodata.str1.14079361385603432444.1)
                  0000560b    00000003     main.o (.rodata.str1.2123964117280943167.1)
                  0000560e    00000003     main.o (.rodata.str1.8108965883388295311.1)
                  00005611    00000002     ti_msp_dl_config.o (.rodata.gI2C_1ClockConfig)
                  00005613    00000002     ti_msp_dl_config.o (.rodata.gSPI_LCD_clockConfig)
                  00005615    00000001     main.o (.rodata.str1.10313062130652730376.1)
                  00005616    0000000a     --HOLE-- [fill = 0]

.init_array 
*          0    00000000    00000000     UNINITIALIZED

.binit     0    00000000    00000000     

.sysmem    0    20200000    00001000     UNINITIALIZED
                  20200000    00000010     libc.a : memory.c.obj (.sysmem)
                  20200010    00000ff0     --HOLE--

.bss       0    20201000    000001c4     UNINITIALIZED
                  20201000    000000bc     ti_msp_dl_config.o (.bss.gPWM_AUDIOBackup)
                  202010bc    000000a0     ti_msp_dl_config.o (.bss.gTIMER_SAMPLEBackup)
                  2020115c    0000003c     main.o (.bss.gSynthState)
                  20201198    00000028     ti_msp_dl_config.o (.bss.gSPI_LCDBackup)
                  202011c0    00000004     main.o (.bss.gADC0_DMA_Buffer)

.data      0    202011c4    0000010c     UNINITIALIZED
                  202011c4    00000080     main.o (.data.waveform_buffer)
                  20201244    00000014     main.o (.data.arpeggiator)
                  20201258    0000000c     main.o (.data.envelope)
                  20201264    0000000c     main.o (.data.g_chord_increments)
                  20201270    0000000c     main.o (.data.g_chord_phases)
                  2020127c    00000008     main.o (.data.btn_joy_sel)
                  20201284    00000008     main.o (.data.btn_s1)
                  2020128c    00000008     main.o (.data.btn_s2)
                  20201294    00000004     main.o (.data.DEBUG_main_loop_count)
                  20201298    00000004     main.o (.data.DEBUG_timer_enable_count)
                  2020129c    00000004     main.o (.data.DEBUG_timer_irq_count)
                  202012a0    00000004     libc.a : aeabi_portable.c.obj (.data.__aeabi_errno)
                  202012a4    00000004     main.o (.data.base_frequency_hz)
                  202012a8    00000004     main.o (.data.current_frequency_hz)
                  202012ac    00000004     main.o (.data.g_phase)
                  202012b0    00000004     main.o (.data.g_phase_increment)
                  202012b4    00000004     main.o (.data.g_systick_count)
                  202012b8    00000004     main.o (.data.target_frequency_hz)
                  202012bc    00000002     main.o (.data.Low_Pass_Filter.prev_sample)
                  202012be    00000002     main.o (.data.main.last_joy)
                  202012c0    00000002     main.o (.data.main.last_s1)
                  202012c2    00000002     main.o (.data.main.last_s2)
                  202012c4    00000002     main.o (.data.tremolo_phase)
                  202012c6    00000002     main.o (.data.vibrato_phase)
                  202012c8    00000001     main.o (.data.Generate_Audio_Sample.waveform_decimate_counter)
                  202012c9    00000001     main.o (.data.chord_mode)
                  202012ca    00000001     main.o (.data.current_instrument)
                  202012cb    00000001     main.o (.data.current_octave_shift)
                  202012cc    00000001     main.o (.data.current_preset)
                  202012cd    00000001     main.o (.data.effects_enabled)
                  202012ce    00000001     main.o (.data.gADC0_DMA_Complete)
                  202012cf    00000001     main.o (.data.waveform_write_index)

.stack     0    20207e00    00000200     UNINITIALIZED
                  20207e00    00000004     libc.a : boot_cortex_m.c.obj (.stack)
                  20207e04    000001fc     --HOLE--

__llvm_prf_cnts 
*          0    20200000    00000000     UNINITIALIZED

__llvm_prf_bits 
*          0    20200000    00000000     UNINITIALIZED

MODULE SUMMARY

       Module                         code    ro data   rw data
       ------                         ----    -------   -------
    .\
       main.o                         6484    977       328    
       lcd_driver.o                   2230    550       0      
       startup_mspm0g350x_ticlang.o   8       192       0      
    +--+------------------------------+-------+---------+---------+
       Total:                         8722    1719      328    
                                                               
    .\syscfg\
       ti_msp_dl_config.o             4426    172       388    
    +--+------------------------------+-------+---------+---------+
       Total:                         4426    172       388    
                                                               
    .\ti\driverlib\
       dl_timer.o                     1312    0         0      
       dl_rtc_common.o                564     0         0      
       dl_dma.o                       250     0         0      
       dl_spi.o                       148     0         0      
       dl_adc12.o                     116     0         0      
       dl_i2c.o                       92      0         0      
       dl_common.o                    20      0         0      
    +--+------------------------------+-------+---------+---------+
       Total:                         2502    0         0      
                                                               
    .\ti\driverlib\m0p\sysctl\
       dl_sysctl_mspm0g1x0x_g3x0x.o   504     0         0      
    +--+------------------------------+-------+---------+---------+
       Total:                         504     0         0      
                                                               
    C:\ti\ccs2040\ccs\tools\compiler\ti-cgt-armllvm_4.0.4.LTS\lib\armv6m-ti-none-eabi/c/libc.a
       _printfi.c.obj                 2166    34        0      
       aeabi_ctype.S.obj              0       257       0      
       snprintf.c.obj                 148     0         0      
       copy_decompress_lzss.c.obj     124     0         0      
       atoi.c.obj                     64      0         0      
       autoinit.c.obj                 60      0         0      
       boot_cortex_m.c.obj            56      0         0      
       memccpy.c.obj                  34      0         0      
       copy_zero_init.c.obj           22      0         0      
       copy_decompress_none.c.obj     18      0         0      
       memcpy16.S.obj                 18      0         0      
       wcslen.c.obj                   16      0         0      
       memset16.S.obj                 14      0         0      
       aeabi_portable.c.obj           8       0         4      
       exit.c.obj                     6       0         0      
       pre_init.c.obj                 4       0         0      
    +--+------------------------------+-------+---------+---------+
       Total:                         2758    291       4      
                                                               
    C:\ti\ccs2040\ccs\tools\compiler\ti-cgt-armllvm_4.0.4.LTS\lib\armv6m-ti-none-eabi/c/libsysbm.a
       hostexit.c.obj                 4       0         0      
    +--+------------------------------+-------+---------+---------+
       Total:                         4       0         0      
                                                               
    C:\ti\ccs2040\ccs\tools\compiler\ti-cgt-armllvm_4.0.4.LTS\lib\armv6m-ti-none-eabi/libclang_rt.builtins.a
       comparedf2.c.obj               220     0         0      
       udivmoddi4.S.obj               162     0         0      
       aeabi_dcmp.S.obj               98      0         0      
       aeabi_idivmod.S.obj            86      0         0      
       aeabi_uidivmod.S.obj           64      0         0      
       muldsi3.S.obj                  58      0         0      
       floatundisf.S.obj              54      0         0      
       floatunsidf.S.obj              36      0         0      
       muldi3.S.obj                   36      0         0      
       ashldi3.S.obj                  30      0         0      
       aeabi_memset.S.obj             26      0         0      
       aeabi_uldivmod.S.obj           20      0         0      
       aeabi_memcpy.S.obj             8       0         0      
       aeabi_div0.c.obj               4       0         0      
    +--+------------------------------+-------+---------+---------+
       Total:                         902     0         0      
                                                               
       Heap:                          0       0         4096   
       Stack:                         0       0         512    
       Linker Generated:              0       67        0      
    +--+------------------------------+-------+---------+---------+
       Grand Total:                   19818   2249      5328   


LINKER GENERATED COPY TABLES

__TI_cinit_table @ 00005654 records: 2, size/record: 8, table size: 16
	.data: load addr=00005620, load size=0000001f bytes, run addr=202011c4, run size=0000010c bytes, compression=lzss
	.bss: load addr=0000564c, load size=00000008 bytes, run addr=20201000, run size=000001c4 bytes, compression=zero_init


LINKER GENERATED HANDLER TABLE

__TI_handler_table @ 00005640 records: 3, size/record: 4, table size: 12
	index: 0, handler: __TI_decompress_lzss
	index: 1, handler: __TI_decompress_none
	index: 2, handler: __TI_zero_init


FAR CALL TRAMPOLINES

callee name               trampoline name
   callee addr  tramp addr   call addr  call info
--------------  -----------  ---------  ----------------
_c_int00_noargs           $Tramp$TT$L$PI$$_c_int00_noargs
   000042bd     00004e30     00004e2a   startup_mspm0g350x_ticlang.o (.text.Reset_Handler)

[1 trampolines]
[1 trampoline calls]


GLOBAL SYMBOLS: SORTED ALPHABETICALLY BY Name 

address   name                                 
-------   ----                                 
000037a9  ADC0_IRQHandler                      
00003349  ADC1_IRQHandler                      
00004e23  AES_IRQHandler                       
00004e26  C$$EXIT                              
00004e23  CANFD0_IRQHandler                    
00003b85  Change_Instrument                    
00002fc5  Change_Preset                        
00004e23  DAC0_IRQHandler                      
20201294  DEBUG_main_loop_count                
20201298  DEBUG_timer_enable_count             
2020129c  DEBUG_timer_irq_count                
000037f5  DL_ADC12_setClockConfig              
00004ba5  DL_Common_delayCycles                
000039b9  DL_DMA_initChannel                   
00003e09  DL_I2C_setClockConfig                
000026e1  DL_RTC_Common_initCalendar           
00003971  DL_SPI_init                          
00004355  DL_SPI_setClockConfig                
00004245  DL_SYSCTL_configFCC                  
00002601  DL_SYSCTL_configSYSPLL               
0000388d  DL_SYSCTL_switchMCLKfromSYSOSCtoHSCLK
00002515  DL_Timer_initFourCCPWMMode           
00002001  DL_Timer_initTimerMode               
00003e3d  DL_Timer_setCaptCompUpdateMethod     
00003e71  DL_Timer_setCaptureCompareAction     
00003bc1  DL_Timer_setCaptureCompareCtl        
00003ea5  DL_Timer_setCaptureCompareInput      
00003a45  DL_Timer_setCaptureCompareOutCtl     
00004031  DL_Timer_setCaptureCompareValue      
00003ed9  DL_Timer_setClockConfig              
000044a9  DMA_IRQHandler                       
00004e23  Default_Handler                      
00004e23  GROUP0_IRQHandler                    
00004e23  GROUP1_IRQHandler                    
00004e27  HOSTexit                             
00003f0d  HardFault_Handler                    
00004e23  I2C0_IRQHandler                      
00004e23  I2C1_IRQHandler                      
00001eed  LCD_DrawLine                         
00003759  LCD_DrawPixel                        
00001dd5  LCD_DrawRect                         
00002b45  LCD_FillScreen                       
00001531  LCD_Init                             
00003465  LCD_PrintNumber                      
00001b1d  LCD_PrintString                      
00004e23  NMI_Handler                          
00004e23  PendSV_Handler                       
00004e23  RTC_IRQHandler                       
00004e2b  Reset_Handler                        
00004e23  SPI0_IRQHandler                      
00004e23  SPI1_IRQHandler                      
00004e23  SVC_Handler                          
000027b9  SYSCFG_DL_ADC_ACCEL_init             
00002d15  SYSCFG_DL_ADC_JOY_init               
00003c75  SYSCFG_DL_DMA_CH1_init               
00004af1  SYSCFG_DL_DMA_init                   
00001791  SYSCFG_DL_GPIO_init                  
000034bd  SYSCFG_DL_I2C_0_init                 
00003515  SYSCFG_DL_I2C_1_init                 
000030bd  SYSCFG_DL_PWM_AUDIO_init             
00004295  SYSCFG_DL_RTC_init                   
00003a85  SYSCFG_DL_SPI_LCD_init               
0000476d  SYSCFG_DL_SYSCTL_CLK_init            
0000294d  SYSCFG_DL_SYSCTL_SYSPLL_init         
000029fd  SYSCFG_DL_SYSCTL_init                
00004d91  SYSCFG_DL_SYSTICK_init               
00003cb1  SYSCFG_DL_TIMER_SAMPLE_init          
00003409  SYSCFG_DL_init                       
0000288d  SYSCFG_DL_initPower                  
00003ac5  SysTick_Handler                      
00004e23  TIMA0_IRQHandler                     
00004e23  TIMA1_IRQHandler                     
00004e23  TIMG0_IRQHandler                     
00004e23  TIMG12_IRQHandler                    
00004e23  TIMG6_IRQHandler                     
00002be5  TIMG7_IRQHandler                     
00004e23  TIMG8_IRQHandler                     
00004d1b  TI_memcpy_small                      
00004dcd  TI_memset_small                      
00004ca9  Trigger_Note_Off                     
00004cbd  Trigger_Note_On                      
00004e23  UART0_IRQHandler                     
00004e23  UART1_IRQHandler                     
00004e23  UART2_IRQHandler                     
00004e23  UART3_IRQHandler                     
20208000  __STACK_END                          
00000200  __STACK_SIZE                         
00001000  __SYSMEM_SIZE                        
00000000  __TI_ATRegion0_region_sz             
00000000  __TI_ATRegion0_src_addr              
00000000  __TI_ATRegion0_trg_addr              
00000000  __TI_ATRegion1_region_sz             
00000000  __TI_ATRegion1_src_addr              
00000000  __TI_ATRegion1_trg_addr              
00000000  __TI_ATRegion2_region_sz             
00000000  __TI_ATRegion2_src_addr              
00000000  __TI_ATRegion2_trg_addr              
00005654  __TI_CINIT_Base                      
00005664  __TI_CINIT_Limit                     
00005664  __TI_CINIT_Warm                      
00005640  __TI_Handler_Table_Base              
0000564c  __TI_Handler_Table_Limit             
00003ced  __TI_auto_init_nobinit_nopinit       
00003041  __TI_decompress_lzss                 
00004d2d  __TI_decompress_none                 
ffffffff  __TI_pprof_out_hndl                  
000000c1  __TI_printfi_nofloat                 
ffffffff  __TI_prof_data_size                  
ffffffff  __TI_prof_data_start                 
00000000  __TI_static_base__                   
00004b8f  __TI_zero_init_nomemset              
00005280  __aeabi_ctype_table_                 
00005280  __aeabi_ctype_table_C                
000032e5  __aeabi_dcmpeq                       
00003321  __aeabi_dcmpge                       
00003335  __aeabi_dcmpgt                       
0000330d  __aeabi_dcmple                       
000032f9  __aeabi_dcmplt                       
202012a0  __aeabi_errno                        
00004e0d  __aeabi_errno_addr                   
0000356d  __aeabi_idiv                         
00001fff  __aeabi_idiv0                        
0000356d  __aeabi_idivmod                      
00002b43  __aeabi_ldiv0                        
000044c9  __aeabi_llsl                         
000043c1  __aeabi_lmul                         
00004e01  __aeabi_memclr                       
00004e01  __aeabi_memclr4                      
00004e01  __aeabi_memclr8                      
00004e15  __aeabi_memcpy                       
00004e15  __aeabi_memcpy4                      
00004e15  __aeabi_memcpy8                      
00004db1  __aeabi_memset                       
00004db1  __aeabi_memset4                      
00004db1  __aeabi_memset8                      
0000439d  __aeabi_ui2d                         
00003b05  __aeabi_uidiv                        
00003b05  __aeabi_uidivmod                     
00003d9d  __aeabi_ul2f                         
00004cd1  __aeabi_uldivmod                     
000044c9  __ashldi3                            
ffffffff  __binit__                            
0000327d  __cmpdf2                             
0000327d  __eqdf2                              
00003d9d  __floatundisf                        
0000439d  __floatunsidf                        
00003131  __gedf2                              
00003131  __gtdf2                              
0000327d  __ledf2                              
0000327d  __ltdf2                              
UNDEFED   __mpu_init                           
000043c1  __muldi3                             
00003d29  __muldsi3                            
0000327d  __nedf2                              
20207e00  __stack                              
20200000  __start___llvm_prf_bits              
20200000  __start___llvm_prf_cnts              
20200000  __stop___llvm_prf_bits               
20200000  __stop___llvm_prf_cnts               
00002aa1  __udivmoddi4                         
000042bd  _c_int00_noargs                      
20200000  _sys_memory                          
UNDEFED   _system_post_cinit                   
00004e41  _system_pre_init                     
00004e1d  abort                                
00003b45  atoi                                 
ffffffff  binit                                
20201000  gPWM_AUDIOBackup                     
20201198  gSPI_LCDBackup                       
2020115c  gSynthState                          
202010bc  gTIMER_SAMPLEBackup                  
20201264  g_chord_increments                   
20201270  g_chord_phases                       
202012ac  g_phase                              
202012b0  g_phase_increment                    
202012b4  g_systick_count                      
00000000  interruptVectors                     
00000f99  main                                 
000043e5  memccpy                              
000038d9  snprintf                             
00004da1  wcslen                               


GLOBAL SYMBOLS: SORTED BY Symbol Address 

address   name                                 
-------   ----                                 
00000000  __TI_ATRegion0_region_sz             
00000000  __TI_ATRegion0_src_addr              
00000000  __TI_ATRegion0_trg_addr              
00000000  __TI_ATRegion1_region_sz             
00000000  __TI_ATRegion1_src_addr              
00000000  __TI_ATRegion1_trg_addr              
00000000  __TI_ATRegion2_region_sz             
00000000  __TI_ATRegion2_src_addr              
00000000  __TI_ATRegion2_trg_addr              
00000000  __TI_static_base__                   
00000000  interruptVectors                     
000000c1  __TI_printfi_nofloat                 
00000200  __STACK_SIZE                         
00000f99  main                                 
00001000  __SYSMEM_SIZE                        
00001531  LCD_Init                             
00001791  SYSCFG_DL_GPIO_init                  
00001b1d  LCD_PrintString                      
00001dd5  LCD_DrawRect                         
00001eed  LCD_DrawLine                         
00001fff  __aeabi_idiv0                        
00002001  DL_Timer_initTimerMode               
00002515  DL_Timer_initFourCCPWMMode           
00002601  DL_SYSCTL_configSYSPLL               
000026e1  DL_RTC_Common_initCalendar           
000027b9  SYSCFG_DL_ADC_ACCEL_init             
0000288d  SYSCFG_DL_initPower                  
0000294d  SYSCFG_DL_SYSCTL_SYSPLL_init         
000029fd  SYSCFG_DL_SYSCTL_init                
00002aa1  __udivmoddi4                         
00002b43  __aeabi_ldiv0                        
00002b45  LCD_FillScreen                       
00002be5  TIMG7_IRQHandler                     
00002d15  SYSCFG_DL_ADC_JOY_init               
00002fc5  Change_Preset                        
00003041  __TI_decompress_lzss                 
000030bd  SYSCFG_DL_PWM_AUDIO_init             
00003131  __gedf2                              
00003131  __gtdf2                              
0000327d  __cmpdf2                             
0000327d  __eqdf2                              
0000327d  __ledf2                              
0000327d  __ltdf2                              
0000327d  __nedf2                              
000032e5  __aeabi_dcmpeq                       
000032f9  __aeabi_dcmplt                       
0000330d  __aeabi_dcmple                       
00003321  __aeabi_dcmpge                       
00003335  __aeabi_dcmpgt                       
00003349  ADC1_IRQHandler                      
00003409  SYSCFG_DL_init                       
00003465  LCD_PrintNumber                      
000034bd  SYSCFG_DL_I2C_0_init                 
00003515  SYSCFG_DL_I2C_1_init                 
0000356d  __aeabi_idiv                         
0000356d  __aeabi_idivmod                      
00003759  LCD_DrawPixel                        
000037a9  ADC0_IRQHandler                      
000037f5  DL_ADC12_setClockConfig              
0000388d  DL_SYSCTL_switchMCLKfromSYSOSCtoHSCLK
000038d9  snprintf                             
00003971  DL_SPI_init                          
000039b9  DL_DMA_initChannel                   
00003a45  DL_Timer_setCaptureCompareOutCtl     
00003a85  SYSCFG_DL_SPI_LCD_init               
00003ac5  SysTick_Handler                      
00003b05  __aeabi_uidiv                        
00003b05  __aeabi_uidivmod                     
00003b45  atoi                                 
00003b85  Change_Instrument                    
00003bc1  DL_Timer_setCaptureCompareCtl        
00003c75  SYSCFG_DL_DMA_CH1_init               
00003cb1  SYSCFG_DL_TIMER_SAMPLE_init          
00003ced  __TI_auto_init_nobinit_nopinit       
00003d29  __muldsi3                            
00003d9d  __aeabi_ul2f                         
00003d9d  __floatundisf                        
00003e09  DL_I2C_setClockConfig                
00003e3d  DL_Timer_setCaptCompUpdateMethod     
00003e71  DL_Timer_setCaptureCompareAction     
00003ea5  DL_Timer_setCaptureCompareInput      
00003ed9  DL_Timer_setClockConfig              
00003f0d  HardFault_Handler                    
00004031  DL_Timer_setCaptureCompareValue      
00004245  DL_SYSCTL_configFCC                  
00004295  SYSCFG_DL_RTC_init                   
000042bd  _c_int00_noargs                      
00004355  DL_SPI_setClockConfig                
0000439d  __aeabi_ui2d                         
0000439d  __floatunsidf                        
000043c1  __aeabi_lmul                         
000043c1  __muldi3                             
000043e5  memccpy                              
000044a9  DMA_IRQHandler                       
000044c9  __aeabi_llsl                         
000044c9  __ashldi3                            
0000476d  SYSCFG_DL_SYSCTL_CLK_init            
00004af1  SYSCFG_DL_DMA_init                   
00004b8f  __TI_zero_init_nomemset              
00004ba5  DL_Common_delayCycles                
00004ca9  Trigger_Note_Off                     
00004cbd  Trigger_Note_On                      
00004cd1  __aeabi_uldivmod                     
00004d1b  TI_memcpy_small                      
00004d2d  __TI_decompress_none                 
00004d91  SYSCFG_DL_SYSTICK_init               
00004da1  wcslen                               
00004db1  __aeabi_memset                       
00004db1  __aeabi_memset4                      
00004db1  __aeabi_memset8                      
00004dcd  TI_memset_small                      
00004e01  __aeabi_memclr                       
00004e01  __aeabi_memclr4                      
00004e01  __aeabi_memclr8                      
00004e0d  __aeabi_errno_addr                   
00004e15  __aeabi_memcpy                       
00004e15  __aeabi_memcpy4                      
00004e15  __aeabi_memcpy8                      
00004e1d  abort                                
00004e23  AES_IRQHandler                       
00004e23  CANFD0_IRQHandler                    
00004e23  DAC0_IRQHandler                      
00004e23  Default_Handler                      
00004e23  GROUP0_IRQHandler                    
00004e23  GROUP1_IRQHandler                    
00004e23  I2C0_IRQHandler                      
00004e23  I2C1_IRQHandler                      
00004e23  NMI_Handler                          
00004e23  PendSV_Handler                       
00004e23  RTC_IRQHandler                       
00004e23  SPI0_IRQHandler                      
00004e23  SPI1_IRQHandler                      
00004e23  SVC_Handler                          
00004e23  TIMA0_IRQHandler                     
00004e23  TIMA1_IRQHandler                     
00004e23  TIMG0_IRQHandler                     
00004e23  TIMG12_IRQHandler                    
00004e23  TIMG6_IRQHandler                     
00004e23  TIMG8_IRQHandler                     
00004e23  UART0_IRQHandler                     
00004e23  UART1_IRQHandler                     
00004e23  UART2_IRQHandler                     
00004e23  UART3_IRQHandler                     
00004e26  C$$EXIT                              
00004e27  HOSTexit                             
00004e2b  Reset_Handler                        
00004e41  _system_pre_init                     
00005280  __aeabi_ctype_table_                 
00005280  __aeabi_ctype_table_C                
00005640  __TI_Handler_Table_Base              
0000564c  __TI_Handler_Table_Limit             
00005654  __TI_CINIT_Base                      
00005664  __TI_CINIT_Limit                     
00005664  __TI_CINIT_Warm                      
20200000  __start___llvm_prf_bits              
20200000  __start___llvm_prf_cnts              
20200000  __stop___llvm_prf_bits               
20200000  __stop___llvm_prf_cnts               
20200000  _sys_memory                          
20201000  gPWM_AUDIOBackup                     
202010bc  gTIMER_SAMPLEBackup                  
2020115c  gSynthState                          
20201198  gSPI_LCDBackup                       
20201264  g_chord_increments                   
20201270  g_chord_phases                       
20201294  DEBUG_main_loop_count                
20201298  DEBUG_timer_enable_count             
2020129c  DEBUG_timer_irq_count                
202012a0  __aeabi_errno                        
202012ac  g_phase                              
202012b0  g_phase_increment                    
202012b4  g_systick_count                      
20207e00  __stack                              
20208000  __STACK_END                          
ffffffff  __TI_pprof_out_hndl                  
ffffffff  __TI_prof_data_size                  
ffffffff  __TI_prof_data_start                 
ffffffff  __binit__                            
ffffffff  binit                                
UNDEFED   __mpu_init                           
UNDEFED   _system_post_cinit                   

[181 symbols]
