******************************************************************************
            TI ARM Clang Linker PC v4.0.4                      
******************************************************************************
>> Linked Tue Dec 23 09:11:39 2025

OUTPUT FILE NAME:   <Motion_Music_studio.out>
ENTRY POINT SYMBOL: "_c_int00_noargs"  address: 0000243d


MEMORY CONFIGURATION

         name            origin    length      used     unused   attr    fill
----------------------  --------  ---------  --------  --------  ----  --------
  FLASH                 00000000   00020000  00003768  0001c898  R  X
  SRAM                  20200000   00008000  00000310  00007cf0  RW X
  BCR_CONFIG            41c00000   000000ff  00000000  000000ff  R   
  BSL_CONFIG            41c00100   00000080  00000000  00000080  R   


SEGMENT ALLOCATION MAP

run origin  load origin   length   init length attrs members
----------  ----------- ---------- ----------- ----- -------
00000000    00000000    00003768   00003768    r-x
  00000000    00000000    000000c0   000000c0    r-- .intvecs
  000000c0    000000c0    00002dd0   00002dd0    r-x .text
  00002e90    00002e90    000008a0   000008a0    r-- .rodata
  00003730    00003730    00000038   00000038    r-- .cinit
20200000    20200000    00000110   00000000    rw-
  20200000    20200000    000000f8   00000000    rw- .bss
  202000f8    202000f8    00000018   00000000    rw- .data
20207e00    20207e00    00000200   00000000    rw-
  20207e00    20207e00    00000200   00000000    rw- .stack


SECTION ALLOCATION MAP

 output                                  attributes/
section   page    origin      length       input sections
--------  ----  ----------  ----------   ----------------
.intvecs   0    00000000    000000c0     
                  00000000    000000c0     startup_mspm0g350x_ticlang.o (.intvecs)

.text      0    000000c0    00002dd0     
                  000000c0    000001c0     ti_msp_dl_config.o (.text.SYSCFG_DL_GPIO_init)
                  00000280    00000192     libclang_rt.builtins.a : adddf3.S.obj (.text.adddf3_subdf3)
                  00000412    00000002     main.o (.text.Process_Accelerometer)
                  00000414    00000120     main.o (.text.Process_Buttons)
                  00000534    00000110     dl_timer.o (.text.DL_Timer_initTimerMode)
                  00000644    00000110     dl_timer.o (.text.DL_Timer_initTwoCCPWMMode)
                  00000754    0000010c     libclang_rt.builtins.a : divdf3.S.obj (.text.__divdf3)
                  00000860    000000f4     main.o (.text.main)
                  00000954    000000ec     dl_timer.o (.text.DL_Timer_initFourCCPWMMode)
                  00000a40    000000e4     libclang_rt.builtins.a : muldf3.S.obj (.text.__muldf3)
                  00000b24    000000e0     dl_sysctl_mspm0g1x0x_g3x0x.o (.text.DL_SYSCTL_configSYSPLL)
                  00000c04    000000e0     main.o (.text.TIMG7_IRQHandler)
                  00000ce4    000000d8     dl_rtc_common.o (.text.DL_RTC_Common_initCalendar)
                  00000dbc    000000d4     ti_msp_dl_config.o (.text.SYSCFG_DL_initPower)
                  00000e90    000000b4     ti_msp_dl_config.o (.text.SYSCFG_DL_ADC_MIC_JOY_init)
                  00000f44    000000b0     main.o (.text.Process_Joystick)
                  00000ff4    000000b0     ti_msp_dl_config.o (.text.SYSCFG_DL_SYSCTL_SYSPLL_init)
                  000010a4    000000a8     ti_msp_dl_config.o (.text.SYSCFG_DL_ADC_ACCEL_init)
                  0000114c    000000a4     ti_msp_dl_config.o (.text.SYSCFG_DL_SYSCTL_init)
                  000011f0    0000008c     main.o (.text.Audio_Set_Waveform)
                  0000127c    0000008c     main.o (.text.Audio_Update_Frequency)
                  00001308    0000008c     libclang_rt.builtins.a : mulsf3.S.obj (.text.__mulsf3)
                  00001394    00000084     ti_msp_dl_config.o (.text.__NVIC_SetPriority)
                  00001418    00000082     libclang_rt.builtins.a : divsf3.S.obj (.text.__divsf3)
                  0000149a    00000002                            : aeabi_div0.c.obj (.text.__aeabi_idiv0)
                  0000149c    0000007c     libc.a : copy_decompress_lzss.c.obj (.text:decompress:lzss)
                  00001518    00000074     ti_msp_dl_config.o (.text.SYSCFG_DL_PWM_AUDIO_init)
                  0000158c    00000074     libclang_rt.builtins.a : comparedf2.c.obj (.text.__gedf2)
                  00001600    00000068                            : comparedf2.c.obj (.text.__ledf2)
                  00001668    00000062                            : aeabi_dcmp.S.obj (.text.__aeabi_dcmp)
                  000016ca    00000002     --HOLE-- [fill = 0]
                  000016cc    00000062                            : aeabi_fcmp.S.obj (.text.__aeabi_fcmp)
                  0000172e    00000002     --HOLE-- [fill = 0]
                  00001730    00000060     main.o (.text.ADC0_IRQHandler)
                  00001790    00000060     ti_msp_dl_config.o (.text.DL_ADC12_initSeqSample)
                  000017f0    0000005c     main.o (.text.ADC1_IRQHandler)
                  0000184c    00000058     ti_msp_dl_config.o (.text.SYSCFG_DL_I2C_0_init)
                  000018a4    00000058     ti_msp_dl_config.o (.text.SYSCFG_DL_I2C_1_init)
                  000018fc    00000054     ti_msp_dl_config.o (.text.SYSCFG_DL_TIMER_SAMPLE_init)
                  00001950    00000050     ti_msp_dl_config.o (.text.DL_GPIO_initPeripheralInputFunctionFeatures)
                  000019a0    00000050     ti_msp_dl_config.o (.text.SYSCFG_DL_init)
                  000019f0    0000004c     dl_adc12.o (.text.DL_ADC12_setClockConfig)
                  00001a3c    0000004c     ti_msp_dl_config.o (.text.DL_GPIO_initDigitalInputFeatures)
                  00001a88    0000004c     dl_sysctl_mspm0g1x0x_g3x0x.o (.text.DL_SYSCTL_switchMCLKfromSYSOSCtoHSCLK)
                  00001ad4    0000004a     ti_msp_dl_config.o (.text.DL_ADC12_configConversionMem)
                  00001b1e    00000002     --HOLE-- [fill = 0]
                  00001b20    0000004a     libclang_rt.builtins.a : fixdfsi.S.obj (.text.__fixdfsi)
                  00001b6a    00000002     --HOLE-- [fill = 0]
                  00001b6c    00000048     dl_spi.o (.text.DL_SPI_init)
                  00001bb4    00000048     ti_msp_dl_config.o (.text.SYSCFG_DL_SPI_LCD_init)
                  00001bfc    00000044     main.o (.text.ADC_To_Frequency)
                  00001c40    00000042     libclang_rt.builtins.a : fixunsdfsi.S.obj (.text.__fixunsdfsi)
                  00001c82    00000002     --HOLE-- [fill = 0]
                  00001c84    00000040     dl_timer.o (.text.DL_Timer_setCaptureCompareOutCtl)
                  00001cc4    00000040     libclang_rt.builtins.a : aeabi_uidivmod.S.obj (.text.__aeabi_uidivmod)
                  00001d04    0000003c     dl_timer.o (.text.DL_Timer_setCaptureCompareCtl)
                  00001d40    0000003c     dl_timer.o (.text.DL_Timer_setCounterControl)
                  00001d7c    0000003c     ti_msp_dl_config.o (.text.DL_Timer_setCounterControl)
                  00001db8    0000003c     main.o (.text.System_Init)
                  00001df4    0000003c     libclang_rt.builtins.a : comparesf2.S.obj (.text.__gtsf2)
                  00001e30    0000003c     libc.a : autoinit.c.obj (.text:__TI_auto_init_nobinit_nopinit)
                  00001e6c    0000003a     libclang_rt.builtins.a : comparesf2.S.obj (.text.__eqsf2)
                  00001ea6    00000002     --HOLE-- [fill = 0]
                  00001ea8    0000003a                            : muldsi3.S.obj (.text.__muldsi3)
                  00001ee2    00000002     --HOLE-- [fill = 0]
                  00001ee4    00000038     ti_msp_dl_config.o (.text.DL_Timer_setPublisherChanID)
                  00001f1c    00000038     libclang_rt.builtins.a : fixsfsi.S.obj (.text.__fixsfsi)
                  00001f54    00000034     main.o (.text.Audio_Stop)
                  00001f88    00000034     dl_i2c.o (.text.DL_I2C_setClockConfig)
                  00001fbc    00000034     dl_timer.o (.text.DL_Timer_setCaptCompUpdateMethod)
                  00001ff0    00000034     dl_timer.o (.text.DL_Timer_setCaptureCompareAction)
                  00002024    00000034     dl_timer.o (.text.DL_Timer_setCaptureCompareInput)
                  00002058    00000034     dl_timer.o (.text.DL_Timer_setClockConfig)
                  0000208c    00000034     dl_vref.o (.text.DL_VREF_configReference)
                  000020c0    00000032     libclang_rt.builtins.a : fixunssfsi.S.obj (.text.__fixunssfsi)
                  000020f2    00000002     --HOLE-- [fill = 0]
                  000020f4    00000030     main.o (.text.DL_ADC12_getMemResult)
                  00002124    00000030     ti_msp_dl_config.o (.text.DL_SPI_setFIFOThreshold)
                  00002154    00000030     iqmath.a : _IQNtoF.o (.text._IQ24toF)
                  00002184    0000002c     main.o (.text.Audio_Update_Volume)
                  000021b0    0000002c     dl_timer.o (.text.DL_Timer_setCaptureCompareValue)
                  000021dc    0000002c     main.o (.text.__NVIC_EnableIRQ)
                  00002208    0000002c     libclang_rt.builtins.a : floatsidf.S.obj (.text.__floatsidf)
                  00002234    00000028     dl_adc12.o (.text.DL_Common_updateReg)
                  0000225c    00000028     dl_i2c.o (.text.DL_Common_updateReg)
                  00002284    00000028     dl_rtc_common.o (.text.DL_Common_updateReg)
                  000022ac    00000028     dl_spi.o (.text.DL_Common_updateReg)
                  000022d4    00000028     dl_sysctl_mspm0g1x0x_g3x0x.o (.text.DL_Common_updateReg)
                  000022fc    00000028     dl_timer.o (.text.DL_Common_updateReg)
                  00002324    00000028     ti_msp_dl_config.o (.text.DL_Common_updateReg)
                  0000234c    00000028     ti_msp_dl_config.o (.text.DL_I2C_setControllerRXFIFOThreshold)
                  00002374    00000028     ti_msp_dl_config.o (.text.DL_I2C_setControllerTXFIFOThreshold)
                  0000239c    00000028     dl_sysctl_mspm0g1x0x_g3x0x.o (.text.DL_SYSCTL_configFCC)
                  000023c4    00000028     ti_msp_dl_config.o (.text.DL_SYSCTL_setPowerPolicySTANDBY0)
                  000023ec    00000028     ti_msp_dl_config.o (.text.DL_Timer_enableEvent)
                  00002414    00000028     ti_msp_dl_config.o (.text.SYSCFG_DL_RTC_init)
                  0000243c    00000028     libc.a : boot_cortex_m.c.obj (.text:_c_int00_noargs)
                  00002464    00000026     ti_msp_dl_config.o (.text.DL_I2C_setAnalogGlitchFilterPulseWidth)
                  0000248a    00000002     --HOLE-- [fill = 0]
                  0000248c    00000024     ti_msp_dl_config.o (.text.DL_SPI_setBitRateSerialClockDivider)
                  000024b0    00000024     dl_spi.o (.text.DL_SPI_setClockConfig)
                  000024d4    00000024     libclang_rt.builtins.a : floatunsidf.S.obj (.text.__floatunsidf)
                  000024f8    00000020     main.o (.text.ADC_To_Volume)
                  00002518    00000020     main.o (.text.Audio_Init)
                  00002538    00000020     dl_sysctl_mspm0g1x0x_g3x0x.o (.text.DL_CORE_configInstruction)
                  00002558    00000020     dl_rtc_common.o (.text.DL_RTC_Common_setCalendarYearBinary)
                  00002578    00000020     ti_msp_dl_config.o (.text.DL_SYSCTL_setFlashWaitState)
                  00002598    00000020     ti_msp_dl_config.o (.text.DL_SYSCTL_setMFPCLKSource)
                  000025b8    00000020     dl_timer.o (.text.DL_Timer_setCounterValueAfterEnable)
                  000025d8    0000001c     main.o (.text.Audio_Start)
                  000025f4    0000001c     ti_msp_dl_config.o (.text.DL_ADC12_clearInterruptStatus)
                  00002610    0000001c     ti_msp_dl_config.o (.text.DL_ADC12_enableEvent)
                  0000262c    0000001c     ti_msp_dl_config.o (.text.DL_ADC12_enableInterrupt)
                  00002648    0000001c     main.o (.text.DL_ADC12_startConversion)
                  00002664    0000001c     ti_msp_dl_config.o (.text.DL_GPIO_clearInterruptStatus)
                  00002680    0000001c     ti_msp_dl_config.o (.text.DL_GPIO_enableHiZ)
                  0000269c    0000001c     ti_msp_dl_config.o (.text.DL_GPIO_enableInterrupt)
                  000026b8    0000001c     ti_msp_dl_config.o (.text.DL_GPIO_initPeripheralOutputFunction)
                  000026d4    0000001c     ti_msp_dl_config.o (.text.DL_GPIO_setLowerPinsPolarity)
                  000026f0    0000001c     dl_rtc_common.o (.text.DL_RTC_Common_setCalendarMinutesBCD)
                  0000270c    0000001c     dl_rtc_common.o (.text.DL_RTC_Common_setCalendarMinutesBinary)
                  00002728    0000001c     dl_rtc_common.o (.text.DL_RTC_Common_setCalendarMonthBCD)
                  00002744    0000001c     dl_rtc_common.o (.text.DL_RTC_Common_setCalendarMonthBinary)
                  00002760    0000001c     dl_rtc_common.o (.text.DL_RTC_Common_setCalendarSecondsBCD)
                  0000277c    0000001c     dl_rtc_common.o (.text.DL_RTC_Common_setCalendarSecondsBinary)
                  00002798    0000001c     dl_rtc_common.o (.text.DL_RTC_Common_setCalendarYearBCD)
                  000027b4    0000001c     dl_rtc_common.o (.text.DL_RTC_Common_setClockFormat)
                  000027d0    0000001c     ti_msp_dl_config.o (.text.DL_SYSCTL_setFCCPeriods)
                  000027ec    0000001c     ti_msp_dl_config.o (.text.DL_SYSCTL_setMCLKDivider)
                  00002808    0000001c     ti_msp_dl_config.o (.text.DL_SYSCTL_setSYSOSCFreq)
                  00002824    0000001c     ti_msp_dl_config.o (.text.DL_SYSCTL_setULPCLKDivider)
                  00002840    0000001c     ti_msp_dl_config.o (.text.DL_SYSCTL_setVBOOSTConfig)
                  0000285c    0000001c     ti_msp_dl_config.o (.text.DL_Timer_enableInterrupt)
                  00002878    0000001c     ti_msp_dl_config.o (.text.SYSCFG_DL_SYSCTL_CLK_init)
                  00002894    0000001c     ti_msp_dl_config.o (.text.SYSCFG_DL_VREF_init)
                  000028b0    0000001a     ti_msp_dl_config.o (.text.DL_ADC12_setSubscriberChanID)
                  000028ca    0000001a     dl_rtc_common.o (.text.DL_RTC_Common_setCalendarHoursBCD)
                  000028e4    0000001a     dl_rtc_common.o (.text.DL_RTC_Common_setCalendarHoursBinary)
                  000028fe    00000002     --HOLE-- [fill = 0]
                  00002900    00000018     ti_msp_dl_config.o (.text.DL_ADC12_enablePower)
                  00002918    00000018     ti_msp_dl_config.o (.text.DL_ADC12_reset)
                  00002930    00000018     ti_msp_dl_config.o (.text.DL_ADC12_setSampleTime0)
                  00002948    00000018     ti_msp_dl_config.o (.text.DL_GPIO_enableOutput)
                  00002960    00000018     ti_msp_dl_config.o (.text.DL_GPIO_enablePower)
                  00002978    00000018     ti_msp_dl_config.o (.text.DL_GPIO_initDigitalOutput)
                  00002990    00000018     ti_msp_dl_config.o (.text.DL_GPIO_reset)
                  000029a8    00000018     ti_msp_dl_config.o (.text.DL_GPIO_setAnalogInternalResistor)
                  000029c0    00000018     main.o (.text.DL_GPIO_setPins)
                  000029d8    00000018     ti_msp_dl_config.o (.text.DL_GPIO_setPins)
                  000029f0    00000018     main.o (.text.DL_GPIO_togglePins)
                  00002a08    00000018     ti_msp_dl_config.o (.text.DL_I2C_enableAnalogGlitchFilter)
                  00002a20    00000018     ti_msp_dl_config.o (.text.DL_I2C_enableController)
                  00002a38    00000018     ti_msp_dl_config.o (.text.DL_I2C_enableControllerClockStretching)
                  00002a50    00000018     ti_msp_dl_config.o (.text.DL_I2C_enablePower)
                  00002a68    00000018     ti_msp_dl_config.o (.text.DL_I2C_reset)
                  00002a80    00000018     ti_msp_dl_config.o (.text.DL_I2C_setTimerPeriod)
                  00002a98    00000018     ti_msp_dl_config.o (.text.DL_RTC_Common_enablePower)
                  00002ab0    00000018     ti_msp_dl_config.o (.text.DL_RTC_Common_reset)
                  00002ac8    00000018     ti_msp_dl_config.o (.text.DL_SPI_enable)
                  00002ae0    00000018     ti_msp_dl_config.o (.text.DL_SPI_enableLoopbackMode)
                  00002af8    00000018     ti_msp_dl_config.o (.text.DL_SPI_enablePower)
                  00002b10    00000018     ti_msp_dl_config.o (.text.DL_SPI_reset)
                  00002b28    00000018     ti_msp_dl_config.o (.text.DL_SYSCTL_enableInterrupt)
                  00002b40    00000018     ti_msp_dl_config.o (.text.DL_SYSCTL_setBORThreshold)
                  00002b58    00000018     dl_sysctl_mspm0g1x0x_g3x0x.o (.text.DL_SYSCTL_setHSCLKSource)
                  00002b70    00000018     ti_msp_dl_config.o (.text.DL_Timer_enablePower)
                  00002b88    00000018     ti_msp_dl_config.o (.text.DL_Timer_reset)
                  00002ba0    00000018     dl_timer.o (.text.DL_Timer_setLoadValue)
                  00002bb8    00000018     main.o (.text.DL_Timer_startCounter)
                  00002bd0    00000018     ti_msp_dl_config.o (.text.DL_VREF_enablePower)
                  00002be8    00000018     ti_msp_dl_config.o (.text.DL_VREF_reset)
                  00002c00    00000016     main.o (.text.DL_ADC12_enableConversions)
                  00002c16    00000016     ti_msp_dl_config.o (.text.DL_ADC12_enableConversions)
                  00002c2c    00000016     ti_msp_dl_config.o (.text.DL_GPIO_enableGlobalFastWake)
                  00002c42    00000016     main.o (.text.DL_GPIO_readPins)
                  00002c58    00000016     libc.a : copy_zero_init.c.obj (.text:decompress:ZI:__TI_zero_init_nomemset)
                  00002c6e    00000014     main.o (.text.Critical_Enter)
                  00002c82    00000014     dl_common.o (.text.DL_Common_delayCycles)
                  00002c96    00000002     --HOLE-- [fill = 0]
                  00002c98    00000014     ti_msp_dl_config.o (.text.DL_FlashCTL_enableInterrupt)
                  00002cac    00000014     main.o (.text.DL_GPIO_clearPins)
                  00002cc0    00000014     ti_msp_dl_config.o (.text.DL_GPIO_clearPins)
                  00002cd4    00000014     ti_msp_dl_config.o (.text.DL_I2C_resetControllerTransfer)
                  00002ce8    00000014     dl_sysctl_mspm0g1x0x_g3x0x.o (.text.DL_SYSCTL_disableSYSPLL)
                  00002cfc    00000014     ti_msp_dl_config.o (.text.DL_SYSCTL_disableSYSPLL)
                  00002d10    00000014     ti_msp_dl_config.o (.text.DL_SYSCTL_enableMFCLK)
                  00002d24    00000014     dl_sysctl_mspm0g1x0x_g3x0x.o (.text.DL_SYSCTL_enableSYSPLL)
                  00002d38    00000014     ti_msp_dl_config.o (.text.DL_SYSCTL_enableSYSPLL)
                  00002d4c    00000014     ti_msp_dl_config.o (.text.DL_Timer_enableClock)
                  00002d60    00000014     ti_msp_dl_config.o (.text.DL_Timer_setCCPDirection)
                  00002d74    00000012     main.o (.text.Critical_Exit)
                  00002d86    00000012     main.o (.text.DL_ADC12_getPendingInterrupt)
                  00002d98    00000012     main.o (.text.DL_Timer_getPendingInterrupt)
                  00002daa    00000012     libc.a : memcpy16.S.obj (.text:TI_memcpy_small)
                  00002dbc    00000012            : copy_decompress_none.c.obj (.text:decompress:none)
                  00002dce    00000002     --HOLE-- [fill = 0]
                  00002dd0    00000010     dl_sysctl_mspm0g1x0x_g3x0x.o (.text.DL_CORE_getInstructionConfig)
                  00002de0    00000010     ti_msp_dl_config.o (.text.DL_SYSCTL_disableHFXT)
                  00002df0    00000010     ti_msp_dl_config.o (.text.DL_SYSCTL_enableMFPCLK)
                  00002e00    00000010     ti_msp_dl_config.o (.text.DL_SYSCTL_isFCCDone)
                  00002e10    00000010     ti_msp_dl_config.o (.text.DL_SYSCTL_startFCC)
                  00002e20    0000000e     libc.a : memset16.S.obj (.text:TI_memset_small)
                  00002e2e    00000002     --HOLE-- [fill = 0]
                  00002e30    0000000c     dl_sysctl_mspm0g1x0x_g3x0x.o (.text.DL_SYSCTL_getClockStatus)
                  00002e3c    0000000c     ti_msp_dl_config.o (.text.DL_SYSCTL_getClockStatus)
                  00002e48    0000000c     ti_msp_dl_config.o (.text.DL_SYSCTL_readFCC)
                  00002e54    0000000c     libclang_rt.builtins.a : aeabi_memset.S.obj (.text.__aeabi_memclr)
                  00002e60    00000008                            : aeabi_memcpy.S.obj (.text.__aeabi_memcpy)
                  00002e68    00000006     libc.a : exit.c.obj (.text:abort)
                  00002e6e    00000004     startup_mspm0g350x_ticlang.o (.text.Default_Handler)
                  00002e72    00000004     libsysbm.a : hostexit.c.obj (.text.HOSTexit)
                  00002e76    00000004     startup_mspm0g350x_ticlang.o (.text.Reset_Handler)
                  00002e7a    00000002     --HOLE-- [fill = 0]
                  00002e7c    00000010     libc.a : boot_cortex_m.c.obj (.tramp._c_int00_noargs.1)
                  00002e8c    00000004            : pre_init.c.obj (.text._system_pre_init)

.cinit     0    00003730    00000038     
                  00003730    00000011     (.cinit..data.load) [load image, compression = lzss]
                  00003741    00000003     --HOLE-- [fill = 0]
                  00003744    0000000c     (__TI_handler_table)
                  00003750    00000008     (.cinit..bss.load) [load image, compression = zero_init]
                  00003758    00000010     (__TI_cinit_table)

.rodata    0    00002e90    000008a0     
                  00002e90    00000200     main.o (.rodata.wavetable_sawtooth)
                  00003090    00000200     main.o (.rodata.wavetable_sine)
                  00003290    00000200     main.o (.rodata.wavetable_square)
                  00003490    00000200     main.o (.rodata.wavetable_triangle)
                  00003690    00000028     ti_msp_dl_config.o (.rodata.gSYSPLLConfig)
                  000036b8    00000022     ti_msp_dl_config.o (.rodata..L__const.SYSCFG_DL_GPIO_init.unusedPinIndexes)
                  000036da    00000002     ti_msp_dl_config.o (.rodata.gI2C_0ClockConfig)
                  000036dc    00000014     ti_msp_dl_config.o (.rodata.gTIMER_SAMPLETimerConfig)
                  000036f0    0000000a     ti_msp_dl_config.o (.rodata.gSPI_LCD_config)
                  000036fa    00000002     ti_msp_dl_config.o (.rodata.gI2C_1ClockConfig)
                  000036fc    00000008     ti_msp_dl_config.o (.rodata.gADC_ACCELClockConfig)
                  00003704    00000008     ti_msp_dl_config.o (.rodata.gADC_MIC_JOYClockConfig)
                  0000370c    00000008     ti_msp_dl_config.o (.rodata.gPWM_AUDIOConfig)
                  00003714    00000008     ti_msp_dl_config.o (.rodata.gRTCCalendarConfig)
                  0000371c    00000008     ti_msp_dl_config.o (.rodata.gVREFConfig)
                  00003724    00000003     ti_msp_dl_config.o (.rodata.gPWM_AUDIOClockConfig)
                  00003727    00000003     ti_msp_dl_config.o (.rodata.gTIMER_SAMPLEClockConfig)
                  0000372a    00000002     ti_msp_dl_config.o (.rodata.gSPI_LCD_clockConfig)
                  0000372c    00000004     --HOLE-- [fill = 0]

.init_array 
*          0    00000000    00000000     UNINITIALIZED

.binit     0    00000000    00000000     

.bss       0    20200000    000000f8     UNINITIALIZED
                  20200000    000000a0     ti_msp_dl_config.o (.bss.gTIMER_SAMPLEBackup)
                  202000a0    00000030     main.o (.bss.gSynthState)
                  202000d0    00000028     ti_msp_dl_config.o (.bss.gSPI_LCDBackup)

.data      0    202000f8    00000018     UNINITIALIZED
                  202000f8    00000004     main.o (.data.Process_Buttons.joy_prev)
                  202000fc    00000004     main.o (.data.Process_Buttons.last_poll)
                  20200100    00000004     main.o (.data.Process_Buttons.s1_prev)
                  20200104    00000004     main.o (.data.Process_Buttons.s2_prev)
                  20200108    00000004     main.o (.data.current_wavetable)
                  2020010c    00000002     main.o (.data.Process_Joystick.last_joy_x)
                  2020010e    00000002     main.o (.data.Process_Joystick.last_joy_y)

.stack     0    20207e00    00000200     UNINITIALIZED
                  20207e00    00000004     libc.a : boot_cortex_m.c.obj (.stack)
                  20207e04    000001fc     --HOLE--

__llvm_prf_cnts 
*          0    20200000    00000000     UNINITIALIZED

__llvm_prf_bits 
*          0    20200000    00000000     UNINITIALIZED

MODULE SUMMARY

       Module                         code    ro data   rw data
       ------                         ----    -------   -------
    .\
       main.o                         2048    2048      72     
       startup_mspm0g350x_ticlang.o   8       192       0      
    +--+------------------------------+-------+---------+---------+
       Total:                         2056    2240      72     
                                                               
    .\syscfg\
       ti_msp_dl_config.o             4290    156       200    
    +--+------------------------------+-------+---------+---------+
       Total:                         4290    156       200    
                                                               
    .\ti\driverlib\
       dl_timer.o                     1312    0         0      
       dl_rtc_common.o                564     0         0      
       dl_spi.o                       148     0         0      
       dl_adc12.o                     116     0         0      
       dl_i2c.o                       92      0         0      
       dl_vref.o                      52      0         0      
       dl_common.o                    20      0         0      
    +--+------------------------------+-------+---------+---------+
       Total:                         2304    0         0      
                                                               
    .\ti\driverlib\m0p\sysctl\
       dl_sysctl_mspm0g1x0x_g3x0x.o   504     0         0      
    +--+------------------------------+-------+---------+---------+
       Total:                         504     0         0      
                                                               
    C:/ti/mspm0_sdk_2_09_00_01/source/ti/iqmath/lib/ticlang/m0p/mathacl/mspm0g1x0x_g3x0x/iqmath.a
       _IQNtoF.o                      48      0         0      
    +--+------------------------------+-------+---------+---------+
       Total:                         48      0         0      
                                                               
    C:\ti\ccs2040\ccs\tools\compiler\ti-cgt-armllvm_4.0.4.LTS\lib\armv6m-ti-none-eabi/c/libc.a
       copy_decompress_lzss.c.obj     124     0         0      
       autoinit.c.obj                 60      0         0      
       boot_cortex_m.c.obj            56      0         0      
       copy_zero_init.c.obj           22      0         0      
       copy_decompress_none.c.obj     18      0         0      
       memcpy16.S.obj                 18      0         0      
       memset16.S.obj                 14      0         0      
       exit.c.obj                     6       0         0      
       pre_init.c.obj                 4       0         0      
    +--+------------------------------+-------+---------+---------+
       Total:                         322     0         0      
                                                               
    C:\ti\ccs2040\ccs\tools\compiler\ti-cgt-armllvm_4.0.4.LTS\lib\armv6m-ti-none-eabi/c/libsysbm.a
       hostexit.c.obj                 4       0         0      
    +--+------------------------------+-------+---------+---------+
       Total:                         4       0         0      
                                                               
    C:\ti\ccs2040\ccs\tools\compiler\ti-cgt-armllvm_4.0.4.LTS\lib\armv6m-ti-none-eabi/libclang_rt.builtins.a
       adddf3.S.obj                   402     0         0      
       divdf3.S.obj                   268     0         0      
       muldf3.S.obj                   228     0         0      
       comparedf2.c.obj               220     0         0      
       mulsf3.S.obj                   140     0         0      
       divsf3.S.obj                   130     0         0      
       comparesf2.S.obj               118     0         0      
       aeabi_dcmp.S.obj               98      0         0      
       aeabi_fcmp.S.obj               98      0         0      
       fixdfsi.S.obj                  74      0         0      
       fixunsdfsi.S.obj               66      0         0      
       aeabi_uidivmod.S.obj           64      0         0      
       muldsi3.S.obj                  58      0         0      
       fixsfsi.S.obj                  56      0         0      
       fixunssfsi.S.obj               50      0         0      
       floatsidf.S.obj                44      0         0      
       floatunsidf.S.obj              36      0         0      
       aeabi_memset.S.obj             12      0         0      
       aeabi_memcpy.S.obj             8       0         0      
       aeabi_div0.c.obj               2       0         0      
    +--+------------------------------+-------+---------+---------+
       Total:                         2172    0         0      
                                                               
       Stack:                         0       0         512    
       Linker Generated:              0       53        0      
    +--+------------------------------+-------+---------+---------+
       Grand Total:                   11700   2449      784    


LINKER GENERATED COPY TABLES

__TI_cinit_table @ 00003758 records: 2, size/record: 8, table size: 16
	.data: load addr=00003730, load size=00000011 bytes, run addr=202000f8, run size=00000018 bytes, compression=lzss
	.bss: load addr=00003750, load size=00000008 bytes, run addr=20200000, run size=000000f8 bytes, compression=zero_init


LINKER GENERATED HANDLER TABLE

__TI_handler_table @ 00003744 records: 3, size/record: 4, table size: 12
	index: 0, handler: __TI_decompress_lzss
	index: 1, handler: __TI_decompress_none
	index: 2, handler: __TI_zero_init


FAR CALL TRAMPOLINES

callee name               trampoline name
   callee addr  tramp addr   call addr  call info
--------------  -----------  ---------  ----------------
_c_int00_noargs           $Tramp$TT$L$PI$$_c_int00_noargs
   0000243d     00002e7c     00002e76   startup_mspm0g350x_ticlang.o (.text.Reset_Handler)

[1 trampolines]
[1 trampoline calls]


GLOBAL SYMBOLS: SORTED ALPHABETICALLY BY Name 

address   name                                 
-------   ----                                 
00001731  ADC0_IRQHandler                      
000017f1  ADC1_IRQHandler                      
00002e6f  AES_IRQHandler                       
00002519  Audio_Init                           
000011f1  Audio_Set_Waveform                   
000025d9  Audio_Start                          
00001f55  Audio_Stop                           
0000127d  Audio_Update_Frequency               
00002185  Audio_Update_Volume                  
00002e72  C$$EXIT                              
00002e6f  CANFD0_IRQHandler                    
00002e6f  DAC0_IRQHandler                      
000019f1  DL_ADC12_setClockConfig              
00002c83  DL_Common_delayCycles                
00001f89  DL_I2C_setClockConfig                
00000ce5  DL_RTC_Common_initCalendar           
00001b6d  DL_SPI_init                          
000024b1  DL_SPI_setClockConfig                
0000239d  DL_SYSCTL_configFCC                  
00000b25  DL_SYSCTL_configSYSPLL               
00001a89  DL_SYSCTL_switchMCLKfromSYSOSCtoHSCLK
00000955  DL_Timer_initFourCCPWMMode           
00000535  DL_Timer_initTimerMode               
00001fbd  DL_Timer_setCaptCompUpdateMethod     
00001ff1  DL_Timer_setCaptureCompareAction     
00001d05  DL_Timer_setCaptureCompareCtl        
00002025  DL_Timer_setCaptureCompareInput      
00001c85  DL_Timer_setCaptureCompareOutCtl     
000021b1  DL_Timer_setCaptureCompareValue      
00002059  DL_Timer_setClockConfig              
0000208d  DL_VREF_configReference              
00002e6f  DMA_IRQHandler                       
00002e6f  Default_Handler                      
00002e6f  GROUP0_IRQHandler                    
00002e6f  GROUP1_IRQHandler                    
00002e73  HOSTexit                             
00002e6f  HardFault_Handler                    
00002e6f  I2C0_IRQHandler                      
00002e6f  I2C1_IRQHandler                      
00002e6f  NMI_Handler                          
00002e6f  PendSV_Handler                       
00000413  Process_Accelerometer                
00000415  Process_Buttons                      
00000f45  Process_Joystick                     
00002e6f  RTC_IRQHandler                       
00002e77  Reset_Handler                        
00002e6f  SPI0_IRQHandler                      
00002e6f  SPI1_IRQHandler                      
00002e6f  SVC_Handler                          
000010a5  SYSCFG_DL_ADC_ACCEL_init             
00000e91  SYSCFG_DL_ADC_MIC_JOY_init           
000000c1  SYSCFG_DL_GPIO_init                  
0000184d  SYSCFG_DL_I2C_0_init                 
000018a5  SYSCFG_DL_I2C_1_init                 
00001519  SYSCFG_DL_PWM_AUDIO_init             
00002415  SYSCFG_DL_RTC_init                   
00001bb5  SYSCFG_DL_SPI_LCD_init               
00002879  SYSCFG_DL_SYSCTL_CLK_init            
00000ff5  SYSCFG_DL_SYSCTL_SYSPLL_init         
0000114d  SYSCFG_DL_SYSCTL_init                
000018fd  SYSCFG_DL_TIMER_SAMPLE_init          
00002895  SYSCFG_DL_VREF_init                  
000019a1  SYSCFG_DL_init                       
00000dbd  SYSCFG_DL_initPower                  
00002e6f  SysTick_Handler                      
00001db9  System_Init                          
00002e6f  TIMA0_IRQHandler                     
00002e6f  TIMA1_IRQHandler                     
00002e6f  TIMG0_IRQHandler                     
00002e6f  TIMG12_IRQHandler                    
00002e6f  TIMG6_IRQHandler                     
00000c05  TIMG7_IRQHandler                     
00002e6f  TIMG8_IRQHandler                     
00002dab  TI_memcpy_small                      
00002e21  TI_memset_small                      
00002e6f  UART0_IRQHandler                     
00002e6f  UART1_IRQHandler                     
00002e6f  UART2_IRQHandler                     
00002e6f  UART3_IRQHandler                     
00002155  _IQ24toF                             
20208000  __STACK_END                          
00000200  __STACK_SIZE                         
00000000  __TI_ATRegion0_region_sz             
00000000  __TI_ATRegion0_src_addr              
00000000  __TI_ATRegion0_trg_addr              
00000000  __TI_ATRegion1_region_sz             
00000000  __TI_ATRegion1_src_addr              
00000000  __TI_ATRegion1_trg_addr              
00000000  __TI_ATRegion2_region_sz             
00000000  __TI_ATRegion2_src_addr              
00000000  __TI_ATRegion2_trg_addr              
00003758  __TI_CINIT_Base                      
00003768  __TI_CINIT_Limit                     
00003768  __TI_CINIT_Warm                      
00003744  __TI_Handler_Table_Base              
00003750  __TI_Handler_Table_Limit             
00001e31  __TI_auto_init_nobinit_nopinit       
0000149d  __TI_decompress_lzss                 
00002dbd  __TI_decompress_none                 
ffffffff  __TI_pprof_out_hndl                  
ffffffff  __TI_prof_data_size                  
ffffffff  __TI_prof_data_start                 
00000000  __TI_static_base__                   
00002c59  __TI_zero_init_nomemset              
0000028b  __adddf3                             
00001b21  __aeabi_d2iz                         
00001c41  __aeabi_d2uiz                        
0000028b  __aeabi_dadd                         
00001669  __aeabi_dcmpeq                       
000016a5  __aeabi_dcmpge                       
000016b9  __aeabi_dcmpgt                       
00001691  __aeabi_dcmple                       
0000167d  __aeabi_dcmplt                       
00000755  __aeabi_ddiv                         
00000a41  __aeabi_dmul                         
00000281  __aeabi_dsub                         
00001f1d  __aeabi_f2iz                         
000020c1  __aeabi_f2uiz                        
000016cd  __aeabi_fcmpeq                       
00001709  __aeabi_fcmpge                       
0000171d  __aeabi_fcmpgt                       
000016f5  __aeabi_fcmple                       
000016e1  __aeabi_fcmplt                       
00001419  __aeabi_fdiv                         
00001309  __aeabi_fmul                         
00002209  __aeabi_i2d                          
0000149b  __aeabi_idiv0                        
00002e55  __aeabi_memclr                       
00002e55  __aeabi_memclr4                      
00002e55  __aeabi_memclr8                      
00002e61  __aeabi_memcpy                       
00002e61  __aeabi_memcpy4                      
00002e61  __aeabi_memcpy8                      
000024d5  __aeabi_ui2d                         
00001cc5  __aeabi_uidiv                        
00001cc5  __aeabi_uidivmod                     
ffffffff  __binit__                            
00001601  __cmpdf2                             
00001e6d  __cmpsf2                             
00000755  __divdf3                             
00001419  __divsf3                             
00001601  __eqdf2                              
00001e6d  __eqsf2                              
00001b21  __fixdfsi                            
00001f1d  __fixsfsi                            
00001c41  __fixunsdfsi                         
000020c1  __fixunssfsi                         
00002209  __floatsidf                          
000024d5  __floatunsidf                        
0000158d  __gedf2                              
00001df5  __gesf2                              
0000158d  __gtdf2                              
00001df5  __gtsf2                              
00001601  __ledf2                              
00001e6d  __lesf2                              
00001601  __ltdf2                              
00001e6d  __ltsf2                              
UNDEFED   __mpu_init                           
00000a41  __muldf3                             
00001ea9  __muldsi3                            
00001309  __mulsf3                             
00001601  __nedf2                              
00001e6d  __nesf2                              
20207e00  __stack                              
20200000  __start___llvm_prf_bits              
20200000  __start___llvm_prf_cnts              
20200000  __stop___llvm_prf_bits               
20200000  __stop___llvm_prf_cnts               
00000281  __subdf3                             
0000243d  _c_int00_noargs                      
UNDEFED   _system_post_cinit                   
00002e8d  _system_pre_init                     
00002e69  abort                                
ffffffff  binit                                
202000d0  gSPI_LCDBackup                       
202000a0  gSynthState                          
20200000  gTIMER_SAMPLEBackup                  
00000000  interruptVectors                     
00000861  main                                 
00002e90  wavetable_sawtooth                   
00003090  wavetable_sine                       
00003290  wavetable_square                     
00003490  wavetable_triangle                   


GLOBAL SYMBOLS: SORTED BY Symbol Address 

address   name                                 
-------   ----                                 
00000000  __TI_ATRegion0_region_sz             
00000000  __TI_ATRegion0_src_addr              
00000000  __TI_ATRegion0_trg_addr              
00000000  __TI_ATRegion1_region_sz             
00000000  __TI_ATRegion1_src_addr              
00000000  __TI_ATRegion1_trg_addr              
00000000  __TI_ATRegion2_region_sz             
00000000  __TI_ATRegion2_src_addr              
00000000  __TI_ATRegion2_trg_addr              
00000000  __TI_static_base__                   
00000000  interruptVectors                     
000000c1  SYSCFG_DL_GPIO_init                  
00000200  __STACK_SIZE                         
00000281  __aeabi_dsub                         
00000281  __subdf3                             
0000028b  __adddf3                             
0000028b  __aeabi_dadd                         
00000413  Process_Accelerometer                
00000415  Process_Buttons                      
00000535  DL_Timer_initTimerMode               
00000755  __aeabi_ddiv                         
00000755  __divdf3                             
00000861  main                                 
00000955  DL_Timer_initFourCCPWMMode           
00000a41  __aeabi_dmul                         
00000a41  __muldf3                             
00000b25  DL_SYSCTL_configSYSPLL               
00000c05  TIMG7_IRQHandler                     
00000ce5  DL_RTC_Common_initCalendar           
00000dbd  SYSCFG_DL_initPower                  
00000e91  SYSCFG_DL_ADC_MIC_JOY_init           
00000f45  Process_Joystick                     
00000ff5  SYSCFG_DL_SYSCTL_SYSPLL_init         
000010a5  SYSCFG_DL_ADC_ACCEL_init             
0000114d  SYSCFG_DL_SYSCTL_init                
000011f1  Audio_Set_Waveform                   
0000127d  Audio_Update_Frequency               
00001309  __aeabi_fmul                         
00001309  __mulsf3                             
00001419  __aeabi_fdiv                         
00001419  __divsf3                             
0000149b  __aeabi_idiv0                        
0000149d  __TI_decompress_lzss                 
00001519  SYSCFG_DL_PWM_AUDIO_init             
0000158d  __gedf2                              
0000158d  __gtdf2                              
00001601  __cmpdf2                             
00001601  __eqdf2                              
00001601  __ledf2                              
00001601  __ltdf2                              
00001601  __nedf2                              
00001669  __aeabi_dcmpeq                       
0000167d  __aeabi_dcmplt                       
00001691  __aeabi_dcmple                       
000016a5  __aeabi_dcmpge                       
000016b9  __aeabi_dcmpgt                       
000016cd  __aeabi_fcmpeq                       
000016e1  __aeabi_fcmplt                       
000016f5  __aeabi_fcmple                       
00001709  __aeabi_fcmpge                       
0000171d  __aeabi_fcmpgt                       
00001731  ADC0_IRQHandler                      
000017f1  ADC1_IRQHandler                      
0000184d  SYSCFG_DL_I2C_0_init                 
000018a5  SYSCFG_DL_I2C_1_init                 
000018fd  SYSCFG_DL_TIMER_SAMPLE_init          
000019a1  SYSCFG_DL_init                       
000019f1  DL_ADC12_setClockConfig              
00001a89  DL_SYSCTL_switchMCLKfromSYSOSCtoHSCLK
00001b21  __aeabi_d2iz                         
00001b21  __fixdfsi                            
00001b6d  DL_SPI_init                          
00001bb5  SYSCFG_DL_SPI_LCD_init               
00001c41  __aeabi_d2uiz                        
00001c41  __fixunsdfsi                         
00001c85  DL_Timer_setCaptureCompareOutCtl     
00001cc5  __aeabi_uidiv                        
00001cc5  __aeabi_uidivmod                     
00001d05  DL_Timer_setCaptureCompareCtl        
00001db9  System_Init                          
00001df5  __gesf2                              
00001df5  __gtsf2                              
00001e31  __TI_auto_init_nobinit_nopinit       
00001e6d  __cmpsf2                             
00001e6d  __eqsf2                              
00001e6d  __lesf2                              
00001e6d  __ltsf2                              
00001e6d  __nesf2                              
00001ea9  __muldsi3                            
00001f1d  __aeabi_f2iz                         
00001f1d  __fixsfsi                            
00001f55  Audio_Stop                           
00001f89  DL_I2C_setClockConfig                
00001fbd  DL_Timer_setCaptCompUpdateMethod     
00001ff1  DL_Timer_setCaptureCompareAction     
00002025  DL_Timer_setCaptureCompareInput      
00002059  DL_Timer_setClockConfig              
0000208d  DL_VREF_configReference              
000020c1  __aeabi_f2uiz                        
000020c1  __fixunssfsi                         
00002155  _IQ24toF                             
00002185  Audio_Update_Volume                  
000021b1  DL_Timer_setCaptureCompareValue      
00002209  __aeabi_i2d                          
00002209  __floatsidf                          
0000239d  DL_SYSCTL_configFCC                  
00002415  SYSCFG_DL_RTC_init                   
0000243d  _c_int00_noargs                      
000024b1  DL_SPI_setClockConfig                
000024d5  __aeabi_ui2d                         
000024d5  __floatunsidf                        
00002519  Audio_Init                           
000025d9  Audio_Start                          
00002879  SYSCFG_DL_SYSCTL_CLK_init            
00002895  SYSCFG_DL_VREF_init                  
00002c59  __TI_zero_init_nomemset              
00002c83  DL_Common_delayCycles                
00002dab  TI_memcpy_small                      
00002dbd  __TI_decompress_none                 
00002e21  TI_memset_small                      
00002e55  __aeabi_memclr                       
00002e55  __aeabi_memclr4                      
00002e55  __aeabi_memclr8                      
00002e61  __aeabi_memcpy                       
00002e61  __aeabi_memcpy4                      
00002e61  __aeabi_memcpy8                      
00002e69  abort                                
00002e6f  AES_IRQHandler                       
00002e6f  CANFD0_IRQHandler                    
00002e6f  DAC0_IRQHandler                      
00002e6f  DMA_IRQHandler                       
00002e6f  Default_Handler                      
00002e6f  GROUP0_IRQHandler                    
00002e6f  GROUP1_IRQHandler                    
00002e6f  HardFault_Handler                    
00002e6f  I2C0_IRQHandler                      
00002e6f  I2C1_IRQHandler                      
00002e6f  NMI_Handler                          
00002e6f  PendSV_Handler                       
00002e6f  RTC_IRQHandler                       
00002e6f  SPI0_IRQHandler                      
00002e6f  SPI1_IRQHandler                      
00002e6f  SVC_Handler                          
00002e6f  SysTick_Handler                      
00002e6f  TIMA0_IRQHandler                     
00002e6f  TIMA1_IRQHandler                     
00002e6f  TIMG0_IRQHandler                     
00002e6f  TIMG12_IRQHandler                    
00002e6f  TIMG6_IRQHandler                     
00002e6f  TIMG8_IRQHandler                     
00002e6f  UART0_IRQHandler                     
00002e6f  UART1_IRQHandler                     
00002e6f  UART2_IRQHandler                     
00002e6f  UART3_IRQHandler                     
00002e72  C$$EXIT                              
00002e73  HOSTexit                             
00002e77  Reset_Handler                        
00002e8d  _system_pre_init                     
00002e90  wavetable_sawtooth                   
00003090  wavetable_sine                       
00003290  wavetable_square                     
00003490  wavetable_triangle                   
00003744  __TI_Handler_Table_Base              
00003750  __TI_Handler_Table_Limit             
00003758  __TI_CINIT_Base                      
00003768  __TI_CINIT_Limit                     
00003768  __TI_CINIT_Warm                      
20200000  __start___llvm_prf_bits              
20200000  __start___llvm_prf_cnts              
20200000  __stop___llvm_prf_bits               
20200000  __stop___llvm_prf_cnts               
20200000  gTIMER_SAMPLEBackup                  
202000a0  gSynthState                          
202000d0  gSPI_LCDBackup                       
20207e00  __stack                              
20208000  __STACK_END                          
ffffffff  __TI_pprof_out_hndl                  
ffffffff  __TI_prof_data_size                  
ffffffff  __TI_prof_data_start                 
ffffffff  __binit__                            
ffffffff  binit                                
UNDEFED   __mpu_init                           
UNDEFED   _system_post_cinit                   

[183 symbols]
