******************************************************************************
            TI ARM Clang Linker PC v4.0.4                      
******************************************************************************
>> Linked Fri Dec 19 01:16:21 2025

OUTPUT FILE NAME:   <Motion_Music_studio.out>
ENTRY POINT SYMBOL: "_c_int00_noargs"  address: 00004431


MEMORY CONFIGURATION

         name            origin    length      used     unused   attr    fill
----------------------  --------  ---------  --------  --------  ----  --------
  FLASH                 00000000   00020000  00005500  0001ab00  R  X
  SRAM                  20200000   00008000  00000aff  00007501  RW X
  BCR_CONFIG            41c00000   000000ff  00000000  000000ff  R   
  BSL_CONFIG            41c00100   00000080  00000000  00000080  R   


SEGMENT ALLOCATION MAP

run origin  load origin   length   init length attrs members
----------  ----------- ---------- ----------- ----- -------
00000000    00000000    00005500   00005500    r-x
  00000000    00000000    000000c0   000000c0    r-- .intvecs
  000000c0    000000c0    00004cf0   00004cf0    r-x .text
  00004db0    00004db0    00000710   00000710    r-- .rodata
  000054c0    000054c0    00000040   00000040    r-- .cinit
20200000    20200000    000008ff   00000000    rw-
  20200000    20200000    00000800   00000000    rw- .sysmem
  20200800    20200800    000000c8   00000000    rw- .bss
  202008c8    202008c8    00000037   00000000    rw- .data
20207e00    20207e00    00000200   00000200    rw-
  20207e00    20207e00    00000200   00000200    rw- .stack


SECTION ALLOCATION MAP

 output                                  attributes/
section   page    origin      length       input sections
--------  ----  ----------  ----------   ----------------
.intvecs   0    00000000    000000c0     
                  00000000    000000c0     startup_mspm0g350x_ticlang.o (.intvecs)

.text      0    000000c0    00004cf0     
                  000000c0    00000868     libc.a : _printfi.c.obj (.text:__TI_printfi_nofloat)
                  00000928    00000644            : k_rem_pio2.c.obj (.text.__kernel_rem_pio2)
                  00000f6c    00000274     main.o (.text.Process_Input)
                  000011e0    00000200     lcd_driver.o (.text.LCD_DrawWaveform)
                  000013e0    000001c8     libc.a : s_sinf.c.obj (.text.sinf)
                  000015a8    0000019c     ti_msp_dl_config.o (.text.SYSCFG_DL_GPIO_init)
                  00001744    00000192     libclang_rt.builtins.a : adddf3.S.obj (.text.adddf3_subdf3)
                  000018d6    00000002                            : aeabi_div0.c.obj (.text.__aeabi_idiv0)
                  000018d8    00000184     main.o (.text.Update_Display)
                  00001a5c    00000164     lcd_driver.o (.text.LCD_DrawLine)
                  00001bc0    0000015c     main.o (.text.Generate_Audio_Sample)
                  00001d1c    00000154     main.o (.text.main)
                  00001e70    00000144     libc.a : s_floor.c.obj (.text.floor)
                  00001fb4    00000110     dl_timer.o (.text.DL_Timer_initTimerMode)
                  000020c4    00000110     dl_timer.o (.text.DL_Timer_initTwoCCPWMMode)
                  000021d4    0000010c     libclang_rt.builtins.a : divdf3.S.obj (.text.__divdf3)
                  000022e0    000000f4     lcd_driver.o (.text.LCD_DrawChar)
                  000023d4    000000ec     dl_sysctl_mspm0g1x0x_g3x0x.o (.text.DL_SYSCTL_configSYSPLL)
                  000024c0    000000ec     dl_timer.o (.text.DL_Timer_initFourCCPWMMode)
                  000025ac    000000e4     libclang_rt.builtins.a : muldf3.S.obj (.text.__muldf3)
                  00002690    000000d8     libc.a : s_scalbn.c.obj (.text.scalbn)
                  00002768    000000d8     libclang_rt.builtins.a : addsf3.S.obj (.text)
                  00002840    000000c0     ti_msp_dl_config.o (.text.SYSCFG_DL_initPower)
                  00002900    000000ba     lcd_driver.o (.text.LCD_FillRect)
                  000029ba    00000002     libclang_rt.builtins.a : aeabi_div0.c.obj (.text.__aeabi_ldiv0)
                  000029bc    000000ac     libc.a : s_sinf.c.obj (.text.__kernel_sindf)
                  00002a68    000000a8     ti_msp_dl_config.o (.text.SYSCFG_DL_ADC_ACCEL_init)
                  00002b10    000000a4     lcd_driver.o (.text.LCD_DrawRect)
                  00002bb4    000000a2     libclang_rt.builtins.a : udivmoddi4.S.obj (.text)
                  00002c56    0000009c     lcd_driver.o (.text.LCD_FillCircle)
                  00002cf2    00000002     --HOLE-- [fill = 0]
                  00002cf4    0000009c     ti_msp_dl_config.o (.text.SYSCFG_DL_ADC_MIC_JOY_init)
                  00002d90    0000009c     libc.a : s_sinf.c.obj (.text.__kernel_cosdf)
                  00002e2c    00000094     lcd_driver.o (.text.LCD_Init)
                  00002ec0    0000008c     libclang_rt.builtins.a : mulsf3.S.obj (.text.__mulsf3)
                  00002f4c    00000084     ti_msp_dl_config.o (.text.__NVIC_SetPriority)
                  00002fd0    00000082     libclang_rt.builtins.a : divsf3.S.obj (.text.__divsf3)
                  00003052    00000002     --HOLE-- [fill = 0]
                  00003054    00000080     main.o (.text.delay_ms)
                  000030d4    0000007c     libc.a : copy_decompress_lzss.c.obj (.text:decompress:lzss)
                  00003150    00000078     main.o (.text.HardFault_Handler)
                  000031c8    00000074     ti_msp_dl_config.o (.text.SYSCFG_DL_PWM_AUDIO_init)
                  0000323c    00000074     libclang_rt.builtins.a : comparedf2.c.obj (.text.__gedf2)
                  000032b0    00000074                            : truncdfsf2.S.obj (.text.__truncdfsf2)
                  00003324    00000070     main.o (.text.GPIOA_IRQHandler)
                  00003394    0000006c     ti_msp_dl_config.o (.text.SYSCFG_DL_SYSCTL_init)
                  00003400    00000068     libclang_rt.builtins.a : comparedf2.c.obj (.text.__ledf2)
                  00003468    00000064     main.o (.text.float_to_string)
                  000034cc    00000062     libclang_rt.builtins.a : aeabi_dcmp.S.obj (.text.__aeabi_dcmp)
                  0000352e    00000002     --HOLE-- [fill = 0]
                  00003530    00000062                            : aeabi_fcmp.S.obj (.text.__aeabi_fcmp)
                  00003592    00000002     --HOLE-- [fill = 0]
                  00003594    00000060     main.o (.text.ADC0_IRQHandler)
                  000035f4    00000060     ti_msp_dl_config.o (.text.DL_ADC12_initSeqSample)
                  00003654    0000005c     main.o (.text.ADC1_IRQHandler)
                  000036b0    00000058     ti_msp_dl_config.o (.text.SYSCFG_DL_I2C_0_init)
                  00003708    00000058     ti_msp_dl_config.o (.text.SYSCFG_DL_I2C_1_init)
                  00003760    00000056     libclang_rt.builtins.a : aeabi_idivmod.S.obj (.text.__aeabi_idivmod)
                  000037b6    00000054     lcd_driver.o (.text.LCD_DrawString)
                  0000380a    00000052     lcd_driver.o (.text.LCD_SetWindow)
                  0000385c    00000050     ti_msp_dl_config.o (.text.DL_GPIO_initPeripheralInputFunctionFeatures)
                  000038ac    0000004c     dl_adc12.o (.text.DL_ADC12_setClockConfig)
                  000038f8    0000004c     ti_msp_dl_config.o (.text.DL_GPIO_initDigitalInputFeatures)
                  00003944    0000004c     dl_sysctl_mspm0g1x0x_g3x0x.o (.text.DL_SYSCTL_switchMCLKfromSYSOSCtoHSCLK)
                  00003990    0000004c     ti_msp_dl_config.o (.text.SYSCFG_DL_init)
                  000039dc    0000004c     libc.a : snprintf.c.obj (.text.snprintf)
                  00003a28    0000004a     ti_msp_dl_config.o (.text.DL_ADC12_configConversionMem)
                  00003a72    00000002     --HOLE-- [fill = 0]
                  00003a74    0000004a     libclang_rt.builtins.a : fixdfsi.S.obj (.text.__fixdfsi)
                  00003abe    00000002     --HOLE-- [fill = 0]
                  00003ac0    00000048     dl_spi.o (.text.DL_SPI_init)
                  00003b08    00000048     lcd_driver.o (.text.LCD_Clear)
                  00003b50    00000048     main.o (.text.check_stack_canary)
                  00003b98    00000044     lcd_driver.o (.text.LCD_DrawPixel)
                  00003bdc    00000042     libclang_rt.builtins.a : fixunsdfsi.S.obj (.text.__fixunsdfsi)
                  00003c1e    00000002     --HOLE-- [fill = 0]
                  00003c20    00000040     dl_timer.o (.text.DL_Timer_setCaptureCompareOutCtl)
                  00003c60    00000040     ti_msp_dl_config.o (.text.SYSCFG_DL_SPI_LCD_init)
                  00003ca0    00000040     ti_msp_dl_config.o (.text.SYSCFG_DL_TIMER_SAMPLE_init)
                  00003ce0    00000040     libclang_rt.builtins.a : aeabi_uidivmod.S.obj (.text.__aeabi_uidivmod)
                  00003d20    00000040                            : extendsfdf2.S.obj (.text.__extendsfdf2)
                  00003d60    00000040     libc.a : atoi.c.obj (.text.atoi)
                  00003da0    0000003c     dl_timer.o (.text.DL_Timer_setCaptureCompareCtl)
                  00003ddc    0000003c     dl_timer.o (.text.DL_Timer_setCounterControl)
                  00003e18    0000003c     ti_msp_dl_config.o (.text.DL_Timer_setCounterControl)
                  00003e54    0000003c     main.o (.text.Update_Phase_Increment)
                  00003e90    0000003c     libclang_rt.builtins.a : floatsisf.S.obj (.text.__floatsisf)
                  00003ecc    0000003c                            : comparesf2.S.obj (.text.__gtsf2)
                  00003f08    0000003c     libc.a : autoinit.c.obj (.text:__TI_auto_init_nobinit_nopinit)
                  00003f44    0000003a     libclang_rt.builtins.a : comparesf2.S.obj (.text.__eqsf2)
                  00003f7e    00000002     --HOLE-- [fill = 0]
                  00003f80    0000003a                            : muldsi3.S.obj (.text.__muldsi3)
                  00003fba    00000002     --HOLE-- [fill = 0]
                  00003fbc    00000038                            : fixsfsi.S.obj (.text.__fixsfsi)
                  00003ff4    00000034     dl_i2c.o (.text.DL_I2C_setClockConfig)
                  00004028    00000034     dl_timer.o (.text.DL_Timer_setCaptCompUpdateMethod)
                  0000405c    00000034     dl_timer.o (.text.DL_Timer_setCaptureCompareAction)
                  00004090    00000034     dl_timer.o (.text.DL_Timer_setCaptureCompareInput)
                  000040c4    00000034     dl_timer.o (.text.DL_Timer_setClockConfig)
                  000040f8    00000034     dl_vref.o (.text.DL_VREF_configReference)
                  0000412c    00000030     main.o (.text.DL_ADC12_getMemResult)
                  0000415c    00000030     ti_msp_dl_config.o (.text.DL_SPI_setFIFOThreshold)
                  0000418c    00000030     lcd_driver.o (.text.LCD_WriteCommand)
                  000041bc    00000030     lcd_driver.o (.text.LCD_WriteData)
                  000041ec    00000030     libc.a : snprintf.c.obj (.text._outs)
                  0000421c    0000002c     dl_timer.o (.text.DL_Timer_setCaptureCompareValue)
                  00004248    0000002c     main.o (.text.__NVIC_EnableIRQ)
                  00004274    0000002c     libclang_rt.builtins.a : floatsidf.S.obj (.text.__floatsidf)
                  000042a0    00000028     dl_adc12.o (.text.DL_Common_updateReg)
                  000042c8    00000028     dl_i2c.o (.text.DL_Common_updateReg)
                  000042f0    00000028     dl_spi.o (.text.DL_Common_updateReg)
                  00004318    00000028     dl_sysctl_mspm0g1x0x_g3x0x.o (.text.DL_Common_updateReg)
                  00004340    00000028     dl_timer.o (.text.DL_Common_updateReg)
                  00004368    00000028     ti_msp_dl_config.o (.text.DL_Common_updateReg)
                  00004390    00000028     ti_msp_dl_config.o (.text.DL_I2C_setControllerRXFIFOThreshold)
                  000043b8    00000028     ti_msp_dl_config.o (.text.DL_I2C_setControllerTXFIFOThreshold)
                  000043e0    00000028     ti_msp_dl_config.o (.text.DL_SYSCTL_setPowerPolicySTANDBY0)
                  00004408    00000028     libclang_rt.builtins.a : floatunsisf.S.obj (.text.__floatunsisf)
                  00004430    00000028     libc.a : boot_cortex_m.c.obj (.text:_c_int00_noargs)
                  00004458    00000026     ti_msp_dl_config.o (.text.DL_I2C_setAnalogGlitchFilterPulseWidth)
                  0000447e    00000002     --HOLE-- [fill = 0]
                  00004480    00000024     ti_msp_dl_config.o (.text.DL_SPI_setBitRateSerialClockDivider)
                  000044a4    00000024     dl_spi.o (.text.DL_SPI_setClockConfig)
                  000044c8    00000024     libclang_rt.builtins.a : muldi3.S.obj (.text.__muldi3)
                  000044ec    00000022     libc.a : memccpy.c.obj (.text.memccpy)
                  0000450e    00000002     --HOLE-- [fill = 0]
                  00004510    00000020     dl_sysctl_mspm0g1x0x_g3x0x.o (.text.DL_CORE_configInstruction)
                  00004530    00000020     ti_msp_dl_config.o (.text.DL_GPIO_initPeripheralInputFunction)
                  00004550    00000020     ti_msp_dl_config.o (.text.DL_SYSCTL_setFlashWaitState)
                  00004570    00000020     ti_msp_dl_config.o (.text.DL_SYSCTL_setMFPCLKSource)
                  00004590    00000020     dl_timer.o (.text.DL_Timer_setCounterValueAfterEnable)
                  000045b0    0000001e     lcd_driver.o (.text.LCD_WriteData16)
                  000045ce    00000002     --HOLE-- [fill = 0]
                  000045d0    0000001e     libclang_rt.builtins.a : ashldi3.S.obj (.text.__ashldi3)
                  000045ee    00000002     --HOLE-- [fill = 0]
                  000045f0    0000001c     ti_msp_dl_config.o (.text.DL_ADC12_clearInterruptStatus)
                  0000460c    0000001c     ti_msp_dl_config.o (.text.DL_ADC12_enableInterrupt)
                  00004628    0000001c     main.o (.text.DL_ADC12_startConversion)
                  00004644    0000001c     main.o (.text.DL_GPIO_clearInterruptStatus)
                  00004660    0000001c     ti_msp_dl_config.o (.text.DL_GPIO_clearInterruptStatus)
                  0000467c    0000001c     ti_msp_dl_config.o (.text.DL_GPIO_enableHiZ)
                  00004698    0000001c     ti_msp_dl_config.o (.text.DL_GPIO_enableInterrupt)
                  000046b4    0000001c     ti_msp_dl_config.o (.text.DL_GPIO_initPeripheralOutputFunction)
                  000046d0    0000001c     ti_msp_dl_config.o (.text.DL_GPIO_setLowerPinsPolarity)
                  000046ec    0000001c     ti_msp_dl_config.o (.text.DL_SYSCTL_setMCLKDivider)
                  00004708    0000001c     ti_msp_dl_config.o (.text.DL_SYSCTL_setSYSOSCFreq)
                  00004724    0000001c     ti_msp_dl_config.o (.text.DL_SYSCTL_setULPCLKDivider)
                  00004740    0000001c     ti_msp_dl_config.o (.text.DL_Timer_enableInterrupt)
                  0000475c    0000001c     ti_msp_dl_config.o (.text.SYSCFG_DL_SYSCTL_CLK_init)
                  00004778    0000001c     ti_msp_dl_config.o (.text.SYSCFG_DL_VREF_init)
                  00004794    0000001c     main.o (.text.TIMG7_IRQHandler)
                  000047b0    00000018     ti_msp_dl_config.o (.text.DL_ADC12_enablePower)
                  000047c8    00000018     ti_msp_dl_config.o (.text.DL_ADC12_reset)
                  000047e0    00000018     ti_msp_dl_config.o (.text.DL_ADC12_setSampleTime0)
                  000047f8    00000018     ti_msp_dl_config.o (.text.DL_GPIO_enableOutput)
                  00004810    00000018     ti_msp_dl_config.o (.text.DL_GPIO_enablePower)
                  00004828    00000018     main.o (.text.DL_GPIO_getEnabledInterruptStatus)
                  00004840    00000018     ti_msp_dl_config.o (.text.DL_GPIO_initDigitalOutput)
                  00004858    00000018     ti_msp_dl_config.o (.text.DL_GPIO_reset)
                  00004870    00000018     lcd_driver.o (.text.DL_GPIO_setPins)
                  00004888    00000018     main.o (.text.DL_GPIO_setPins)
                  000048a0    00000018     ti_msp_dl_config.o (.text.DL_GPIO_setPins)
                  000048b8    00000018     main.o (.text.DL_GPIO_togglePins)
                  000048d0    00000018     ti_msp_dl_config.o (.text.DL_I2C_enableAnalogGlitchFilter)
                  000048e8    00000018     ti_msp_dl_config.o (.text.DL_I2C_enableController)
                  00004900    00000018     ti_msp_dl_config.o (.text.DL_I2C_enableControllerClockStretching)
                  00004918    00000018     ti_msp_dl_config.o (.text.DL_I2C_enablePower)
                  00004930    00000018     ti_msp_dl_config.o (.text.DL_I2C_reset)
                  00004948    00000018     ti_msp_dl_config.o (.text.DL_I2C_setTimerPeriod)
                  00004960    00000018     ti_msp_dl_config.o (.text.DL_SPI_enable)
                  00004978    00000018     ti_msp_dl_config.o (.text.DL_SPI_enablePower)
                  00004990    00000018     lcd_driver.o (.text.DL_SPI_isBusy)
                  000049a8    00000018     ti_msp_dl_config.o (.text.DL_SPI_reset)
                  000049c0    00000018     ti_msp_dl_config.o (.text.DL_SYSCTL_enableInterrupt)
                  000049d8    00000018     ti_msp_dl_config.o (.text.DL_SYSCTL_setBORThreshold)
                  000049f0    00000018     dl_sysctl_mspm0g1x0x_g3x0x.o (.text.DL_SYSCTL_setHSCLKSource)
                  00004a08    00000018     ti_msp_dl_config.o (.text.DL_Timer_enablePower)
                  00004a20    00000018     ti_msp_dl_config.o (.text.DL_Timer_reset)
                  00004a38    00000018     dl_timer.o (.text.DL_Timer_setLoadValue)
                  00004a50    00000018     ti_msp_dl_config.o (.text.DL_VREF_enablePower)
                  00004a68    00000018     ti_msp_dl_config.o (.text.DL_VREF_reset)
                  00004a80    00000018     libc.a : snprintf.c.obj (.text._outc)
                  00004a98    00000016     main.o (.text.DL_ADC12_enableConversions)
                  00004aae    00000016     ti_msp_dl_config.o (.text.DL_ADC12_enableConversions)
                  00004ac4    00000016     ti_msp_dl_config.o (.text.DL_GPIO_enableGlobalFastWake)
                  00004ada    00000016     lcd_driver.o (.text.DL_SPI_transmitData8)
                  00004af0    00000016     libc.a : k_rem_pio2.c.obj (.text.OUTLINED_FUNCTION_0)
                  00004b06    00000002     --HOLE-- [fill = 0]
                  00004b08    00000010     libclang_rt.builtins.a : adddf3.S.obj (.tramp.__aeabi_dadd.1)
                  00004b18    00000016     libc.a : copy_zero_init.c.obj (.text:decompress:ZI:__TI_zero_init_nomemset)
                  00004b2e    00000014     dl_common.o (.text.DL_Common_delayCycles)
                  00004b42    00000002     --HOLE-- [fill = 0]
                  00004b44    00000014     ti_msp_dl_config.o (.text.DL_FlashCTL_enableInterrupt)
                  00004b58    00000014     lcd_driver.o (.text.DL_GPIO_clearPins)
                  00004b6c    00000014     main.o (.text.DL_GPIO_clearPins)
                  00004b80    00000014     ti_msp_dl_config.o (.text.DL_GPIO_clearPins)
                  00004b94    00000014     ti_msp_dl_config.o (.text.DL_I2C_resetControllerTransfer)
                  00004ba8    00000014     dl_sysctl_mspm0g1x0x_g3x0x.o (.text.DL_SYSCTL_disableSYSPLL)
                  00004bbc    00000014     ti_msp_dl_config.o (.text.DL_SYSCTL_disableSYSPLL)
                  00004bd0    00000014     ti_msp_dl_config.o (.text.DL_SYSCTL_enableMFCLK)
                  00004be4    00000014     ti_msp_dl_config.o (.text.DL_Timer_enableClock)
                  00004bf8    00000014     ti_msp_dl_config.o (.text.DL_Timer_setCCPDirection)
                  00004c0c    00000014     lcd_driver.o (.text.LCD_DC_Command)
                  00004c20    00000014     lcd_driver.o (.text.LCD_DC_Data)
                  00004c34    00000014     libclang_rt.builtins.a : aeabi_uldivmod.S.obj (.text.__aeabi_uldivmod)
                  00004c48    00000012     main.o (.text.DL_ADC12_getPendingInterrupt)
                  00004c5a    00000012     main.o (.text.DL_Timer_getPendingInterrupt)
                  00004c6c    00000012     libc.a : memcpy16.S.obj (.text:TI_memcpy_small)
                  00004c7e    00000012            : copy_decompress_none.c.obj (.text:decompress:none)
                  00004c90    00000010     dl_sysctl_mspm0g1x0x_g3x0x.o (.text.DL_CORE_getInstructionConfig)
                  00004ca0    00000010     ti_msp_dl_config.o (.text.DL_SYSCTL_disableHFXT)
                  00004cb0    00000010     ti_msp_dl_config.o (.text.DL_SYSCTL_enableMFPCLK)
                  00004cc0    00000010     main.o (.text.DL_Timer_getTimerCount)
                  00004cd0    00000010     libc.a : k_rem_pio2.c.obj (.text.OUTLINED_FUNCTION_2)
                  00004ce0    00000010            : wcslen.c.obj (.text.wcslen)
                  00004cf0    0000000e     libclang_rt.builtins.a : aeabi_memset.S.obj (.text.__aeabi_memset)
                  00004cfe    0000000e     libc.a : _printfi.c.obj (.text.strlen)
                  00004d0c    0000000e            : memset16.S.obj (.text:TI_memset_small)
                  00004d1a    00000002     --HOLE-- [fill = 0]
                  00004d1c    0000000c     dl_sysctl_mspm0g1x0x_g3x0x.o (.text.DL_SYSCTL_getClockStatus)
                  00004d28    0000000c     ti_msp_dl_config.o (.text.DL_SYSCTL_getClockStatus)
                  00004d34    0000000a     libc.a : k_rem_pio2.c.obj (.text.OUTLINED_FUNCTION_1)
                  00004d3e    0000000a            : s_sinf.c.obj (.text.OUTLINED_FUNCTION_3)
                  00004d48    0000000a     startup_mspm0g350x_ticlang.o (.text.ResetISR)
                  00004d52    00000002     --HOLE-- [fill = 0]
                  00004d54    00000008     libc.a : aeabi_portable.c.obj (.text.__aeabi_errno_addr)
                  00004d5c    00000008     libclang_rt.builtins.a : aeabi_memcpy.S.obj (.text.__aeabi_memcpy)
                  00004d64    00000006     libc.a : s_sinf.c.obj (.text.OUTLINED_FUNCTION_0)
                  00004d6a    00000002     --HOLE-- [fill = 0]
                  00004d6c    00000010     libclang_rt.builtins.a : muldf3.S.obj (.tramp.__aeabi_dmul.1)
                  00004d7c    00000006     libc.a : s_sinf.c.obj (.text.OUTLINED_FUNCTION_1)
                  00004d82    00000006            : exit.c.obj (.text:abort)
                  00004d88    00000004     startup_mspm0g350x_ticlang.o (.text.Default_Handler)
                  00004d8c    00000004     libsysbm.a : hostexit.c.obj (.text.HOSTexit)
                  00004d90    00000004     libc.a : s_sinf.c.obj (.text.OUTLINED_FUNCTION_2)
                  00004d94    00000010     libclang_rt.builtins.a : extendsfdf2.S.obj (.tramp.__aeabi_f2d.1)
                  00004da4    00000004     libc.a : pre_init.c.obj (.text._system_pre_init)
                  00004da8    00000008     --HOLE-- [fill = 0]

.cinit     0    000054c0    00000040     
                  000054c0    00000017     (.cinit..data.load) [load image, compression = lzss]
                  000054d7    00000001     --HOLE-- [fill = 0]
                  000054d8    0000000c     (__TI_handler_table)
                  000054e4    00000008     (.cinit..bss.load) [load image, compression = zero_init]
                  000054ec    00000010     (__TI_cinit_table)
                  000054fc    00000004     --HOLE-- [fill = 0]

.rodata    0    00004db0    00000710     
                  00004db0    00000200     main.o (.rodata.sine_table)
                  00004fb0    00000127     lcd_driver.o (.rodata.font_5x7)
                  000050d7    00000001     --HOLE-- [fill = 0]
                  000050d8    00000108     libc.a : k_rem_pio2.c.obj (.rodata.ipio2)
                  000051e0    00000101            : aeabi_ctype.S.obj (.rodata:__aeabi_ctype_table_)
                  000052e1    00000007     main.o (.rodata.str1.14112174005742061988.1)
                  000052e8    00000040     libc.a : k_rem_pio2.c.obj (.rodata.PIo2)
                  00005328    00000028     ti_msp_dl_config.o (.rodata.gSYSPLLConfig)
                  00005350    00000022     ti_msp_dl_config.o (.rodata..L__const.SYSCFG_DL_GPIO_init.unusedPinIndexes)
                  00005372    00000002     ti_msp_dl_config.o (.rodata.gI2C_0ClockConfig)
                  00005374    00000014     ti_msp_dl_config.o (.rodata.gTIMER_SAMPLETimerConfig)
                  00005388    00000012     main.o (.rodata.str1.10313062130652730376.1)
                  0000539a    00000011     libc.a : _printfi.c.obj (.rodata.str1.10348868589481759720.1)
                  000053ab    00000011            : _printfi.c.obj (.rodata.str1.15363888844622738466.1)
                  000053bc    00000011     main.o (.rodata.str1.18227636981041470289.1)
                  000053cd    00000003     ti_msp_dl_config.o (.rodata.gPWM_AUDIOClockConfig)
                  000053d0    00000010     main.o (.rodata..L__const.Update_Display.wave_names)
                  000053e0    00000010     libc.a : k_rem_pio2.c.obj (.rodata.cst16)
                  000053f0    00000010     main.o (.rodata.str1.17100691992556644108.1)
                  00005400    00000010     main.o (.rodata.str1.2846389346932560359.1)
                  00005410    0000000e     main.o (.rodata.str1.2763581881760962609.1)
                  0000541e    0000000c     main.o (.rodata.str1.288608917962107522.1)
                  0000542a    0000000c     main.o (.rodata.str1.8154729771448623357.1)
                  00005436    0000000b     main.o (.rodata.str1.12180500075719773345.1)
                  00005441    0000000b     main.o (.rodata.str1.9059077390166914652.1)
                  0000544c    0000000a     ti_msp_dl_config.o (.rodata.gSPI_LCD_config)
                  00005456    0000000a     main.o (.rodata.str1.11870794119293528247.1)
                  00005460    00000009     main.o (.rodata.str1.8108965883388295311.1)
                  00005469    00000003     ti_msp_dl_config.o (.rodata.gTIMER_SAMPLEClockConfig)
                  0000546c    00000008     ti_msp_dl_config.o (.rodata.gADC_ACCELClockConfig)
                  00005474    00000008     ti_msp_dl_config.o (.rodata.gADC_MIC_JOYClockConfig)
                  0000547c    00000008     ti_msp_dl_config.o (.rodata.gPWM_AUDIOConfig)
                  00005484    00000008     ti_msp_dl_config.o (.rodata.gVREFConfig)
                  0000548c    00000008     main.o (.rodata.str1.14079361385603432444.1)
                  00005494    00000008     main.o (.rodata.str1.15159059442110792349.1)
                  0000549c    00000008     main.o (.rodata.str1.8076846746581808073.1)
                  000054a4    00000007     main.o (.rodata.str1.15996357275703397564.1)
                  000054ab    00000005     main.o (.rodata.str1.16265332423659789559.1)
                  000054b0    00000004     main.o (.rodata.str1.14402440632258215044.1)
                  000054b4    00000004     main.o (.rodata.str1.2123964117280943167.1)
                  000054b8    00000002     ti_msp_dl_config.o (.rodata.gI2C_1ClockConfig)
                  000054ba    00000002     ti_msp_dl_config.o (.rodata.gSPI_LCD_clockConfig)
                  000054bc    00000004     --HOLE-- [fill = 0]

.init_array 
*          0    00000000    00000000     UNINITIALIZED

.binit     0    00000000    00000000     

.sysmem    0    20200000    00000800     UNINITIALIZED
                  20200000    00000010     libc.a : memory.c.obj (.sysmem)
                  20200010    000007f0     --HOLE--

.bss       0    20200800    000000c8     UNINITIALIZED
                  20200800    000000a0     ti_msp_dl_config.o (.bss.gTIMER_SAMPLEBackup)
                  202008a0    00000028     ti_msp_dl_config.o (.bss.gSPI_LCDBackup)

.data      0    202008c8    00000037     UNINITIALIZED
                  202008c8    00000020     main.o (.data.g_synthState)
                  202008e8    00000004     main.o (.data.Process_Input.last_update)
                  202008ec    00000004     libc.a : aeabi_portable.c.obj (.data.__aeabi_errno)
                  202008f0    00000004     main.o (.data.main.last_display)
                  202008f4    00000004     main.o (.data.phase)
                  202008f8    00000004     main.o (.data.phase_increment)
                  202008fc    00000001     main.o (.data.Process_Input.last_joy)
                  202008fd    00000001     main.o (.data.Process_Input.last_s1)
                  202008fe    00000001     main.o (.data.Process_Input.last_s2)

.stack     0    20207e00    00000200     
                  20207e00    00000004     main.o (.stack)
                  20207e04    00000004     libc.a : boot_cortex_m.c.obj (.stack) [fill = 0]
                  20207e08    000001f8     --HOLE-- [fill = 0]

__llvm_prf_cnts 
*          0    20200000    00000000     UNINITIALIZED

__llvm_prf_bits 
*          0    20200000    00000000     UNINITIALIZED

MODULE SUMMARY

       Module                         code    ro data   rw data
       ------                         ----    -------   -------
    .\
       ti_msp_dl_config.o             3572    148       200    
       main.o                         2826    725       51     
       startup_mspm0g350x_ticlang.o   14      192       0      
    +--+------------------------------+-------+---------+---------+
       Total:                         6412    1065      251    
                                                               
    .\lcd\
       lcd_driver.o                   2328    295       0      
    +--+------------------------------+-------+---------+---------+
       Total:                         2328    295       0      
                                                               
    .\ti\driverlib\
       dl_timer.o                     1312    0         0      
       dl_spi.o                       148     0         0      
       dl_adc12.o                     116     0         0      
       dl_i2c.o                       92      0         0      
       dl_vref.o                      52      0         0      
       dl_common.o                    20      0         0      
    +--+------------------------------+-------+---------+---------+
       Total:                         1740    0         0      
                                                               
    .\ti\driverlib\m0p\sysctl\
       dl_sysctl_mspm0g1x0x_g3x0x.o   456     0         0      
    +--+------------------------------+-------+---------+---------+
       Total:                         456     0         0      
                                                               
    C:\ti\ccs2040\ccs\tools\compiler\ti-cgt-armllvm_4.0.4.LTS\lib\armv6m-ti-none-eabi/c/libc.a
       _printfi.c.obj                 2166    34        0      
       k_rem_pio2.c.obj               1652    344       0      
       s_sinf.c.obj                   810     0         0      
       s_floor.c.obj                  324     0         0      
       aeabi_ctype.S.obj              0       257       0      
       s_scalbn.c.obj                 216     0         0      
       snprintf.c.obj                 148     0         0      
       copy_decompress_lzss.c.obj     124     0         0      
       atoi.c.obj                     64      0         0      
       autoinit.c.obj                 60      0         0      
       boot_cortex_m.c.obj            40      0         0      
       memccpy.c.obj                  34      0         0      
       copy_zero_init.c.obj           22      0         0      
       copy_decompress_none.c.obj     18      0         0      
       memcpy16.S.obj                 18      0         0      
       wcslen.c.obj                   16      0         0      
       memset16.S.obj                 14      0         0      
       aeabi_portable.c.obj           8       0         4      
       exit.c.obj                     6       0         0      
       pre_init.c.obj                 4       0         0      
    +--+------------------------------+-------+---------+---------+
       Total:                         5744    635       4      
                                                               
    C:\ti\ccs2040\ccs\tools\compiler\ti-cgt-armllvm_4.0.4.LTS\lib\armv6m-ti-none-eabi/c/libsysbm.a
       hostexit.c.obj                 4       0         0      
    +--+------------------------------+-------+---------+---------+
       Total:                         4       0         0      
                                                               
    C:\ti\ccs2040\ccs\tools\compiler\ti-cgt-armllvm_4.0.4.LTS\lib\armv6m-ti-none-eabi/libclang_rt.builtins.a
       adddf3.S.obj                   418     0         0      
       divdf3.S.obj                   268     0         0      
       muldf3.S.obj                   244     0         0      
       comparedf2.c.obj               220     0         0      
       addsf3.S.obj                   216     0         0      
       udivmoddi4.S.obj               162     0         0      
       mulsf3.S.obj                   140     0         0      
       divsf3.S.obj                   130     0         0      
       comparesf2.S.obj               118     0         0      
       truncdfsf2.S.obj               116     0         0      
       aeabi_dcmp.S.obj               98      0         0      
       aeabi_fcmp.S.obj               98      0         0      
       aeabi_idivmod.S.obj            86      0         0      
       extendsfdf2.S.obj              80      0         0      
       fixdfsi.S.obj                  74      0         0      
       fixunsdfsi.S.obj               66      0         0      
       aeabi_uidivmod.S.obj           64      0         0      
       floatsisf.S.obj                60      0         0      
       muldsi3.S.obj                  58      0         0      
       fixsfsi.S.obj                  56      0         0      
       floatsidf.S.obj                44      0         0      
       floatunsisf.S.obj              40      0         0      
       muldi3.S.obj                   36      0         0      
       ashldi3.S.obj                  30      0         0      
       aeabi_uldivmod.S.obj           20      0         0      
       aeabi_memset.S.obj             14      0         0      
       aeabi_memcpy.S.obj             8       0         0      
       aeabi_div0.c.obj               4       0         0      
    +--+------------------------------+-------+---------+---------+
       Total:                         2968    0         0      
                                                               
       Heap:                          0       0         2048   
       Stack:                         0       0         512    
       Linker Generated:              0       59        0      
    +--+------------------------------+-------+---------+---------+
       Grand Total:                   19652   2054      2815   


LINKER GENERATED COPY TABLES

__TI_cinit_table @ 000054ec records: 2, size/record: 8, table size: 16
	.data: load addr=000054c0, load size=00000017 bytes, run addr=202008c8, run size=00000037 bytes, compression=lzss
	.bss: load addr=000054e4, load size=00000008 bytes, run addr=20200800, run size=000000c8 bytes, compression=zero_init


LINKER GENERATED HANDLER TABLE

__TI_handler_table @ 000054d8 records: 3, size/record: 4, table size: 12
	index: 0, handler: __TI_decompress_lzss
	index: 1, handler: __TI_decompress_none
	index: 2, handler: __TI_zero_init


FAR CALL TRAMPOLINES

callee name               trampoline name
   callee addr  tramp addr   call addr  call info
--------------  -----------  ---------  ----------------
__aeabi_dadd              $Tramp$TT$L$PI$$__aeabi_dadd
   0000174f     00004b08     00004b04   libc.a : k_rem_pio2.c.obj (.text.OUTLINED_FUNCTION_0)
                             00004d3c          : k_rem_pio2.c.obj (.text.OUTLINED_FUNCTION_1)
                             00004d46          : s_sinf.c.obj (.text.OUTLINED_FUNCTION_3)
__aeabi_dmul              $Tramp$TT$L$PI$$__aeabi_dmul
   000025ad     00004d6c     00004d68   libc.a : s_sinf.c.obj (.text.OUTLINED_FUNCTION_0)
                             00004d80          : s_sinf.c.obj (.text.OUTLINED_FUNCTION_1)
__aeabi_f2d               $Tramp$TT$L$PI$$__aeabi_f2d
   00003d21     00004d94     00004d92   libc.a : s_sinf.c.obj (.text.OUTLINED_FUNCTION_2)

[3 trampolines]
[6 trampoline calls]


GLOBAL SYMBOLS: SORTED ALPHABETICALLY BY Name 

address   name                                 
-------   ----                                 
00003595  ADC0_IRQHandler                      
00003655  ADC1_IRQHandler                      
00004d89  AES_IRQHandler                       
00004d8c  C$$EXIT                              
00004d89  CANFD0_IRQHandler                    
000038ad  DL_ADC12_setClockConfig              
00004b2f  DL_Common_delayCycles                
00003ff5  DL_I2C_setClockConfig                
00003ac1  DL_SPI_init                          
000044a5  DL_SPI_setClockConfig                
000023d5  DL_SYSCTL_configSYSPLL               
00003945  DL_SYSCTL_switchMCLKfromSYSOSCtoHSCLK
000024c1  DL_Timer_initFourCCPWMMode           
00001fb5  DL_Timer_initTimerMode               
00004029  DL_Timer_setCaptCompUpdateMethod     
0000405d  DL_Timer_setCaptureCompareAction     
00003da1  DL_Timer_setCaptureCompareCtl        
00004091  DL_Timer_setCaptureCompareInput      
00003c21  DL_Timer_setCaptureCompareOutCtl     
0000421d  DL_Timer_setCaptureCompareValue      
000040c5  DL_Timer_setClockConfig              
000040f9  DL_VREF_configReference              
00004d89  DMA_IRQHandler                       
00004d89  Default_Handler                      
00003325  GPIOA_IRQHandler                     
00004d89  GPIOB_IRQHandler                     
00004d89  GROUP0_IRQHandler                    
00004d8d  HOSTexit                             
00003151  HardFault_Handler                    
00004d89  I2C0_IRQHandler                      
00004d89  I2C1_IRQHandler                      
00004d89  I2C2_IRQHandler                      
00003b09  LCD_Clear                            
000022e1  LCD_DrawChar                         
00001a5d  LCD_DrawLine                         
00003b99  LCD_DrawPixel                        
00002b11  LCD_DrawRect                         
000037b7  LCD_DrawString                       
000011e1  LCD_DrawWaveform                     
00002c57  LCD_FillCircle                       
00002901  LCD_FillRect                         
00002e2d  LCD_Init                             
00004d89  NMI_Handler                          
00004d89  PendSV_Handler                       
00004d89  RTC_IRQHandler                       
00004d49  ResetISR                             
00004d89  SPI0_IRQHandler                      
00004d89  SPI1_IRQHandler                      
00004d89  SVC_Handler                          
00002a69  SYSCFG_DL_ADC_ACCEL_init             
00002cf5  SYSCFG_DL_ADC_MIC_JOY_init           
000015a9  SYSCFG_DL_GPIO_init                  
000036b1  SYSCFG_DL_I2C_0_init                 
00003709  SYSCFG_DL_I2C_1_init                 
000031c9  SYSCFG_DL_PWM_AUDIO_init             
00003c61  SYSCFG_DL_SPI_LCD_init               
0000475d  SYSCFG_DL_SYSCTL_CLK_init            
00003395  SYSCFG_DL_SYSCTL_init                
00003ca1  SYSCFG_DL_TIMER_SAMPLE_init          
00004779  SYSCFG_DL_VREF_init                  
00003991  SYSCFG_DL_init                       
00002841  SYSCFG_DL_initPower                  
00004d89  SysTick_Handler                      
00004d89  TIMG0_IRQHandler                     
00004d89  TIMG12_IRQHandler                    
00004d89  TIMG14_IRQHandler                    
00004d89  TIMG4_IRQHandler                     
00004d89  TIMG6_IRQHandler                     
00004795  TIMG7_IRQHandler                     
00004d89  TIMG8_IRQHandler                     
00004c6d  TI_memcpy_small                      
00004d0d  TI_memset_small                      
00004d89  UART0_IRQHandler                     
00004d89  UART1_IRQHandler                     
00004d89  UART2_IRQHandler                     
00004d89  UART3_IRQHandler                     
20208000  __STACK_END                          
00000200  __STACK_SIZE                         
00000800  __SYSMEM_SIZE                        
00000000  __TI_ATRegion0_region_sz             
00000000  __TI_ATRegion0_src_addr              
00000000  __TI_ATRegion0_trg_addr              
00000000  __TI_ATRegion1_region_sz             
00000000  __TI_ATRegion1_src_addr              
00000000  __TI_ATRegion1_trg_addr              
00000000  __TI_ATRegion2_region_sz             
00000000  __TI_ATRegion2_src_addr              
00000000  __TI_ATRegion2_trg_addr              
000054ec  __TI_CINIT_Base                      
000054fc  __TI_CINIT_Limit                     
000054fc  __TI_CINIT_Warm                      
000054d8  __TI_Handler_Table_Base              
000054e4  __TI_Handler_Table_Limit             
00003f09  __TI_auto_init_nobinit_nopinit       
000030d5  __TI_decompress_lzss                 
00004c7f  __TI_decompress_none                 
ffffffff  __TI_pprof_out_hndl                  
000000c1  __TI_printfi_nofloat                 
ffffffff  __TI_prof_data_size                  
ffffffff  __TI_prof_data_start                 
00000000  __TI_static_base__                   
00004b19  __TI_zero_init_nomemset              
0000174f  __adddf3                             
00002773  __addsf3                             
000051e0  __aeabi_ctype_table_                 
000051e0  __aeabi_ctype_table_C                
000032b1  __aeabi_d2f                          
00003a75  __aeabi_d2iz                         
00003bdd  __aeabi_d2uiz                        
0000174f  __aeabi_dadd                         
000034cd  __aeabi_dcmpeq                       
00003509  __aeabi_dcmpge                       
0000351d  __aeabi_dcmpgt                       
000034f5  __aeabi_dcmple                       
000034e1  __aeabi_dcmplt                       
000021d5  __aeabi_ddiv                         
000025ad  __aeabi_dmul                         
00001745  __aeabi_dsub                         
202008ec  __aeabi_errno                        
00004d55  __aeabi_errno_addr                   
00003d21  __aeabi_f2d                          
00003fbd  __aeabi_f2iz                         
00002773  __aeabi_fadd                         
00003531  __aeabi_fcmpeq                       
0000356d  __aeabi_fcmpge                       
00003581  __aeabi_fcmpgt                       
00003559  __aeabi_fcmple                       
00003545  __aeabi_fcmplt                       
00002fd1  __aeabi_fdiv                         
00002ec1  __aeabi_fmul                         
00002769  __aeabi_fsub                         
00004275  __aeabi_i2d                          
00003e91  __aeabi_i2f                          
00003761  __aeabi_idiv                         
000018d7  __aeabi_idiv0                        
00003761  __aeabi_idivmod                      
000029bb  __aeabi_ldiv0                        
000045d1  __aeabi_llsl                         
000044c9  __aeabi_lmul                         
00004d5d  __aeabi_memcpy                       
00004d5d  __aeabi_memcpy4                      
00004d5d  __aeabi_memcpy8                      
00004cf1  __aeabi_memset                       
00004cf1  __aeabi_memset4                      
00004cf1  __aeabi_memset8                      
00004409  __aeabi_ui2f                         
00003ce1  __aeabi_uidiv                        
00003ce1  __aeabi_uidivmod                     
00004c35  __aeabi_uldivmod                     
000045d1  __ashldi3                            
ffffffff  __binit__                            
00003401  __cmpdf2                             
00003f45  __cmpsf2                             
000021d5  __divdf3                             
00002fd1  __divsf3                             
00003401  __eqdf2                              
00003f45  __eqsf2                              
00003d21  __extendsfdf2                        
00003a75  __fixdfsi                            
00003fbd  __fixsfsi                            
00003bdd  __fixunsdfsi                         
00004275  __floatsidf                          
00003e91  __floatsisf                          
00004409  __floatunsisf                        
0000323d  __gedf2                              
00003ecd  __gesf2                              
0000323d  __gtdf2                              
00003ecd  __gtsf2                              
00000929  __kernel_rem_pio2                    
00003401  __ledf2                              
00003f45  __lesf2                              
00003401  __ltdf2                              
00003f45  __ltsf2                              
UNDEFED   __mpu_init                           
000025ad  __muldf3                             
000044c9  __muldi3                             
00003f81  __muldsi3                            
00002ec1  __mulsf3                             
00003401  __nedf2                              
00003f45  __nesf2                              
20207e04  __stack                              
20200000  __start___llvm_prf_bits              
20200000  __start___llvm_prf_cnts              
20200000  __stop___llvm_prf_bits               
20200000  __stop___llvm_prf_cnts               
00001745  __subdf3                             
00002769  __subsf3                             
000032b1  __truncdfsf2                         
00002bb5  __udivmoddi4                         
00004431  _c_int00_noargs                      
20200000  _sys_memory                          
UNDEFED   _system_post_cinit                   
00004da5  _system_pre_init                     
00004d83  abort                                
00003d61  atoi                                 
ffffffff  binit                                
00003b51  check_stack_canary                   
00003055  delay_ms                             
00003469  float_to_string                      
00001e71  floor                                
00001e71  floorl                               
202008a0  gSPI_LCDBackup                       
20200800  gTIMER_SAMPLEBackup                  
202008c8  g_synthState                         
00000000  interruptVectors                     
00002691  ldexp                                
00002691  ldexpl                               
00001d1d  main                                 
000044ed  memccpy                              
00002691  scalbn                               
00002691  scalbnl                              
000013e1  sinf                                 
000039dd  snprintf                             
20207e00  stack_canary                         
00004ce1  wcslen                               


GLOBAL SYMBOLS: SORTED BY Symbol Address 

address   name                                 
-------   ----                                 
00000000  __TI_ATRegion0_region_sz             
00000000  __TI_ATRegion0_src_addr              
00000000  __TI_ATRegion0_trg_addr              
00000000  __TI_ATRegion1_region_sz             
00000000  __TI_ATRegion1_src_addr              
00000000  __TI_ATRegion1_trg_addr              
00000000  __TI_ATRegion2_region_sz             
00000000  __TI_ATRegion2_src_addr              
00000000  __TI_ATRegion2_trg_addr              
00000000  __TI_static_base__                   
00000000  interruptVectors                     
000000c1  __TI_printfi_nofloat                 
00000200  __STACK_SIZE                         
00000800  __SYSMEM_SIZE                        
00000929  __kernel_rem_pio2                    
000011e1  LCD_DrawWaveform                     
000013e1  sinf                                 
000015a9  SYSCFG_DL_GPIO_init                  
00001745  __aeabi_dsub                         
00001745  __subdf3                             
0000174f  __adddf3                             
0000174f  __aeabi_dadd                         
000018d7  __aeabi_idiv0                        
00001a5d  LCD_DrawLine                         
00001d1d  main                                 
00001e71  floor                                
00001e71  floorl                               
00001fb5  DL_Timer_initTimerMode               
000021d5  __aeabi_ddiv                         
000021d5  __divdf3                             
000022e1  LCD_DrawChar                         
000023d5  DL_SYSCTL_configSYSPLL               
000024c1  DL_Timer_initFourCCPWMMode           
000025ad  __aeabi_dmul                         
000025ad  __muldf3                             
00002691  ldexp                                
00002691  ldexpl                               
00002691  scalbn                               
00002691  scalbnl                              
00002769  __aeabi_fsub                         
00002769  __subsf3                             
00002773  __addsf3                             
00002773  __aeabi_fadd                         
00002841  SYSCFG_DL_initPower                  
00002901  LCD_FillRect                         
000029bb  __aeabi_ldiv0                        
00002a69  SYSCFG_DL_ADC_ACCEL_init             
00002b11  LCD_DrawRect                         
00002bb5  __udivmoddi4                         
00002c57  LCD_FillCircle                       
00002cf5  SYSCFG_DL_ADC_MIC_JOY_init           
00002e2d  LCD_Init                             
00002ec1  __aeabi_fmul                         
00002ec1  __mulsf3                             
00002fd1  __aeabi_fdiv                         
00002fd1  __divsf3                             
00003055  delay_ms                             
000030d5  __TI_decompress_lzss                 
00003151  HardFault_Handler                    
000031c9  SYSCFG_DL_PWM_AUDIO_init             
0000323d  __gedf2                              
0000323d  __gtdf2                              
000032b1  __aeabi_d2f                          
000032b1  __truncdfsf2                         
00003325  GPIOA_IRQHandler                     
00003395  SYSCFG_DL_SYSCTL_init                
00003401  __cmpdf2                             
00003401  __eqdf2                              
00003401  __ledf2                              
00003401  __ltdf2                              
00003401  __nedf2                              
00003469  float_to_string                      
000034cd  __aeabi_dcmpeq                       
000034e1  __aeabi_dcmplt                       
000034f5  __aeabi_dcmple                       
00003509  __aeabi_dcmpge                       
0000351d  __aeabi_dcmpgt                       
00003531  __aeabi_fcmpeq                       
00003545  __aeabi_fcmplt                       
00003559  __aeabi_fcmple                       
0000356d  __aeabi_fcmpge                       
00003581  __aeabi_fcmpgt                       
00003595  ADC0_IRQHandler                      
00003655  ADC1_IRQHandler                      
000036b1  SYSCFG_DL_I2C_0_init                 
00003709  SYSCFG_DL_I2C_1_init                 
00003761  __aeabi_idiv                         
00003761  __aeabi_idivmod                      
000037b7  LCD_DrawString                       
000038ad  DL_ADC12_setClockConfig              
00003945  DL_SYSCTL_switchMCLKfromSYSOSCtoHSCLK
00003991  SYSCFG_DL_init                       
000039dd  snprintf                             
00003a75  __aeabi_d2iz                         
00003a75  __fixdfsi                            
00003ac1  DL_SPI_init                          
00003b09  LCD_Clear                            
00003b51  check_stack_canary                   
00003b99  LCD_DrawPixel                        
00003bdd  __aeabi_d2uiz                        
00003bdd  __fixunsdfsi                         
00003c21  DL_Timer_setCaptureCompareOutCtl     
00003c61  SYSCFG_DL_SPI_LCD_init               
00003ca1  SYSCFG_DL_TIMER_SAMPLE_init          
00003ce1  __aeabi_uidiv                        
00003ce1  __aeabi_uidivmod                     
00003d21  __aeabi_f2d                          
00003d21  __extendsfdf2                        
00003d61  atoi                                 
00003da1  DL_Timer_setCaptureCompareCtl        
00003e91  __aeabi_i2f                          
00003e91  __floatsisf                          
00003ecd  __gesf2                              
00003ecd  __gtsf2                              
00003f09  __TI_auto_init_nobinit_nopinit       
00003f45  __cmpsf2                             
00003f45  __eqsf2                              
00003f45  __lesf2                              
00003f45  __ltsf2                              
00003f45  __nesf2                              
00003f81  __muldsi3                            
00003fbd  __aeabi_f2iz                         
00003fbd  __fixsfsi                            
00003ff5  DL_I2C_setClockConfig                
00004029  DL_Timer_setCaptCompUpdateMethod     
0000405d  DL_Timer_setCaptureCompareAction     
00004091  DL_Timer_setCaptureCompareInput      
000040c5  DL_Timer_setClockConfig              
000040f9  DL_VREF_configReference              
0000421d  DL_Timer_setCaptureCompareValue      
00004275  __aeabi_i2d                          
00004275  __floatsidf                          
00004409  __aeabi_ui2f                         
00004409  __floatunsisf                        
00004431  _c_int00_noargs                      
000044a5  DL_SPI_setClockConfig                
000044c9  __aeabi_lmul                         
000044c9  __muldi3                             
000044ed  memccpy                              
000045d1  __aeabi_llsl                         
000045d1  __ashldi3                            
0000475d  SYSCFG_DL_SYSCTL_CLK_init            
00004779  SYSCFG_DL_VREF_init                  
00004795  TIMG7_IRQHandler                     
00004b19  __TI_zero_init_nomemset              
00004b2f  DL_Common_delayCycles                
00004c35  __aeabi_uldivmod                     
00004c6d  TI_memcpy_small                      
00004c7f  __TI_decompress_none                 
00004ce1  wcslen                               
00004cf1  __aeabi_memset                       
00004cf1  __aeabi_memset4                      
00004cf1  __aeabi_memset8                      
00004d0d  TI_memset_small                      
00004d49  ResetISR                             
00004d55  __aeabi_errno_addr                   
00004d5d  __aeabi_memcpy                       
00004d5d  __aeabi_memcpy4                      
00004d5d  __aeabi_memcpy8                      
00004d83  abort                                
00004d89  AES_IRQHandler                       
00004d89  CANFD0_IRQHandler                    
00004d89  DMA_IRQHandler                       
00004d89  Default_Handler                      
00004d89  GPIOB_IRQHandler                     
00004d89  GROUP0_IRQHandler                    
00004d89  I2C0_IRQHandler                      
00004d89  I2C1_IRQHandler                      
00004d89  I2C2_IRQHandler                      
00004d89  NMI_Handler                          
00004d89  PendSV_Handler                       
00004d89  RTC_IRQHandler                       
00004d89  SPI0_IRQHandler                      
00004d89  SPI1_IRQHandler                      
00004d89  SVC_Handler                          
00004d89  SysTick_Handler                      
00004d89  TIMG0_IRQHandler                     
00004d89  TIMG12_IRQHandler                    
00004d89  TIMG14_IRQHandler                    
00004d89  TIMG4_IRQHandler                     
00004d89  TIMG6_IRQHandler                     
00004d89  TIMG8_IRQHandler                     
00004d89  UART0_IRQHandler                     
00004d89  UART1_IRQHandler                     
00004d89  UART2_IRQHandler                     
00004d89  UART3_IRQHandler                     
00004d8c  C$$EXIT                              
00004d8d  HOSTexit                             
00004da5  _system_pre_init                     
000051e0  __aeabi_ctype_table_                 
000051e0  __aeabi_ctype_table_C                
000054d8  __TI_Handler_Table_Base              
000054e4  __TI_Handler_Table_Limit             
000054ec  __TI_CINIT_Base                      
000054fc  __TI_CINIT_Limit                     
000054fc  __TI_CINIT_Warm                      
20200000  __start___llvm_prf_bits              
20200000  __start___llvm_prf_cnts              
20200000  __stop___llvm_prf_bits               
20200000  __stop___llvm_prf_cnts               
20200000  _sys_memory                          
20200800  gTIMER_SAMPLEBackup                  
202008a0  gSPI_LCDBackup                       
202008c8  g_synthState                         
202008ec  __aeabi_errno                        
20207e00  stack_canary                         
20207e04  __stack                              
20208000  __STACK_END                          
ffffffff  __TI_pprof_out_hndl                  
ffffffff  __TI_prof_data_size                  
ffffffff  __TI_prof_data_start                 
ffffffff  __binit__                            
ffffffff  binit                                
UNDEFED   __mpu_init                           
UNDEFED   _system_post_cinit                   

[215 symbols]
