******************************************************************************
            TI ARM Clang Linker PC v4.0.4                      
******************************************************************************
>> Linked Sat Dec 27 03:11:58 2025

OUTPUT FILE NAME:   <Motion_Music_studio.out>
ENTRY POINT SYMBOL: "_c_int00_noargs"  address: 0000432d


MEMORY CONFIGURATION

         name            origin    length      used     unused   attr    fill
----------------------  --------  ---------  --------  --------  ----  --------
  FLASH                 00000000   00020000  00005690  0001a970  R  X
  SRAM                  20200000   00008000  00001499  00006b67  RW X
  BCR_CONFIG            41c00000   000000ff  00000000  000000ff  R   
  BSL_CONFIG            41c00100   00000080  00000000  00000080  R   


SEGMENT ALLOCATION MAP

run origin  load origin   length   init length attrs members
----------  ----------- ---------- ----------- ----- -------
00000000    00000000    00005690   00005690    r-x
  00000000    00000000    000000c0   000000c0    r-- .intvecs
  000000c0    000000c0    00004de0   00004de0    r-x .text
  00004ea0    00004ea0    000007b0   000007b0    r-- .rodata
  00005650    00005650    00000040   00000040    r-- .cinit
20200000    20200000    00001299   00000000    rw-
  20200000    20200000    00001000   00000000    rw- .sysmem
  20201000    20201000    000001c4   00000000    rw- .bss
  202011c4    202011c4    000000d5   00000000    rw- .data
20207e00    20207e00    00000200   00000000    rw-
  20207e00    20207e00    00000200   00000000    rw- .stack


SECTION ALLOCATION MAP

 output                                  attributes/
section   page    origin      length       input sections
--------  ----  ----------  ----------   ----------------
.intvecs   0    00000000    000000c0     
                  00000000    000000c0     startup_mspm0g350x_ticlang.o (.intvecs)

.text      0    000000c0    00004de0     
                  000000c0    00000868     libc.a : _printfi.c.obj (.text:__TI_printfi_nofloat)
                  00000928    00000304     main.o (.text.Generate_Audio_Sample)
                  00000c2c    000002e4     main.o (.text.Display_Update)
                  00000f10    00000294     main.o (.text.Update_Phase_Increment)
                  000011a4    00000274     main.o (.text.main)
                  00001418    00000260     lcd_driver.o (.text.LCD_Init)
                  00001678    000001f4     ti_msp_dl_config.o (.text.SYSCFG_DL_GPIO_init)
                  0000186c    000001a8     main.o (.text.Process_Envelope)
                  00001a14    00000192     libclang_rt.builtins.a : adddf3.S.obj (.text.adddf3_subdf3)
                  00001ba6    00000002                            : aeabi_div0.c.obj (.text.__aeabi_idiv0)
                  00001ba8    00000180     lcd_driver.o (.text.LCD_PrintString)
                  00001d28    00000138     main.o (.text.Display_Waveform)
                  00001e60    00000118     lcd_driver.o (.text.LCD_DrawRect)
                  00001f78    00000112     lcd_driver.o (.text.LCD_DrawLine)
                  0000208a    00000002     libclang_rt.builtins.a : aeabi_div0.c.obj (.text.__aeabi_ldiv0)
                  0000208c    00000110     dl_timer.o (.text.DL_Timer_initTimerMode)
                  0000219c    00000110     dl_timer.o (.text.DL_Timer_initTwoCCPWMMode)
                  000022ac    0000010c     libclang_rt.builtins.a : divdf3.S.obj (.text.__divdf3)
                  000023b8    000000f8     main.o (.text.Generate_Chord_Sample)
                  000024b0    000000ec     dl_timer.o (.text.DL_Timer_initFourCCPWMMode)
                  0000259c    000000ec     main.o (.text.Process_Arpeggiator)
                  00002688    000000e4     libclang_rt.builtins.a : muldf3.S.obj (.text.__muldf3)
                  0000276c    000000e0     dl_sysctl_mspm0g1x0x_g3x0x.o (.text.DL_SYSCTL_configSYSPLL)
                  0000284c    000000dc     main.o (.text.Generate_Waveform)
                  00002928    000000d8     dl_rtc_common.o (.text.DL_RTC_Common_initCalendar)
                  00002a00    000000d8     main.o (.text.Process_Joystick)
                  00002ad8    000000d4     ti_msp_dl_config.o (.text.SYSCFG_DL_ADC_ACCEL_init)
                  00002bac    000000c0     ti_msp_dl_config.o (.text.SYSCFG_DL_initPower)
                  00002c6c    000000b0     main.o (.text.Process_Pitch_Bend)
                  00002d1c    000000b0     ti_msp_dl_config.o (.text.SYSCFG_DL_SYSCTL_SYSPLL_init)
                  00002dcc    000000a4     ti_msp_dl_config.o (.text.SYSCFG_DL_SYSCTL_init)
                  00002e70    000000a2     libclang_rt.builtins.a : udivmoddi4.S.obj (.text)
                  00002f12    00000002     --HOLE-- [fill = 0]
                  00002f14    000000a0     lcd_driver.o (.text.LCD_FillScreen)
                  00002fb4    00000090     ti_msp_dl_config.o (.text.SYSCFG_DL_ADC_JOY_init)
                  00003044    00000084     ti_msp_dl_config.o (.text.__NVIC_SetPriority)
                  000030c8    0000007c     libc.a : copy_decompress_lzss.c.obj (.text:decompress:lzss)
                  00003144    00000078     main.o (.text.ADC0_IRQHandler)
                  000031bc    00000074     ti_msp_dl_config.o (.text.SYSCFG_DL_PWM_AUDIO_init)
                  00003230    00000074     libclang_rt.builtins.a : comparedf2.c.obj (.text.__gedf2)
                  000032a4    0000006c     lcd_driver.o (.text.LCD_SetWindow)
                  00003310    0000006c     main.o (.text.TIMG7_IRQHandler)
                  0000337c    00000068     libclang_rt.builtins.a : comparedf2.c.obj (.text.__ledf2)
                  000033e4    00000062                            : aeabi_dcmp.S.obj (.text.__aeabi_dcmp)
                  00003446    00000002     --HOLE-- [fill = 0]
                  00003448    00000060     main.o (.text.ADC1_IRQHandler)
                  000034a8    00000060     ti_msp_dl_config.o (.text.DL_ADC12_initSeqSample)
                  00003508    00000058     lcd_driver.o (.text.LCD_PrintNumber)
                  00003560    00000058     ti_msp_dl_config.o (.text.SYSCFG_DL_I2C_0_init)
                  000035b8    00000058     ti_msp_dl_config.o (.text.SYSCFG_DL_I2C_1_init)
                  00003610    00000058     ti_msp_dl_config.o (.text.SYSCFG_DL_init)
                  00003668    00000056     libclang_rt.builtins.a : aeabi_idivmod.S.obj (.text.__aeabi_idivmod)
                  000036be    00000054     dl_dma.o (.text.DL_DMA_configTransfer)
                  00003712    00000002     --HOLE-- [fill = 0]
                  00003714    00000054     ti_msp_dl_config.o (.text.SYSCFG_DL_TIMER_SAMPLE_init)
                  00003768    00000050     ti_msp_dl_config.o (.text.DL_GPIO_initPeripheralInputFunctionFeatures)
                  000037b8    00000050     lcd_driver.o (.text.LCD_WriteCommand)
                  00003808    00000050     lcd_driver.o (.text.LCD_WriteData)
                  00003858    0000004e     lcd_driver.o (.text.LCD_DrawPixel)
                  000038a6    00000002     --HOLE-- [fill = 0]
                  000038a8    0000004c     dl_adc12.o (.text.DL_ADC12_setClockConfig)
                  000038f4    0000004c     ti_msp_dl_config.o (.text.DL_GPIO_initDigitalInputFeatures)
                  00003940    0000004c     dl_sysctl_mspm0g1x0x_g3x0x.o (.text.DL_SYSCTL_switchMCLKfromSYSOSCtoHSCLK)
                  0000398c    0000004c     libc.a : snprintf.c.obj (.text.snprintf)
                  000039d8    0000004a     ti_msp_dl_config.o (.text.DL_ADC12_configConversionMem)
                  00003a22    00000002     --HOLE-- [fill = 0]
                  00003a24    00000048     dl_spi.o (.text.DL_SPI_init)
                  00003a6c    00000046     dl_dma.o (.text.DL_DMA_initChannel)
                  00003ab2    00000002     --HOLE-- [fill = 0]
                  00003ab4    00000042     libclang_rt.builtins.a : fixunsdfsi.S.obj (.text.__fixunsdfsi)
                  00003af6    00000002     --HOLE-- [fill = 0]
                  00003af8    00000040     dl_timer.o (.text.DL_Timer_setCaptureCompareOutCtl)
                  00003b38    00000040     ti_msp_dl_config.o (.text.SYSCFG_DL_SPI_LCD_init)
                  00003b78    00000040     libclang_rt.builtins.a : aeabi_uidivmod.S.obj (.text.__aeabi_uidivmod)
                  00003bb8    00000040     libc.a : atoi.c.obj (.text.atoi)
                  00003bf8    0000003c     dl_timer.o (.text.DL_Timer_setCaptureCompareCtl)
                  00003c34    0000003c     dl_timer.o (.text.DL_Timer_setCounterControl)
                  00003c70    0000003c     ti_msp_dl_config.o (.text.DL_Timer_setCounterControl)
                  00003cac    0000003c     ti_msp_dl_config.o (.text.SYSCFG_DL_DMA_CH1_init)
                  00003ce8    0000003c     libc.a : autoinit.c.obj (.text:__TI_auto_init_nobinit_nopinit)
                  00003d24    0000003a     libclang_rt.builtins.a : muldsi3.S.obj (.text.__muldsi3)
                  00003d5e    00000002     --HOLE-- [fill = 0]
                  00003d60    00000038     dl_dma.o (.text.DL_DMA_setTrigger)
                  00003d98    00000038     ti_msp_dl_config.o (.text.DL_Timer_setPublisherChanID)
                  00003dd0    00000034     ti_msp_dl_config.o (.text.DL_DMA_setPublisherChanID)
                  00003e04    00000034     dl_i2c.o (.text.DL_I2C_setClockConfig)
                  00003e38    00000034     dl_timer.o (.text.DL_Timer_setCaptCompUpdateMethod)
                  00003e6c    00000034     dl_timer.o (.text.DL_Timer_setCaptureCompareAction)
                  00003ea0    00000034     dl_timer.o (.text.DL_Timer_setCaptureCompareInput)
                  00003ed4    00000034     dl_timer.o (.text.DL_Timer_setClockConfig)
                  00003f08    00000034     main.o (.text.HardFault_Handler)
                  00003f3c    00000030     main.o (.text.DL_ADC12_getMemResult)
                  00003f6c    00000030     ti_msp_dl_config.o (.text.DL_DMA_setTransferSize)
                  00003f9c    00000030     ti_msp_dl_config.o (.text.DL_SPI_setFIFOThreshold)
                  00003fcc    00000030     libc.a : snprintf.c.obj (.text._outs)
                  00003ffc    0000002c     dl_timer.o (.text.DL_Timer_setCaptureCompareValue)
                  00004028    0000002c     main.o (.text.__NVIC_ClearPendingIRQ)
                  00004054    0000002c     main.o (.text.__NVIC_EnableIRQ)
                  00004080    0000002c     libclang_rt.builtins.a : floatsidf.S.obj (.text.__floatsidf)
                  000040ac    00000028     dl_adc12.o (.text.DL_Common_updateReg)
                  000040d4    00000028     dl_dma.o (.text.DL_Common_updateReg)
                  000040fc    00000028     dl_i2c.o (.text.DL_Common_updateReg)
                  00004124    00000028     dl_rtc_common.o (.text.DL_Common_updateReg)
                  0000414c    00000028     dl_spi.o (.text.DL_Common_updateReg)
                  00004174    00000028     dl_sysctl_mspm0g1x0x_g3x0x.o (.text.DL_Common_updateReg)
                  0000419c    00000028     dl_timer.o (.text.DL_Common_updateReg)
                  000041c4    00000028     ti_msp_dl_config.o (.text.DL_Common_updateReg)
                  000041ec    00000028     ti_msp_dl_config.o (.text.DL_I2C_setControllerRXFIFOThreshold)
                  00004214    00000028     ti_msp_dl_config.o (.text.DL_I2C_setControllerTXFIFOThreshold)
                  0000423c    00000028     dl_sysctl_mspm0g1x0x_g3x0x.o (.text.DL_SYSCTL_configFCC)
                  00004264    00000028     ti_msp_dl_config.o (.text.DL_SYSCTL_setPowerPolicySTANDBY0)
                  0000428c    00000028     ti_msp_dl_config.o (.text.DL_Timer_enableEvent)
                  000042b4    00000028     main.o (.text.DMA_IRQHandler)
                  000042dc    00000028     ti_msp_dl_config.o (.text.SYSCFG_DL_RTC_init)
                  00004304    00000028     libclang_rt.builtins.a : floatunsisf.S.obj (.text.__floatunsisf)
                  0000432c    00000028     libc.a : boot_cortex_m.c.obj (.text:_c_int00_noargs)
                  00004354    00000026     main.o (.text.DL_DMA_enableChannel)
                  0000437a    00000026     ti_msp_dl_config.o (.text.DL_I2C_setAnalogGlitchFilterPulseWidth)
                  000043a0    00000024     ti_msp_dl_config.o (.text.DL_SPI_setBitRateSerialClockDivider)
                  000043c4    00000024     dl_spi.o (.text.DL_SPI_setClockConfig)
                  000043e8    00000024     libclang_rt.builtins.a : floatunsidf.S.obj (.text.__floatunsidf)
                  0000440c    00000024                            : muldi3.S.obj (.text.__muldi3)
                  00004430    00000022     libc.a : memccpy.c.obj (.text.memccpy)
                  00004452    00000002     --HOLE-- [fill = 0]
                  00004454    00000020     dl_sysctl_mspm0g1x0x_g3x0x.o (.text.DL_CORE_configInstruction)
                  00004474    00000020     dl_rtc_common.o (.text.DL_RTC_Common_setCalendarYearBinary)
                  00004494    00000020     ti_msp_dl_config.o (.text.DL_SYSCTL_setFlashWaitState)
                  000044b4    00000020     ti_msp_dl_config.o (.text.DL_SYSCTL_setMFPCLKSource)
                  000044d4    00000020     dl_timer.o (.text.DL_Timer_setCounterValueAfterEnable)
                  000044f4    0000001e     libclang_rt.builtins.a : ashldi3.S.obj (.text.__ashldi3)
                  00004512    00000002     --HOLE-- [fill = 0]
                  00004514    0000001c     ti_msp_dl_config.o (.text.DL_ADC12_clearInterruptStatus)
                  00004530    0000001c     ti_msp_dl_config.o (.text.DL_ADC12_enableEvent)
                  0000454c    0000001c     ti_msp_dl_config.o (.text.DL_ADC12_enableInterrupt)
                  00004568    0000001c     main.o (.text.DL_ADC12_startConversion)
                  00004584    0000001c     ti_msp_dl_config.o (.text.DL_DMA_enableInterrupt)
                  000045a0    0000001c     main.o (.text.DL_GPIO_clearInterruptStatus)
                  000045bc    0000001c     ti_msp_dl_config.o (.text.DL_GPIO_clearInterruptStatus)
                  000045d8    0000001c     ti_msp_dl_config.o (.text.DL_GPIO_enableHiZ)
                  000045f4    0000001c     main.o (.text.DL_GPIO_enableInterrupt)
                  00004610    0000001c     ti_msp_dl_config.o (.text.DL_GPIO_enableInterrupt)
                  0000462c    0000001c     ti_msp_dl_config.o (.text.DL_GPIO_initPeripheralOutputFunction)
                  00004648    0000001c     ti_msp_dl_config.o (.text.DL_GPIO_setLowerPinsPolarity)
                  00004664    0000001c     dl_rtc_common.o (.text.DL_RTC_Common_setCalendarMinutesBCD)
                  00004680    0000001c     dl_rtc_common.o (.text.DL_RTC_Common_setCalendarMinutesBinary)
                  0000469c    0000001c     dl_rtc_common.o (.text.DL_RTC_Common_setCalendarMonthBCD)
                  000046b8    0000001c     dl_rtc_common.o (.text.DL_RTC_Common_setCalendarMonthBinary)
                  000046d4    0000001c     dl_rtc_common.o (.text.DL_RTC_Common_setCalendarSecondsBCD)
                  000046f0    0000001c     dl_rtc_common.o (.text.DL_RTC_Common_setCalendarSecondsBinary)
                  0000470c    0000001c     dl_rtc_common.o (.text.DL_RTC_Common_setCalendarYearBCD)
                  00004728    0000001c     dl_rtc_common.o (.text.DL_RTC_Common_setClockFormat)
                  00004744    0000001c     ti_msp_dl_config.o (.text.DL_SYSCTL_setFCCPeriods)
                  00004760    0000001c     ti_msp_dl_config.o (.text.DL_SYSCTL_setMCLKDivider)
                  0000477c    0000001c     ti_msp_dl_config.o (.text.DL_SYSCTL_setSYSOSCFreq)
                  00004798    0000001c     ti_msp_dl_config.o (.text.DL_SYSCTL_setULPCLKDivider)
                  000047b4    0000001c     ti_msp_dl_config.o (.text.DL_SYSCTL_setVBOOSTConfig)
                  000047d0    0000001c     ti_msp_dl_config.o (.text.DL_Timer_enableInterrupt)
                  000047ec    0000001c     ti_msp_dl_config.o (.text.SYSCFG_DL_SYSCTL_CLK_init)
                  00004808    0000001a     ti_msp_dl_config.o (.text.DL_ADC12_setSubscriberChanID)
                  00004822    0000001a     dl_rtc_common.o (.text.DL_RTC_Common_setCalendarHoursBCD)
                  0000483c    0000001a     dl_rtc_common.o (.text.DL_RTC_Common_setCalendarHoursBinary)
                  00004856    00000002     --HOLE-- [fill = 0]
                  00004858    00000018     ti_msp_dl_config.o (.text.DL_ADC12_enablePower)
                  00004870    00000018     ti_msp_dl_config.o (.text.DL_ADC12_reset)
                  00004888    00000018     ti_msp_dl_config.o (.text.DL_ADC12_setSampleTime0)
                  000048a0    00000018     ti_msp_dl_config.o (.text.DL_DMA_clearInterruptStatus)
                  000048b8    00000018     ti_msp_dl_config.o (.text.DL_GPIO_enableOutput)
                  000048d0    00000018     ti_msp_dl_config.o (.text.DL_GPIO_enablePower)
                  000048e8    00000018     ti_msp_dl_config.o (.text.DL_GPIO_initDigitalOutput)
                  00004900    00000018     ti_msp_dl_config.o (.text.DL_GPIO_reset)
                  00004918    00000018     ti_msp_dl_config.o (.text.DL_GPIO_setAnalogInternalResistor)
                  00004930    00000018     lcd_driver.o (.text.DL_GPIO_setPins)
                  00004948    00000018     main.o (.text.DL_GPIO_setPins)
                  00004960    00000018     ti_msp_dl_config.o (.text.DL_GPIO_setPins)
                  00004978    00000018     ti_msp_dl_config.o (.text.DL_GPIO_setUpperPinsPolarity)
                  00004990    00000018     main.o (.text.DL_GPIO_togglePins)
                  000049a8    00000018     ti_msp_dl_config.o (.text.DL_I2C_enableAnalogGlitchFilter)
                  000049c0    00000018     ti_msp_dl_config.o (.text.DL_I2C_enableController)
                  000049d8    00000018     ti_msp_dl_config.o (.text.DL_I2C_enableControllerClockStretching)
                  000049f0    00000018     ti_msp_dl_config.o (.text.DL_I2C_enablePower)
                  00004a08    00000018     ti_msp_dl_config.o (.text.DL_I2C_reset)
                  00004a20    00000018     ti_msp_dl_config.o (.text.DL_I2C_setTimerPeriod)
                  00004a38    00000018     ti_msp_dl_config.o (.text.DL_RTC_Common_enablePower)
                  00004a50    00000018     ti_msp_dl_config.o (.text.DL_RTC_Common_reset)
                  00004a68    00000018     ti_msp_dl_config.o (.text.DL_SPI_enable)
                  00004a80    00000018     ti_msp_dl_config.o (.text.DL_SPI_enablePower)
                  00004a98    00000018     lcd_driver.o (.text.DL_SPI_isBusy)
                  00004ab0    00000018     ti_msp_dl_config.o (.text.DL_SPI_reset)
                  00004ac8    00000018     ti_msp_dl_config.o (.text.DL_SYSCTL_enableInterrupt)
                  00004ae0    00000018     ti_msp_dl_config.o (.text.DL_SYSCTL_setBORThreshold)
                  00004af8    00000018     dl_sysctl_mspm0g1x0x_g3x0x.o (.text.DL_SYSCTL_setHSCLKSource)
                  00004b10    00000018     ti_msp_dl_config.o (.text.DL_Timer_enablePower)
                  00004b28    00000018     ti_msp_dl_config.o (.text.DL_Timer_reset)
                  00004b40    00000018     dl_timer.o (.text.DL_Timer_setLoadValue)
                  00004b58    00000018     main.o (.text.DL_Timer_startCounter)
                  00004b70    00000018     ti_msp_dl_config.o (.text.SYSCFG_DL_DMA_init)
                  00004b88    00000018     libc.a : snprintf.c.obj (.text._outc)
                  00004ba0    00000016     main.o (.text.DL_ADC12_enableConversions)
                  00004bb6    00000016     ti_msp_dl_config.o (.text.DL_ADC12_enableConversions)
                  00004bcc    00000016     ti_msp_dl_config.o (.text.DL_GPIO_enableGlobalFastWake)
                  00004be2    00000016     lcd_driver.o (.text.DL_SPI_transmitData8)
                  00004bf8    00000016     libc.a : copy_zero_init.c.obj (.text:decompress:ZI:__TI_zero_init_nomemset)
                  00004c0e    00000014     dl_common.o (.text.DL_Common_delayCycles)
                  00004c22    00000002     --HOLE-- [fill = 0]
                  00004c24    00000014     ti_msp_dl_config.o (.text.DL_FlashCTL_enableInterrupt)
                  00004c38    00000014     lcd_driver.o (.text.DL_GPIO_clearPins)
                  00004c4c    00000014     main.o (.text.DL_GPIO_clearPins)
                  00004c60    00000014     ti_msp_dl_config.o (.text.DL_GPIO_clearPins)
                  00004c74    00000014     ti_msp_dl_config.o (.text.DL_I2C_resetControllerTransfer)
                  00004c88    00000014     dl_sysctl_mspm0g1x0x_g3x0x.o (.text.DL_SYSCTL_disableSYSPLL)
                  00004c9c    00000014     ti_msp_dl_config.o (.text.DL_SYSCTL_disableSYSPLL)
                  00004cb0    00000014     ti_msp_dl_config.o (.text.DL_SYSCTL_enableMFCLK)
                  00004cc4    00000014     dl_sysctl_mspm0g1x0x_g3x0x.o (.text.DL_SYSCTL_enableSYSPLL)
                  00004cd8    00000014     ti_msp_dl_config.o (.text.DL_SYSCTL_enableSYSPLL)
                  00004cec    00000014     ti_msp_dl_config.o (.text.DL_Timer_enableClock)
                  00004d00    00000014     ti_msp_dl_config.o (.text.DL_Timer_setCCPDirection)
                  00004d14    00000014     main.o (.text.Trigger_Note_On)
                  00004d28    00000014     libclang_rt.builtins.a : aeabi_uldivmod.S.obj (.text.__aeabi_uldivmod)
                  00004d3c    00000012     main.o (.text.DL_ADC12_getPendingInterrupt)
                  00004d4e    00000012     main.o (.text.DL_DMA_getPendingInterrupt)
                  00004d60    00000012     main.o (.text.DL_Timer_getPendingInterrupt)
                  00004d72    00000012     libc.a : memcpy16.S.obj (.text:TI_memcpy_small)
                  00004d84    00000012            : copy_decompress_none.c.obj (.text:decompress:none)
                  00004d96    00000002     --HOLE-- [fill = 0]
                  00004d98    00000010     dl_sysctl_mspm0g1x0x_g3x0x.o (.text.DL_CORE_getInstructionConfig)
                  00004da8    00000010     ti_msp_dl_config.o (.text.DL_SYSCTL_disableHFXT)
                  00004db8    00000010     ti_msp_dl_config.o (.text.DL_SYSCTL_enableMFPCLK)
                  00004dc8    00000010     ti_msp_dl_config.o (.text.DL_SYSCTL_isFCCDone)
                  00004dd8    00000010     ti_msp_dl_config.o (.text.DL_SYSCTL_startFCC)
                  00004de8    00000010     main.o (.text.Quantize_Semitones)
                  00004df8    00000010     libc.a : wcslen.c.obj (.text.wcslen)
                  00004e08    0000000e     libclang_rt.builtins.a : aeabi_memset.S.obj (.text.__aeabi_memset)
                  00004e16    0000000e     libc.a : _printfi.c.obj (.text.strlen)
                  00004e24    0000000e            : memset16.S.obj (.text:TI_memset_small)
                  00004e32    00000002     --HOLE-- [fill = 0]
                  00004e34    0000000c     dl_sysctl_mspm0g1x0x_g3x0x.o (.text.DL_SYSCTL_getClockStatus)
                  00004e40    0000000c     ti_msp_dl_config.o (.text.DL_SYSCTL_getClockStatus)
                  00004e4c    0000000c     ti_msp_dl_config.o (.text.DL_SYSCTL_readFCC)
                  00004e58    0000000c     libclang_rt.builtins.a : aeabi_memset.S.obj (.text.__aeabi_memclr)
                  00004e64    00000008     libc.a : aeabi_portable.c.obj (.text.__aeabi_errno_addr)
                  00004e6c    00000008     libclang_rt.builtins.a : aeabi_memcpy.S.obj (.text.__aeabi_memcpy)
                  00004e74    00000006     libc.a : exit.c.obj (.text:abort)
                  00004e7a    00000004     startup_mspm0g350x_ticlang.o (.text.Default_Handler)
                  00004e7e    00000004     libsysbm.a : hostexit.c.obj (.text.HOSTexit)
                  00004e82    00000004     startup_mspm0g350x_ticlang.o (.text.Reset_Handler)
                  00004e86    00000002     --HOLE-- [fill = 0]
                  00004e88    00000010     libc.a : boot_cortex_m.c.obj (.tramp._c_int00_noargs.1)
                  00004e98    00000004            : pre_init.c.obj (.text._system_pre_init)
                  00004e9c    00000004     --HOLE-- [fill = 0]

.cinit     0    00005650    00000040     
                  00005650    0000001b     (.cinit..data.load) [load image, compression = lzss]
                  0000566b    00000001     --HOLE-- [fill = 0]
                  0000566c    0000000c     (__TI_handler_table)
                  00005678    00000008     (.cinit..bss.load) [load image, compression = zero_init]
                  00005680    00000010     (__TI_cinit_table)

.rodata    0    00004ea0    000007b0     
                  00004ea0    00000222     lcd_driver.o (.rodata.font_6x8)
                  000050c2    00000200     main.o (.rodata.sine_table)
                  000052c2    00000002     ti_msp_dl_config.o (.rodata.gI2C_0ClockConfig)
                  000052c4    0000000c     main.o (.rodata..L__const.Display_Update.chord_names)
                  000052d0    00000101     libc.a : aeabi_ctype.S.obj (.rodata:__aeabi_ctype_table_)
                  000053d1    00000003     ti_msp_dl_config.o (.rodata.gPWM_AUDIOClockConfig)
                  000053d4    00000064     main.o (.rodata.INSTRUMENTS)
                  00005438    00000064     main.o (.rodata.PITCH_BEND_TABLE)
                  0000549c    00000028     ti_msp_dl_config.o (.rodata.gSYSPLLConfig)
                  000054c4    00000022     ti_msp_dl_config.o (.rodata..L__const.SYSCFG_DL_GPIO_init.unusedPinIndexes)
                  000054e6    00000002     ti_msp_dl_config.o (.rodata.gI2C_1ClockConfig)
                  000054e8    00000018     main.o (.rodata.PRESETS)
                  00005500    00000018     ti_msp_dl_config.o (.rodata.gDMA_CH1Config)
                  00005518    00000014     main.o (.rodata..L__const.Display_Update.arp_names)
                  0000552c    00000014     main.o (.rodata..L__const.Display_Update.env_names)
                  00005540    00000014     ti_msp_dl_config.o (.rodata.gTIMER_SAMPLETimerConfig)
                  00005554    00000011     libc.a : _printfi.c.obj (.rodata.str1.10348868589481759720.1)
                  00005565    00000011            : _printfi.c.obj (.rodata.str1.15363888844622738466.1)
                  00005576    0000000a     ti_msp_dl_config.o (.rodata.gSPI_LCD_config)
                  00005580    0000000a     main.o (.rodata.str1.15159059442110792349.1)
                  0000558a    0000000a     main.o (.rodata.str1.8154729771448623357.1)
                  00005594    00000009     main.o (.rodata.CHORD_INTERVALS)
                  0000559d    00000009     main.o (.rodata.str1.16265332423659789559.1)
                  000055a6    00000002     ti_msp_dl_config.o (.rodata.gSPI_LCD_clockConfig)
                  000055a8    00000008     ti_msp_dl_config.o (.rodata.gADC_ACCELClockConfig)
                  000055b0    00000008     ti_msp_dl_config.o (.rodata.gADC_JOYClockConfig)
                  000055b8    00000008     ti_msp_dl_config.o (.rodata.gPWM_AUDIOConfig)
                  000055c0    00000008     ti_msp_dl_config.o (.rodata.gRTCCalendarConfig)
                  000055c8    00000008     main.o (.rodata.str1.1311392489248731986.1)
                  000055d0    00000008     main.o (.rodata.str1.14112174005742061988.1)
                  000055d8    00000008     main.o (.rodata.str1.2846389346932560359.1)
                  000055e0    00000008     main.o (.rodata.str1.7702501944640899365.1)
                  000055e8    00000008     main.o (.rodata.str1.7784929982665794503.1)
                  000055f0    00000006     main.o (.rodata.str1.17100691992556644108.1)
                  000055f6    00000006     main.o (.rodata.str1.18227636981041470289.1)
                  000055fc    00000005     main.o (.rodata.str1.12180500075719773345.1)
                  00005601    00000005     main.o (.rodata.str1.16631870348416990953.1)
                  00005606    00000005     main.o (.rodata.str1.288608917962107522.1)
                  0000560b    00000004     main.o (.rodata.str1.10635229749459437609.1)
                  0000560f    00000004     main.o (.rodata.str1.11702106008850790973.1)
                  00005613    00000004     main.o (.rodata.str1.13288086030101331538.1)
                  00005617    00000004     main.o (.rodata.str1.14079361385603432444.1)
                  0000561b    00000004     main.o (.rodata.str1.14402440632258215044.1)
                  0000561f    00000004     main.o (.rodata.str1.17376258722486336754.1)
                  00005623    00000004     main.o (.rodata.str1.2123964117280943167.1)
                  00005627    00000004     main.o (.rodata.str1.2763581881760962609.1)
                  0000562b    00000004     main.o (.rodata.str1.3530083166107438000.1)
                  0000562f    00000004     lcd_driver.o (.rodata.str1.4301156551425074819.1)
                  00005633    00000004     main.o (.rodata.str1.8076846746581808073.1)
                  00005637    00000004     main.o (.rodata.str1.8108965883388295311.1)
                  0000563b    00000003     ti_msp_dl_config.o (.rodata.gTIMER_SAMPLEClockConfig)
                  0000563e    00000003     main.o (.rodata.str1.10313062130652730376.1)
                  00005641    00000003     main.o (.rodata.str1.13782249893155712474.1)
                  00005644    00000003     main.o (.rodata.str1.15996357275703397564.1)
                  00005647    00000003     main.o (.rodata.str1.6891813955777630061.1)
                  0000564a    00000003     main.o (.rodata.str1.9059077390166914652.1)
                  0000564d    00000001     main.o (.rodata.str1.11870794119293528247.1)
                  0000564e    00000002     --HOLE-- [fill = 0]

.init_array 
*          0    00000000    00000000     UNINITIALIZED

.binit     0    00000000    00000000     

.sysmem    0    20200000    00001000     UNINITIALIZED
                  20200000    00000010     libc.a : memory.c.obj (.sysmem)
                  20200010    00000ff0     --HOLE--

.bss       0    20201000    000001c4     UNINITIALIZED
                  20201000    000000bc     ti_msp_dl_config.o (.bss.gPWM_AUDIOBackup)
                  202010bc    000000a0     ti_msp_dl_config.o (.bss.gTIMER_SAMPLEBackup)
                  2020115c    0000003c     main.o (.bss.gSynthState)
                  20201198    00000028     ti_msp_dl_config.o (.bss.gSPI_LCDBackup)
                  202011c0    00000004     main.o (.bss.gADC0_DMA_Buffer)

.data      0    202011c4    000000d5     UNINITIALIZED
                  202011c4    00000080     main.o (.data.waveform_buffer)
                  20201244    00000014     main.o (.data.arpeggiator)
                  20201258    0000000c     main.o (.data.chord_increments)
                  20201264    0000000c     main.o (.data.chord_phases)
                  20201270    0000000c     main.o (.data.envelope)
                  2020127c    00000004     libc.a : aeabi_portable.c.obj (.data.__aeabi_errno)
                  20201280    00000004     main.o (.data.base_frequency_hz)
                  20201284    00000004     main.o (.data.phase)
                  20201288    00000004     main.o (.data.phase_increment)
                  2020128c    00000002     main.o (.data.tremolo_phase)
                  2020128e    00000002     main.o (.data.vibrato_phase)
                  20201290    00000001     main.o (.data.Generate_Audio_Sample.waveform_decimate_counter)
                  20201291    00000001     main.o (.data.Process_Pitch_Bend.prev_semitones)
                  20201292    00000001     main.o (.data.chord_mode)
                  20201293    00000001     main.o (.data.current_instrument)
                  20201294    00000001     main.o (.data.current_preset)
                  20201295    00000001     main.o (.data.effects_enabled)
                  20201296    00000001     main.o (.data.gADC0_DMA_Complete)
                  20201297    00000001     main.o (.data.pitch_bend_semitones)
                  20201298    00000001     main.o (.data.waveform_write_index)

.stack     0    20207e00    00000200     UNINITIALIZED
                  20207e00    00000004     libc.a : boot_cortex_m.c.obj (.stack)
                  20207e04    000001fc     --HOLE--

__llvm_prf_cnts 
*          0    20200000    00000000     UNINITIALIZED

__llvm_prf_bits 
*          0    20200000    00000000     UNINITIALIZED

MODULE SUMMARY

       Module                         code    ro data   rw data
       ------                         ----    -------   -------
    .\
       main.o                         5510    953       273    
       lcd_driver.o                   2230    550       0      
       startup_mspm0g350x_ticlang.o   8       192       0      
    +--+------------------------------+-------+---------+---------+
       Total:                         7748    1695      273    
                                                               
    .\syscfg\
       ti_msp_dl_config.o             4490    172       388    
    +--+------------------------------+-------+---------+---------+
       Total:                         4490    172       388    
                                                               
    .\ti\driverlib\
       dl_timer.o                     1312    0         0      
       dl_rtc_common.o                564     0         0      
       dl_dma.o                       250     0         0      
       dl_spi.o                       148     0         0      
       dl_adc12.o                     116     0         0      
       dl_i2c.o                       92      0         0      
       dl_common.o                    20      0         0      
    +--+------------------------------+-------+---------+---------+
       Total:                         2502    0         0      
                                                               
    .\ti\driverlib\m0p\sysctl\
       dl_sysctl_mspm0g1x0x_g3x0x.o   504     0         0      
    +--+------------------------------+-------+---------+---------+
       Total:                         504     0         0      
                                                               
    C:\ti\ccs2040\ccs\tools\compiler\ti-cgt-armllvm_4.0.4.LTS\lib\armv6m-ti-none-eabi/c/libc.a
       _printfi.c.obj                 2166    34        0      
       aeabi_ctype.S.obj              0       257       0      
       snprintf.c.obj                 148     0         0      
       copy_decompress_lzss.c.obj     124     0         0      
       atoi.c.obj                     64      0         0      
       autoinit.c.obj                 60      0         0      
       boot_cortex_m.c.obj            56      0         0      
       memccpy.c.obj                  34      0         0      
       copy_zero_init.c.obj           22      0         0      
       copy_decompress_none.c.obj     18      0         0      
       memcpy16.S.obj                 18      0         0      
       wcslen.c.obj                   16      0         0      
       memset16.S.obj                 14      0         0      
       aeabi_portable.c.obj           8       0         4      
       exit.c.obj                     6       0         0      
       pre_init.c.obj                 4       0         0      
    +--+------------------------------+-------+---------+---------+
       Total:                         2758    291       4      
                                                               
    C:\ti\ccs2040\ccs\tools\compiler\ti-cgt-armllvm_4.0.4.LTS\lib\armv6m-ti-none-eabi/c/libsysbm.a
       hostexit.c.obj                 4       0         0      
    +--+------------------------------+-------+---------+---------+
       Total:                         4       0         0      
                                                               
    C:\ti\ccs2040\ccs\tools\compiler\ti-cgt-armllvm_4.0.4.LTS\lib\armv6m-ti-none-eabi/libclang_rt.builtins.a
       adddf3.S.obj                   402     0         0      
       divdf3.S.obj                   268     0         0      
       muldf3.S.obj                   228     0         0      
       comparedf2.c.obj               220     0         0      
       udivmoddi4.S.obj               162     0         0      
       aeabi_dcmp.S.obj               98      0         0      
       aeabi_idivmod.S.obj            86      0         0      
       fixunsdfsi.S.obj               66      0         0      
       aeabi_uidivmod.S.obj           64      0         0      
       muldsi3.S.obj                  58      0         0      
       floatsidf.S.obj                44      0         0      
       floatunsisf.S.obj              40      0         0      
       floatunsidf.S.obj              36      0         0      
       muldi3.S.obj                   36      0         0      
       ashldi3.S.obj                  30      0         0      
       aeabi_memset.S.obj             26      0         0      
       aeabi_uldivmod.S.obj           20      0         0      
       aeabi_memcpy.S.obj             8       0         0      
       aeabi_div0.c.obj               4       0         0      
    +--+------------------------------+-------+---------+---------+
       Total:                         1896    0         0      
                                                               
       Heap:                          0       0         4096   
       Stack:                         0       0         512    
       Linker Generated:              0       63        0      
    +--+------------------------------+-------+---------+---------+
       Grand Total:                   19902   2221      5273   


LINKER GENERATED COPY TABLES

__TI_cinit_table @ 00005680 records: 2, size/record: 8, table size: 16
	.data: load addr=00005650, load size=0000001b bytes, run addr=202011c4, run size=000000d5 bytes, compression=lzss
	.bss: load addr=00005678, load size=00000008 bytes, run addr=20201000, run size=000001c4 bytes, compression=zero_init


LINKER GENERATED HANDLER TABLE

__TI_handler_table @ 0000566c records: 3, size/record: 4, table size: 12
	index: 0, handler: __TI_decompress_lzss
	index: 1, handler: __TI_decompress_none
	index: 2, handler: __TI_zero_init


FAR CALL TRAMPOLINES

callee name               trampoline name
   callee addr  tramp addr   call addr  call info
--------------  -----------  ---------  ----------------
_c_int00_noargs           $Tramp$TT$L$PI$$_c_int00_noargs
   0000432d     00004e88     00004e82   startup_mspm0g350x_ticlang.o (.text.Reset_Handler)

[1 trampolines]
[1 trampoline calls]


GLOBAL SYMBOLS: SORTED ALPHABETICALLY BY Name 

address   name                                 
-------   ----                                 
00003145  ADC0_IRQHandler                      
00003449  ADC1_IRQHandler                      
00004e7b  AES_IRQHandler                       
00004e7e  C$$EXIT                              
00004e7b  CANFD0_IRQHandler                    
00004e7b  DAC0_IRQHandler                      
000038a9  DL_ADC12_setClockConfig              
00004c0f  DL_Common_delayCycles                
00003a6d  DL_DMA_initChannel                   
00003e05  DL_I2C_setClockConfig                
00002929  DL_RTC_Common_initCalendar           
00003a25  DL_SPI_init                          
000043c5  DL_SPI_setClockConfig                
0000423d  DL_SYSCTL_configFCC                  
0000276d  DL_SYSCTL_configSYSPLL               
00003941  DL_SYSCTL_switchMCLKfromSYSOSCtoHSCLK
000024b1  DL_Timer_initFourCCPWMMode           
0000208d  DL_Timer_initTimerMode               
00003e39  DL_Timer_setCaptCompUpdateMethod     
00003e6d  DL_Timer_setCaptureCompareAction     
00003bf9  DL_Timer_setCaptureCompareCtl        
00003ea1  DL_Timer_setCaptureCompareInput      
00003af9  DL_Timer_setCaptureCompareOutCtl     
00003ffd  DL_Timer_setCaptureCompareValue      
00003ed5  DL_Timer_setClockConfig              
000042b5  DMA_IRQHandler                       
00004e7b  Default_Handler                      
00004e7b  GROUP0_IRQHandler                    
00004e7b  GROUP1_IRQHandler                    
00004e7f  HOSTexit                             
00003f09  HardFault_Handler                    
00004e7b  I2C0_IRQHandler                      
00004e7b  I2C1_IRQHandler                      
00001f79  LCD_DrawLine                         
00003859  LCD_DrawPixel                        
00001e61  LCD_DrawRect                         
00002f15  LCD_FillScreen                       
00001419  LCD_Init                             
00003509  LCD_PrintNumber                      
00001ba9  LCD_PrintString                      
00004e7b  NMI_Handler                          
00004e7b  PendSV_Handler                       
00004e7b  RTC_IRQHandler                       
00004e83  Reset_Handler                        
00004e7b  SPI0_IRQHandler                      
00004e7b  SPI1_IRQHandler                      
00004e7b  SVC_Handler                          
00002ad9  SYSCFG_DL_ADC_ACCEL_init             
00002fb5  SYSCFG_DL_ADC_JOY_init               
00003cad  SYSCFG_DL_DMA_CH1_init               
00004b71  SYSCFG_DL_DMA_init                   
00001679  SYSCFG_DL_GPIO_init                  
00003561  SYSCFG_DL_I2C_0_init                 
000035b9  SYSCFG_DL_I2C_1_init                 
000031bd  SYSCFG_DL_PWM_AUDIO_init             
000042dd  SYSCFG_DL_RTC_init                   
00003b39  SYSCFG_DL_SPI_LCD_init               
000047ed  SYSCFG_DL_SYSCTL_CLK_init            
00002d1d  SYSCFG_DL_SYSCTL_SYSPLL_init         
00002dcd  SYSCFG_DL_SYSCTL_init                
00003715  SYSCFG_DL_TIMER_SAMPLE_init          
00003611  SYSCFG_DL_init                       
00002bad  SYSCFG_DL_initPower                  
00004e7b  SysTick_Handler                      
00004e7b  TIMA0_IRQHandler                     
00004e7b  TIMA1_IRQHandler                     
00004e7b  TIMG0_IRQHandler                     
00004e7b  TIMG12_IRQHandler                    
00004e7b  TIMG6_IRQHandler                     
00003311  TIMG7_IRQHandler                     
00004e7b  TIMG8_IRQHandler                     
00004d73  TI_memcpy_small                      
00004e25  TI_memset_small                      
00004d15  Trigger_Note_On                      
00004e7b  UART0_IRQHandler                     
00004e7b  UART1_IRQHandler                     
00004e7b  UART2_IRQHandler                     
00004e7b  UART3_IRQHandler                     
20208000  __STACK_END                          
00000200  __STACK_SIZE                         
00001000  __SYSMEM_SIZE                        
00000000  __TI_ATRegion0_region_sz             
00000000  __TI_ATRegion0_src_addr              
00000000  __TI_ATRegion0_trg_addr              
00000000  __TI_ATRegion1_region_sz             
00000000  __TI_ATRegion1_src_addr              
00000000  __TI_ATRegion1_trg_addr              
00000000  __TI_ATRegion2_region_sz             
00000000  __TI_ATRegion2_src_addr              
00000000  __TI_ATRegion2_trg_addr              
00005680  __TI_CINIT_Base                      
00005690  __TI_CINIT_Limit                     
00005690  __TI_CINIT_Warm                      
0000566c  __TI_Handler_Table_Base              
00005678  __TI_Handler_Table_Limit             
00003ce9  __TI_auto_init_nobinit_nopinit       
000030c9  __TI_decompress_lzss                 
00004d85  __TI_decompress_none                 
ffffffff  __TI_pprof_out_hndl                  
000000c1  __TI_printfi_nofloat                 
ffffffff  __TI_prof_data_size                  
ffffffff  __TI_prof_data_start                 
00000000  __TI_static_base__                   
00004bf9  __TI_zero_init_nomemset              
00001a1f  __adddf3                             
000052d0  __aeabi_ctype_table_                 
000052d0  __aeabi_ctype_table_C                
00003ab5  __aeabi_d2uiz                        
00001a1f  __aeabi_dadd                         
000033e5  __aeabi_dcmpeq                       
00003421  __aeabi_dcmpge                       
00003435  __aeabi_dcmpgt                       
0000340d  __aeabi_dcmple                       
000033f9  __aeabi_dcmplt                       
000022ad  __aeabi_ddiv                         
00002689  __aeabi_dmul                         
00001a15  __aeabi_dsub                         
2020127c  __aeabi_errno                        
00004e65  __aeabi_errno_addr                   
00004081  __aeabi_i2d                          
00003669  __aeabi_idiv                         
00001ba7  __aeabi_idiv0                        
00003669  __aeabi_idivmod                      
0000208b  __aeabi_ldiv0                        
000044f5  __aeabi_llsl                         
0000440d  __aeabi_lmul                         
00004e59  __aeabi_memclr                       
00004e59  __aeabi_memclr4                      
00004e59  __aeabi_memclr8                      
00004e6d  __aeabi_memcpy                       
00004e6d  __aeabi_memcpy4                      
00004e6d  __aeabi_memcpy8                      
00004e09  __aeabi_memset                       
00004e09  __aeabi_memset4                      
00004e09  __aeabi_memset8                      
000043e9  __aeabi_ui2d                         
00004305  __aeabi_ui2f                         
00003b79  __aeabi_uidiv                        
00003b79  __aeabi_uidivmod                     
00004d29  __aeabi_uldivmod                     
000044f5  __ashldi3                            
ffffffff  __binit__                            
0000337d  __cmpdf2                             
000022ad  __divdf3                             
0000337d  __eqdf2                              
00003ab5  __fixunsdfsi                         
00004081  __floatsidf                          
000043e9  __floatunsidf                        
00004305  __floatunsisf                        
00003231  __gedf2                              
00003231  __gtdf2                              
0000337d  __ledf2                              
0000337d  __ltdf2                              
UNDEFED   __mpu_init                           
00002689  __muldf3                             
0000440d  __muldi3                             
00003d25  __muldsi3                            
0000337d  __nedf2                              
20207e00  __stack                              
20200000  __start___llvm_prf_bits              
20200000  __start___llvm_prf_cnts              
20200000  __stop___llvm_prf_bits               
20200000  __stop___llvm_prf_cnts               
00001a15  __subdf3                             
00002e71  __udivmoddi4                         
0000432d  _c_int00_noargs                      
20200000  _sys_memory                          
UNDEFED   _system_post_cinit                   
00004e99  _system_pre_init                     
00004e75  abort                                
00003bb9  atoi                                 
ffffffff  binit                                
20201000  gPWM_AUDIOBackup                     
20201198  gSPI_LCDBackup                       
2020115c  gSynthState                          
202010bc  gTIMER_SAMPLEBackup                  
00000000  interruptVectors                     
000011a5  main                                 
00004431  memccpy                              
0000398d  snprintf                             
00004df9  wcslen                               


GLOBAL SYMBOLS: SORTED BY Symbol Address 

address   name                                 
-------   ----                                 
00000000  __TI_ATRegion0_region_sz             
00000000  __TI_ATRegion0_src_addr              
00000000  __TI_ATRegion0_trg_addr              
00000000  __TI_ATRegion1_region_sz             
00000000  __TI_ATRegion1_src_addr              
00000000  __TI_ATRegion1_trg_addr              
00000000  __TI_ATRegion2_region_sz             
00000000  __TI_ATRegion2_src_addr              
00000000  __TI_ATRegion2_trg_addr              
00000000  __TI_static_base__                   
00000000  interruptVectors                     
000000c1  __TI_printfi_nofloat                 
00000200  __STACK_SIZE                         
00001000  __SYSMEM_SIZE                        
000011a5  main                                 
00001419  LCD_Init                             
00001679  SYSCFG_DL_GPIO_init                  
00001a15  __aeabi_dsub                         
00001a15  __subdf3                             
00001a1f  __adddf3                             
00001a1f  __aeabi_dadd                         
00001ba7  __aeabi_idiv0                        
00001ba9  LCD_PrintString                      
00001e61  LCD_DrawRect                         
00001f79  LCD_DrawLine                         
0000208b  __aeabi_ldiv0                        
0000208d  DL_Timer_initTimerMode               
000022ad  __aeabi_ddiv                         
000022ad  __divdf3                             
000024b1  DL_Timer_initFourCCPWMMode           
00002689  __aeabi_dmul                         
00002689  __muldf3                             
0000276d  DL_SYSCTL_configSYSPLL               
00002929  DL_RTC_Common_initCalendar           
00002ad9  SYSCFG_DL_ADC_ACCEL_init             
00002bad  SYSCFG_DL_initPower                  
00002d1d  SYSCFG_DL_SYSCTL_SYSPLL_init         
00002dcd  SYSCFG_DL_SYSCTL_init                
00002e71  __udivmoddi4                         
00002f15  LCD_FillScreen                       
00002fb5  SYSCFG_DL_ADC_JOY_init               
000030c9  __TI_decompress_lzss                 
00003145  ADC0_IRQHandler                      
000031bd  SYSCFG_DL_PWM_AUDIO_init             
00003231  __gedf2                              
00003231  __gtdf2                              
00003311  TIMG7_IRQHandler                     
0000337d  __cmpdf2                             
0000337d  __eqdf2                              
0000337d  __ledf2                              
0000337d  __ltdf2                              
0000337d  __nedf2                              
000033e5  __aeabi_dcmpeq                       
000033f9  __aeabi_dcmplt                       
0000340d  __aeabi_dcmple                       
00003421  __aeabi_dcmpge                       
00003435  __aeabi_dcmpgt                       
00003449  ADC1_IRQHandler                      
00003509  LCD_PrintNumber                      
00003561  SYSCFG_DL_I2C_0_init                 
000035b9  SYSCFG_DL_I2C_1_init                 
00003611  SYSCFG_DL_init                       
00003669  __aeabi_idiv                         
00003669  __aeabi_idivmod                      
00003715  SYSCFG_DL_TIMER_SAMPLE_init          
00003859  LCD_DrawPixel                        
000038a9  DL_ADC12_setClockConfig              
00003941  DL_SYSCTL_switchMCLKfromSYSOSCtoHSCLK
0000398d  snprintf                             
00003a25  DL_SPI_init                          
00003a6d  DL_DMA_initChannel                   
00003ab5  __aeabi_d2uiz                        
00003ab5  __fixunsdfsi                         
00003af9  DL_Timer_setCaptureCompareOutCtl     
00003b39  SYSCFG_DL_SPI_LCD_init               
00003b79  __aeabi_uidiv                        
00003b79  __aeabi_uidivmod                     
00003bb9  atoi                                 
00003bf9  DL_Timer_setCaptureCompareCtl        
00003cad  SYSCFG_DL_DMA_CH1_init               
00003ce9  __TI_auto_init_nobinit_nopinit       
00003d25  __muldsi3                            
00003e05  DL_I2C_setClockConfig                
00003e39  DL_Timer_setCaptCompUpdateMethod     
00003e6d  DL_Timer_setCaptureCompareAction     
00003ea1  DL_Timer_setCaptureCompareInput      
00003ed5  DL_Timer_setClockConfig              
00003f09  HardFault_Handler                    
00003ffd  DL_Timer_setCaptureCompareValue      
00004081  __aeabi_i2d                          
00004081  __floatsidf                          
0000423d  DL_SYSCTL_configFCC                  
000042b5  DMA_IRQHandler                       
000042dd  SYSCFG_DL_RTC_init                   
00004305  __aeabi_ui2f                         
00004305  __floatunsisf                        
0000432d  _c_int00_noargs                      
000043c5  DL_SPI_setClockConfig                
000043e9  __aeabi_ui2d                         
000043e9  __floatunsidf                        
0000440d  __aeabi_lmul                         
0000440d  __muldi3                             
00004431  memccpy                              
000044f5  __aeabi_llsl                         
000044f5  __ashldi3                            
000047ed  SYSCFG_DL_SYSCTL_CLK_init            
00004b71  SYSCFG_DL_DMA_init                   
00004bf9  __TI_zero_init_nomemset              
00004c0f  DL_Common_delayCycles                
00004d15  Trigger_Note_On                      
00004d29  __aeabi_uldivmod                     
00004d73  TI_memcpy_small                      
00004d85  __TI_decompress_none                 
00004df9  wcslen                               
00004e09  __aeabi_memset                       
00004e09  __aeabi_memset4                      
00004e09  __aeabi_memset8                      
00004e25  TI_memset_small                      
00004e59  __aeabi_memclr                       
00004e59  __aeabi_memclr4                      
00004e59  __aeabi_memclr8                      
00004e65  __aeabi_errno_addr                   
00004e6d  __aeabi_memcpy                       
00004e6d  __aeabi_memcpy4                      
00004e6d  __aeabi_memcpy8                      
00004e75  abort                                
00004e7b  AES_IRQHandler                       
00004e7b  CANFD0_IRQHandler                    
00004e7b  DAC0_IRQHandler                      
00004e7b  Default_Handler                      
00004e7b  GROUP0_IRQHandler                    
00004e7b  GROUP1_IRQHandler                    
00004e7b  I2C0_IRQHandler                      
00004e7b  I2C1_IRQHandler                      
00004e7b  NMI_Handler                          
00004e7b  PendSV_Handler                       
00004e7b  RTC_IRQHandler                       
00004e7b  SPI0_IRQHandler                      
00004e7b  SPI1_IRQHandler                      
00004e7b  SVC_Handler                          
00004e7b  SysTick_Handler                      
00004e7b  TIMA0_IRQHandler                     
00004e7b  TIMA1_IRQHandler                     
00004e7b  TIMG0_IRQHandler                     
00004e7b  TIMG12_IRQHandler                    
00004e7b  TIMG6_IRQHandler                     
00004e7b  TIMG8_IRQHandler                     
00004e7b  UART0_IRQHandler                     
00004e7b  UART1_IRQHandler                     
00004e7b  UART2_IRQHandler                     
00004e7b  UART3_IRQHandler                     
00004e7e  C$$EXIT                              
00004e7f  HOSTexit                             
00004e83  Reset_Handler                        
00004e99  _system_pre_init                     
000052d0  __aeabi_ctype_table_                 
000052d0  __aeabi_ctype_table_C                
0000566c  __TI_Handler_Table_Base              
00005678  __TI_Handler_Table_Limit             
00005680  __TI_CINIT_Base                      
00005690  __TI_CINIT_Limit                     
00005690  __TI_CINIT_Warm                      
20200000  __start___llvm_prf_bits              
20200000  __start___llvm_prf_cnts              
20200000  __stop___llvm_prf_bits               
20200000  __stop___llvm_prf_cnts               
20200000  _sys_memory                          
20201000  gPWM_AUDIOBackup                     
202010bc  gTIMER_SAMPLEBackup                  
2020115c  gSynthState                          
20201198  gSPI_LCDBackup                       
2020127c  __aeabi_errno                        
20207e00  __stack                              
20208000  __STACK_END                          
ffffffff  __TI_pprof_out_hndl                  
ffffffff  __TI_prof_data_size                  
ffffffff  __TI_prof_data_start                 
ffffffff  __binit__                            
ffffffff  binit                                
UNDEFED   __mpu_init                           
UNDEFED   _system_post_cinit                   

[181 symbols]
