******************************************************************************
            TI ARM Clang Linker PC v4.0.4                      
******************************************************************************
>> Linked Wed Dec 24 11:24:51 2025

OUTPUT FILE NAME:   <Motion_Music_studio.out>
ENTRY POINT SYMBOL: "_c_int00_noargs"  address: 00003c69


MEMORY CONFIGURATION

         name            origin    length      used     unused   attr    fill
----------------------  --------  ---------  --------  --------  ----  --------
  FLASH                 00000000   00020000  00004e90  0001b170  R  X
  SRAM                  20200000   00008000  00001468  00006b98  RW X
  BCR_CONFIG            41c00000   000000ff  00000000  000000ff  R   
  BSL_CONFIG            41c00100   00000080  00000000  00000080  R   


SEGMENT ALLOCATION MAP

run origin  load origin   length   init length attrs members
----------  ----------- ---------- ----------- ----- -------
00000000    00000000    00004748   00004748    r-x
  00000000    00000000    000000c0   000000c0    r-- .intvecs
  000000c0    000000c0    00004688   00004688    r-x .text
00004750    00004750    00000748   00000748    r--
  00004750    00004750    00000710   00000710    r-- .rodata
  00004e60    00004e60    00000038   00000038    r-- .cinit
20200000    20200000    00001268   00000000    rw-
  20200000    20200000    00001000   00000000    rw- .sysmem
  20201000    20201000    000001c0   00000000    rw- .bss
  202011c0    202011c0    000000a8   00000000    rw- .data
20207e00    20207e00    00000200   00000000    rw-
  20207e00    20207e00    00000200   00000000    rw- .stack


SECTION ALLOCATION MAP

 output                                  attributes/
section   page    origin      length       input sections
--------  ----  ----------  ----------   ----------------
.intvecs   0    00000000    000000c0     
                  00000000    000000c0     startup_mspm0g350x_ticlang.o (.intvecs)

.text      0    000000c0    00004688     
                  000000c0    00000868     libc.a : _printfi.c.obj (.text:__TI_printfi_nofloat)
                  00000928    00000260     lcd_driver.o (.text.LCD_Init)
                  00000b88    00000230     main.o (.text.main)
                  00000db8    000001fc     ti_msp_dl_config.o (.text.SYSCFG_DL_GPIO_init)
                  00000fb4    000001c0     main.o (.text.Draw_VU_Meter)
                  00001174    00000184     main.o (.text.Generate_Audio_Sample)
                  000012f8    00000180     main.o (.text.Display_Update)
                  00001478    00000180     lcd_driver.o (.text.LCD_PrintString)
                  000015f8    00000178     main.o (.text.Draw_Waveform)
                  00001770    0000014c     main.o (.text.Draw_Pitch_Bend_Indicator)
                  000018bc    00000112     lcd_driver.o (.text.LCD_DrawLine)
                  000019ce    00000002     main.o (.text.Init_Envelope_Tables)
                  000019d0    00000110     dl_timer.o (.text.DL_Timer_initTimerMode)
                  00001ae0    00000110     dl_timer.o (.text.DL_Timer_initTwoCCPWMMode)
                  00001bf0    00000100     lcd_driver.o (.text.LCD_DrawRect)
                  00001cf0    000000f0     main.o (.text.Update_Phase_Increment)
                  00001de0    000000ec     dl_timer.o (.text.DL_Timer_initFourCCPWMMode)
                  00001ecc    000000e0     dl_sysctl_mspm0g1x0x_g3x0x.o (.text.DL_SYSCTL_configSYSPLL)
                  00001fac    000000dc     main.o (.text.Generate_Waveform)
                  00002088    000000d8     dl_rtc_common.o (.text.DL_RTC_Common_initCalendar)
                  00002160    000000d8     libclang_rt.builtins.a : addsf3.S.obj (.text)
                  00002238    000000d0     main.o (.text.Process_Joystick)
                  00002308    000000d0     main.o (.text.TIMG7_IRQHandler)
                  000023d8    000000cc     main.o (.text.Process_Buttons)
                  000024a4    000000c0     ti_msp_dl_config.o (.text.SYSCFG_DL_initPower)
                  00002564    000000b8     ti_msp_dl_config.o (.text.SYSCFG_DL_ADC_ACCEL_init)
                  0000261c    000000b0     ti_msp_dl_config.o (.text.SYSCFG_DL_SYSCTL_SYSPLL_init)
                  000026cc    000000a4     ti_msp_dl_config.o (.text.SYSCFG_DL_SYSCTL_init)
                  00002770    000000a2     libclang_rt.builtins.a : udivmoddi4.S.obj (.text)
                  00002812    00000002                            : aeabi_div0.c.obj (.text.__aeabi_idiv0)
                  00002814    000000a0     main.o (.text.Process_Pitch_Bend)
                  000028b4    0000008c     ti_msp_dl_config.o (.text.SYSCFG_DL_ADC_MIC_JOY_init)
                  00002940    0000008c     libclang_rt.builtins.a : mulsf3.S.obj (.text.__mulsf3)
                  000029cc    00000084     ti_msp_dl_config.o (.text.__NVIC_SetPriority)
                  00002a50    00000082     libclang_rt.builtins.a : divsf3.S.obj (.text.__divsf3)
                  00002ad2    00000002                            : aeabi_div0.c.obj (.text.__aeabi_ldiv0)
                  00002ad4    00000080     main.o (.text.Draw_Header)
                  00002b54    0000007c     libc.a : copy_decompress_lzss.c.obj (.text:decompress:lzss)
                  00002bd0    00000074     ti_msp_dl_config.o (.text.SYSCFG_DL_PWM_AUDIO_init)
                  00002c44    00000074     libclang_rt.builtins.a : comparedf2.c.obj (.text.__gedf2)
                  00002cb8    0000006c     lcd_driver.o (.text.LCD_SetWindow)
                  00002d24    00000068     libclang_rt.builtins.a : comparedf2.c.obj (.text.__ledf2)
                  00002d8c    00000062                            : aeabi_dcmp.S.obj (.text.__aeabi_dcmp)
                  00002dee    00000002     --HOLE-- [fill = 0]
                  00002df0    00000062                            : aeabi_fcmp.S.obj (.text.__aeabi_fcmp)
                  00002e52    00000002     --HOLE-- [fill = 0]
                  00002e54    00000060     main.o (.text.ADC1_IRQHandler)
                  00002eb4    00000060     ti_msp_dl_config.o (.text.DL_ADC12_initSeqSample)
                  00002f14    00000058     lcd_driver.o (.text.LCD_PrintNumber)
                  00002f6c    00000058     ti_msp_dl_config.o (.text.SYSCFG_DL_I2C_0_init)
                  00002fc4    00000058     ti_msp_dl_config.o (.text.SYSCFG_DL_I2C_1_init)
                  0000301c    00000056     libclang_rt.builtins.a : aeabi_idivmod.S.obj (.text.__aeabi_idivmod)
                  00003072    00000002     --HOLE-- [fill = 0]
                  00003074    00000054     ti_msp_dl_config.o (.text.SYSCFG_DL_TIMER_SAMPLE_init)
                  000030c8    00000054     ti_msp_dl_config.o (.text.SYSCFG_DL_init)
                  0000311c    00000050     main.o (.text.ADC0_IRQHandler)
                  0000316c    00000050     ti_msp_dl_config.o (.text.DL_GPIO_initPeripheralInputFunctionFeatures)
                  000031bc    0000004e     lcd_driver.o (.text.LCD_DrawPixel)
                  0000320a    00000002     --HOLE-- [fill = 0]
                  0000320c    0000004c     dl_adc12.o (.text.DL_ADC12_setClockConfig)
                  00003258    0000004c     ti_msp_dl_config.o (.text.DL_GPIO_initDigitalInputFeatures)
                  000032a4    0000004c     dl_sysctl_mspm0g1x0x_g3x0x.o (.text.DL_SYSCTL_switchMCLKfromSYSOSCtoHSCLK)
                  000032f0    0000004c     libc.a : snprintf.c.obj (.text.snprintf)
                  0000333c    0000004a     ti_msp_dl_config.o (.text.DL_ADC12_configConversionMem)
                  00003386    00000002     --HOLE-- [fill = 0]
                  00003388    00000048     main.o (.text.Change_Instrument)
                  000033d0    00000048     dl_spi.o (.text.DL_SPI_init)
                  00003418    00000044     ti_msp_dl_config.o (.text.SYSCFG_DL_SPI_LCD_init)
                  0000345c    00000040     dl_timer.o (.text.DL_Timer_setCaptureCompareOutCtl)
                  0000349c    00000040     libclang_rt.builtins.a : aeabi_uidivmod.S.obj (.text.__aeabi_uidivmod)
                  000034dc    00000040     libc.a : atoi.c.obj (.text.atoi)
                  0000351c    0000003c     dl_timer.o (.text.DL_Timer_setCaptureCompareCtl)
                  00003558    0000003c     dl_timer.o (.text.DL_Timer_setCounterControl)
                  00003594    0000003c     ti_msp_dl_config.o (.text.DL_Timer_setCounterControl)
                  000035d0    0000003c     lcd_driver.o (.text.LCD_WriteCommand)
                  0000360c    0000003c     lcd_driver.o (.text.LCD_WriteData)
                  00003648    0000003c     libclang_rt.builtins.a : floatsisf.S.obj (.text.__floatsisf)
                  00003684    0000003c                            : comparesf2.S.obj (.text.__gtsf2)
                  000036c0    0000003c     libc.a : autoinit.c.obj (.text:__TI_auto_init_nobinit_nopinit)
                  000036fc    0000003a     libclang_rt.builtins.a : comparesf2.S.obj (.text.__eqsf2)
                  00003736    00000002     --HOLE-- [fill = 0]
                  00003738    0000003a                            : muldsi3.S.obj (.text.__muldsi3)
                  00003772    00000002     --HOLE-- [fill = 0]
                  00003774    00000038     ti_msp_dl_config.o (.text.DL_Timer_setPublisherChanID)
                  000037ac    00000038     libclang_rt.builtins.a : fixsfsi.S.obj (.text.__fixsfsi)
                  000037e4    00000034     dl_i2c.o (.text.DL_I2C_setClockConfig)
                  00003818    00000034     dl_timer.o (.text.DL_Timer_setCaptCompUpdateMethod)
                  0000384c    00000034     dl_timer.o (.text.DL_Timer_setCaptureCompareAction)
                  00003880    00000034     dl_timer.o (.text.DL_Timer_setCaptureCompareInput)
                  000038b4    00000034     dl_timer.o (.text.DL_Timer_setClockConfig)
                  000038e8    00000034     main.o (.text.HardFault_Handler)
                  0000391c    00000032     libclang_rt.builtins.a : fixunssfsi.S.obj (.text.__fixunssfsi)
                  0000394e    00000002     --HOLE-- [fill = 0]
                  00003950    00000030     main.o (.text.DL_ADC12_getMemResult)
                  00003980    00000030     ti_msp_dl_config.o (.text.DL_SPI_setFIFOThreshold)
                  000039b0    00000030     libc.a : snprintf.c.obj (.text._outs)
                  000039e0    0000002c     dl_timer.o (.text.DL_Timer_setCaptureCompareValue)
                  00003a0c    0000002c     main.o (.text.__NVIC_EnableIRQ)
                  00003a38    00000028     dl_adc12.o (.text.DL_Common_updateReg)
                  00003a60    00000028     dl_i2c.o (.text.DL_Common_updateReg)
                  00003a88    00000028     dl_rtc_common.o (.text.DL_Common_updateReg)
                  00003ab0    00000028     dl_spi.o (.text.DL_Common_updateReg)
                  00003ad8    00000028     dl_sysctl_mspm0g1x0x_g3x0x.o (.text.DL_Common_updateReg)
                  00003b00    00000028     dl_timer.o (.text.DL_Common_updateReg)
                  00003b28    00000028     ti_msp_dl_config.o (.text.DL_Common_updateReg)
                  00003b50    00000028     ti_msp_dl_config.o (.text.DL_I2C_setControllerRXFIFOThreshold)
                  00003b78    00000028     ti_msp_dl_config.o (.text.DL_I2C_setControllerTXFIFOThreshold)
                  00003ba0    00000028     dl_sysctl_mspm0g1x0x_g3x0x.o (.text.DL_SYSCTL_configFCC)
                  00003bc8    00000028     ti_msp_dl_config.o (.text.DL_SYSCTL_setPowerPolicySTANDBY0)
                  00003bf0    00000028     ti_msp_dl_config.o (.text.DL_Timer_enableEvent)
                  00003c18    00000028     ti_msp_dl_config.o (.text.SYSCFG_DL_RTC_init)
                  00003c40    00000028     libclang_rt.builtins.a : floatunsisf.S.obj (.text.__floatunsisf)
                  00003c68    00000028     libc.a : boot_cortex_m.c.obj (.text:_c_int00_noargs)
                  00003c90    00000026     ti_msp_dl_config.o (.text.DL_I2C_setAnalogGlitchFilterPulseWidth)
                  00003cb6    00000002     --HOLE-- [fill = 0]
                  00003cb8    00000024     ti_msp_dl_config.o (.text.DL_SPI_setBitRateSerialClockDivider)
                  00003cdc    00000024     dl_spi.o (.text.DL_SPI_setClockConfig)
                  00003d00    00000024     libclang_rt.builtins.a : floatunsidf.S.obj (.text.__floatunsidf)
                  00003d24    00000024                            : muldi3.S.obj (.text.__muldi3)
                  00003d48    00000022     libc.a : memccpy.c.obj (.text.memccpy)
                  00003d6a    00000002     --HOLE-- [fill = 0]
                  00003d6c    00000020     dl_sysctl_mspm0g1x0x_g3x0x.o (.text.DL_CORE_configInstruction)
                  00003d8c    00000020     dl_rtc_common.o (.text.DL_RTC_Common_setCalendarYearBinary)
                  00003dac    00000020     ti_msp_dl_config.o (.text.DL_SYSCTL_setFlashWaitState)
                  00003dcc    00000020     ti_msp_dl_config.o (.text.DL_SYSCTL_setMFPCLKSource)
                  00003dec    00000020     dl_timer.o (.text.DL_Timer_setCounterValueAfterEnable)
                  00003e0c    0000001e     lcd_driver.o (.text.LCD_FillScreen)
                  00003e2a    00000002     --HOLE-- [fill = 0]
                  00003e2c    0000001e     libclang_rt.builtins.a : ashldi3.S.obj (.text.__ashldi3)
                  00003e4a    00000002     --HOLE-- [fill = 0]
                  00003e4c    0000001c     ti_msp_dl_config.o (.text.DL_ADC12_clearInterruptStatus)
                  00003e68    0000001c     ti_msp_dl_config.o (.text.DL_ADC12_enableInterrupt)
                  00003e84    0000001c     main.o (.text.DL_ADC12_startConversion)
                  00003ea0    0000001c     ti_msp_dl_config.o (.text.DL_GPIO_clearInterruptStatus)
                  00003ebc    0000001c     ti_msp_dl_config.o (.text.DL_GPIO_enableHiZ)
                  00003ed8    0000001c     ti_msp_dl_config.o (.text.DL_GPIO_enableInterrupt)
                  00003ef4    0000001c     ti_msp_dl_config.o (.text.DL_GPIO_initPeripheralOutputFunction)
                  00003f10    0000001c     ti_msp_dl_config.o (.text.DL_GPIO_setLowerPinsPolarity)
                  00003f2c    0000001c     dl_rtc_common.o (.text.DL_RTC_Common_setCalendarMinutesBCD)
                  00003f48    0000001c     dl_rtc_common.o (.text.DL_RTC_Common_setCalendarMinutesBinary)
                  00003f64    0000001c     dl_rtc_common.o (.text.DL_RTC_Common_setCalendarMonthBCD)
                  00003f80    0000001c     dl_rtc_common.o (.text.DL_RTC_Common_setCalendarMonthBinary)
                  00003f9c    0000001c     dl_rtc_common.o (.text.DL_RTC_Common_setCalendarSecondsBCD)
                  00003fb8    0000001c     dl_rtc_common.o (.text.DL_RTC_Common_setCalendarSecondsBinary)
                  00003fd4    0000001c     dl_rtc_common.o (.text.DL_RTC_Common_setCalendarYearBCD)
                  00003ff0    0000001c     dl_rtc_common.o (.text.DL_RTC_Common_setClockFormat)
                  0000400c    0000001c     ti_msp_dl_config.o (.text.DL_SYSCTL_setFCCPeriods)
                  00004028    0000001c     ti_msp_dl_config.o (.text.DL_SYSCTL_setMCLKDivider)
                  00004044    0000001c     ti_msp_dl_config.o (.text.DL_SYSCTL_setSYSOSCFreq)
                  00004060    0000001c     ti_msp_dl_config.o (.text.DL_SYSCTL_setULPCLKDivider)
                  0000407c    0000001c     ti_msp_dl_config.o (.text.DL_SYSCTL_setVBOOSTConfig)
                  00004098    0000001c     ti_msp_dl_config.o (.text.DL_Timer_enableInterrupt)
                  000040b4    0000001c     ti_msp_dl_config.o (.text.SYSCFG_DL_SYSCTL_CLK_init)
                  000040d0    0000001a     ti_msp_dl_config.o (.text.DL_ADC12_setSubscriberChanID)
                  000040ea    0000001a     dl_rtc_common.o (.text.DL_RTC_Common_setCalendarHoursBCD)
                  00004104    0000001a     dl_rtc_common.o (.text.DL_RTC_Common_setCalendarHoursBinary)
                  0000411e    00000002     --HOLE-- [fill = 0]
                  00004120    00000018     ti_msp_dl_config.o (.text.DL_ADC12_enablePower)
                  00004138    00000018     ti_msp_dl_config.o (.text.DL_ADC12_reset)
                  00004150    00000018     ti_msp_dl_config.o (.text.DL_ADC12_setSampleTime0)
                  00004168    00000018     ti_msp_dl_config.o (.text.DL_GPIO_enableOutput)
                  00004180    00000018     ti_msp_dl_config.o (.text.DL_GPIO_enablePower)
                  00004198    00000018     ti_msp_dl_config.o (.text.DL_GPIO_initDigitalOutput)
                  000041b0    00000018     ti_msp_dl_config.o (.text.DL_GPIO_reset)
                  000041c8    00000018     ti_msp_dl_config.o (.text.DL_GPIO_setAnalogInternalResistor)
                  000041e0    00000018     lcd_driver.o (.text.DL_GPIO_setPins)
                  000041f8    00000018     main.o (.text.DL_GPIO_setPins)
                  00004210    00000018     ti_msp_dl_config.o (.text.DL_GPIO_setPins)
                  00004228    00000018     ti_msp_dl_config.o (.text.DL_GPIO_setUpperPinsPolarity)
                  00004240    00000018     main.o (.text.DL_GPIO_togglePins)
                  00004258    00000018     ti_msp_dl_config.o (.text.DL_I2C_enableAnalogGlitchFilter)
                  00004270    00000018     ti_msp_dl_config.o (.text.DL_I2C_enableController)
                  00004288    00000018     ti_msp_dl_config.o (.text.DL_I2C_enableControllerClockStretching)
                  000042a0    00000018     ti_msp_dl_config.o (.text.DL_I2C_enablePower)
                  000042b8    00000018     ti_msp_dl_config.o (.text.DL_I2C_reset)
                  000042d0    00000018     ti_msp_dl_config.o (.text.DL_I2C_setTimerPeriod)
                  000042e8    00000018     ti_msp_dl_config.o (.text.DL_RTC_Common_enablePower)
                  00004300    00000018     ti_msp_dl_config.o (.text.DL_RTC_Common_reset)
                  00004318    00000018     ti_msp_dl_config.o (.text.DL_SPI_enable)
                  00004330    00000018     ti_msp_dl_config.o (.text.DL_SPI_enableLoopbackMode)
                  00004348    00000018     ti_msp_dl_config.o (.text.DL_SPI_enablePower)
                  00004360    00000018     lcd_driver.o (.text.DL_SPI_isBusy)
                  00004378    00000018     ti_msp_dl_config.o (.text.DL_SPI_reset)
                  00004390    00000018     ti_msp_dl_config.o (.text.DL_SYSCTL_enableInterrupt)
                  000043a8    00000018     ti_msp_dl_config.o (.text.DL_SYSCTL_setBORThreshold)
                  000043c0    00000018     dl_sysctl_mspm0g1x0x_g3x0x.o (.text.DL_SYSCTL_setHSCLKSource)
                  000043d8    00000018     ti_msp_dl_config.o (.text.DL_Timer_enablePower)
                  000043f0    00000018     ti_msp_dl_config.o (.text.DL_Timer_reset)
                  00004408    00000018     dl_timer.o (.text.DL_Timer_setLoadValue)
                  00004420    00000018     main.o (.text.DL_Timer_startCounter)
                  00004438    00000018     libc.a : snprintf.c.obj (.text._outc)
                  00004450    00000016     main.o (.text.DL_ADC12_enableConversions)
                  00004466    00000016     ti_msp_dl_config.o (.text.DL_ADC12_enableConversions)
                  0000447c    00000016     ti_msp_dl_config.o (.text.DL_GPIO_enableGlobalFastWake)
                  00004492    00000016     main.o (.text.DL_GPIO_readPins)
                  000044a8    00000016     lcd_driver.o (.text.DL_SPI_transmitData8)
                  000044be    00000016     libc.a : copy_zero_init.c.obj (.text:decompress:ZI:__TI_zero_init_nomemset)
                  000044d4    00000014     dl_common.o (.text.DL_Common_delayCycles)
                  000044e8    00000014     ti_msp_dl_config.o (.text.DL_FlashCTL_enableInterrupt)
                  000044fc    00000014     lcd_driver.o (.text.DL_GPIO_clearPins)
                  00004510    00000014     main.o (.text.DL_GPIO_clearPins)
                  00004524    00000014     ti_msp_dl_config.o (.text.DL_GPIO_clearPins)
                  00004538    00000014     ti_msp_dl_config.o (.text.DL_I2C_resetControllerTransfer)
                  0000454c    00000014     dl_sysctl_mspm0g1x0x_g3x0x.o (.text.DL_SYSCTL_disableSYSPLL)
                  00004560    00000014     ti_msp_dl_config.o (.text.DL_SYSCTL_disableSYSPLL)
                  00004574    00000014     ti_msp_dl_config.o (.text.DL_SYSCTL_enableMFCLK)
                  00004588    00000014     dl_sysctl_mspm0g1x0x_g3x0x.o (.text.DL_SYSCTL_enableSYSPLL)
                  0000459c    00000014     ti_msp_dl_config.o (.text.DL_SYSCTL_enableSYSPLL)
                  000045b0    00000014     ti_msp_dl_config.o (.text.DL_Timer_enableClock)
                  000045c4    00000014     ti_msp_dl_config.o (.text.DL_Timer_setCCPDirection)
                  000045d8    00000014     main.o (.text.Trigger_Note_On)
                  000045ec    00000014     libclang_rt.builtins.a : aeabi_uldivmod.S.obj (.text.__aeabi_uldivmod)
                  00004600    00000012     main.o (.text.DL_ADC12_getPendingInterrupt)
                  00004612    00000012     main.o (.text.DL_Timer_getPendingInterrupt)
                  00004624    00000012     libc.a : memcpy16.S.obj (.text:TI_memcpy_small)
                  00004636    00000012            : copy_decompress_none.c.obj (.text:decompress:none)
                  00004648    00000010     dl_sysctl_mspm0g1x0x_g3x0x.o (.text.DL_CORE_getInstructionConfig)
                  00004658    00000010     ti_msp_dl_config.o (.text.DL_SYSCTL_disableHFXT)
                  00004668    00000010     ti_msp_dl_config.o (.text.DL_SYSCTL_enableMFPCLK)
                  00004678    00000010     ti_msp_dl_config.o (.text.DL_SYSCTL_isFCCDone)
                  00004688    00000010     ti_msp_dl_config.o (.text.DL_SYSCTL_startFCC)
                  00004698    00000010     libc.a : wcslen.c.obj (.text.wcslen)
                  000046a8    0000000e     libclang_rt.builtins.a : aeabi_memset.S.obj (.text.__aeabi_memset)
                  000046b6    0000000e     libc.a : _printfi.c.obj (.text.strlen)
                  000046c4    0000000e            : strlen.c.obj (.text.strlen)
                  000046d2    0000000e            : memset16.S.obj (.text:TI_memset_small)
                  000046e0    0000000c     dl_sysctl_mspm0g1x0x_g3x0x.o (.text.DL_SYSCTL_getClockStatus)
                  000046ec    0000000c     ti_msp_dl_config.o (.text.DL_SYSCTL_getClockStatus)
                  000046f8    0000000c     ti_msp_dl_config.o (.text.DL_SYSCTL_readFCC)
                  00004704    0000000c     libclang_rt.builtins.a : aeabi_memset.S.obj (.text.__aeabi_memclr)
                  00004710    00000008     libc.a : aeabi_portable.c.obj (.text.__aeabi_errno_addr)
                  00004718    00000008     libclang_rt.builtins.a : aeabi_memcpy.S.obj (.text.__aeabi_memcpy)
                  00004720    00000006     libc.a : exit.c.obj (.text:abort)
                  00004726    00000004     startup_mspm0g350x_ticlang.o (.text.Default_Handler)
                  0000472a    00000004     libsysbm.a : hostexit.c.obj (.text.HOSTexit)
                  0000472e    00000004     startup_mspm0g350x_ticlang.o (.text.Reset_Handler)
                  00004732    00000002     --HOLE-- [fill = 0]
                  00004734    00000010     libc.a : boot_cortex_m.c.obj (.tramp._c_int00_noargs.1)
                  00004744    00000004            : pre_init.c.obj (.text._system_pre_init)

.cinit     0    00004e60    00000038     
                  00004e60    00000014     (.cinit..data.load) [load image, compression = lzss]
                  00004e74    0000000c     (__TI_handler_table)
                  00004e80    00000008     (.cinit..bss.load) [load image, compression = zero_init]
                  00004e88    00000010     (__TI_cinit_table)

.rodata    0    00004750    00000710     
                  00004750    00000222     lcd_driver.o (.rodata.font_6x8)
                  00004972    00000200     main.o (.rodata.sine_table)
                  00004b72    0000000c     main.o (.rodata.str1.8154729771448623357.1)
                  00004b7e    00000002     ti_msp_dl_config.o (.rodata.gI2C_0ClockConfig)
                  00004b80    00000101     libc.a : aeabi_ctype.S.obj (.rodata:__aeabi_ctype_table_)
                  00004c81    00000003     ti_msp_dl_config.o (.rodata.gPWM_AUDIOClockConfig)
                  00004c84    00000064     main.o (.rodata.PITCH_BEND_TABLE)
                  00004ce8    00000050     main.o (.rodata.INSTRUMENTS)
                  00004d38    00000028     ti_msp_dl_config.o (.rodata.gSYSPLLConfig)
                  00004d60    00000022     ti_msp_dl_config.o (.rodata..L__const.SYSCFG_DL_GPIO_init.unusedPinIndexes)
                  00004d82    00000002     ti_msp_dl_config.o (.rodata.gI2C_1ClockConfig)
                  00004d84    00000014     ti_msp_dl_config.o (.rodata.gTIMER_SAMPLETimerConfig)
                  00004d98    00000011     libc.a : _printfi.c.obj (.rodata.str1.10348868589481759720.1)
                  00004da9    00000011            : _printfi.c.obj (.rodata.str1.15363888844622738466.1)
                  00004dba    00000002     ti_msp_dl_config.o (.rodata.gSPI_LCD_clockConfig)
                  00004dbc    00000010     main.o (.rodata..L__const.Display_Update.wave_names)
                  00004dcc    0000000a     ti_msp_dl_config.o (.rodata.gSPI_LCD_config)
                  00004dd6    0000000a     main.o (.rodata.str1.18227636981041470289.1)
                  00004de0    00000008     ti_msp_dl_config.o (.rodata.gADC_ACCELClockConfig)
                  00004de8    00000008     ti_msp_dl_config.o (.rodata.gADC_MIC_JOYClockConfig)
                  00004df0    00000008     ti_msp_dl_config.o (.rodata.gPWM_AUDIOConfig)
                  00004df8    00000008     ti_msp_dl_config.o (.rodata.gRTCCalendarConfig)
                  00004e00    00000008     main.o (.rodata.str1.288608917962107522.1)
                  00004e08    00000007     main.o (.rodata.str1.15159059442110792349.1)
                  00004e0f    00000007     main.o (.rodata.str1.17100691992556644108.1)
                  00004e16    00000006     main.o (.rodata.str1.12180500075719773345.1)
                  00004e1c    00000006     main.o (.rodata.str1.2846389346932560359.1)
                  00004e22    00000005     main.o (.rodata.str1.10313062130652730376.1)
                  00004e27    00000005     main.o (.rodata.str1.14112174005742061988.1)
                  00004e2c    00000005     main.o (.rodata.str1.7702501944640899365.1)
                  00004e31    00000001     --HOLE-- [fill = 0]
                  00004e32    00000004     main.o (.rodata.ENV_INSTANT)
                  00004e36    00000004     main.o (.rodata.str1.11870794119293528247.1)
                  00004e3a    00000004     main.o (.rodata.str1.14079361385603432444.1)
                  00004e3e    00000004     main.o (.rodata.str1.2763581881760962609.1)
                  00004e42    00000004     main.o (.rodata.str1.8076846746581808073.1)
                  00004e46    00000004     main.o (.rodata.str1.8108965883388295311.1)
                  00004e4a    00000003     ti_msp_dl_config.o (.rodata.gTIMER_SAMPLEClockConfig)
                  00004e4d    00000003     main.o (.rodata.str1.14402440632258215044.1)
                  00004e50    00000003     main.o (.rodata.str1.15996357275703397564.1)
                  00004e53    00000003     main.o (.rodata.str1.16265332423659789559.1)
                  00004e56    00000003     lcd_driver.o (.rodata.str1.4301156551425074819.1)
                  00004e59    00000003     main.o (.rodata.str1.9059077390166914652.1)
                  00004e5c    00000002     main.o (.rodata.str1.2123964117280943167.1)
                  00004e5e    00000002     --HOLE-- [fill = 0]

.init_array 
*          0    00000000    00000000     UNINITIALIZED

.binit     0    00000000    00000000     

.sysmem    0    20200000    00001000     UNINITIALIZED
                  20200000    00000010     libc.a : memory.c.obj (.sysmem)
                  20200010    00000ff0     --HOLE--

.bss       0    20201000    000001c0     UNINITIALIZED
                  20201000    000000bc     ti_msp_dl_config.o (.bss.gPWM_AUDIOBackup)
                  202010bc    000000a0     ti_msp_dl_config.o (.bss.gTIMER_SAMPLEBackup)
                  2020115c    0000003c     main.o (.bss.gSynthState)
                  20201198    00000028     ti_msp_dl_config.o (.bss.gSPI_LCDBackup)

.data      0    202011c0    000000a8     UNINITIALIZED
                  202011c0    00000080     main.o (.data.waveform_buffer)
                  20201240    00000004     main.o (.data.Process_Buttons.s1_prev)
                  20201244    00000004     main.o (.data.Process_Buttons.s2_prev)
                  20201248    00000004     libc.a : aeabi_portable.c.obj (.data.__aeabi_errno)
                  2020124c    00000004     main.o (.data.base_frequency_hz)
                  20201250    00000004     main.o (.data.envelope_phase)
                  20201254    00000004     main.o (.data.phase)
                  20201258    00000004     main.o (.data.phase_increment)
                  2020125c    00000002     main.o (.data.envelope_amplitude)
                  2020125e    00000002     main.o (.data.peak_level)
                  20201260    00000002     main.o (.data.vu_level)
                  20201262    00000001     main.o (.data.Process_Pitch_Bend.prev_semitones)
                  20201263    00000001     main.o (.data.current_instrument)
                  20201264    00000001     main.o (.data.peak_hold_counter)
                  20201265    00000001     main.o (.data.pitch_bend_semitones)
                  20201266    00000001     main.o (.data.waveform_decimate)
                  20201267    00000001     main.o (.data.waveform_write_idx)

.stack     0    20207e00    00000200     UNINITIALIZED
                  20207e00    00000004     libc.a : boot_cortex_m.c.obj (.stack)
                  20207e04    000001fc     --HOLE--

__llvm_prf_cnts 
*          0    20200000    00000000     UNINITIALIZED

__llvm_prf_bits 
*          0    20200000    00000000     UNINITIALIZED

MODULE SUMMARY

       Module                         code    ro data   rw data
       ------                         ----    -------   -------
    .\
       main.o                         4470    817       224    
       lcd_driver.o                   2036    549       0      
       startup_mspm0g350x_ticlang.o   8       192       0      
    +--+------------------------------+-------+---------+---------+
       Total:                         6514    1558      224    
                                                               
    .\syscfg\
       ti_msp_dl_config.o             4226    148       388    
    +--+------------------------------+-------+---------+---------+
       Total:                         4226    148       388    
                                                               
    .\ti\driverlib\
       dl_timer.o                     1312    0         0      
       dl_rtc_common.o                564     0         0      
       dl_spi.o                       148     0         0      
       dl_adc12.o                     116     0         0      
       dl_i2c.o                       92      0         0      
       dl_common.o                    20      0         0      
    +--+------------------------------+-------+---------+---------+
       Total:                         2252    0         0      
                                                               
    .\ti\driverlib\m0p\sysctl\
       dl_sysctl_mspm0g1x0x_g3x0x.o   504     0         0      
    +--+------------------------------+-------+---------+---------+
       Total:                         504     0         0      
                                                               
    C:\ti\ccs2040\ccs\tools\compiler\ti-cgt-armllvm_4.0.4.LTS\lib\armv6m-ti-none-eabi/c/libc.a
       _printfi.c.obj                 2166    34        0      
       aeabi_ctype.S.obj              0       257       0      
       snprintf.c.obj                 148     0         0      
       copy_decompress_lzss.c.obj     124     0         0      
       atoi.c.obj                     64      0         0      
       autoinit.c.obj                 60      0         0      
       boot_cortex_m.c.obj            56      0         0      
       memccpy.c.obj                  34      0         0      
       copy_zero_init.c.obj           22      0         0      
       copy_decompress_none.c.obj     18      0         0      
       memcpy16.S.obj                 18      0         0      
       wcslen.c.obj                   16      0         0      
       memset16.S.obj                 14      0         0      
       strlen.c.obj                   14      0         0      
       aeabi_portable.c.obj           8       0         4      
       exit.c.obj                     6       0         0      
       pre_init.c.obj                 4       0         0      
    +--+------------------------------+-------+---------+---------+
       Total:                         2772    291       4      
                                                               
    C:\ti\ccs2040\ccs\tools\compiler\ti-cgt-armllvm_4.0.4.LTS\lib\armv6m-ti-none-eabi/c/libsysbm.a
       hostexit.c.obj                 4       0         0      
    +--+------------------------------+-------+---------+---------+
       Total:                         4       0         0      
                                                               
    C:\ti\ccs2040\ccs\tools\compiler\ti-cgt-armllvm_4.0.4.LTS\lib\armv6m-ti-none-eabi/libclang_rt.builtins.a
       comparedf2.c.obj               220     0         0      
       addsf3.S.obj                   216     0         0      
       udivmoddi4.S.obj               162     0         0      
       mulsf3.S.obj                   140     0         0      
       divsf3.S.obj                   130     0         0      
       comparesf2.S.obj               118     0         0      
       aeabi_dcmp.S.obj               98      0         0      
       aeabi_fcmp.S.obj               98      0         0      
       aeabi_idivmod.S.obj            86      0         0      
       aeabi_uidivmod.S.obj           64      0         0      
       floatsisf.S.obj                60      0         0      
       muldsi3.S.obj                  58      0         0      
       fixsfsi.S.obj                  56      0         0      
       fixunssfsi.S.obj               50      0         0      
       floatunsisf.S.obj              40      0         0      
       floatunsidf.S.obj              36      0         0      
       muldi3.S.obj                   36      0         0      
       ashldi3.S.obj                  30      0         0      
       aeabi_memset.S.obj             26      0         0      
       aeabi_uldivmod.S.obj           20      0         0      
       aeabi_memcpy.S.obj             8       0         0      
       aeabi_div0.c.obj               4       0         0      
    +--+------------------------------+-------+---------+---------+
       Total:                         1756    0         0      
                                                               
       Heap:                          0       0         4096   
       Stack:                         0       0         512    
       Linker Generated:              0       56        0      
    +--+------------------------------+-------+---------+---------+
       Grand Total:                   18028   2053      5224   


LINKER GENERATED COPY TABLES

__TI_cinit_table @ 00004e88 records: 2, size/record: 8, table size: 16
	.data: load addr=00004e60, load size=00000014 bytes, run addr=202011c0, run size=000000a8 bytes, compression=lzss
	.bss: load addr=00004e80, load size=00000008 bytes, run addr=20201000, run size=000001c0 bytes, compression=zero_init


LINKER GENERATED HANDLER TABLE

__TI_handler_table @ 00004e74 records: 3, size/record: 4, table size: 12
	index: 0, handler: __TI_decompress_lzss
	index: 1, handler: __TI_decompress_none
	index: 2, handler: __TI_zero_init


FAR CALL TRAMPOLINES

callee name               trampoline name
   callee addr  tramp addr   call addr  call info
--------------  -----------  ---------  ----------------
_c_int00_noargs           $Tramp$TT$L$PI$$_c_int00_noargs
   00003c69     00004734     0000472e   startup_mspm0g350x_ticlang.o (.text.Reset_Handler)

[1 trampolines]
[1 trampoline calls]


GLOBAL SYMBOLS: SORTED ALPHABETICALLY BY Name 

address   name                                 
-------   ----                                 
0000311d  ADC0_IRQHandler                      
00002e55  ADC1_IRQHandler                      
00004727  AES_IRQHandler                       
0000472a  C$$EXIT                              
00004727  CANFD0_IRQHandler                    
00004727  DAC0_IRQHandler                      
0000320d  DL_ADC12_setClockConfig              
000044d5  DL_Common_delayCycles                
000037e5  DL_I2C_setClockConfig                
00002089  DL_RTC_Common_initCalendar           
000033d1  DL_SPI_init                          
00003cdd  DL_SPI_setClockConfig                
00003ba1  DL_SYSCTL_configFCC                  
00001ecd  DL_SYSCTL_configSYSPLL               
000032a5  DL_SYSCTL_switchMCLKfromSYSOSCtoHSCLK
00001de1  DL_Timer_initFourCCPWMMode           
000019d1  DL_Timer_initTimerMode               
00003819  DL_Timer_setCaptCompUpdateMethod     
0000384d  DL_Timer_setCaptureCompareAction     
0000351d  DL_Timer_setCaptureCompareCtl        
00003881  DL_Timer_setCaptureCompareInput      
0000345d  DL_Timer_setCaptureCompareOutCtl     
000039e1  DL_Timer_setCaptureCompareValue      
000038b5  DL_Timer_setClockConfig              
00004727  DMA_IRQHandler                       
00004727  Default_Handler                      
00004727  GROUP0_IRQHandler                    
00004727  GROUP1_IRQHandler                    
0000472b  HOSTexit                             
000038e9  HardFault_Handler                    
00004727  I2C0_IRQHandler                      
00004727  I2C1_IRQHandler                      
000018bd  LCD_DrawLine                         
000031bd  LCD_DrawPixel                        
00001bf1  LCD_DrawRect                         
00003e0d  LCD_FillScreen                       
00000929  LCD_Init                             
00002f15  LCD_PrintNumber                      
00001479  LCD_PrintString                      
00004727  NMI_Handler                          
00004727  PendSV_Handler                       
000023d9  Process_Buttons                      
00004727  RTC_IRQHandler                       
0000472f  Reset_Handler                        
00004727  SPI0_IRQHandler                      
00004727  SPI1_IRQHandler                      
00004727  SVC_Handler                          
00002565  SYSCFG_DL_ADC_ACCEL_init             
000028b5  SYSCFG_DL_ADC_MIC_JOY_init           
00000db9  SYSCFG_DL_GPIO_init                  
00002f6d  SYSCFG_DL_I2C_0_init                 
00002fc5  SYSCFG_DL_I2C_1_init                 
00002bd1  SYSCFG_DL_PWM_AUDIO_init             
00003c19  SYSCFG_DL_RTC_init                   
00003419  SYSCFG_DL_SPI_LCD_init               
000040b5  SYSCFG_DL_SYSCTL_CLK_init            
0000261d  SYSCFG_DL_SYSCTL_SYSPLL_init         
000026cd  SYSCFG_DL_SYSCTL_init                
00003075  SYSCFG_DL_TIMER_SAMPLE_init          
000030c9  SYSCFG_DL_init                       
000024a5  SYSCFG_DL_initPower                  
00004727  SysTick_Handler                      
00004727  TIMA0_IRQHandler                     
00004727  TIMA1_IRQHandler                     
00004727  TIMG0_IRQHandler                     
00004727  TIMG12_IRQHandler                    
00004727  TIMG6_IRQHandler                     
00002309  TIMG7_IRQHandler                     
00004727  TIMG8_IRQHandler                     
00004625  TI_memcpy_small                      
000046d3  TI_memset_small                      
00004727  UART0_IRQHandler                     
00004727  UART1_IRQHandler                     
00004727  UART2_IRQHandler                     
00004727  UART3_IRQHandler                     
20208000  __STACK_END                          
00000200  __STACK_SIZE                         
00001000  __SYSMEM_SIZE                        
00000000  __TI_ATRegion0_region_sz             
00000000  __TI_ATRegion0_src_addr              
00000000  __TI_ATRegion0_trg_addr              
00000000  __TI_ATRegion1_region_sz             
00000000  __TI_ATRegion1_src_addr              
00000000  __TI_ATRegion1_trg_addr              
00000000  __TI_ATRegion2_region_sz             
00000000  __TI_ATRegion2_src_addr              
00000000  __TI_ATRegion2_trg_addr              
00004e88  __TI_CINIT_Base                      
00004e98  __TI_CINIT_Limit                     
00004e98  __TI_CINIT_Warm                      
00004e74  __TI_Handler_Table_Base              
00004e80  __TI_Handler_Table_Limit             
000036c1  __TI_auto_init_nobinit_nopinit       
00002b55  __TI_decompress_lzss                 
00004637  __TI_decompress_none                 
ffffffff  __TI_pprof_out_hndl                  
000000c1  __TI_printfi_nofloat                 
ffffffff  __TI_prof_data_size                  
ffffffff  __TI_prof_data_start                 
00000000  __TI_static_base__                   
000044bf  __TI_zero_init_nomemset              
0000216b  __addsf3                             
00004b80  __aeabi_ctype_table_                 
00004b80  __aeabi_ctype_table_C                
00002d8d  __aeabi_dcmpeq                       
00002dc9  __aeabi_dcmpge                       
00002ddd  __aeabi_dcmpgt                       
00002db5  __aeabi_dcmple                       
00002da1  __aeabi_dcmplt                       
20201248  __aeabi_errno                        
00004711  __aeabi_errno_addr                   
000037ad  __aeabi_f2iz                         
0000391d  __aeabi_f2uiz                        
0000216b  __aeabi_fadd                         
00002df1  __aeabi_fcmpeq                       
00002e2d  __aeabi_fcmpge                       
00002e41  __aeabi_fcmpgt                       
00002e19  __aeabi_fcmple                       
00002e05  __aeabi_fcmplt                       
00002a51  __aeabi_fdiv                         
00002941  __aeabi_fmul                         
00002161  __aeabi_fsub                         
00003649  __aeabi_i2f                          
0000301d  __aeabi_idiv                         
00002813  __aeabi_idiv0                        
0000301d  __aeabi_idivmod                      
00002ad3  __aeabi_ldiv0                        
00003e2d  __aeabi_llsl                         
00003d25  __aeabi_lmul                         
00004705  __aeabi_memclr                       
00004705  __aeabi_memclr4                      
00004705  __aeabi_memclr8                      
00004719  __aeabi_memcpy                       
00004719  __aeabi_memcpy4                      
00004719  __aeabi_memcpy8                      
000046a9  __aeabi_memset                       
000046a9  __aeabi_memset4                      
000046a9  __aeabi_memset8                      
00003d01  __aeabi_ui2d                         
00003c41  __aeabi_ui2f                         
0000349d  __aeabi_uidiv                        
0000349d  __aeabi_uidivmod                     
000045ed  __aeabi_uldivmod                     
00003e2d  __ashldi3                            
ffffffff  __binit__                            
00002d25  __cmpdf2                             
000036fd  __cmpsf2                             
00002a51  __divsf3                             
00002d25  __eqdf2                              
000036fd  __eqsf2                              
000037ad  __fixsfsi                            
0000391d  __fixunssfsi                         
00003649  __floatsisf                          
00003d01  __floatunsidf                        
00003c41  __floatunsisf                        
00002c45  __gedf2                              
00003685  __gesf2                              
00002c45  __gtdf2                              
00003685  __gtsf2                              
00002d25  __ledf2                              
000036fd  __lesf2                              
00002d25  __ltdf2                              
000036fd  __ltsf2                              
UNDEFED   __mpu_init                           
00003d25  __muldi3                             
00003739  __muldsi3                            
00002941  __mulsf3                             
00002d25  __nedf2                              
000036fd  __nesf2                              
20207e00  __stack                              
20200000  __start___llvm_prf_bits              
20200000  __start___llvm_prf_cnts              
20200000  __stop___llvm_prf_bits               
20200000  __stop___llvm_prf_cnts               
00002161  __subsf3                             
00002771  __udivmoddi4                         
00003c69  _c_int00_noargs                      
20200000  _sys_memory                          
UNDEFED   _system_post_cinit                   
00004745  _system_pre_init                     
00004721  abort                                
000034dd  atoi                                 
ffffffff  binit                                
20201000  gPWM_AUDIOBackup                     
20201198  gSPI_LCDBackup                       
2020115c  gSynthState                          
202010bc  gTIMER_SAMPLEBackup                  
00000000  interruptVectors                     
00000b89  main                                 
00003d49  memccpy                              
000032f1  snprintf                             
000046c5  strlen                               
00004699  wcslen                               


GLOBAL SYMBOLS: SORTED BY Symbol Address 

address   name                                 
-------   ----                                 
00000000  __TI_ATRegion0_region_sz             
00000000  __TI_ATRegion0_src_addr              
00000000  __TI_ATRegion0_trg_addr              
00000000  __TI_ATRegion1_region_sz             
00000000  __TI_ATRegion1_src_addr              
00000000  __TI_ATRegion1_trg_addr              
00000000  __TI_ATRegion2_region_sz             
00000000  __TI_ATRegion2_src_addr              
00000000  __TI_ATRegion2_trg_addr              
00000000  __TI_static_base__                   
00000000  interruptVectors                     
000000c1  __TI_printfi_nofloat                 
00000200  __STACK_SIZE                         
00000929  LCD_Init                             
00000b89  main                                 
00000db9  SYSCFG_DL_GPIO_init                  
00001000  __SYSMEM_SIZE                        
00001479  LCD_PrintString                      
000018bd  LCD_DrawLine                         
000019d1  DL_Timer_initTimerMode               
00001bf1  LCD_DrawRect                         
00001de1  DL_Timer_initFourCCPWMMode           
00001ecd  DL_SYSCTL_configSYSPLL               
00002089  DL_RTC_Common_initCalendar           
00002161  __aeabi_fsub                         
00002161  __subsf3                             
0000216b  __addsf3                             
0000216b  __aeabi_fadd                         
00002309  TIMG7_IRQHandler                     
000023d9  Process_Buttons                      
000024a5  SYSCFG_DL_initPower                  
00002565  SYSCFG_DL_ADC_ACCEL_init             
0000261d  SYSCFG_DL_SYSCTL_SYSPLL_init         
000026cd  SYSCFG_DL_SYSCTL_init                
00002771  __udivmoddi4                         
00002813  __aeabi_idiv0                        
000028b5  SYSCFG_DL_ADC_MIC_JOY_init           
00002941  __aeabi_fmul                         
00002941  __mulsf3                             
00002a51  __aeabi_fdiv                         
00002a51  __divsf3                             
00002ad3  __aeabi_ldiv0                        
00002b55  __TI_decompress_lzss                 
00002bd1  SYSCFG_DL_PWM_AUDIO_init             
00002c45  __gedf2                              
00002c45  __gtdf2                              
00002d25  __cmpdf2                             
00002d25  __eqdf2                              
00002d25  __ledf2                              
00002d25  __ltdf2                              
00002d25  __nedf2                              
00002d8d  __aeabi_dcmpeq                       
00002da1  __aeabi_dcmplt                       
00002db5  __aeabi_dcmple                       
00002dc9  __aeabi_dcmpge                       
00002ddd  __aeabi_dcmpgt                       
00002df1  __aeabi_fcmpeq                       
00002e05  __aeabi_fcmplt                       
00002e19  __aeabi_fcmple                       
00002e2d  __aeabi_fcmpge                       
00002e41  __aeabi_fcmpgt                       
00002e55  ADC1_IRQHandler                      
00002f15  LCD_PrintNumber                      
00002f6d  SYSCFG_DL_I2C_0_init                 
00002fc5  SYSCFG_DL_I2C_1_init                 
0000301d  __aeabi_idiv                         
0000301d  __aeabi_idivmod                      
00003075  SYSCFG_DL_TIMER_SAMPLE_init          
000030c9  SYSCFG_DL_init                       
0000311d  ADC0_IRQHandler                      
000031bd  LCD_DrawPixel                        
0000320d  DL_ADC12_setClockConfig              
000032a5  DL_SYSCTL_switchMCLKfromSYSOSCtoHSCLK
000032f1  snprintf                             
000033d1  DL_SPI_init                          
00003419  SYSCFG_DL_SPI_LCD_init               
0000345d  DL_Timer_setCaptureCompareOutCtl     
0000349d  __aeabi_uidiv                        
0000349d  __aeabi_uidivmod                     
000034dd  atoi                                 
0000351d  DL_Timer_setCaptureCompareCtl        
00003649  __aeabi_i2f                          
00003649  __floatsisf                          
00003685  __gesf2                              
00003685  __gtsf2                              
000036c1  __TI_auto_init_nobinit_nopinit       
000036fd  __cmpsf2                             
000036fd  __eqsf2                              
000036fd  __lesf2                              
000036fd  __ltsf2                              
000036fd  __nesf2                              
00003739  __muldsi3                            
000037ad  __aeabi_f2iz                         
000037ad  __fixsfsi                            
000037e5  DL_I2C_setClockConfig                
00003819  DL_Timer_setCaptCompUpdateMethod     
0000384d  DL_Timer_setCaptureCompareAction     
00003881  DL_Timer_setCaptureCompareInput      
000038b5  DL_Timer_setClockConfig              
000038e9  HardFault_Handler                    
0000391d  __aeabi_f2uiz                        
0000391d  __fixunssfsi                         
000039e1  DL_Timer_setCaptureCompareValue      
00003ba1  DL_SYSCTL_configFCC                  
00003c19  SYSCFG_DL_RTC_init                   
00003c41  __aeabi_ui2f                         
00003c41  __floatunsisf                        
00003c69  _c_int00_noargs                      
00003cdd  DL_SPI_setClockConfig                
00003d01  __aeabi_ui2d                         
00003d01  __floatunsidf                        
00003d25  __aeabi_lmul                         
00003d25  __muldi3                             
00003d49  memccpy                              
00003e0d  LCD_FillScreen                       
00003e2d  __aeabi_llsl                         
00003e2d  __ashldi3                            
000040b5  SYSCFG_DL_SYSCTL_CLK_init            
000044bf  __TI_zero_init_nomemset              
000044d5  DL_Common_delayCycles                
000045ed  __aeabi_uldivmod                     
00004625  TI_memcpy_small                      
00004637  __TI_decompress_none                 
00004699  wcslen                               
000046a9  __aeabi_memset                       
000046a9  __aeabi_memset4                      
000046a9  __aeabi_memset8                      
000046c5  strlen                               
000046d3  TI_memset_small                      
00004705  __aeabi_memclr                       
00004705  __aeabi_memclr4                      
00004705  __aeabi_memclr8                      
00004711  __aeabi_errno_addr                   
00004719  __aeabi_memcpy                       
00004719  __aeabi_memcpy4                      
00004719  __aeabi_memcpy8                      
00004721  abort                                
00004727  AES_IRQHandler                       
00004727  CANFD0_IRQHandler                    
00004727  DAC0_IRQHandler                      
00004727  DMA_IRQHandler                       
00004727  Default_Handler                      
00004727  GROUP0_IRQHandler                    
00004727  GROUP1_IRQHandler                    
00004727  I2C0_IRQHandler                      
00004727  I2C1_IRQHandler                      
00004727  NMI_Handler                          
00004727  PendSV_Handler                       
00004727  RTC_IRQHandler                       
00004727  SPI0_IRQHandler                      
00004727  SPI1_IRQHandler                      
00004727  SVC_Handler                          
00004727  SysTick_Handler                      
00004727  TIMA0_IRQHandler                     
00004727  TIMA1_IRQHandler                     
00004727  TIMG0_IRQHandler                     
00004727  TIMG12_IRQHandler                    
00004727  TIMG6_IRQHandler                     
00004727  TIMG8_IRQHandler                     
00004727  UART0_IRQHandler                     
00004727  UART1_IRQHandler                     
00004727  UART2_IRQHandler                     
00004727  UART3_IRQHandler                     
0000472a  C$$EXIT                              
0000472b  HOSTexit                             
0000472f  Reset_Handler                        
00004745  _system_pre_init                     
00004b80  __aeabi_ctype_table_                 
00004b80  __aeabi_ctype_table_C                
00004e74  __TI_Handler_Table_Base              
00004e80  __TI_Handler_Table_Limit             
00004e88  __TI_CINIT_Base                      
00004e98  __TI_CINIT_Limit                     
00004e98  __TI_CINIT_Warm                      
20200000  __start___llvm_prf_bits              
20200000  __start___llvm_prf_cnts              
20200000  __stop___llvm_prf_bits               
20200000  __stop___llvm_prf_cnts               
20200000  _sys_memory                          
20201000  gPWM_AUDIOBackup                     
202010bc  gTIMER_SAMPLEBackup                  
2020115c  gSynthState                          
20201198  gSPI_LCDBackup                       
20201248  __aeabi_errno                        
20207e00  __stack                              
20208000  __STACK_END                          
ffffffff  __TI_pprof_out_hndl                  
ffffffff  __TI_prof_data_size                  
ffffffff  __TI_prof_data_start                 
ffffffff  __binit__                            
ffffffff  binit                                
UNDEFED   __mpu_init                           
UNDEFED   _system_post_cinit                   

[193 symbols]
