******************************************************************************
            TI ARM Clang Linker PC v4.0.4                      
******************************************************************************
>> Linked Mon Dec 22 00:54:15 2025

OUTPUT FILE NAME:   <Motion_Music_studio.out>
ENTRY POINT SYMBOL: "_c_int00_noargs"  address: 00002111


MEMORY CONFIGURATION

         name            origin    length      used     unused   attr    fill
----------------------  --------  ---------  --------  --------  ----  --------
  FLASH                 00000000   00020000  000032f0  0001cd10  R  X
  SRAM                  20200000   00008000  00000310  00007cf0  RW X
  BCR_CONFIG            41c00000   000000ff  00000000  000000ff  R   
  BSL_CONFIG            41c00100   00000080  00000000  00000080  R   


SEGMENT ALLOCATION MAP

run origin  load origin   length   init length attrs members
----------  ----------- ---------- ----------- ----- -------
00000000    00000000    000032f0   000032f0    r-x
  00000000    00000000    000000c0   000000c0    r-- .intvecs
  000000c0    000000c0    00002960   00002960    r-x .text
  00002a20    00002a20    00000898   00000898    r-- .rodata
  000032b8    000032b8    00000038   00000038    r-- .cinit
20200000    20200000    00000110   00000000    rw-
  20200000    20200000    000000f8   00000000    rw- .bss
  202000f8    202000f8    00000018   00000000    rw- .data
20207e00    20207e00    00000200   00000000    rw-
  20207e00    20207e00    00000200   00000000    rw- .stack


SECTION ALLOCATION MAP

 output                                  attributes/
section   page    origin      length       input sections
--------  ----  ----------  ----------   ----------------
.intvecs   0    00000000    000000c0     
                  00000000    000000c0     startup_mspm0g350x_ticlang.o (.intvecs)

.text      0    000000c0    00002960     
                  000000c0    000001cc     ti_msp_dl_config.o (.text.SYSCFG_DL_GPIO_init)
                  0000028c    00000192     libclang_rt.builtins.a : adddf3.S.obj (.text.adddf3_subdf3)
                  0000041e    00000002     main.o (.text.Process_Accelerometer)
                  00000420    00000110     dl_timer.o (.text.DL_Timer_initTimerMode)
                  00000530    00000110     dl_timer.o (.text.DL_Timer_initTwoCCPWMMode)
                  00000640    0000010c     libclang_rt.builtins.a : divdf3.S.obj (.text.__divdf3)
                  0000074c    000000fc     main.o (.text.Process_Buttons)
                  00000848    000000f8     main.o (.text.main)
                  00000940    000000ec     dl_timer.o (.text.DL_Timer_initFourCCPWMMode)
                  00000a2c    000000e4     libclang_rt.builtins.a : muldf3.S.obj (.text.__muldf3)
                  00000b10    000000e0     dl_sysctl_mspm0g1x0x_g3x0x.o (.text.DL_SYSCTL_configSYSPLL)
                  00000bf0    000000e0     main.o (.text.TIMG7_IRQHandler)
                  00000cd0    000000c0     ti_msp_dl_config.o (.text.SYSCFG_DL_initPower)
                  00000d90    000000b4     ti_msp_dl_config.o (.text.SYSCFG_DL_ADC_MIC_JOY_init)
                  00000e44    000000b0     ti_msp_dl_config.o (.text.SYSCFG_DL_SYSCTL_SYSPLL_init)
                  00000ef4    000000ac     main.o (.text.Process_Joystick)
                  00000fa0    000000a8     ti_msp_dl_config.o (.text.SYSCFG_DL_ADC_ACCEL_init)
                  00001048    000000a4     ti_msp_dl_config.o (.text.SYSCFG_DL_SYSCTL_init)
                  000010ec    0000008c     main.o (.text.Audio_Set_Waveform)
                  00001178    00000084     ti_msp_dl_config.o (.text.__NVIC_SetPriority)
                  000011fc    0000007c     libc.a : copy_decompress_lzss.c.obj (.text:decompress:lzss)
                  00001278    00000074     ti_msp_dl_config.o (.text.SYSCFG_DL_PWM_AUDIO_init)
                  000012ec    00000074     libclang_rt.builtins.a : comparedf2.c.obj (.text.__gedf2)
                  00001360    00000068                            : comparedf2.c.obj (.text.__ledf2)
                  000013c8    00000062                            : aeabi_dcmp.S.obj (.text.__aeabi_dcmp)
                  0000142a    00000002                            : aeabi_div0.c.obj (.text.__aeabi_idiv0)
                  0000142c    00000060     main.o (.text.ADC0_IRQHandler)
                  0000148c    00000060     ti_msp_dl_config.o (.text.DL_ADC12_initSeqSample)
                  000014ec    0000005c     main.o (.text.ADC1_IRQHandler)
                  00001548    00000058     ti_msp_dl_config.o (.text.SYSCFG_DL_I2C_0_init)
                  000015a0    00000058     ti_msp_dl_config.o (.text.SYSCFG_DL_I2C_1_init)
                  000015f8    00000054     main.o (.text.Audio_Update_Frequency)
                  0000164c    00000054     ti_msp_dl_config.o (.text.SYSCFG_DL_TIMER_SAMPLE_init)
                  000016a0    00000050     ti_msp_dl_config.o (.text.DL_GPIO_initPeripheralInputFunctionFeatures)
                  000016f0    0000004c     dl_adc12.o (.text.DL_ADC12_setClockConfig)
                  0000173c    0000004c     ti_msp_dl_config.o (.text.DL_GPIO_enableEvents)
                  00001788    0000004c     ti_msp_dl_config.o (.text.DL_GPIO_initDigitalInputFeatures)
                  000017d4    0000004c     dl_sysctl_mspm0g1x0x_g3x0x.o (.text.DL_SYSCTL_switchMCLKfromSYSOSCtoHSCLK)
                  00001820    0000004c     ti_msp_dl_config.o (.text.SYSCFG_DL_init)
                  0000186c    0000004a     ti_msp_dl_config.o (.text.DL_ADC12_configConversionMem)
                  000018b6    00000002     --HOLE-- [fill = 0]
                  000018b8    0000004a     libclang_rt.builtins.a : fixdfsi.S.obj (.text.__fixdfsi)
                  00001902    00000002     --HOLE-- [fill = 0]
                  00001904    00000048     dl_spi.o (.text.DL_SPI_init)
                  0000194c    00000048     ti_msp_dl_config.o (.text.SYSCFG_DL_SPI_LCD_init)
                  00001994    00000044     main.o (.text.ADC_To_Frequency)
                  000019d8    00000042     libclang_rt.builtins.a : fixunsdfsi.S.obj (.text.__fixunsdfsi)
                  00001a1a    00000002     --HOLE-- [fill = 0]
                  00001a1c    00000040     dl_timer.o (.text.DL_Timer_setCaptureCompareOutCtl)
                  00001a5c    00000040     libclang_rt.builtins.a : aeabi_uidivmod.S.obj (.text.__aeabi_uidivmod)
                  00001a9c    0000003c     dl_timer.o (.text.DL_Timer_setCaptureCompareCtl)
                  00001ad8    0000003c     dl_timer.o (.text.DL_Timer_setCounterControl)
                  00001b14    0000003c     ti_msp_dl_config.o (.text.DL_Timer_setCounterControl)
                  00001b50    0000003c     main.o (.text.System_Init)
                  00001b8c    0000003c     libc.a : autoinit.c.obj (.text:__TI_auto_init_nobinit_nopinit)
                  00001bc8    0000003a     libclang_rt.builtins.a : muldsi3.S.obj (.text.__muldsi3)
                  00001c02    00000002     --HOLE-- [fill = 0]
                  00001c04    00000038     ti_msp_dl_config.o (.text.DL_GPIO_setPublisherChanID)
                  00001c3c    00000038     ti_msp_dl_config.o (.text.DL_Timer_setPublisherChanID)
                  00001c74    00000038     libclang_rt.builtins.a : fixsfsi.S.obj (.text.__fixsfsi)
                  00001cac    00000034     main.o (.text.Audio_Stop)
                  00001ce0    00000034     dl_i2c.o (.text.DL_I2C_setClockConfig)
                  00001d14    00000034     dl_timer.o (.text.DL_Timer_setCaptCompUpdateMethod)
                  00001d48    00000034     dl_timer.o (.text.DL_Timer_setCaptureCompareAction)
                  00001d7c    00000034     dl_timer.o (.text.DL_Timer_setCaptureCompareInput)
                  00001db0    00000034     dl_timer.o (.text.DL_Timer_setClockConfig)
                  00001de4    00000034     dl_vref.o (.text.DL_VREF_configReference)
                  00001e18    00000030     main.o (.text.DL_ADC12_getMemResult)
                  00001e48    00000030     ti_msp_dl_config.o (.text.DL_SPI_setFIFOThreshold)
                  00001e78    00000030     iqmath.a : _IQNtoF.o (.text._IQ24toF)
                  00001ea8    0000002c     main.o (.text.Audio_Update_Volume)
                  00001ed4    0000002c     dl_timer.o (.text.DL_Timer_setCaptureCompareValue)
                  00001f00    0000002c     main.o (.text.__NVIC_EnableIRQ)
                  00001f2c    0000002c     libclang_rt.builtins.a : floatsidf.S.obj (.text.__floatsidf)
                  00001f58    00000028     dl_adc12.o (.text.DL_Common_updateReg)
                  00001f80    00000028     dl_i2c.o (.text.DL_Common_updateReg)
                  00001fa8    00000028     dl_spi.o (.text.DL_Common_updateReg)
                  00001fd0    00000028     dl_sysctl_mspm0g1x0x_g3x0x.o (.text.DL_Common_updateReg)
                  00001ff8    00000028     dl_timer.o (.text.DL_Common_updateReg)
                  00002020    00000028     ti_msp_dl_config.o (.text.DL_Common_updateReg)
                  00002048    00000028     ti_msp_dl_config.o (.text.DL_I2C_setControllerRXFIFOThreshold)
                  00002070    00000028     ti_msp_dl_config.o (.text.DL_I2C_setControllerTXFIFOThreshold)
                  00002098    00000028     dl_sysctl_mspm0g1x0x_g3x0x.o (.text.DL_SYSCTL_configFCC)
                  000020c0    00000028     ti_msp_dl_config.o (.text.DL_SYSCTL_setPowerPolicySTANDBY0)
                  000020e8    00000028     ti_msp_dl_config.o (.text.DL_Timer_enableEvent)
                  00002110    00000028     libc.a : boot_cortex_m.c.obj (.text:_c_int00_noargs)
                  00002138    00000026     ti_msp_dl_config.o (.text.DL_I2C_setAnalogGlitchFilterPulseWidth)
                  0000215e    00000002     --HOLE-- [fill = 0]
                  00002160    00000024     ti_msp_dl_config.o (.text.DL_SPI_setBitRateSerialClockDivider)
                  00002184    00000024     dl_spi.o (.text.DL_SPI_setClockConfig)
                  000021a8    00000024     libclang_rt.builtins.a : floatunsidf.S.obj (.text.__floatunsidf)
                  000021cc    00000020     main.o (.text.ADC_To_Volume)
                  000021ec    00000020     main.o (.text.Audio_Init)
                  0000220c    00000020     dl_sysctl_mspm0g1x0x_g3x0x.o (.text.DL_CORE_configInstruction)
                  0000222c    00000020     ti_msp_dl_config.o (.text.DL_SYSCTL_setFlashWaitState)
                  0000224c    00000020     ti_msp_dl_config.o (.text.DL_SYSCTL_setMFPCLKSource)
                  0000226c    00000020     dl_timer.o (.text.DL_Timer_setCounterValueAfterEnable)
                  0000228c    0000001c     main.o (.text.Audio_Start)
                  000022a8    0000001c     ti_msp_dl_config.o (.text.DL_ADC12_clearInterruptStatus)
                  000022c4    0000001c     ti_msp_dl_config.o (.text.DL_ADC12_enableEvent)
                  000022e0    0000001c     ti_msp_dl_config.o (.text.DL_ADC12_enableInterrupt)
                  000022fc    0000001c     main.o (.text.DL_ADC12_startConversion)
                  00002318    0000001c     ti_msp_dl_config.o (.text.DL_GPIO_clearInterruptStatus)
                  00002334    0000001c     ti_msp_dl_config.o (.text.DL_GPIO_enableFastWakePins)
                  00002350    0000001c     ti_msp_dl_config.o (.text.DL_GPIO_enableHiZ)
                  0000236c    0000001c     ti_msp_dl_config.o (.text.DL_GPIO_enableInterrupt)
                  00002388    0000001c     ti_msp_dl_config.o (.text.DL_GPIO_initPeripheralOutputFunction)
                  000023a4    0000001c     ti_msp_dl_config.o (.text.DL_GPIO_setLowerPinsPolarity)
                  000023c0    0000001c     ti_msp_dl_config.o (.text.DL_SYSCTL_setFCCPeriods)
                  000023dc    0000001c     ti_msp_dl_config.o (.text.DL_SYSCTL_setMCLKDivider)
                  000023f8    0000001c     ti_msp_dl_config.o (.text.DL_SYSCTL_setSYSOSCFreq)
                  00002414    0000001c     ti_msp_dl_config.o (.text.DL_SYSCTL_setULPCLKDivider)
                  00002430    0000001c     ti_msp_dl_config.o (.text.DL_SYSCTL_setVBOOSTConfig)
                  0000244c    0000001c     ti_msp_dl_config.o (.text.DL_Timer_enableInterrupt)
                  00002468    0000001c     ti_msp_dl_config.o (.text.SYSCFG_DL_SYSCTL_CLK_init)
                  00002484    0000001c     ti_msp_dl_config.o (.text.SYSCFG_DL_VREF_init)
                  000024a0    0000001a     ti_msp_dl_config.o (.text.DL_ADC12_setSubscriberChanID)
                  000024ba    00000002     --HOLE-- [fill = 0]
                  000024bc    00000018     ti_msp_dl_config.o (.text.DL_ADC12_enablePower)
                  000024d4    00000018     ti_msp_dl_config.o (.text.DL_ADC12_reset)
                  000024ec    00000018     ti_msp_dl_config.o (.text.DL_ADC12_setSampleTime0)
                  00002504    00000018     ti_msp_dl_config.o (.text.DL_GPIO_enableOutput)
                  0000251c    00000018     ti_msp_dl_config.o (.text.DL_GPIO_enablePower)
                  00002534    00000018     ti_msp_dl_config.o (.text.DL_GPIO_initDigitalOutput)
                  0000254c    00000018     ti_msp_dl_config.o (.text.DL_GPIO_reset)
                  00002564    00000018     ti_msp_dl_config.o (.text.DL_GPIO_setAnalogInternalResistor)
                  0000257c    00000018     main.o (.text.DL_GPIO_setPins)
                  00002594    00000018     ti_msp_dl_config.o (.text.DL_GPIO_setPins)
                  000025ac    00000018     main.o (.text.DL_GPIO_togglePins)
                  000025c4    00000018     ti_msp_dl_config.o (.text.DL_I2C_enableAnalogGlitchFilter)
                  000025dc    00000018     ti_msp_dl_config.o (.text.DL_I2C_enableController)
                  000025f4    00000018     ti_msp_dl_config.o (.text.DL_I2C_enableControllerClockStretching)
                  0000260c    00000018     ti_msp_dl_config.o (.text.DL_I2C_enablePower)
                  00002624    00000018     ti_msp_dl_config.o (.text.DL_I2C_reset)
                  0000263c    00000018     ti_msp_dl_config.o (.text.DL_I2C_setTimerPeriod)
                  00002654    00000018     ti_msp_dl_config.o (.text.DL_SPI_enable)
                  0000266c    00000018     ti_msp_dl_config.o (.text.DL_SPI_enableLoopbackMode)
                  00002684    00000018     ti_msp_dl_config.o (.text.DL_SPI_enablePower)
                  0000269c    00000018     ti_msp_dl_config.o (.text.DL_SPI_reset)
                  000026b4    00000018     ti_msp_dl_config.o (.text.DL_SYSCTL_enableInterrupt)
                  000026cc    00000018     ti_msp_dl_config.o (.text.DL_SYSCTL_setBORThreshold)
                  000026e4    00000018     dl_sysctl_mspm0g1x0x_g3x0x.o (.text.DL_SYSCTL_setHSCLKSource)
                  000026fc    00000018     ti_msp_dl_config.o (.text.DL_Timer_enablePower)
                  00002714    00000018     ti_msp_dl_config.o (.text.DL_Timer_reset)
                  0000272c    00000018     dl_timer.o (.text.DL_Timer_setLoadValue)
                  00002744    00000018     main.o (.text.DL_Timer_startCounter)
                  0000275c    00000018     ti_msp_dl_config.o (.text.DL_VREF_enablePower)
                  00002774    00000018     ti_msp_dl_config.o (.text.DL_VREF_reset)
                  0000278c    00000018     iqmath.a : _IQNdiv.o (.text._IQ24div)
                  000027a4    00000016     main.o (.text.DL_ADC12_enableConversions)
                  000027ba    00000016     ti_msp_dl_config.o (.text.DL_ADC12_enableConversions)
                  000027d0    00000016     main.o (.text.DL_GPIO_readPins)
                  000027e6    00000016     libc.a : copy_zero_init.c.obj (.text:decompress:ZI:__TI_zero_init_nomemset)
                  000027fc    00000014     main.o (.text.Critical_Enter)
                  00002810    00000014     dl_common.o (.text.DL_Common_delayCycles)
                  00002824    00000014     ti_msp_dl_config.o (.text.DL_FlashCTL_enableInterrupt)
                  00002838    00000014     main.o (.text.DL_GPIO_clearPins)
                  0000284c    00000014     ti_msp_dl_config.o (.text.DL_GPIO_clearPins)
                  00002860    00000014     ti_msp_dl_config.o (.text.DL_I2C_resetControllerTransfer)
                  00002874    00000014     dl_sysctl_mspm0g1x0x_g3x0x.o (.text.DL_SYSCTL_disableSYSPLL)
                  00002888    00000014     ti_msp_dl_config.o (.text.DL_SYSCTL_disableSYSPLL)
                  0000289c    00000014     ti_msp_dl_config.o (.text.DL_SYSCTL_enableMFCLK)
                  000028b0    00000014     dl_sysctl_mspm0g1x0x_g3x0x.o (.text.DL_SYSCTL_enableSYSPLL)
                  000028c4    00000014     ti_msp_dl_config.o (.text.DL_SYSCTL_enableSYSPLL)
                  000028d8    00000014     ti_msp_dl_config.o (.text.DL_Timer_enableClock)
                  000028ec    00000014     ti_msp_dl_config.o (.text.DL_Timer_setCCPDirection)
                  00002900    00000012     main.o (.text.Critical_Exit)
                  00002912    00000012     main.o (.text.DL_ADC12_getPendingInterrupt)
                  00002924    00000012     main.o (.text.DL_Timer_getPendingInterrupt)
                  00002936    00000012     libc.a : memcpy16.S.obj (.text:TI_memcpy_small)
                  00002948    00000012            : copy_decompress_none.c.obj (.text:decompress:none)
                  0000295a    00000002     --HOLE-- [fill = 0]
                  0000295c    00000010     dl_sysctl_mspm0g1x0x_g3x0x.o (.text.DL_CORE_getInstructionConfig)
                  0000296c    00000010     ti_msp_dl_config.o (.text.DL_SYSCTL_disableHFXT)
                  0000297c    00000010     ti_msp_dl_config.o (.text.DL_SYSCTL_enableMFPCLK)
                  0000298c    00000010     ti_msp_dl_config.o (.text.DL_SYSCTL_isFCCDone)
                  0000299c    00000010     ti_msp_dl_config.o (.text.DL_SYSCTL_startFCC)
                  000029ac    0000000e     libc.a : memset16.S.obj (.text:TI_memset_small)
                  000029ba    00000002     --HOLE-- [fill = 0]
                  000029bc    0000000c     dl_sysctl_mspm0g1x0x_g3x0x.o (.text.DL_SYSCTL_getClockStatus)
                  000029c8    0000000c     ti_msp_dl_config.o (.text.DL_SYSCTL_getClockStatus)
                  000029d4    0000000c     ti_msp_dl_config.o (.text.DL_SYSCTL_readFCC)
                  000029e0    0000000c     libclang_rt.builtins.a : aeabi_memset.S.obj (.text.__aeabi_memclr)
                  000029ec    00000008                            : aeabi_memcpy.S.obj (.text.__aeabi_memcpy)
                  000029f4    00000006     libc.a : exit.c.obj (.text:abort)
                  000029fa    00000004     startup_mspm0g350x_ticlang.o (.text.Default_Handler)
                  000029fe    00000004     libsysbm.a : hostexit.c.obj (.text.HOSTexit)
                  00002a02    00000004     startup_mspm0g350x_ticlang.o (.text.Reset_Handler)
                  00002a06    00000002     --HOLE-- [fill = 0]
                  00002a08    00000010     libc.a : boot_cortex_m.c.obj (.tramp._c_int00_noargs.1)
                  00002a18    00000004     main.o (.text.System_Sleep)
                  00002a1c    00000004     libc.a : pre_init.c.obj (.text._system_pre_init)

.cinit     0    000032b8    00000038     
                  000032b8    00000011     (.cinit..data.load) [load image, compression = lzss]
                  000032c9    00000003     --HOLE-- [fill = 0]
                  000032cc    0000000c     (__TI_handler_table)
                  000032d8    00000008     (.cinit..bss.load) [load image, compression = zero_init]
                  000032e0    00000010     (__TI_cinit_table)

.rodata    0    00002a20    00000898     
                  00002a20    00000200     main.o (.rodata.wavetable_sawtooth)
                  00002c20    00000200     main.o (.rodata.wavetable_sine)
                  00002e20    00000200     main.o (.rodata.wavetable_square)
                  00003020    00000200     main.o (.rodata.wavetable_triangle)
                  00003220    00000028     ti_msp_dl_config.o (.rodata.gSYSPLLConfig)
                  00003248    00000022     ti_msp_dl_config.o (.rodata..L__const.SYSCFG_DL_GPIO_init.unusedPinIndexes)
                  0000326a    00000002     ti_msp_dl_config.o (.rodata.gI2C_0ClockConfig)
                  0000326c    00000014     ti_msp_dl_config.o (.rodata.gTIMER_SAMPLETimerConfig)
                  00003280    0000000a     ti_msp_dl_config.o (.rodata.gSPI_LCD_config)
                  0000328a    00000002     ti_msp_dl_config.o (.rodata.gI2C_1ClockConfig)
                  0000328c    00000008     ti_msp_dl_config.o (.rodata.gADC_ACCELClockConfig)
                  00003294    00000008     ti_msp_dl_config.o (.rodata.gADC_MIC_JOYClockConfig)
                  0000329c    00000008     ti_msp_dl_config.o (.rodata.gPWM_AUDIOConfig)
                  000032a4    00000008     ti_msp_dl_config.o (.rodata.gVREFConfig)
                  000032ac    00000003     ti_msp_dl_config.o (.rodata.gPWM_AUDIOClockConfig)
                  000032af    00000003     ti_msp_dl_config.o (.rodata.gTIMER_SAMPLEClockConfig)
                  000032b2    00000002     ti_msp_dl_config.o (.rodata.gSPI_LCD_clockConfig)
                  000032b4    00000004     --HOLE-- [fill = 0]

.init_array 
*          0    00000000    00000000     UNINITIALIZED

.binit     0    00000000    00000000     

.bss       0    20200000    000000f8     UNINITIALIZED
                  20200000    000000a0     ti_msp_dl_config.o (.bss.gTIMER_SAMPLEBackup)
                  202000a0    00000030     main.o (.bss.gSynthState)
                  202000d0    00000028     ti_msp_dl_config.o (.bss.gSPI_LCDBackup)

.data      0    202000f8    00000018     UNINITIALIZED
                  202000f8    00000004     main.o (.data.Process_Buttons.joy_prev)
                  202000fc    00000004     main.o (.data.Process_Buttons.last_poll)
                  20200100    00000004     main.o (.data.Process_Buttons.s1_prev)
                  20200104    00000004     main.o (.data.Process_Buttons.s2_prev)
                  20200108    00000004     main.o (.data.current_wavetable)
                  2020010c    00000002     main.o (.data.Process_Joystick.last_joy_x)
                  2020010e    00000002     main.o (.data.Process_Joystick.last_joy_y)

.stack     0    20207e00    00000200     UNINITIALIZED
                  20207e00    00000004     libc.a : boot_cortex_m.c.obj (.stack)
                  20207e04    000001fc     --HOLE--

__llvm_prf_cnts 
*          0    20200000    00000000     UNINITIALIZED

__llvm_prf_bits 
*          0    20200000    00000000     UNINITIALIZED

MODULE SUMMARY

       Module                         code    ro data   rw data
       ------                         ----    -------   -------
    .\
       ti_msp_dl_config.o             4328    148       200    
       main.o                         1960    2048      72     
       startup_mspm0g350x_ticlang.o   8       192       0      
    +--+------------------------------+-------+---------+---------+
       Total:                         6296    2388      272    
                                                               
    .\ti\driverlib\
       dl_timer.o                     1312    0         0      
       dl_spi.o                       148     0         0      
       dl_adc12.o                     116     0         0      
       dl_i2c.o                       92      0         0      
       dl_vref.o                      52      0         0      
       dl_common.o                    20      0         0      
    +--+------------------------------+-------+---------+---------+
       Total:                         1740    0         0      
                                                               
    .\ti\driverlib\m0p\sysctl\
       dl_sysctl_mspm0g1x0x_g3x0x.o   504     0         0      
    +--+------------------------------+-------+---------+---------+
       Total:                         504     0         0      
                                                               
    C:/ti/mspm0_sdk_2_09_00_01/source/ti/iqmath/lib/ticlang/m0p/mathacl/mspm0g1x0x_g3x0x/iqmath.a
       _IQNtoF.o                      48      0         0      
       _IQNdiv.o                      24      0         0      
    +--+------------------------------+-------+---------+---------+
       Total:                         72      0         0      
                                                               
    C:\ti\ccs2040\ccs\tools\compiler\ti-cgt-armllvm_4.0.4.LTS\lib\armv6m-ti-none-eabi/c/libc.a
       copy_decompress_lzss.c.obj     124     0         0      
       autoinit.c.obj                 60      0         0      
       boot_cortex_m.c.obj            56      0         0      
       copy_zero_init.c.obj           22      0         0      
       copy_decompress_none.c.obj     18      0         0      
       memcpy16.S.obj                 18      0         0      
       memset16.S.obj                 14      0         0      
       exit.c.obj                     6       0         0      
       pre_init.c.obj                 4       0         0      
    +--+------------------------------+-------+---------+---------+
       Total:                         322     0         0      
                                                               
    C:\ti\ccs2040\ccs\tools\compiler\ti-cgt-armllvm_4.0.4.LTS\lib\armv6m-ti-none-eabi/c/libsysbm.a
       hostexit.c.obj                 4       0         0      
    +--+------------------------------+-------+---------+---------+
       Total:                         4       0         0      
                                                               
    C:\ti\ccs2040\ccs\tools\compiler\ti-cgt-armllvm_4.0.4.LTS\lib\armv6m-ti-none-eabi/libclang_rt.builtins.a
       adddf3.S.obj                   402     0         0      
       divdf3.S.obj                   268     0         0      
       muldf3.S.obj                   228     0         0      
       comparedf2.c.obj               220     0         0      
       aeabi_dcmp.S.obj               98      0         0      
       fixdfsi.S.obj                  74      0         0      
       fixunsdfsi.S.obj               66      0         0      
       aeabi_uidivmod.S.obj           64      0         0      
       muldsi3.S.obj                  58      0         0      
       fixsfsi.S.obj                  56      0         0      
       floatsidf.S.obj                44      0         0      
       floatunsidf.S.obj              36      0         0      
       aeabi_memset.S.obj             12      0         0      
       aeabi_memcpy.S.obj             8       0         0      
       aeabi_div0.c.obj               2       0         0      
    +--+------------------------------+-------+---------+---------+
       Total:                         1636    0         0      
                                                               
       Stack:                         0       0         512    
       Linker Generated:              0       53        0      
    +--+------------------------------+-------+---------+---------+
       Grand Total:                   10574   2441      784    


LINKER GENERATED COPY TABLES

__TI_cinit_table @ 000032e0 records: 2, size/record: 8, table size: 16
	.data: load addr=000032b8, load size=00000011 bytes, run addr=202000f8, run size=00000018 bytes, compression=lzss
	.bss: load addr=000032d8, load size=00000008 bytes, run addr=20200000, run size=000000f8 bytes, compression=zero_init


LINKER GENERATED HANDLER TABLE

__TI_handler_table @ 000032cc records: 3, size/record: 4, table size: 12
	index: 0, handler: __TI_decompress_lzss
	index: 1, handler: __TI_decompress_none
	index: 2, handler: __TI_zero_init


FAR CALL TRAMPOLINES

callee name               trampoline name
   callee addr  tramp addr   call addr  call info
--------------  -----------  ---------  ----------------
_c_int00_noargs           $Tramp$TT$L$PI$$_c_int00_noargs
   00002111     00002a08     00002a02   startup_mspm0g350x_ticlang.o (.text.Reset_Handler)

[1 trampolines]
[1 trampoline calls]


GLOBAL SYMBOLS: SORTED ALPHABETICALLY BY Name 

address   name                                 
-------   ----                                 
0000142d  ADC0_IRQHandler                      
000014ed  ADC1_IRQHandler                      
000029fb  AES_IRQHandler                       
000021ed  Audio_Init                           
000010ed  Audio_Set_Waveform                   
0000228d  Audio_Start                          
00001cad  Audio_Stop                           
000015f9  Audio_Update_Frequency               
00001ea9  Audio_Update_Volume                  
000029fe  C$$EXIT                              
000029fb  CANFD0_IRQHandler                    
000029fb  DAC0_IRQHandler                      
000016f1  DL_ADC12_setClockConfig              
00002811  DL_Common_delayCycles                
00001ce1  DL_I2C_setClockConfig                
00001905  DL_SPI_init                          
00002185  DL_SPI_setClockConfig                
00002099  DL_SYSCTL_configFCC                  
00000b11  DL_SYSCTL_configSYSPLL               
000017d5  DL_SYSCTL_switchMCLKfromSYSOSCtoHSCLK
00000941  DL_Timer_initFourCCPWMMode           
00000421  DL_Timer_initTimerMode               
00001d15  DL_Timer_setCaptCompUpdateMethod     
00001d49  DL_Timer_setCaptureCompareAction     
00001a9d  DL_Timer_setCaptureCompareCtl        
00001d7d  DL_Timer_setCaptureCompareInput      
00001a1d  DL_Timer_setCaptureCompareOutCtl     
00001ed5  DL_Timer_setCaptureCompareValue      
00001db1  DL_Timer_setClockConfig              
00001de5  DL_VREF_configReference              
000029fb  DMA_IRQHandler                       
000029fb  Default_Handler                      
000029fb  GROUP0_IRQHandler                    
000029fb  GROUP1_IRQHandler                    
000029ff  HOSTexit                             
000029fb  HardFault_Handler                    
000029fb  I2C0_IRQHandler                      
000029fb  I2C1_IRQHandler                      
000029fb  NMI_Handler                          
000029fb  PendSV_Handler                       
0000041f  Process_Accelerometer                
0000074d  Process_Buttons                      
00000ef5  Process_Joystick                     
000029fb  RTC_IRQHandler                       
00002a03  Reset_Handler                        
000029fb  SPI0_IRQHandler                      
000029fb  SPI1_IRQHandler                      
000029fb  SVC_Handler                          
00000fa1  SYSCFG_DL_ADC_ACCEL_init             
00000d91  SYSCFG_DL_ADC_MIC_JOY_init           
000000c1  SYSCFG_DL_GPIO_init                  
00001549  SYSCFG_DL_I2C_0_init                 
000015a1  SYSCFG_DL_I2C_1_init                 
00001279  SYSCFG_DL_PWM_AUDIO_init             
0000194d  SYSCFG_DL_SPI_LCD_init               
00002469  SYSCFG_DL_SYSCTL_CLK_init            
00000e45  SYSCFG_DL_SYSCTL_SYSPLL_init         
00001049  SYSCFG_DL_SYSCTL_init                
0000164d  SYSCFG_DL_TIMER_SAMPLE_init          
00002485  SYSCFG_DL_VREF_init                  
00001821  SYSCFG_DL_init                       
00000cd1  SYSCFG_DL_initPower                  
000029fb  SysTick_Handler                      
00001b51  System_Init                          
000029fb  TIMA0_IRQHandler                     
000029fb  TIMA1_IRQHandler                     
000029fb  TIMG0_IRQHandler                     
000029fb  TIMG12_IRQHandler                    
000029fb  TIMG6_IRQHandler                     
00000bf1  TIMG7_IRQHandler                     
000029fb  TIMG8_IRQHandler                     
00002937  TI_memcpy_small                      
000029ad  TI_memset_small                      
000029fb  UART0_IRQHandler                     
000029fb  UART1_IRQHandler                     
000029fb  UART2_IRQHandler                     
000029fb  UART3_IRQHandler                     
0000278d  _IQ24div                             
00001e79  _IQ24toF                             
20208000  __STACK_END                          
00000200  __STACK_SIZE                         
00000000  __TI_ATRegion0_region_sz             
00000000  __TI_ATRegion0_src_addr              
00000000  __TI_ATRegion0_trg_addr              
00000000  __TI_ATRegion1_region_sz             
00000000  __TI_ATRegion1_src_addr              
00000000  __TI_ATRegion1_trg_addr              
00000000  __TI_ATRegion2_region_sz             
00000000  __TI_ATRegion2_src_addr              
00000000  __TI_ATRegion2_trg_addr              
000032e0  __TI_CINIT_Base                      
000032f0  __TI_CINIT_Limit                     
000032f0  __TI_CINIT_Warm                      
000032cc  __TI_Handler_Table_Base              
000032d8  __TI_Handler_Table_Limit             
00001b8d  __TI_auto_init_nobinit_nopinit       
000011fd  __TI_decompress_lzss                 
00002949  __TI_decompress_none                 
ffffffff  __TI_pprof_out_hndl                  
ffffffff  __TI_prof_data_size                  
ffffffff  __TI_prof_data_start                 
00000000  __TI_static_base__                   
000027e7  __TI_zero_init_nomemset              
00000297  __adddf3                             
000018b9  __aeabi_d2iz                         
000019d9  __aeabi_d2uiz                        
00000297  __aeabi_dadd                         
000013c9  __aeabi_dcmpeq                       
00001405  __aeabi_dcmpge                       
00001419  __aeabi_dcmpgt                       
000013f1  __aeabi_dcmple                       
000013dd  __aeabi_dcmplt                       
00000641  __aeabi_ddiv                         
00000a2d  __aeabi_dmul                         
0000028d  __aeabi_dsub                         
00001c75  __aeabi_f2iz                         
00001f2d  __aeabi_i2d                          
0000142b  __aeabi_idiv0                        
000029e1  __aeabi_memclr                       
000029e1  __aeabi_memclr4                      
000029e1  __aeabi_memclr8                      
000029ed  __aeabi_memcpy                       
000029ed  __aeabi_memcpy4                      
000029ed  __aeabi_memcpy8                      
000021a9  __aeabi_ui2d                         
00001a5d  __aeabi_uidiv                        
00001a5d  __aeabi_uidivmod                     
ffffffff  __binit__                            
00001361  __cmpdf2                             
00000641  __divdf3                             
00001361  __eqdf2                              
000018b9  __fixdfsi                            
00001c75  __fixsfsi                            
000019d9  __fixunsdfsi                         
00001f2d  __floatsidf                          
000021a9  __floatunsidf                        
000012ed  __gedf2                              
000012ed  __gtdf2                              
00001361  __ledf2                              
00001361  __ltdf2                              
UNDEFED   __mpu_init                           
00000a2d  __muldf3                             
00001bc9  __muldsi3                            
00001361  __nedf2                              
20207e00  __stack                              
20200000  __start___llvm_prf_bits              
20200000  __start___llvm_prf_cnts              
20200000  __stop___llvm_prf_bits               
20200000  __stop___llvm_prf_cnts               
0000028d  __subdf3                             
00002111  _c_int00_noargs                      
UNDEFED   _system_post_cinit                   
00002a1d  _system_pre_init                     
000029f5  abort                                
ffffffff  binit                                
202000d0  gSPI_LCDBackup                       
202000a0  gSynthState                          
20200000  gTIMER_SAMPLEBackup                  
00000000  interruptVectors                     
00000849  main                                 
00002a20  wavetable_sawtooth                   
00002c20  wavetable_sine                       
00002e20  wavetable_square                     
00003020  wavetable_triangle                   


GLOBAL SYMBOLS: SORTED BY Symbol Address 

address   name                                 
-------   ----                                 
00000000  __TI_ATRegion0_region_sz             
00000000  __TI_ATRegion0_src_addr              
00000000  __TI_ATRegion0_trg_addr              
00000000  __TI_ATRegion1_region_sz             
00000000  __TI_ATRegion1_src_addr              
00000000  __TI_ATRegion1_trg_addr              
00000000  __TI_ATRegion2_region_sz             
00000000  __TI_ATRegion2_src_addr              
00000000  __TI_ATRegion2_trg_addr              
00000000  __TI_static_base__                   
00000000  interruptVectors                     
000000c1  SYSCFG_DL_GPIO_init                  
00000200  __STACK_SIZE                         
0000028d  __aeabi_dsub                         
0000028d  __subdf3                             
00000297  __adddf3                             
00000297  __aeabi_dadd                         
0000041f  Process_Accelerometer                
00000421  DL_Timer_initTimerMode               
00000641  __aeabi_ddiv                         
00000641  __divdf3                             
0000074d  Process_Buttons                      
00000849  main                                 
00000941  DL_Timer_initFourCCPWMMode           
00000a2d  __aeabi_dmul                         
00000a2d  __muldf3                             
00000b11  DL_SYSCTL_configSYSPLL               
00000bf1  TIMG7_IRQHandler                     
00000cd1  SYSCFG_DL_initPower                  
00000d91  SYSCFG_DL_ADC_MIC_JOY_init           
00000e45  SYSCFG_DL_SYSCTL_SYSPLL_init         
00000ef5  Process_Joystick                     
00000fa1  SYSCFG_DL_ADC_ACCEL_init             
00001049  SYSCFG_DL_SYSCTL_init                
000010ed  Audio_Set_Waveform                   
000011fd  __TI_decompress_lzss                 
00001279  SYSCFG_DL_PWM_AUDIO_init             
000012ed  __gedf2                              
000012ed  __gtdf2                              
00001361  __cmpdf2                             
00001361  __eqdf2                              
00001361  __ledf2                              
00001361  __ltdf2                              
00001361  __nedf2                              
000013c9  __aeabi_dcmpeq                       
000013dd  __aeabi_dcmplt                       
000013f1  __aeabi_dcmple                       
00001405  __aeabi_dcmpge                       
00001419  __aeabi_dcmpgt                       
0000142b  __aeabi_idiv0                        
0000142d  ADC0_IRQHandler                      
000014ed  ADC1_IRQHandler                      
00001549  SYSCFG_DL_I2C_0_init                 
000015a1  SYSCFG_DL_I2C_1_init                 
000015f9  Audio_Update_Frequency               
0000164d  SYSCFG_DL_TIMER_SAMPLE_init          
000016f1  DL_ADC12_setClockConfig              
000017d5  DL_SYSCTL_switchMCLKfromSYSOSCtoHSCLK
00001821  SYSCFG_DL_init                       
000018b9  __aeabi_d2iz                         
000018b9  __fixdfsi                            
00001905  DL_SPI_init                          
0000194d  SYSCFG_DL_SPI_LCD_init               
000019d9  __aeabi_d2uiz                        
000019d9  __fixunsdfsi                         
00001a1d  DL_Timer_setCaptureCompareOutCtl     
00001a5d  __aeabi_uidiv                        
00001a5d  __aeabi_uidivmod                     
00001a9d  DL_Timer_setCaptureCompareCtl        
00001b51  System_Init                          
00001b8d  __TI_auto_init_nobinit_nopinit       
00001bc9  __muldsi3                            
00001c75  __aeabi_f2iz                         
00001c75  __fixsfsi                            
00001cad  Audio_Stop                           
00001ce1  DL_I2C_setClockConfig                
00001d15  DL_Timer_setCaptCompUpdateMethod     
00001d49  DL_Timer_setCaptureCompareAction     
00001d7d  DL_Timer_setCaptureCompareInput      
00001db1  DL_Timer_setClockConfig              
00001de5  DL_VREF_configReference              
00001e79  _IQ24toF                             
00001ea9  Audio_Update_Volume                  
00001ed5  DL_Timer_setCaptureCompareValue      
00001f2d  __aeabi_i2d                          
00001f2d  __floatsidf                          
00002099  DL_SYSCTL_configFCC                  
00002111  _c_int00_noargs                      
00002185  DL_SPI_setClockConfig                
000021a9  __aeabi_ui2d                         
000021a9  __floatunsidf                        
000021ed  Audio_Init                           
0000228d  Audio_Start                          
00002469  SYSCFG_DL_SYSCTL_CLK_init            
00002485  SYSCFG_DL_VREF_init                  
0000278d  _IQ24div                             
000027e7  __TI_zero_init_nomemset              
00002811  DL_Common_delayCycles                
00002937  TI_memcpy_small                      
00002949  __TI_decompress_none                 
000029ad  TI_memset_small                      
000029e1  __aeabi_memclr                       
000029e1  __aeabi_memclr4                      
000029e1  __aeabi_memclr8                      
000029ed  __aeabi_memcpy                       
000029ed  __aeabi_memcpy4                      
000029ed  __aeabi_memcpy8                      
000029f5  abort                                
000029fb  AES_IRQHandler                       
000029fb  CANFD0_IRQHandler                    
000029fb  DAC0_IRQHandler                      
000029fb  DMA_IRQHandler                       
000029fb  Default_Handler                      
000029fb  GROUP0_IRQHandler                    
000029fb  GROUP1_IRQHandler                    
000029fb  HardFault_Handler                    
000029fb  I2C0_IRQHandler                      
000029fb  I2C1_IRQHandler                      
000029fb  NMI_Handler                          
000029fb  PendSV_Handler                       
000029fb  RTC_IRQHandler                       
000029fb  SPI0_IRQHandler                      
000029fb  SPI1_IRQHandler                      
000029fb  SVC_Handler                          
000029fb  SysTick_Handler                      
000029fb  TIMA0_IRQHandler                     
000029fb  TIMA1_IRQHandler                     
000029fb  TIMG0_IRQHandler                     
000029fb  TIMG12_IRQHandler                    
000029fb  TIMG6_IRQHandler                     
000029fb  TIMG8_IRQHandler                     
000029fb  UART0_IRQHandler                     
000029fb  UART1_IRQHandler                     
000029fb  UART2_IRQHandler                     
000029fb  UART3_IRQHandler                     
000029fe  C$$EXIT                              
000029ff  HOSTexit                             
00002a03  Reset_Handler                        
00002a1d  _system_pre_init                     
00002a20  wavetable_sawtooth                   
00002c20  wavetable_sine                       
00002e20  wavetable_square                     
00003020  wavetable_triangle                   
000032cc  __TI_Handler_Table_Base              
000032d8  __TI_Handler_Table_Limit             
000032e0  __TI_CINIT_Base                      
000032f0  __TI_CINIT_Limit                     
000032f0  __TI_CINIT_Warm                      
20200000  __start___llvm_prf_bits              
20200000  __start___llvm_prf_cnts              
20200000  __stop___llvm_prf_bits               
20200000  __stop___llvm_prf_cnts               
20200000  gTIMER_SAMPLEBackup                  
202000a0  gSynthState                          
202000d0  gSPI_LCDBackup                       
20207e00  __stack                              
20208000  __STACK_END                          
ffffffff  __TI_pprof_out_hndl                  
ffffffff  __TI_prof_data_size                  
ffffffff  __TI_prof_data_start                 
ffffffff  __binit__                            
ffffffff  binit                                
UNDEFED   __mpu_init                           
UNDEFED   _system_post_cinit                   

[164 symbols]
