******************************************************************************
            TI ARM Clang Linker PC v4.0.4                      
******************************************************************************
>> Linked Sat Dec 20 18:48:13 2025

OUTPUT FILE NAME:   <Motion_Music_studio.out>
ENTRY POINT SYMBOL: "_c_int00_noargs"  address: 00002c9d


MEMORY CONFIGURATION

         name            origin    length      used     unused   attr    fill
----------------------  --------  ---------  --------  --------  ----  --------
  FLASH                 00000000   00020000  00003be8  0001c418  R  X
  SRAM                  20200000   00008000  00001319  00006ce7  RW X
  BCR_CONFIG            41c00000   000000ff  00000000  000000ff  R   
  BSL_CONFIG            41c00100   00000080  00000000  00000080  R   


SEGMENT ALLOCATION MAP

run origin  load origin   length   init length attrs members
----------  ----------- ---------- ----------- ----- -------
00000000    00000000    00003be8   00003be8    r-x
  00000000    00000000    000000c0   000000c0    r-- .intvecs
  000000c0    000000c0    000036a8   000036a8    r-x .text
  00003768    00003768    00000440   00000440    r-- .rodata
  00003ba8    00003ba8    00000040   00000040    r-- .cinit
20200000    20200000    00001119   00000000    rw-
  20200000    20200000    00001000   00000000    rw- .sysmem
  20201000    20201000    000000f4   00000000    rw- .bss
  202010f4    202010f4    00000025   00000000    rw- .data
20207e00    20207e00    00000200   00000000    rw-
  20207e00    20207e00    00000200   00000000    rw- .stack


SECTION ALLOCATION MAP

 output                                  attributes/
section   page    origin      length       input sections
--------  ----  ----------  ----------   ----------------
.intvecs   0    00000000    000000c0     
                  00000000    000000c0     startup_mspm0g350x_ticlang.o (.intvecs)

.text      0    000000c0    000036a8     
                  000000c0    00000284     libc.a : _printfi.c.obj (.text:__TI_printfi_minimal)
                  00000344    000001c0     ti_msp_dl_config.o (.text.SYSCFG_DL_GPIO_init)
                  00000504    0000019c     main.o (.text.Update_Display)
                  000006a0    00000168     main.o (.text.Generate_Audio_Sample)
                  00000808    00000160     main.o (.text.main)
                  00000968    00000154     main.o (.text.Draw_UI)
                  00000abc    00000150     lcd_driver.o (.text.LCD_DrawLine)
                  00000c0c    0000013c     main.o (.text.Process_Buttons)
                  00000d48    00000110     dl_timer.o (.text.DL_Timer_initTimerMode)
                  00000e58    00000110     dl_timer.o (.text.DL_Timer_initTwoCCPWMMode)
                  00000f68    0000010c     libclang_rt.builtins.a : divdf3.S.obj (.text.__divdf3)
                  00001074    00000108     lcd_driver.o (.text.LCD_FillRect)
                  0000117c    000000ec     dl_timer.o (.text.DL_Timer_initFourCCPWMMode)
                  00001268    000000e4     libclang_rt.builtins.a : muldf3.S.obj (.text.__muldf3)
                  0000134c    000000e0     dl_sysctl_mspm0g1x0x_g3x0x.o (.text.DL_SYSCTL_configSYSPLL)
                  0000142c    000000d8     dl_rtc_common.o (.text.DL_RTC_Common_initCalendar)
                  00001504    000000d4     ti_msp_dl_config.o (.text.SYSCFG_DL_initPower)
                  000015d8    000000c0     lcd_driver.o (.text.LCD_DrawChar)
                  00001698    000000bc     main.o (.text.Process_Input)
                  00001754    000000b0     ti_msp_dl_config.o (.text.SYSCFG_DL_SYSCTL_SYSPLL_init)
                  00001804    000000ac     ti_msp_dl_config.o (.text.SYSCFG_DL_ADC_MIC_JOY_init)
                  000018b0    000000a8     ti_msp_dl_config.o (.text.SYSCFG_DL_ADC_ACCEL_init)
                  00001958    000000a4     lcd_driver.o (.text.LCD_DrawRect)
                  000019fc    000000a4     ti_msp_dl_config.o (.text.SYSCFG_DL_SYSCTL_init)
                  00001aa0    00000090     lcd_driver.o (.text.LCD_Init)
                  00001b30    00000084     ti_msp_dl_config.o (.text.__NVIC_SetPriority)
                  00001bb4    0000007c     libc.a : copy_decompress_lzss.c.obj (.text:decompress:lzss)
                  00001c30    00000074     ti_msp_dl_config.o (.text.SYSCFG_DL_PWM_AUDIO_init)
                  00001ca4    00000074     libclang_rt.builtins.a : comparedf2.c.obj (.text.__gedf2)
                  00001d18    00000070     main.o (.text.ADC0_IRQHandler)
                  00001d88    00000068     libclang_rt.builtins.a : comparedf2.c.obj (.text.__ledf2)
                  00001df0    00000064     main.o (.text.ADC1_IRQHandler)
                  00001e54    00000062     libclang_rt.builtins.a : aeabi_dcmp.S.obj (.text.__aeabi_dcmp)
                  00001eb6    00000002                            : aeabi_div0.c.obj (.text.__aeabi_idiv0)
                  00001eb8    00000062                            : aeabi_fcmp.S.obj (.text.__aeabi_fcmp)
                  00001f1a    00000002     --HOLE-- [fill = 0]
                  00001f1c    00000060     ti_msp_dl_config.o (.text.DL_ADC12_initSeqSample)
                  00001f7c    00000058     ti_msp_dl_config.o (.text.SYSCFG_DL_I2C_0_init)
                  00001fd4    00000058     ti_msp_dl_config.o (.text.SYSCFG_DL_I2C_1_init)
                  0000202c    00000056     libclang_rt.builtins.a : aeabi_idivmod.S.obj (.text.__aeabi_idivmod)
                  00002082    00000052     lcd_driver.o (.text.LCD_SetWindow)
                  000020d4    00000050     ti_msp_dl_config.o (.text.DL_GPIO_initPeripheralInputFunctionFeatures)
                  00002124    00000050     lcd_driver.o (.text.LCD_DrawString)
                  00002174    00000050     lcd_driver.o (.text.LCD_WriteCommand)
                  000021c4    00000050     lcd_driver.o (.text.LCD_WriteData)
                  00002214    00000050     ti_msp_dl_config.o (.text.SYSCFG_DL_init)
                  00002264    0000004c     dl_adc12.o (.text.DL_ADC12_setClockConfig)
                  000022b0    0000004c     ti_msp_dl_config.o (.text.DL_GPIO_initDigitalInputFeatures)
                  000022fc    0000004c     dl_sysctl_mspm0g1x0x_g3x0x.o (.text.DL_SYSCTL_switchMCLKfromSYSOSCtoHSCLK)
                  00002348    0000004a     ti_msp_dl_config.o (.text.DL_ADC12_configConversionMem)
                  00002392    00000002     --HOLE-- [fill = 0]
                  00002394    00000048     dl_spi.o (.text.DL_SPI_init)
                  000023dc    00000048     ti_msp_dl_config.o (.text.SYSCFG_DL_SPI_LCD_init)
                  00002424    00000044     lcd_driver.o (.text.LCD_DrawPixel)
                  00002468    00000044     main.o (.text.TIMG7_IRQHandler)
                  000024ac    00000042     libclang_rt.builtins.a : fixunsdfsi.S.obj (.text.__fixunsdfsi)
                  000024ee    00000002     --HOLE-- [fill = 0]
                  000024f0    00000040     dl_timer.o (.text.DL_Timer_setCaptureCompareOutCtl)
                  00002530    00000040     ti_msp_dl_config.o (.text.SYSCFG_DL_TIMER_SAMPLE_init)
                  00002570    00000040     libclang_rt.builtins.a : aeabi_uidivmod.S.obj (.text.__aeabi_uidivmod)
                  000025b0    00000040                            : extendsfdf2.S.obj (.text.__extendsfdf2)
                  000025f0    0000003c     dl_timer.o (.text.DL_Timer_setCaptureCompareCtl)
                  0000262c    0000003c     dl_timer.o (.text.DL_Timer_setCounterControl)
                  00002668    0000003c     ti_msp_dl_config.o (.text.DL_Timer_setCounterControl)
                  000026a4    0000003c     main.o (.text.Update_Audio_Params)
                  000026e0    0000003c     libclang_rt.builtins.a : comparesf2.S.obj (.text.__gtsf2)
                  0000271c    0000003c     libc.a : autoinit.c.obj (.text:__TI_auto_init_nobinit_nopinit)
                  00002758    0000003a     libclang_rt.builtins.a : comparesf2.S.obj (.text.__eqsf2)
                  00002792    00000002     --HOLE-- [fill = 0]
                  00002794    0000003a                            : muldsi3.S.obj (.text.__muldsi3)
                  000027ce    00000002     --HOLE-- [fill = 0]
                  000027d0    00000038                            : fixsfsi.S.obj (.text.__fixsfsi)
                  00002808    00000038     libc.a : sprintf.c.obj (.text.sprintf)
                  00002840    00000034     dl_i2c.o (.text.DL_I2C_setClockConfig)
                  00002874    00000034     dl_timer.o (.text.DL_Timer_setCaptCompUpdateMethod)
                  000028a8    00000034     dl_timer.o (.text.DL_Timer_setCaptureCompareAction)
                  000028dc    00000034     dl_timer.o (.text.DL_Timer_setCaptureCompareInput)
                  00002910    00000034     dl_timer.o (.text.DL_Timer_setClockConfig)
                  00002944    00000034     dl_vref.o (.text.DL_VREF_configReference)
                  00002978    00000032     libclang_rt.builtins.a : fixunssfsi.S.obj (.text.__fixunssfsi)
                  000029aa    00000002     --HOLE-- [fill = 0]
                  000029ac    00000030     main.o (.text.DL_ADC12_getMemResult)
                  000029dc    00000030     ti_msp_dl_config.o (.text.DL_SPI_setFIFOThreshold)
                  00002a0c    00000030     ti_msp_dl_config.o (.text.SYSCFG_DL_VREF_init)
                  00002a3c    0000002c     dl_timer.o (.text.DL_Timer_setCaptureCompareValue)
                  00002a68    0000002c     main.o (.text.__NVIC_EnableIRQ)
                  00002a94    00000028     dl_adc12.o (.text.DL_Common_updateReg)
                  00002abc    00000028     dl_i2c.o (.text.DL_Common_updateReg)
                  00002ae4    00000028     dl_rtc_common.o (.text.DL_Common_updateReg)
                  00002b0c    00000028     dl_spi.o (.text.DL_Common_updateReg)
                  00002b34    00000028     dl_sysctl_mspm0g1x0x_g3x0x.o (.text.DL_Common_updateReg)
                  00002b5c    00000028     dl_timer.o (.text.DL_Common_updateReg)
                  00002b84    00000028     ti_msp_dl_config.o (.text.DL_Common_updateReg)
                  00002bac    00000028     ti_msp_dl_config.o (.text.DL_I2C_setControllerRXFIFOThreshold)
                  00002bd4    00000028     ti_msp_dl_config.o (.text.DL_I2C_setControllerTXFIFOThreshold)
                  00002bfc    00000028     dl_sysctl_mspm0g1x0x_g3x0x.o (.text.DL_SYSCTL_configFCC)
                  00002c24    00000028     ti_msp_dl_config.o (.text.DL_SYSCTL_setPowerPolicySTANDBY0)
                  00002c4c    00000028     ti_msp_dl_config.o (.text.SYSCFG_DL_RTC_init)
                  00002c74    00000028     libclang_rt.builtins.a : floatunsisf.S.obj (.text.__floatunsisf)
                  00002c9c    00000028     libc.a : boot_cortex_m.c.obj (.text:_c_int00_noargs)
                  00002cc4    00000026     ti_msp_dl_config.o (.text.DL_I2C_setAnalogGlitchFilterPulseWidth)
                  00002cea    00000002     --HOLE-- [fill = 0]
                  00002cec    00000024     ti_msp_dl_config.o (.text.DL_SPI_setBitRateSerialClockDivider)
                  00002d10    00000024     dl_spi.o (.text.DL_SPI_setClockConfig)
                  00002d34    00000024     dl_vref.o (.text.DL_VREF_setClockConfig)
                  00002d58    00000024     libclang_rt.builtins.a : floatunsidf.S.obj (.text.__floatunsidf)
                  00002d7c    00000022     libc.a : memccpy.c.obj (.text.memccpy)
                  00002d9e    00000002     --HOLE-- [fill = 0]
                  00002da0    00000020     dl_sysctl_mspm0g1x0x_g3x0x.o (.text.DL_CORE_configInstruction)
                  00002dc0    00000020     dl_rtc_common.o (.text.DL_RTC_Common_setCalendarYearBinary)
                  00002de0    00000020     ti_msp_dl_config.o (.text.DL_SYSCTL_setFlashWaitState)
                  00002e00    00000020     ti_msp_dl_config.o (.text.DL_SYSCTL_setMFPCLKSource)
                  00002e20    00000020     dl_timer.o (.text.DL_Timer_setCounterValueAfterEnable)
                  00002e40    0000001e     lcd_driver.o (.text.LCD_Clear)
                  00002e5e    0000001e     lcd_driver.o (.text.LCD_WriteData16)
                  00002e7c    0000001c     ti_msp_dl_config.o (.text.DL_ADC12_clearInterruptStatus)
                  00002e98    0000001c     ti_msp_dl_config.o (.text.DL_ADC12_enableEvent)
                  00002eb4    0000001c     ti_msp_dl_config.o (.text.DL_ADC12_enableInterrupt)
                  00002ed0    0000001c     main.o (.text.DL_ADC12_startConversion)
                  00002eec    0000001c     ti_msp_dl_config.o (.text.DL_GPIO_clearInterruptStatus)
                  00002f08    0000001c     ti_msp_dl_config.o (.text.DL_GPIO_enableHiZ)
                  00002f24    0000001c     ti_msp_dl_config.o (.text.DL_GPIO_enableInterrupt)
                  00002f40    0000001c     ti_msp_dl_config.o (.text.DL_GPIO_initPeripheralOutputFunction)
                  00002f5c    0000001c     ti_msp_dl_config.o (.text.DL_GPIO_setLowerPinsPolarity)
                  00002f78    0000001c     dl_rtc_common.o (.text.DL_RTC_Common_setCalendarMinutesBCD)
                  00002f94    0000001c     dl_rtc_common.o (.text.DL_RTC_Common_setCalendarMinutesBinary)
                  00002fb0    0000001c     dl_rtc_common.o (.text.DL_RTC_Common_setCalendarMonthBCD)
                  00002fcc    0000001c     dl_rtc_common.o (.text.DL_RTC_Common_setCalendarMonthBinary)
                  00002fe8    0000001c     dl_rtc_common.o (.text.DL_RTC_Common_setCalendarSecondsBCD)
                  00003004    0000001c     dl_rtc_common.o (.text.DL_RTC_Common_setCalendarSecondsBinary)
                  00003020    0000001c     dl_rtc_common.o (.text.DL_RTC_Common_setCalendarYearBCD)
                  0000303c    0000001c     dl_rtc_common.o (.text.DL_RTC_Common_setClockFormat)
                  00003058    0000001c     ti_msp_dl_config.o (.text.DL_SYSCTL_setFCCPeriods)
                  00003074    0000001c     ti_msp_dl_config.o (.text.DL_SYSCTL_setMCLKDivider)
                  00003090    0000001c     ti_msp_dl_config.o (.text.DL_SYSCTL_setSYSOSCFreq)
                  000030ac    0000001c     ti_msp_dl_config.o (.text.DL_SYSCTL_setULPCLKDivider)
                  000030c8    0000001c     ti_msp_dl_config.o (.text.DL_SYSCTL_setVBOOSTConfig)
                  000030e4    0000001c     ti_msp_dl_config.o (.text.DL_Timer_enableInterrupt)
                  00003100    0000001c     ti_msp_dl_config.o (.text.SYSCFG_DL_SYSCTL_CLK_init)
                  0000311c    0000001a     dl_rtc_common.o (.text.DL_RTC_Common_setCalendarHoursBCD)
                  00003136    0000001a     dl_rtc_common.o (.text.DL_RTC_Common_setCalendarHoursBinary)
                  00003150    00000018     ti_msp_dl_config.o (.text.DL_ADC12_enablePower)
                  00003168    00000018     ti_msp_dl_config.o (.text.DL_ADC12_reset)
                  00003180    00000018     ti_msp_dl_config.o (.text.DL_ADC12_setSampleTime0)
                  00003198    00000018     ti_msp_dl_config.o (.text.DL_GPIO_enableOutput)
                  000031b0    00000018     ti_msp_dl_config.o (.text.DL_GPIO_enablePower)
                  000031c8    00000018     ti_msp_dl_config.o (.text.DL_GPIO_initDigitalOutput)
                  000031e0    00000018     ti_msp_dl_config.o (.text.DL_GPIO_reset)
                  000031f8    00000018     ti_msp_dl_config.o (.text.DL_GPIO_setAnalogInternalResistor)
                  00003210    00000018     lcd_driver.o (.text.DL_GPIO_setPins)
                  00003228    00000018     main.o (.text.DL_GPIO_setPins)
                  00003240    00000018     ti_msp_dl_config.o (.text.DL_GPIO_setPins)
                  00003258    00000018     main.o (.text.DL_GPIO_togglePins)
                  00003270    00000018     ti_msp_dl_config.o (.text.DL_I2C_enableAnalogGlitchFilter)
                  00003288    00000018     ti_msp_dl_config.o (.text.DL_I2C_enableController)
                  000032a0    00000018     ti_msp_dl_config.o (.text.DL_I2C_enableControllerClockStretching)
                  000032b8    00000018     ti_msp_dl_config.o (.text.DL_I2C_enablePower)
                  000032d0    00000018     ti_msp_dl_config.o (.text.DL_I2C_reset)
                  000032e8    00000018     ti_msp_dl_config.o (.text.DL_I2C_setTimerPeriod)
                  00003300    00000018     ti_msp_dl_config.o (.text.DL_RTC_Common_enablePower)
                  00003318    00000018     ti_msp_dl_config.o (.text.DL_RTC_Common_reset)
                  00003330    00000018     ti_msp_dl_config.o (.text.DL_SPI_enable)
                  00003348    00000018     ti_msp_dl_config.o (.text.DL_SPI_enableLoopbackMode)
                  00003360    00000018     ti_msp_dl_config.o (.text.DL_SPI_enablePower)
                  00003378    00000018     lcd_driver.o (.text.DL_SPI_isBusy)
                  00003390    00000018     ti_msp_dl_config.o (.text.DL_SPI_reset)
                  000033a8    00000018     ti_msp_dl_config.o (.text.DL_SYSCTL_enableInterrupt)
                  000033c0    00000018     ti_msp_dl_config.o (.text.DL_SYSCTL_setBORThreshold)
                  000033d8    00000018     dl_sysctl_mspm0g1x0x_g3x0x.o (.text.DL_SYSCTL_setHSCLKSource)
                  000033f0    00000018     ti_msp_dl_config.o (.text.DL_Timer_enablePower)
                  00003408    00000018     ti_msp_dl_config.o (.text.DL_Timer_reset)
                  00003420    00000018     dl_timer.o (.text.DL_Timer_setLoadValue)
                  00003438    00000018     main.o (.text.DL_Timer_startCounter)
                  00003450    00000018     ti_msp_dl_config.o (.text.DL_VREF_enablePower)
                  00003468    00000018     ti_msp_dl_config.o (.text.DL_VREF_reset)
                  00003480    00000018     libc.a : sprintf.c.obj (.text._outs)
                  00003498    00000018     lcd_driver.o (.text.delay_ms)
                  000034b0    00000016     main.o (.text.DL_ADC12_enableConversions)
                  000034c6    00000016     ti_msp_dl_config.o (.text.DL_ADC12_enableConversions)
                  000034dc    00000016     ti_msp_dl_config.o (.text.DL_GPIO_enableGlobalFastWake)
                  000034f2    00000016     main.o (.text.DL_GPIO_readPins)
                  00003508    00000016     lcd_driver.o (.text.DL_SPI_transmitData8)
                  0000351e    00000016     libc.a : copy_zero_init.c.obj (.text:decompress:ZI:__TI_zero_init_nomemset)
                  00003534    00000014     dl_common.o (.text.DL_Common_delayCycles)
                  00003548    00000014     ti_msp_dl_config.o (.text.DL_FlashCTL_enableInterrupt)
                  0000355c    00000014     lcd_driver.o (.text.DL_GPIO_clearPins)
                  00003570    00000014     main.o (.text.DL_GPIO_clearPins)
                  00003584    00000014     ti_msp_dl_config.o (.text.DL_GPIO_clearPins)
                  00003598    00000014     ti_msp_dl_config.o (.text.DL_I2C_resetControllerTransfer)
                  000035ac    00000014     dl_sysctl_mspm0g1x0x_g3x0x.o (.text.DL_SYSCTL_disableSYSPLL)
                  000035c0    00000014     ti_msp_dl_config.o (.text.DL_SYSCTL_disableSYSPLL)
                  000035d4    00000014     ti_msp_dl_config.o (.text.DL_SYSCTL_enableMFCLK)
                  000035e8    00000014     dl_sysctl_mspm0g1x0x_g3x0x.o (.text.DL_SYSCTL_enableSYSPLL)
                  000035fc    00000014     ti_msp_dl_config.o (.text.DL_SYSCTL_enableSYSPLL)
                  00003610    00000014     ti_msp_dl_config.o (.text.DL_Timer_enableClock)
                  00003624    00000014     ti_msp_dl_config.o (.text.DL_Timer_setCCPDirection)
                  00003638    00000012     main.o (.text.DL_ADC12_getPendingInterrupt)
                  0000364a    00000012     main.o (.text.DL_Timer_getPendingInterrupt)
                  0000365c    00000012     libc.a : memcpy16.S.obj (.text:TI_memcpy_small)
                  0000366e    00000012            : copy_decompress_none.c.obj (.text:decompress:none)
                  00003680    00000010     dl_sysctl_mspm0g1x0x_g3x0x.o (.text.DL_CORE_getInstructionConfig)
                  00003690    00000010     ti_msp_dl_config.o (.text.DL_SYSCTL_disableHFXT)
                  000036a0    00000010     ti_msp_dl_config.o (.text.DL_SYSCTL_enableMFPCLK)
                  000036b0    00000010     ti_msp_dl_config.o (.text.DL_SYSCTL_isFCCDone)
                  000036c0    00000010     ti_msp_dl_config.o (.text.DL_SYSCTL_startFCC)
                  000036d0    0000000e     libclang_rt.builtins.a : aeabi_memset.S.obj (.text.__aeabi_memset)
                  000036de    0000000e     libc.a : _printfi.c.obj (.text.strlen)
                  000036ec    0000000e            : memset16.S.obj (.text:TI_memset_small)
                  000036fa    00000002     --HOLE-- [fill = 0]
                  000036fc    0000000c     dl_sysctl_mspm0g1x0x_g3x0x.o (.text.DL_SYSCTL_getClockStatus)
                  00003708    0000000c     ti_msp_dl_config.o (.text.DL_SYSCTL_getClockStatus)
                  00003714    0000000c     ti_msp_dl_config.o (.text.DL_SYSCTL_readFCC)
                  00003720    0000000c     libclang_rt.builtins.a : aeabi_memset.S.obj (.text.__aeabi_memclr)
                  0000372c    0000000a     libc.a : sprintf.c.obj (.text._outc)
                  00003736    00000002     --HOLE-- [fill = 0]
                  00003738    00000008     libclang_rt.builtins.a : aeabi_memcpy.S.obj (.text.__aeabi_memcpy)
                  00003740    00000006     libc.a : exit.c.obj (.text:abort)
                  00003746    00000004     startup_mspm0g350x_ticlang.o (.text.Default_Handler)
                  0000374a    00000004     libsysbm.a : hostexit.c.obj (.text.HOSTexit)
                  0000374e    00000004     startup_mspm0g350x_ticlang.o (.text.Reset_Handler)
                  00003752    00000002     --HOLE-- [fill = 0]
                  00003754    00000010     libc.a : boot_cortex_m.c.obj (.tramp._c_int00_noargs.1)
                  00003764    00000004            : pre_init.c.obj (.text._system_pre_init)

.cinit     0    00003ba8    00000040     
                  00003ba8    00000018     (.cinit..data.load) [load image, compression = lzss]
                  00003bc0    0000000c     (__TI_handler_table)
                  00003bcc    00000008     (.cinit..bss.load) [load image, compression = zero_init]
                  00003bd4    00000010     (__TI_cinit_table)
                  00003be4    00000004     --HOLE-- [fill = 0]

.rodata    0    00003768    00000440     
                  00003768    00000200     main.o (.rodata.sine_table)
                  00003968    00000127     lcd_driver.o (.rodata.font5x7)
                  00003a8f    00000001     --HOLE-- [fill = 0]
                  00003a90    00000028     ti_msp_dl_config.o (.rodata.gSYSPLLConfig)
                  00003ab8    00000022     ti_msp_dl_config.o (.rodata..L__const.SYSCFG_DL_GPIO_init.unusedPinIndexes)
                  00003ada    00000002     ti_msp_dl_config.o (.rodata.gI2C_0ClockConfig)
                  00003adc    00000014     ti_msp_dl_config.o (.rodata.gTIMER_SAMPLETimerConfig)
                  00003af0    00000011     libc.a : _printfi.c.obj (.rodata.str1.15363888844622738466.1)
                  00003b01    00000010     main.o (.rodata.str1.14112174005742061988.1)
                  00003b11    00000010     main.o (.rodata.str1.288608917962107522.1)
                  00003b21    0000000c     main.o (.rodata.str1.15159059442110792349.1)
                  00003b2d    00000001     --HOLE-- [fill = 0]
                  00003b2e    0000000a     ti_msp_dl_config.o (.rodata.gSPI_LCD_config)
                  00003b38    00000009     main.o (.rodata.str1.14402440632258215044.1)
                  00003b41    00000009     main.o (.rodata.str1.15996357275703397564.1)
                  00003b4a    00000002     ti_msp_dl_config.o (.rodata.gI2C_1ClockConfig)
                  00003b4c    00000008     ti_msp_dl_config.o (.rodata.gADC_ACCELClockConfig)
                  00003b54    00000008     ti_msp_dl_config.o (.rodata.gADC_MIC_JOYClockConfig)
                  00003b5c    00000008     ti_msp_dl_config.o (.rodata.gPWM_AUDIOConfig)
                  00003b64    00000008     ti_msp_dl_config.o (.rodata.gRTCCalendarConfig)
                  00003b6c    00000008     ti_msp_dl_config.o (.rodata.gVREFConfig)
                  00003b74    00000007     main.o (.rodata.str1.16265332423659789559.1)
                  00003b7b    00000006     main.o (.rodata.str1.12180500075719773345.1)
                  00003b81    00000006     main.o (.rodata.str1.17100691992556644108.1)
                  00003b87    00000006     main.o (.rodata.str1.18227636981041470289.1)
                  00003b8d    00000006     main.o (.rodata.str1.8154729771448623357.1)
                  00003b93    00000005     main.o (.rodata.str1.2846389346932560359.1)
                  00003b98    00000005     main.o (.rodata.str1.7702501944640899365.1)
                  00003b9d    00000003     ti_msp_dl_config.o (.rodata.gPWM_AUDIOClockConfig)
                  00003ba0    00000003     ti_msp_dl_config.o (.rodata.gTIMER_SAMPLEClockConfig)
                  00003ba3    00000002     ti_msp_dl_config.o (.rodata.gSPI_LCD_clockConfig)
                  00003ba5    00000002     ti_msp_dl_config.o (.rodata.gVREFClockConfig)
                  00003ba7    00000001     --HOLE-- [fill = 0]

.init_array 
*          0    00000000    00000000     UNINITIALIZED

.binit     0    00000000    00000000     

.sysmem    0    20200000    00001000     UNINITIALIZED
                  20200000    00000010     libc.a : memory.c.obj (.sysmem)
                  20200010    00000ff0     --HOLE--

.bss       0    20201000    000000f4     UNINITIALIZED
                  20201000    000000a0     ti_msp_dl_config.o (.bss.gTIMER_SAMPLEBackup)
                  202010a0    0000002c     main.o (.bss.gSynthState)
                  202010cc    00000028     ti_msp_dl_config.o (.bss.gSPI_LCDBackup)

.data      0    202010f4    00000025     UNINITIALIZED
                  202010f4    00000010     main.o (.data.waveform_names)
                  20201104    00000004     main.o (.data.Process_Buttons.joy_prev)
                  20201108    00000004     main.o (.data.Process_Buttons.s1_prev)
                  2020110c    00000004     main.o (.data.Process_Buttons.s2_prev)
                  20201110    00000004     main.o (.data.phase)
                  20201114    00000004     main.o (.data.phase_increment)
                  20201118    00000001     main.o (.data.lcd_enabled)

.stack     0    20207e00    00000200     UNINITIALIZED
                  20207e00    00000004     libc.a : boot_cortex_m.c.obj (.stack)
                  20207e04    000001fc     --HOLE--

__llvm_prf_cnts 
*          0    20200000    00000000     UNINITIALIZED

__llvm_prf_bits 
*          0    20200000    00000000     UNINITIALIZED

MODULE SUMMARY

       Module                         code    ro data   rw data
       ------                         ----    -------   -------
    .\
       ti_msp_dl_config.o             4160    158       200    
       main.o                         2600    615       81     
       startup_mspm0g350x_ticlang.o   8       192       0      
    +--+------------------------------+-------+---------+---------+
       Total:                         6768    965       281    
                                                               
    .\lcd\
       lcd_driver.o                   1664    295       0      
    +--+------------------------------+-------+---------+---------+
       Total:                         1664    295       0      
                                                               
    .\ti\driverlib\
       dl_timer.o                     1312    0         0      
       dl_rtc_common.o                564     0         0      
       dl_spi.o                       148     0         0      
       dl_adc12.o                     116     0         0      
       dl_i2c.o                       92      0         0      
       dl_vref.o                      88      0         0      
       dl_common.o                    20      0         0      
    +--+------------------------------+-------+---------+---------+
       Total:                         2340    0         0      
                                                               
    .\ti\driverlib\m0p\sysctl\
       dl_sysctl_mspm0g1x0x_g3x0x.o   504     0         0      
    +--+------------------------------+-------+---------+---------+
       Total:                         504     0         0      
                                                               
    C:\ti\ccs2040\ccs\tools\compiler\ti-cgt-armllvm_4.0.4.LTS\lib\armv6m-ti-none-eabi/c/libc.a
       _printfi.c.obj                 658     17        0      
       copy_decompress_lzss.c.obj     124     0         0      
       sprintf.c.obj                  90      0         0      
       autoinit.c.obj                 60      0         0      
       boot_cortex_m.c.obj            56      0         0      
       memccpy.c.obj                  34      0         0      
       copy_zero_init.c.obj           22      0         0      
       copy_decompress_none.c.obj     18      0         0      
       memcpy16.S.obj                 18      0         0      
       memset16.S.obj                 14      0         0      
       exit.c.obj                     6       0         0      
       pre_init.c.obj                 4       0         0      
    +--+------------------------------+-------+---------+---------+
       Total:                         1104    17        0      
                                                               
    C:\ti\ccs2040\ccs\tools\compiler\ti-cgt-armllvm_4.0.4.LTS\lib\armv6m-ti-none-eabi/c/libsysbm.a
       hostexit.c.obj                 4       0         0      
    +--+------------------------------+-------+---------+---------+
       Total:                         4       0         0      
                                                               
    C:\ti\ccs2040\ccs\tools\compiler\ti-cgt-armllvm_4.0.4.LTS\lib\armv6m-ti-none-eabi/libclang_rt.builtins.a
       divdf3.S.obj                   268     0         0      
       muldf3.S.obj                   228     0         0      
       comparedf2.c.obj               220     0         0      
       comparesf2.S.obj               118     0         0      
       aeabi_dcmp.S.obj               98      0         0      
       aeabi_fcmp.S.obj               98      0         0      
       aeabi_idivmod.S.obj            86      0         0      
       fixunsdfsi.S.obj               66      0         0      
       aeabi_uidivmod.S.obj           64      0         0      
       extendsfdf2.S.obj              64      0         0      
       muldsi3.S.obj                  58      0         0      
       fixsfsi.S.obj                  56      0         0      
       fixunssfsi.S.obj               50      0         0      
       floatunsisf.S.obj              40      0         0      
       floatunsidf.S.obj              36      0         0      
       aeabi_memset.S.obj             26      0         0      
       aeabi_memcpy.S.obj             8       0         0      
       aeabi_div0.c.obj               2       0         0      
    +--+------------------------------+-------+---------+---------+
       Total:                         1586    0         0      
                                                               
       Heap:                          0       0         4096   
       Stack:                         0       0         512    
       Linker Generated:              0       60        0      
    +--+------------------------------+-------+---------+---------+
       Grand Total:                   13970   1337      4889   


LINKER GENERATED COPY TABLES

__TI_cinit_table @ 00003bd4 records: 2, size/record: 8, table size: 16
	.data: load addr=00003ba8, load size=00000018 bytes, run addr=202010f4, run size=00000025 bytes, compression=lzss
	.bss: load addr=00003bcc, load size=00000008 bytes, run addr=20201000, run size=000000f4 bytes, compression=zero_init


LINKER GENERATED HANDLER TABLE

__TI_handler_table @ 00003bc0 records: 3, size/record: 4, table size: 12
	index: 0, handler: __TI_decompress_lzss
	index: 1, handler: __TI_decompress_none
	index: 2, handler: __TI_zero_init


FAR CALL TRAMPOLINES

callee name               trampoline name
   callee addr  tramp addr   call addr  call info
--------------  -----------  ---------  ----------------
_c_int00_noargs           $Tramp$TT$L$PI$$_c_int00_noargs
   00002c9d     00003754     0000374e   startup_mspm0g350x_ticlang.o (.text.Reset_Handler)

[1 trampolines]
[1 trampoline calls]


GLOBAL SYMBOLS: SORTED ALPHABETICALLY BY Name 

address   name                                 
-------   ----                                 
00001d19  ADC0_IRQHandler                      
00001df1  ADC1_IRQHandler                      
00003747  AES_IRQHandler                       
0000374a  C$$EXIT                              
00003747  CANFD0_IRQHandler                    
00003747  DAC0_IRQHandler                      
00002265  DL_ADC12_setClockConfig              
00003535  DL_Common_delayCycles                
00002841  DL_I2C_setClockConfig                
0000142d  DL_RTC_Common_initCalendar           
00002395  DL_SPI_init                          
00002d11  DL_SPI_setClockConfig                
00002bfd  DL_SYSCTL_configFCC                  
0000134d  DL_SYSCTL_configSYSPLL               
000022fd  DL_SYSCTL_switchMCLKfromSYSOSCtoHSCLK
0000117d  DL_Timer_initFourCCPWMMode           
00000d49  DL_Timer_initTimerMode               
00002875  DL_Timer_setCaptCompUpdateMethod     
000028a9  DL_Timer_setCaptureCompareAction     
000025f1  DL_Timer_setCaptureCompareCtl        
000028dd  DL_Timer_setCaptureCompareInput      
000024f1  DL_Timer_setCaptureCompareOutCtl     
00002a3d  DL_Timer_setCaptureCompareValue      
00002911  DL_Timer_setClockConfig              
00002945  DL_VREF_configReference              
00002d35  DL_VREF_setClockConfig               
00003747  DMA_IRQHandler                       
00003747  Default_Handler                      
00003747  GROUP0_IRQHandler                    
00003747  GROUP1_IRQHandler                    
0000374b  HOSTexit                             
00003747  HardFault_Handler                    
00003747  I2C0_IRQHandler                      
00003747  I2C1_IRQHandler                      
00002e41  LCD_Clear                            
000015d9  LCD_DrawChar                         
00000abd  LCD_DrawLine                         
00002425  LCD_DrawPixel                        
00001959  LCD_DrawRect                         
00002125  LCD_DrawString                       
00001075  LCD_FillRect                         
00001aa1  LCD_Init                             
00003747  NMI_Handler                          
00003747  PendSV_Handler                       
00003747  RTC_IRQHandler                       
0000374f  Reset_Handler                        
00003747  SPI0_IRQHandler                      
00003747  SPI1_IRQHandler                      
00003747  SVC_Handler                          
000018b1  SYSCFG_DL_ADC_ACCEL_init             
00001805  SYSCFG_DL_ADC_MIC_JOY_init           
00000345  SYSCFG_DL_GPIO_init                  
00001f7d  SYSCFG_DL_I2C_0_init                 
00001fd5  SYSCFG_DL_I2C_1_init                 
00001c31  SYSCFG_DL_PWM_AUDIO_init             
00002c4d  SYSCFG_DL_RTC_init                   
000023dd  SYSCFG_DL_SPI_LCD_init               
00003101  SYSCFG_DL_SYSCTL_CLK_init            
00001755  SYSCFG_DL_SYSCTL_SYSPLL_init         
000019fd  SYSCFG_DL_SYSCTL_init                
00002531  SYSCFG_DL_TIMER_SAMPLE_init          
00002a0d  SYSCFG_DL_VREF_init                  
00002215  SYSCFG_DL_init                       
00001505  SYSCFG_DL_initPower                  
00003747  SysTick_Handler                      
00003747  TIMA0_IRQHandler                     
00003747  TIMA1_IRQHandler                     
00003747  TIMG0_IRQHandler                     
00003747  TIMG12_IRQHandler                    
00003747  TIMG6_IRQHandler                     
00002469  TIMG7_IRQHandler                     
00003747  TIMG8_IRQHandler                     
0000365d  TI_memcpy_small                      
000036ed  TI_memset_small                      
00003747  UART0_IRQHandler                     
00003747  UART1_IRQHandler                     
00003747  UART2_IRQHandler                     
00003747  UART3_IRQHandler                     
20208000  __STACK_END                          
00000200  __STACK_SIZE                         
00001000  __SYSMEM_SIZE                        
00000000  __TI_ATRegion0_region_sz             
00000000  __TI_ATRegion0_src_addr              
00000000  __TI_ATRegion0_trg_addr              
00000000  __TI_ATRegion1_region_sz             
00000000  __TI_ATRegion1_src_addr              
00000000  __TI_ATRegion1_trg_addr              
00000000  __TI_ATRegion2_region_sz             
00000000  __TI_ATRegion2_src_addr              
00000000  __TI_ATRegion2_trg_addr              
00003bd4  __TI_CINIT_Base                      
00003be4  __TI_CINIT_Limit                     
00003be4  __TI_CINIT_Warm                      
00003bc0  __TI_Handler_Table_Base              
00003bcc  __TI_Handler_Table_Limit             
0000271d  __TI_auto_init_nobinit_nopinit       
00001bb5  __TI_decompress_lzss                 
0000366f  __TI_decompress_none                 
ffffffff  __TI_pprof_out_hndl                  
000000c1  __TI_printfi_minimal                 
ffffffff  __TI_prof_data_size                  
ffffffff  __TI_prof_data_start                 
00000000  __TI_static_base__                   
0000351f  __TI_zero_init_nomemset              
000024ad  __aeabi_d2uiz                        
00001e55  __aeabi_dcmpeq                       
00001e91  __aeabi_dcmpge                       
00001ea5  __aeabi_dcmpgt                       
00001e7d  __aeabi_dcmple                       
00001e69  __aeabi_dcmplt                       
00000f69  __aeabi_ddiv                         
00001269  __aeabi_dmul                         
000025b1  __aeabi_f2d                          
000027d1  __aeabi_f2iz                         
00002979  __aeabi_f2uiz                        
00001eb9  __aeabi_fcmpeq                       
00001ef5  __aeabi_fcmpge                       
00001f09  __aeabi_fcmpgt                       
00001ee1  __aeabi_fcmple                       
00001ecd  __aeabi_fcmplt                       
0000202d  __aeabi_idiv                         
00001eb7  __aeabi_idiv0                        
0000202d  __aeabi_idivmod                      
00003721  __aeabi_memclr                       
00003721  __aeabi_memclr4                      
00003721  __aeabi_memclr8                      
00003739  __aeabi_memcpy                       
00003739  __aeabi_memcpy4                      
00003739  __aeabi_memcpy8                      
000036d1  __aeabi_memset                       
000036d1  __aeabi_memset4                      
000036d1  __aeabi_memset8                      
00002d59  __aeabi_ui2d                         
00002c75  __aeabi_ui2f                         
00002571  __aeabi_uidiv                        
00002571  __aeabi_uidivmod                     
ffffffff  __binit__                            
00001d89  __cmpdf2                             
00002759  __cmpsf2                             
00000f69  __divdf3                             
00001d89  __eqdf2                              
00002759  __eqsf2                              
000025b1  __extendsfdf2                        
000027d1  __fixsfsi                            
000024ad  __fixunsdfsi                         
00002979  __fixunssfsi                         
00002d59  __floatunsidf                        
00002c75  __floatunsisf                        
00001ca5  __gedf2                              
000026e1  __gesf2                              
00001ca5  __gtdf2                              
000026e1  __gtsf2                              
00001d89  __ledf2                              
00002759  __lesf2                              
00001d89  __ltdf2                              
00002759  __ltsf2                              
UNDEFED   __mpu_init                           
00001269  __muldf3                             
00002795  __muldsi3                            
00001d89  __nedf2                              
00002759  __nesf2                              
20207e00  __stack                              
20200000  __start___llvm_prf_bits              
20200000  __start___llvm_prf_cnts              
20200000  __stop___llvm_prf_bits               
20200000  __stop___llvm_prf_cnts               
00002c9d  _c_int00_noargs                      
20200000  _sys_memory                          
UNDEFED   _system_post_cinit                   
00003765  _system_pre_init                     
00003741  abort                                
ffffffff  binit                                
202010cc  gSPI_LCDBackup                       
202010a0  gSynthState                          
20201000  gTIMER_SAMPLEBackup                  
00000000  interruptVectors                     
00000809  main                                 
00002d7d  memccpy                              
00002809  sprintf                              


GLOBAL SYMBOLS: SORTED BY Symbol Address 

address   name                                 
-------   ----                                 
00000000  __TI_ATRegion0_region_sz             
00000000  __TI_ATRegion0_src_addr              
00000000  __TI_ATRegion0_trg_addr              
00000000  __TI_ATRegion1_region_sz             
00000000  __TI_ATRegion1_src_addr              
00000000  __TI_ATRegion1_trg_addr              
00000000  __TI_ATRegion2_region_sz             
00000000  __TI_ATRegion2_src_addr              
00000000  __TI_ATRegion2_trg_addr              
00000000  __TI_static_base__                   
00000000  interruptVectors                     
000000c1  __TI_printfi_minimal                 
00000200  __STACK_SIZE                         
00000345  SYSCFG_DL_GPIO_init                  
00000809  main                                 
00000abd  LCD_DrawLine                         
00000d49  DL_Timer_initTimerMode               
00000f69  __aeabi_ddiv                         
00000f69  __divdf3                             
00001000  __SYSMEM_SIZE                        
00001075  LCD_FillRect                         
0000117d  DL_Timer_initFourCCPWMMode           
00001269  __aeabi_dmul                         
00001269  __muldf3                             
0000134d  DL_SYSCTL_configSYSPLL               
0000142d  DL_RTC_Common_initCalendar           
00001505  SYSCFG_DL_initPower                  
000015d9  LCD_DrawChar                         
00001755  SYSCFG_DL_SYSCTL_SYSPLL_init         
00001805  SYSCFG_DL_ADC_MIC_JOY_init           
000018b1  SYSCFG_DL_ADC_ACCEL_init             
00001959  LCD_DrawRect                         
000019fd  SYSCFG_DL_SYSCTL_init                
00001aa1  LCD_Init                             
00001bb5  __TI_decompress_lzss                 
00001c31  SYSCFG_DL_PWM_AUDIO_init             
00001ca5  __gedf2                              
00001ca5  __gtdf2                              
00001d19  ADC0_IRQHandler                      
00001d89  __cmpdf2                             
00001d89  __eqdf2                              
00001d89  __ledf2                              
00001d89  __ltdf2                              
00001d89  __nedf2                              
00001df1  ADC1_IRQHandler                      
00001e55  __aeabi_dcmpeq                       
00001e69  __aeabi_dcmplt                       
00001e7d  __aeabi_dcmple                       
00001e91  __aeabi_dcmpge                       
00001ea5  __aeabi_dcmpgt                       
00001eb7  __aeabi_idiv0                        
00001eb9  __aeabi_fcmpeq                       
00001ecd  __aeabi_fcmplt                       
00001ee1  __aeabi_fcmple                       
00001ef5  __aeabi_fcmpge                       
00001f09  __aeabi_fcmpgt                       
00001f7d  SYSCFG_DL_I2C_0_init                 
00001fd5  SYSCFG_DL_I2C_1_init                 
0000202d  __aeabi_idiv                         
0000202d  __aeabi_idivmod                      
00002125  LCD_DrawString                       
00002215  SYSCFG_DL_init                       
00002265  DL_ADC12_setClockConfig              
000022fd  DL_SYSCTL_switchMCLKfromSYSOSCtoHSCLK
00002395  DL_SPI_init                          
000023dd  SYSCFG_DL_SPI_LCD_init               
00002425  LCD_DrawPixel                        
00002469  TIMG7_IRQHandler                     
000024ad  __aeabi_d2uiz                        
000024ad  __fixunsdfsi                         
000024f1  DL_Timer_setCaptureCompareOutCtl     
00002531  SYSCFG_DL_TIMER_SAMPLE_init          
00002571  __aeabi_uidiv                        
00002571  __aeabi_uidivmod                     
000025b1  __aeabi_f2d                          
000025b1  __extendsfdf2                        
000025f1  DL_Timer_setCaptureCompareCtl        
000026e1  __gesf2                              
000026e1  __gtsf2                              
0000271d  __TI_auto_init_nobinit_nopinit       
00002759  __cmpsf2                             
00002759  __eqsf2                              
00002759  __lesf2                              
00002759  __ltsf2                              
00002759  __nesf2                              
00002795  __muldsi3                            
000027d1  __aeabi_f2iz                         
000027d1  __fixsfsi                            
00002809  sprintf                              
00002841  DL_I2C_setClockConfig                
00002875  DL_Timer_setCaptCompUpdateMethod     
000028a9  DL_Timer_setCaptureCompareAction     
000028dd  DL_Timer_setCaptureCompareInput      
00002911  DL_Timer_setClockConfig              
00002945  DL_VREF_configReference              
00002979  __aeabi_f2uiz                        
00002979  __fixunssfsi                         
00002a0d  SYSCFG_DL_VREF_init                  
00002a3d  DL_Timer_setCaptureCompareValue      
00002bfd  DL_SYSCTL_configFCC                  
00002c4d  SYSCFG_DL_RTC_init                   
00002c75  __aeabi_ui2f                         
00002c75  __floatunsisf                        
00002c9d  _c_int00_noargs                      
00002d11  DL_SPI_setClockConfig                
00002d35  DL_VREF_setClockConfig               
00002d59  __aeabi_ui2d                         
00002d59  __floatunsidf                        
00002d7d  memccpy                              
00002e41  LCD_Clear                            
00003101  SYSCFG_DL_SYSCTL_CLK_init            
0000351f  __TI_zero_init_nomemset              
00003535  DL_Common_delayCycles                
0000365d  TI_memcpy_small                      
0000366f  __TI_decompress_none                 
000036d1  __aeabi_memset                       
000036d1  __aeabi_memset4                      
000036d1  __aeabi_memset8                      
000036ed  TI_memset_small                      
00003721  __aeabi_memclr                       
00003721  __aeabi_memclr4                      
00003721  __aeabi_memclr8                      
00003739  __aeabi_memcpy                       
00003739  __aeabi_memcpy4                      
00003739  __aeabi_memcpy8                      
00003741  abort                                
00003747  AES_IRQHandler                       
00003747  CANFD0_IRQHandler                    
00003747  DAC0_IRQHandler                      
00003747  DMA_IRQHandler                       
00003747  Default_Handler                      
00003747  GROUP0_IRQHandler                    
00003747  GROUP1_IRQHandler                    
00003747  HardFault_Handler                    
00003747  I2C0_IRQHandler                      
00003747  I2C1_IRQHandler                      
00003747  NMI_Handler                          
00003747  PendSV_Handler                       
00003747  RTC_IRQHandler                       
00003747  SPI0_IRQHandler                      
00003747  SPI1_IRQHandler                      
00003747  SVC_Handler                          
00003747  SysTick_Handler                      
00003747  TIMA0_IRQHandler                     
00003747  TIMA1_IRQHandler                     
00003747  TIMG0_IRQHandler                     
00003747  TIMG12_IRQHandler                    
00003747  TIMG6_IRQHandler                     
00003747  TIMG8_IRQHandler                     
00003747  UART0_IRQHandler                     
00003747  UART1_IRQHandler                     
00003747  UART2_IRQHandler                     
00003747  UART3_IRQHandler                     
0000374a  C$$EXIT                              
0000374b  HOSTexit                             
0000374f  Reset_Handler                        
00003765  _system_pre_init                     
00003bc0  __TI_Handler_Table_Base              
00003bcc  __TI_Handler_Table_Limit             
00003bd4  __TI_CINIT_Base                      
00003be4  __TI_CINIT_Limit                     
00003be4  __TI_CINIT_Warm                      
20200000  __start___llvm_prf_bits              
20200000  __start___llvm_prf_cnts              
20200000  __stop___llvm_prf_bits               
20200000  __stop___llvm_prf_cnts               
20200000  _sys_memory                          
20201000  gTIMER_SAMPLEBackup                  
202010a0  gSynthState                          
202010cc  gSPI_LCDBackup                       
20207e00  __stack                              
20208000  __STACK_END                          
ffffffff  __TI_pprof_out_hndl                  
ffffffff  __TI_prof_data_size                  
ffffffff  __TI_prof_data_start                 
ffffffff  __binit__                            
ffffffff  binit                                
UNDEFED   __mpu_init                           
UNDEFED   _system_post_cinit                   

[179 symbols]
